[2023-06-20T07:58:45.057+0000][70][gc,init] CardTable entry size: 512
[2023-06-20T07:58:45.058+0000][70][gc     ] Using G1
[2023-06-20T07:58:45.097+0000][70][gc,init] Version: 19.0.1+10-21 (release)
[2023-06-20T07:58:45.098+0000][70][gc,init] CPUs: 4 total, 4 available
[2023-06-20T07:58:45.099+0000][70][gc,init] Memory: 7860M
[2023-06-20T07:58:45.099+0000][70][gc,init] Large Page Support: Disabled
[2023-06-20T07:58:45.100+0000][70][gc,init] NUMA Support: Disabled
[2023-06-20T07:58:45.100+0000][70][gc,init] Compressed Oops: Enabled (32-bit)
[2023-06-20T07:58:45.101+0000][70][gc,init] Heap Region Size: 4M
[2023-06-20T07:58:45.101+0000][70][gc,init] Heap Min Capacity: 256M
[2023-06-20T07:58:45.102+0000][70][gc,init] Heap Initial Capacity: 256M
[2023-06-20T07:58:45.102+0000][70][gc,init] Heap Max Capacity: 256M
[2023-06-20T07:58:45.103+0000][70][gc,init] Pre-touch: Enabled
[2023-06-20T07:58:45.103+0000][70][gc,init] Parallel Workers: 4
[2023-06-20T07:58:45.103+0000][70][gc,init] Concurrent Workers: 1
[2023-06-20T07:58:45.104+0000][70][gc,init] Concurrent Refinement Workers: 4
[2023-06-20T07:58:45.104+0000][70][gc,init] Periodic GC: Disabled
[2023-06-20T07:58:45.105+0000][70][gc,metaspace] CDS archive(s) mapped at: [0x0000000800000000-0x0000000800c4f000-0x0000000800c4f000), size 12906496, SharedBaseAddress: 0x0000000800000000, ArchiveRelocationMode: 0.
[2023-06-20T07:58:45.106+0000][70][gc,metaspace] Compressed class space mapped at: 0x0000000801000000-0x0000000841000000, reserved size: 1073741824
[2023-06-20T07:58:45.106+0000][70][gc,metaspace] Narrow klass base: 0x0000000800000000, Narrow klass shift: 0, Narrow klass range: 0x100000000
[2023-06-20T07:58:45.265+0000][70][gc,start    ] GC(0) Pause Young (Normal) (G1 Evacuation Pause)
[2023-06-20T07:58:45.266+0000][70][gc,task     ] GC(0) Using 4 workers of 4 for evacuation
[2023-06-20T07:58:45.267+0000][70][gc,age      ] GC(0) Desired survivor size 2097152 bytes, new threshold 15 (max threshold 15)
[2023-06-20T07:58:45.270+0000][70][gc,phases   ] GC(0)   Pre Evacuate Collection Set: 0.2ms
[2023-06-20T07:58:45.271+0000][70][gc,phases   ] GC(0)   Merge Heap Roots: 0.8ms
[2023-06-20T07:58:45.272+0000][70][gc,phases   ] GC(0)   Evacuate Collection Set: 1.0ms
[2023-06-20T07:58:45.272+0000][70][gc,phases   ] GC(0)   Post Evacuate Collection Set: 0.5ms
[2023-06-20T07:58:45.273+0000][70][gc,phases   ] GC(0)   Other: 1.4ms
[2023-06-20T07:58:45.273+0000][70][gc,age      ] GC(0) Age table with threshold 15 (max threshold 15)
[2023-06-20T07:58:45.274+0000][70][gc,age      ] GC(0) - age   1:     812880 bytes,     812880 total
[2023-06-20T07:58:45.274+0000][70][gc,heap     ] GC(0) Eden regions: 3->0(11)
[2023-06-20T07:58:45.275+0000][70][gc,heap     ] GC(0) Survivor regions: 0->1(1)
[2023-06-20T07:58:45.275+0000][70][gc,heap     ] GC(0) Old regions: 0->0
[2023-06-20T07:58:45.276+0000][70][gc,heap     ] GC(0) Archive regions: 2->2
[2023-06-20T07:58:45.276+0000][70][gc,heap     ] GC(0) Humongous regions: 0->0
[2023-06-20T07:58:45.276+0000][70][gc,metaspace] GC(0) Metaspace: 605K(768K)->605K(768K) NonClass: 565K(640K)->565K(640K) Class: 39K(128K)->39K(128K)
[2023-06-20T07:58:45.277+0000][70][gc          ] GC(0) Pause Young (Normal) (G1 Evacuation Pause) 15M->4M(256M) 11.586ms
[2023-06-20T07:58:45.277+0000][70][gc,cpu      ] GC(0) User=0.00s Sys=0.00s Real=0.01s
[2023-06-20T07:58:45.278+0000][70][safepoint   ] Safepoint "G1CollectForAllocation", Time since last: 153415040 ns, Reaching safepoint: 232077 ns, At safepoint: 12683800 ns, Total: 12915877 ns
[2023-06-20T07:58:45.679+0000][70][safepoint   ] Safepoint "ICBufferFull", Time since last: 400615342 ns, Reaching safepoint: 172494 ns, At safepoint: 30402 ns, Total: 202896 ns
[2023-06-20T07:58:46.204+0000][70][safepoint   ] Safepoint "ICBufferFull", Time since last: 524815522 ns, Reaching safepoint: 147295 ns, At safepoint: 48582 ns, Total: 195877 ns
[2023-06-20T07:58:46.255+0000][70][gc,start    ] GC(1) Pause Young (Normal) (G1 Evacuation Pause)
[2023-06-20T07:58:46.256+0000][70][gc,task     ] GC(1) Using 4 workers of 4 for evacuation
[2023-06-20T07:58:46.256+0000][70][gc,age      ] GC(1) Desired survivor size 4194304 bytes, new threshold 15 (max threshold 15)
[2023-06-20T07:58:46.263+0000][70][gc,phases   ] GC(1)   Pre Evacuate Collection Set: 0.0ms
[2023-06-20T07:58:46.264+0000][70][gc,phases   ] GC(1)   Merge Heap Roots: 0.0ms
[2023-06-20T07:58:46.265+0000][70][gc,phases   ] GC(1)   Evacuate Collection Set: 4.8ms
[2023-06-20T07:58:46.265+0000][70][gc,phases   ] GC(1)   Post Evacuate Collection Set: 0.7ms
[2023-06-20T07:58:46.266+0000][70][gc,phases   ] GC(1)   Other: 2.0ms
[2023-06-20T07:58:46.266+0000][70][gc,age      ] GC(1) Age table with threshold 15 (max threshold 15)
[2023-06-20T07:58:46.267+0000][70][gc,age      ] GC(1) - age   1:    5489328 bytes,    5489328 total
[2023-06-20T07:58:46.267+0000][70][gc,age      ] GC(1) - age   2:     405680 bytes,    5895008 total
[2023-06-20T07:58:46.268+0000][70][gc,heap     ] GC(1) Eden regions: 11->0(36)
[2023-06-20T07:58:46.268+0000][70][gc,heap     ] GC(1) Survivor regions: 1->2(2)
[2023-06-20T07:58:46.269+0000][70][gc,heap     ] GC(1) Old regions: 0->0
[2023-06-20T07:58:46.269+0000][70][gc,heap     ] GC(1) Archive regions: 2->2
[2023-06-20T07:58:46.269+0000][70][gc,heap     ] GC(1) Humongous regions: 0->0
[2023-06-20T07:58:46.270+0000][70][gc,metaspace] GC(1) Metaspace: 10047K(10432K)->10047K(10432K) NonClass: 8846K(9024K)->8846K(9024K) Class: 1200K(1408K)->1200K(1408K)
[2023-06-20T07:58:46.270+0000][70][gc          ] GC(1) Pause Young (Normal) (G1 Evacuation Pause) 48M->9M(256M) 15.621ms
[2023-06-20T07:58:46.271+0000][70][gc,cpu      ] GC(1) User=0.01s Sys=0.00s Real=0.02s
[2023-06-20T07:58:46.271+0000][70][safepoint   ] Safepoint "G1CollectForAllocation", Time since last: 50464699 ns, Reaching safepoint: 250437 ns, At safepoint: 16536094 ns, Total: 16786531 ns
[2023-06-20T07:58:46.864+0000][70][safepoint   ] Safepoint "ICBufferFull", Time since last: 593264927 ns, Reaching safepoint: 116193 ns, At safepoint: 23610 ns, Total: 139803 ns
[2023-06-20T07:58:47.472+0000][70][safepoint   ] Safepoint "ICBufferFull", Time since last: 607396388 ns, Reaching safepoint: 125490 ns, At safepoint: 2774 ns, Total: 128264 ns
[2023-06-20T07:58:47.809+0000][70][safepoint   ] Safepoint "ICBufferFull", Time since last: 336622856 ns, Reaching safepoint: 267401 ns, At safepoint: 50597 ns, Total: 317998 ns
[2023-06-20T07:58:48.356+0000][70][gc,start    ] GC(2) Pause Young (Normal) (G1 Evacuation Pause)
[2023-06-20T07:58:48.357+0000][70][gc,task     ] GC(2) Using 4 workers of 4 for evacuation
[2023-06-20T07:58:48.358+0000][70][gc,age      ] GC(2) Desired survivor size 10485760 bytes, new threshold 15 (max threshold 15)
[2023-06-20T07:58:48.373+0000][70][gc,phases   ] GC(2)   Pre Evacuate Collection Set: 0.2ms
[2023-06-20T07:58:48.374+0000][70][gc,phases   ] GC(2)   Merge Heap Roots: 0.3ms
[2023-06-20T07:58:48.377+0000][70][gc,phases   ] GC(2)   Evacuate Collection Set: 9.9ms
[2023-06-20T07:58:48.382+0000][70][gc,phases   ] GC(2)   Post Evacuate Collection Set: 3.0ms
[2023-06-20T07:58:48.385+0000][70][gc,phases   ] GC(2)   Other: 2.0ms
[2023-06-20T07:58:48.386+0000][70][gc,age      ] GC(2) Age table with threshold 15 (max threshold 15)
[2023-06-20T07:58:48.387+0000][70][gc,age      ] GC(2) - age   1:    7034320 bytes,    7034320 total
[2023-06-20T07:58:48.390+0000][70][gc,age      ] GC(2) - age   2:    5403376 bytes,   12437696 total
[2023-06-20T07:58:48.391+0000][70][gc,age      ] GC(2) - age   3:     404280 bytes,   12841976 total
[2023-06-20T07:58:48.391+0000][70][gc,heap     ] GC(2) Eden regions: 36->0(34)
[2023-06-20T07:58:48.392+0000][70][gc,heap     ] GC(2) Survivor regions: 2->4(5)
[2023-06-20T07:58:48.392+0000][70][gc,heap     ] GC(2) Old regions: 0->0
[2023-06-20T07:58:48.393+0000][70][gc,heap     ] GC(2) Archive regions: 2->2
[2023-06-20T07:58:48.394+0000][70][gc,heap     ] GC(2) Humongous regions: 0->0
[2023-06-20T07:58:48.395+0000][70][gc,metaspace] GC(2) Metaspace: 18368K(18880K)->18368K(18880K) NonClass: 16309K(16576K)->16309K(16576K) Class: 2059K(2304K)->2059K(2304K)
[2023-06-20T07:58:48.396+0000][70][gc          ] GC(2) Pause Young (Normal) (G1 Evacuation Pause) 153M->16M(256M) 39.634ms
[2023-06-20T07:58:48.397+0000][70][gc,cpu      ] GC(2) User=0.02s Sys=0.00s Real=0.04s
[2023-06-20T07:58:48.398+0000][70][safepoint   ] Safepoint "G1CollectForAllocation", Time since last: 546328836 ns, Reaching safepoint: 663779 ns, At safepoint: 42275799 ns, Total: 42939578 ns
[2023-06-20T07:58:48.682+0000][70][gc,start    ] GC(3) Pause Young (Concurrent Start) (Metadata GC Threshold)
[2023-06-20T07:58:48.683+0000][70][gc,task     ] GC(3) Using 4 workers of 4 for evacuation
[2023-06-20T07:58:48.684+0000][70][gc,age      ] GC(3) Desired survivor size 10485760 bytes, new threshold 2 (max threshold 15)
[2023-06-20T07:58:48.693+0000][70][gc,phases   ] GC(3)   Pre Evacuate Collection Set: 0.2ms
[2023-06-20T07:58:48.693+0000][70][gc,phases   ] GC(3)   Merge Heap Roots: 0.1ms
[2023-06-20T07:58:48.694+0000][70][gc,phases   ] GC(3)   Evacuate Collection Set: 6.3ms
[2023-06-20T07:58:48.694+0000][70][gc,phases   ] GC(3)   Post Evacuate Collection Set: 1.7ms
[2023-06-20T07:58:48.695+0000][70][gc,phases   ] GC(3)   Other: 1.2ms
[2023-06-20T07:58:48.695+0000][70][gc,age      ] GC(3) Age table with threshold 2 (max threshold 15)
[2023-06-20T07:58:48.695+0000][70][gc,age      ] GC(3) - age   1:    1005264 bytes,    1005264 total
[2023-06-20T07:58:48.696+0000][70][gc,age      ] GC(3) - age   2:    4283976 bytes,    5289240 total
[2023-06-20T07:58:48.696+0000][70][gc,heap     ] GC(3) Eden regions: 11->0(36)
[2023-06-20T07:58:48.697+0000][70][gc,heap     ] GC(3) Survivor regions: 4->2(5)
[2023-06-20T07:58:48.697+0000][70][gc,heap     ] GC(3) Old regions: 0->2
[2023-06-20T07:58:48.697+0000][70][gc,heap     ] GC(3) Archive regions: 2->2
[2023-06-20T07:58:48.698+0000][70][gc,heap     ] GC(3) Humongous regions: 0->0
[2023-06-20T07:58:48.698+0000][70][gc,metaspace] GC(3) Metaspace: 20958K(21504K)->20958K(21504K) NonClass: 18659K(18944K)->18659K(18944K) Class: 2298K(2560K)->2298K(2560K)
[2023-06-20T07:58:48.699+0000][70][gc          ] GC(3) Pause Young (Concurrent Start) (Metadata GC Threshold) 60M->15M(256M) 16.299ms
[2023-06-20T07:58:48.699+0000][70][gc,cpu      ] GC(3) User=0.01s Sys=0.01s Real=0.01s
[2023-06-20T07:58:48.699+0000][70][gc          ] GC(4) Concurrent Mark Cycle
[2023-06-20T07:58:48.700+0000][70][gc,marking  ] GC(4) Concurrent Clear Claimed Marks
[2023-06-20T07:58:48.699+0000][70][safepoint   ] Safepoint "CollectForMetadataAllocation", Time since last: 283952309 ns, Reaching safepoint: 104956 ns, At safepoint: 17208036 ns, Total: 17312992 ns
[2023-06-20T07:58:48.700+0000][70][gc,marking  ] GC(4) Concurrent Clear Claimed Marks 0.351ms
[2023-06-20T07:58:48.701+0000][70][gc,marking  ] GC(4) Concurrent Scan Root Regions
[2023-06-20T07:58:48.707+0000][70][gc,marking  ] GC(4) Concurrent Scan Root Regions 5.838ms
[2023-06-20T07:58:48.708+0000][70][gc,marking  ] GC(4) Concurrent Mark
[2023-06-20T07:58:48.708+0000][70][gc,marking  ] GC(4) Concurrent Mark From Roots
[2023-06-20T07:58:48.709+0000][70][gc,task     ] GC(4) Using 1 workers of 1 for marking
[2023-06-20T07:58:48.710+0000][70][gc,marking  ] GC(4) Concurrent Mark From Roots 1.866ms
[2023-06-20T07:58:48.711+0000][70][gc,marking  ] GC(4) Concurrent Preclean
[2023-06-20T07:58:48.711+0000][70][gc,marking  ] GC(4) Concurrent Preclean 0.643ms
[2023-06-20T07:58:48.712+0000][70][gc,start    ] GC(4) Pause Remark
[2023-06-20T07:58:48.716+0000][70][gc          ] GC(4) Pause Remark 18M->18M(256M) 3.684ms
[2023-06-20T07:58:48.717+0000][70][gc,cpu      ] GC(4) User=0.00s Sys=0.00s Real=0.00s
[2023-06-20T07:58:48.717+0000][70][safepoint   ] Safepoint "G1PauseRemark", Time since last: 12655874 ns, Reaching safepoint: 204046 ns, At safepoint: 4961792 ns, Total: 5165838 ns
[2023-06-20T07:58:48.718+0000][70][gc,marking  ] GC(4) Concurrent Mark 10.455ms
[2023-06-20T07:58:48.718+0000][70][gc,marking  ] GC(4) Concurrent Rebuild Remembered Sets
[2023-06-20T07:58:48.724+0000][70][gc,marking  ] GC(4) Concurrent Rebuild Remembered Sets 5.040ms
[2023-06-20T07:58:48.725+0000][70][gc,start    ] GC(4) Pause Cleanup
[2023-06-20T07:58:48.725+0000][70][gc          ] GC(4) Pause Cleanup 18M->18M(256M) 0.652ms
[2023-06-20T07:58:48.726+0000][70][gc,cpu      ] GC(4) User=0.00s Sys=0.00s Real=0.00s
[2023-06-20T07:58:48.727+0000][70][safepoint   ] Safepoint "G1PauseCleanup", Time since last: 7004262 ns, Reaching safepoint: 329554 ns, At safepoint: 2308010 ns, Total: 2637564 ns
[2023-06-20T07:58:48.728+0000][70][gc,marking  ] GC(4) Concurrent Cleanup for Next Mark
[2023-06-20T07:58:48.729+0000][70][gc,marking  ] GC(4) Concurrent Cleanup for Next Mark 0.934ms
[2023-06-20T07:58:48.729+0000][70][gc          ] GC(4) Concurrent Mark Cycle 30.164ms
