[2023-06-20T07:40:47.414+0000][70][gc,init] CardTable entry size: 512
[2023-06-20T07:40:47.417+0000][70][gc     ] Using G1
[2023-06-20T07:40:47.508+0000][70][gc,init] Version: 19.0.1+10-21 (release)
[2023-06-20T07:40:47.509+0000][70][gc,init] CPUs: 4 total, 4 available
[2023-06-20T07:40:47.510+0000][70][gc,init] Memory: 7860M
[2023-06-20T07:40:47.510+0000][70][gc,init] Large Page Support: Disabled
[2023-06-20T07:40:47.511+0000][70][gc,init] NUMA Support: Disabled
[2023-06-20T07:40:47.511+0000][70][gc,init] Compressed Oops: Enabled (32-bit)
[2023-06-20T07:40:47.513+0000][70][gc,init] Heap Region Size: 4M
[2023-06-20T07:40:47.514+0000][70][gc,init] Heap Min Capacity: 256M
[2023-06-20T07:40:47.515+0000][70][gc,init] Heap Initial Capacity: 256M
[2023-06-20T07:40:47.515+0000][70][gc,init] Heap Max Capacity: 256M
[2023-06-20T07:40:47.516+0000][70][gc,init] Pre-touch: Enabled
[2023-06-20T07:40:47.517+0000][70][gc,init] Parallel Workers: 4
[2023-06-20T07:40:47.518+0000][70][gc,init] Concurrent Workers: 1
[2023-06-20T07:40:47.518+0000][70][gc,init] Concurrent Refinement Workers: 4
[2023-06-20T07:40:47.519+0000][70][gc,init] Periodic GC: Disabled
[2023-06-20T07:40:47.520+0000][70][gc,metaspace] CDS archive(s) mapped at: [0x0000000800000000-0x0000000800c4f000-0x0000000800c4f000), size 12906496, SharedBaseAddress: 0x0000000800000000, ArchiveRelocationMode: 0.
[2023-06-20T07:40:47.521+0000][70][gc,metaspace] Compressed class space mapped at: 0x0000000801000000-0x0000000841000000, reserved size: 1073741824
[2023-06-20T07:40:47.522+0000][70][gc,metaspace] Narrow klass base: 0x0000000800000000, Narrow klass shift: 0, Narrow klass range: 0x100000000
[2023-06-20T07:40:47.822+0000][70][gc,start    ] GC(0) Pause Young (Normal) (G1 Evacuation Pause)
[2023-06-20T07:40:47.824+0000][70][gc,task     ] GC(0) Using 4 workers of 4 for evacuation
[2023-06-20T07:40:47.824+0000][70][gc,age      ] GC(0) Desired survivor size 2097152 bytes, new threshold 15 (max threshold 15)
[2023-06-20T07:40:47.833+0000][70][gc,phases   ] GC(0)   Pre Evacuate Collection Set: 0.1ms
[2023-06-20T07:40:47.833+0000][70][gc,phases   ] GC(0)   Merge Heap Roots: 0.0ms
[2023-06-20T07:40:47.834+0000][70][gc,phases   ] GC(0)   Evacuate Collection Set: 6.5ms
[2023-06-20T07:40:47.835+0000][70][gc,phases   ] GC(0)   Post Evacuate Collection Set: 0.6ms
[2023-06-20T07:40:47.835+0000][70][gc,phases   ] GC(0)   Other: 1.8ms
[2023-06-20T07:40:47.836+0000][70][gc,age      ] GC(0) Age table with threshold 15 (max threshold 15)
[2023-06-20T07:40:47.837+0000][70][gc,age      ] GC(0) - age   1:     812880 bytes,     812880 total
[2023-06-20T07:40:47.838+0000][70][gc,heap     ] GC(0) Eden regions: 3->0(11)
[2023-06-20T07:40:47.838+0000][70][gc,heap     ] GC(0) Survivor regions: 0->1(1)
[2023-06-20T07:40:47.839+0000][70][gc,heap     ] GC(0) Old regions: 0->0
[2023-06-20T07:40:47.839+0000][70][gc,heap     ] GC(0) Archive regions: 2->2
[2023-06-20T07:40:47.840+0000][70][gc,heap     ] GC(0) Humongous regions: 0->0
[2023-06-20T07:40:47.840+0000][70][gc,metaspace] GC(0) Metaspace: 608K(768K)->608K(768K) NonClass: 568K(640K)->568K(640K) Class: 39K(128K)->39K(128K)
[2023-06-20T07:40:47.841+0000][70][gc          ] GC(0) Pause Young (Normal) (G1 Evacuation Pause) 15M->4M(256M) 18.518ms
[2023-06-20T07:40:47.841+0000][70][gc,cpu      ] GC(0) User=0.01s Sys=0.00s Real=0.02s
[2023-06-20T07:40:47.842+0000][70][safepoint   ] Safepoint "G1CollectForAllocation", Time since last: 293282729 ns, Reaching safepoint: 340706 ns, At safepoint: 19613221 ns, Total: 19953927 ns
[2023-06-20T07:40:48.603+0000][70][safepoint   ] Safepoint "ICBufferFull", Time since last: 759931096 ns, Reaching safepoint: 951576 ns, At safepoint: 38137 ns, Total: 989713 ns
[2023-06-20T07:40:49.353+0000][70][safepoint   ] Safepoint "ICBufferFull", Time since last: 748795959 ns, Reaching safepoint: 1356914 ns, At safepoint: 33239 ns, Total: 1390153 ns
[2023-06-20T07:40:49.595+0000][70][gc,start    ] GC(1) Pause Young (Normal) (G1 Evacuation Pause)
[2023-06-20T07:40:49.596+0000][70][gc,task     ] GC(1) Using 4 workers of 4 for evacuation
[2023-06-20T07:40:49.596+0000][70][gc,age      ] GC(1) Desired survivor size 4194304 bytes, new threshold 15 (max threshold 15)
[2023-06-20T07:40:49.607+0000][70][gc,phases   ] GC(1)   Pre Evacuate Collection Set: 0.3ms
[2023-06-20T07:40:49.608+0000][70][gc,phases   ] GC(1)   Merge Heap Roots: 0.1ms
[2023-06-20T07:40:49.609+0000][70][gc,phases   ] GC(1)   Evacuate Collection Set: 7.8ms
[2023-06-20T07:40:49.609+0000][70][gc,phases   ] GC(1)   Post Evacuate Collection Set: 0.9ms
[2023-06-20T07:40:49.610+0000][70][gc,phases   ] GC(1)   Other: 2.3ms
[2023-06-20T07:40:49.610+0000][70][gc,age      ] GC(1) Age table with threshold 15 (max threshold 15)
[2023-06-20T07:40:49.611+0000][70][gc,age      ] GC(1) - age   1:    5492584 bytes,    5492584 total
[2023-06-20T07:40:49.611+0000][70][gc,age      ] GC(1) - age   2:     405632 bytes,    5898216 total
[2023-06-20T07:40:49.612+0000][70][gc,heap     ] GC(1) Eden regions: 11->0(36)
[2023-06-20T07:40:49.612+0000][70][gc,heap     ] GC(1) Survivor regions: 1->2(2)
[2023-06-20T07:40:49.613+0000][70][gc,heap     ] GC(1) Old regions: 0->0
[2023-06-20T07:40:49.613+0000][70][gc,heap     ] GC(1) Archive regions: 2->2
[2023-06-20T07:40:49.613+0000][70][gc,heap     ] GC(1) Humongous regions: 0->0
[2023-06-20T07:40:49.614+0000][70][gc,metaspace] GC(1) Metaspace: 10131K(10432K)->10131K(10432K) NonClass: 8922K(9088K)->8922K(9088K) Class: 1208K(1344K)->1208K(1344K)
[2023-06-20T07:40:49.615+0000][70][gc          ] GC(1) Pause Young (Normal) (G1 Evacuation Pause) 48M->9M(256M) 20.159ms
[2023-06-20T07:40:49.616+0000][70][gc,cpu      ] GC(1) User=0.02s Sys=0.00s Real=0.02s
[2023-06-20T07:40:49.616+0000][70][safepoint   ] Safepoint "G1CollectForAllocation", Time since last: 238667188 ns, Reaching safepoint: 3099484 ns, At safepoint: 21626874 ns, Total: 24726358 ns
[2023-06-20T07:40:50.334+0000][70][safepoint   ] Safepoint "ICBufferFull", Time since last: 714447328 ns, Reaching safepoint: 2814268 ns, At safepoint: 92646 ns, Total: 2906914 ns
[2023-06-20T07:40:51.410+0000][70][safepoint   ] Safepoint "Cleanup", Time since last: 1075028682 ns, Reaching safepoint: 945676 ns, At safepoint: 11872 ns, Total: 957548 ns
[2023-06-20T07:40:52.260+0000][70][safepoint   ] Safepoint "ICBufferFull", Time since last: 850277902 ns, Reaching safepoint: 159224 ns, At safepoint: 2638 ns, Total: 161862 ns
[2023-06-20T07:40:52.921+0000][70][gc,start    ] GC(2) Pause Young (Normal) (G1 Evacuation Pause)
[2023-06-20T07:40:52.922+0000][70][gc,task     ] GC(2) Using 4 workers of 4 for evacuation
[2023-06-20T07:40:52.923+0000][70][gc,age      ] GC(2) Desired survivor size 10485760 bytes, new threshold 15 (max threshold 15)
[2023-06-20T07:40:52.937+0000][70][gc,phases   ] GC(2)   Pre Evacuate Collection Set: 0.1ms
[2023-06-20T07:40:52.938+0000][70][gc,phases   ] GC(2)   Merge Heap Roots: 0.0ms
[2023-06-20T07:40:52.939+0000][70][gc,phases   ] GC(2)   Evacuate Collection Set: 10.2ms
[2023-06-20T07:40:52.939+0000][70][gc,phases   ] GC(2)   Post Evacuate Collection Set: 3.6ms
[2023-06-20T07:40:52.940+0000][70][gc,phases   ] GC(2)   Other: 1.5ms
[2023-06-20T07:40:52.941+0000][70][gc,age      ] GC(2) Age table with threshold 15 (max threshold 15)
[2023-06-20T07:40:52.942+0000][70][gc,age      ] GC(2) - age   1:    7067272 bytes,    7067272 total
[2023-06-20T07:40:52.942+0000][70][gc,age      ] GC(2) - age   2:    5374208 bytes,   12441480 total
[2023-06-20T07:40:52.943+0000][70][gc,age      ] GC(2) - age   3:     404248 bytes,   12845728 total
[2023-06-20T07:40:52.943+0000][70][gc,heap     ] GC(2) Eden regions: 36->0(34)
[2023-06-20T07:40:52.944+0000][70][gc,heap     ] GC(2) Survivor regions: 2->4(5)
[2023-06-20T07:40:52.944+0000][70][gc,heap     ] GC(2) Old regions: 0->0
[2023-06-20T07:40:52.945+0000][70][gc,heap     ] GC(2) Archive regions: 2->2
[2023-06-20T07:40:52.946+0000][70][gc,heap     ] GC(2) Humongous regions: 0->0
[2023-06-20T07:40:52.946+0000][70][gc,metaspace] GC(2) Metaspace: 18396K(18880K)->18396K(18880K) NonClass: 16336K(16576K)->16336K(16576K) Class: 2059K(2304K)->2059K(2304K)
[2023-06-20T07:40:52.947+0000][70][gc          ] GC(2) Pause Young (Normal) (G1 Evacuation Pause) 153M->17M(256M) 26.311ms
[2023-06-20T07:40:52.950+0000][70][gc,cpu      ] GC(2) User=0.03s Sys=0.00s Real=0.03s
[2023-06-20T07:40:52.950+0000][70][safepoint   ] Safepoint "G1CollectForAllocation", Time since last: 660596201 ns, Reaching safepoint: 233150 ns, At safepoint: 29216811 ns, Total: 29449961 ns
[2023-06-20T07:40:53.356+0000][70][gc,start    ] GC(3) Pause Young (Concurrent Start) (Metadata GC Threshold)
[2023-06-20T07:40:53.362+0000][70][gc,task     ] GC(3) Using 4 workers of 4 for evacuation
[2023-06-20T07:40:53.362+0000][70][gc,age      ] GC(3) Desired survivor size 10485760 bytes, new threshold 2 (max threshold 15)
[2023-06-20T07:40:53.385+0000][70][gc,phases   ] GC(3)   Pre Evacuate Collection Set: 0.1ms
[2023-06-20T07:40:53.385+0000][70][gc,phases   ] GC(3)   Merge Heap Roots: 2.4ms
[2023-06-20T07:40:53.386+0000][70][gc,phases   ] GC(3)   Evacuate Collection Set: 14.4ms
[2023-06-20T07:40:53.387+0000][70][gc,phases   ] GC(3)   Post Evacuate Collection Set: 4.6ms
[2023-06-20T07:40:53.389+0000][70][gc,phases   ] GC(3)   Other: 1.4ms
[2023-06-20T07:40:53.390+0000][70][gc,age      ] GC(3) Age table with threshold 2 (max threshold 15)
[2023-06-20T07:40:53.391+0000][70][gc,age      ] GC(3) - age   1:    1197640 bytes,    1197640 total
[2023-06-20T07:40:53.392+0000][70][gc,age      ] GC(3) - age   2:    4295312 bytes,    5492952 total
[2023-06-20T07:40:53.392+0000][70][gc,heap     ] GC(3) Eden regions: 11->0(36)
[2023-06-20T07:40:53.393+0000][70][gc,heap     ] GC(3) Survivor regions: 4->2(5)
[2023-06-20T07:40:53.394+0000][70][gc,heap     ] GC(3) Old regions: 0->2
[2023-06-20T07:40:53.395+0000][70][gc,heap     ] GC(3) Archive regions: 2->2
[2023-06-20T07:40:53.396+0000][70][gc,heap     ] GC(3) Humongous regions: 0->0
[2023-06-20T07:40:53.397+0000][70][gc,metaspace] GC(3) Metaspace: 21030K(21504K)->21030K(21504K) NonClass: 18731K(18944K)->18731K(18944K) Class: 2298K(2560K)->2298K(2560K)
[2023-06-20T07:40:53.397+0000][70][gc          ] GC(3) Pause Young (Concurrent Start) (Metadata GC Threshold) 61M->15M(256M) 41.733ms
[2023-06-20T07:40:53.398+0000][70][gc,cpu      ] GC(3) User=0.02s Sys=0.00s Real=0.04s
[2023-06-20T07:40:53.398+0000][70][gc          ] GC(4) Concurrent Mark Cycle
[2023-06-20T07:40:53.400+0000][70][gc,marking  ] GC(4) Concurrent Clear Claimed Marks
[2023-06-20T07:40:53.399+0000][70][safepoint   ] Safepoint "CollectForMetadataAllocation", Time since last: 405193498 ns, Reaching safepoint: 110743 ns, At safepoint: 43433583 ns, Total: 43544326 ns
[2023-06-20T07:40:53.403+0000][70][gc,marking  ] GC(4) Concurrent Clear Claimed Marks 3.235ms
[2023-06-20T07:40:53.405+0000][70][gc,marking  ] GC(4) Concurrent Scan Root Regions
[2023-06-20T07:40:53.410+0000][70][gc,marking  ] GC(4) Concurrent Scan Root Regions 5.117ms
[2023-06-20T07:40:53.411+0000][70][gc,marking  ] GC(4) Concurrent Mark
[2023-06-20T07:40:53.412+0000][70][gc,marking  ] GC(4) Concurrent Mark From Roots
[2023-06-20T07:40:53.412+0000][70][gc,task     ] GC(4) Using 1 workers of 1 for marking
[2023-06-20T07:40:53.419+0000][70][gc,marking  ] GC(4) Concurrent Mark From Roots 7.037ms
[2023-06-20T07:40:53.420+0000][70][gc,marking  ] GC(4) Concurrent Preclean
[2023-06-20T07:40:53.421+0000][70][gc,marking  ] GC(4) Concurrent Preclean 1.248ms
[2023-06-20T07:40:53.425+0000][70][gc,start    ] GC(4) Pause Remark
[2023-06-20T07:40:53.431+0000][70][gc          ] GC(4) Pause Remark 18M->18M(256M) 6.368ms
[2023-06-20T07:40:53.432+0000][70][gc,cpu      ] GC(4) User=0.00s Sys=0.00s Real=0.00s
[2023-06-20T07:40:53.433+0000][70][safepoint   ] Safepoint "G1PauseRemark", Time since last: 25621234 ns, Reaching safepoint: 219615 ns, At safepoint: 7664321 ns, Total: 7883936 ns
[2023-06-20T07:40:53.442+0000][70][gc,marking  ] GC(4) Concurrent Mark 30.780ms
[2023-06-20T07:40:53.443+0000][70][gc,marking  ] GC(4) Concurrent Rebuild Remembered Sets
[2023-06-20T07:40:53.446+0000][70][gc,marking  ] GC(4) Concurrent Rebuild Remembered Sets 3.509ms
[2023-06-20T07:40:53.459+0000][70][gc,start    ] GC(4) Pause Cleanup
[2023-06-20T07:40:53.461+0000][70][gc          ] GC(4) Pause Cleanup 18M->18M(256M) 1.697ms
[2023-06-20T07:40:53.462+0000][70][gc,cpu      ] GC(4) User=0.00s Sys=0.00s Real=0.01s
[2023-06-20T07:40:53.463+0000][70][safepoint   ] Safepoint "G1PauseCleanup", Time since last: 14517416 ns, Reaching safepoint: 12177026 ns, At safepoint: 3762023 ns, Total: 15939049 ns
[2023-06-20T07:40:53.464+0000][70][gc,marking  ] GC(4) Concurrent Cleanup for Next Mark
[2023-06-20T07:40:53.465+0000][70][gc,marking  ] GC(4) Concurrent Cleanup for Next Mark 0.945ms
[2023-06-20T07:40:53.465+0000][70][gc          ] GC(4) Concurrent Mark Cycle 67.185ms
[2023-06-20T07:40:54.544+0000][70][safepoint   ] Safepoint "ICBufferFull", Time since last: 1074450881 ns, Reaching safepoint: 6299957 ns, At safepoint: 81176 ns, Total: 6381133 ns
[2023-06-20T07:40:54.655+0000][70][gc,start    ] GC(5) Pause Young (Normal) (G1 Evacuation Pause)
[2023-06-20T07:40:54.658+0000][70][gc,task     ] GC(5) Using 4 workers of 4 for evacuation
[2023-06-20T07:40:54.659+0000][70][gc,age      ] GC(5) Desired survivor size 10485760 bytes, new threshold 15 (max threshold 15)
[2023-06-20T07:40:54.681+0000][70][gc,phases   ] GC(5)   Pre Evacuate Collection Set: 0.1ms
[2023-06-20T07:40:54.682+0000][70][gc,phases   ] GC(5)   Merge Heap Roots: 0.1ms
[2023-06-20T07:40:54.683+0000][70][gc,phases   ] GC(5)   Evacuate Collection Set: 19.4ms
[2023-06-20T07:40:54.683+0000][70][gc,phases   ] GC(5)   Post Evacuate Collection Set: 2.0ms
[2023-06-20T07:40:54.684+0000][70][gc,phases   ] GC(5)   Other: 1.8ms
[2023-06-20T07:40:54.685+0000][70][gc,age      ] GC(5) Age table with threshold 15 (max threshold 15)
[2023-06-20T07:40:54.686+0000][70][gc,age      ] GC(5) - age   1:    5257256 bytes,    5257256 total
[2023-06-20T07:40:54.686+0000][70][gc,age      ] GC(5) - age   2:     986152 bytes,    6243408 total
[2023-06-20T07:40:54.687+0000][70][gc,age      ] GC(5) - age   3:    4289848 bytes,   10533256 total
[2023-06-20T07:40:54.688+0000][70][gc,heap     ] GC(5) Eden regions: 36->0(35)
[2023-06-20T07:40:54.688+0000][70][gc,heap     ] GC(5) Survivor regions: 2->3(5)
[2023-06-20T07:40:54.689+0000][70][gc,heap     ] GC(5) Old regions: 2->2
[2023-06-20T07:40:54.690+0000][70][gc,heap     ] GC(5) Archive regions: 2->2
[2023-06-20T07:40:54.690+0000][70][gc,heap     ] GC(5) Humongous regions: 0->0
[2023-06-20T07:40:54.691+0000][70][gc,metaspace] GC(5) Metaspace: 25201K(25728K)->25201K(25728K) NonClass: 22310K(22592K)->22310K(22592K) Class: 2891K(3136K)->2891K(3136K)
[2023-06-20T07:40:54.692+0000][70][gc          ] GC(5) Pause Young (Normal) (G1 Evacuation Pause) 159M->19M(256M) 36.606ms
[2023-06-20T07:40:54.692+0000][70][gc,cpu      ] GC(5) User=0.04s Sys=0.00s Real=0.03s
[2023-06-20T07:40:54.693+0000][70][safepoint   ] Safepoint "G1CollectForAllocation", Time since last: 109766408 ns, Reaching safepoint: 1319646 ns, At safepoint: 38044583 ns, Total: 39364229 ns
[2023-06-20T07:40:55.084+0000][70][gc,start    ] GC(6) Pause Young (Normal) (G1 Evacuation Pause)
[2023-06-20T07:40:55.085+0000][70][gc,task     ] GC(6) Using 4 workers of 4 for evacuation
[2023-06-20T07:40:55.086+0000][70][gc,age      ] GC(6) Desired survivor size 10485760 bytes, new threshold 3 (max threshold 15)
[2023-06-20T07:40:55.097+0000][70][gc,phases   ] GC(6)   Pre Evacuate Collection Set: 0.1ms
[2023-06-20T07:40:55.098+0000][70][gc,phases   ] GC(6)   Merge Heap Roots: 0.1ms
[2023-06-20T07:40:55.098+0000][70][gc,phases   ] GC(6)   Evacuate Collection Set: 9.5ms
[2023-06-20T07:40:55.099+0000][70][gc,phases   ] GC(6)   Post Evacuate Collection Set: 0.8ms
[2023-06-20T07:40:55.099+0000][70][gc,phases   ] GC(6)   Other: 1.4ms
[2023-06-20T07:40:55.100+0000][70][gc,age      ] GC(6) Age table with threshold 3 (max threshold 15)
[2023-06-20T07:40:55.100+0000][70][gc,age      ] GC(6) - age   1:    3177368 bytes,    3177368 total
[2023-06-20T07:40:55.101+0000][70][gc,age      ] GC(6) - age   2:    4169144 bytes,    7346512 total
[2023-06-20T07:40:55.101+0000][70][gc,age      ] GC(6) - age   3:     986120 bytes,    8332632 total
[2023-06-20T07:40:55.102+0000][70][gc,heap     ] GC(6) Eden regions: 35->0(35)
[2023-06-20T07:40:55.103+0000][70][gc,heap     ] GC(6) Survivor regions: 3->3(5)
[2023-06-20T07:40:55.103+0000][70][gc,heap     ] GC(6) Old regions: 2->3
[2023-06-20T07:40:55.104+0000][70][gc,heap     ] GC(6) Archive regions: 2->2
[2023-06-20T07:40:55.104+0000][70][gc,heap     ] GC(6) Humongous regions: 0->0
[2023-06-20T07:40:55.105+0000][70][gc,metaspace] GC(6) Metaspace: 25593K(26176K)->25593K(26176K) NonClass: 22665K(22976K)->22665K(22976K) Class: 2928K(3200K)->2928K(3200K)
[2023-06-20T07:40:55.106+0000][70][gc          ] GC(6) Pause Young (Normal) (G1 Evacuation Pause) 159M->22M(256M) 21.554ms
[2023-06-20T07:40:55.106+0000][70][gc,cpu      ] GC(6) User=0.01s Sys=0.01s Real=0.02s
[2023-06-20T07:40:55.107+0000][70][safepoint   ] Safepoint "G1CollectForAllocation", Time since last: 390917189 ns, Reaching safepoint: 196106 ns, At safepoint: 22947113 ns, Total: 23143219 ns
[2023-06-20T07:40:55.439+0000][70][gc,start    ] GC(7) Pause Young (Normal) (G1 Evacuation Pause)
[2023-06-20T07:40:55.440+0000][70][gc,task     ] GC(7) Using 4 workers of 4 for evacuation
[2023-06-20T07:40:55.440+0000][70][gc,age      ] GC(7) Desired survivor size 10485760 bytes, new threshold 15 (max threshold 15)
[2023-06-20T07:40:55.451+0000][70][gc,phases   ] GC(7)   Pre Evacuate Collection Set: 0.1ms
[2023-06-20T07:40:55.458+0000][70][gc,phases   ] GC(7)   Merge Heap Roots: 0.1ms
[2023-06-20T07:40:55.458+0000][70][gc,phases   ] GC(7)   Evacuate Collection Set: 9.7ms
[2023-06-20T07:40:55.459+0000][70][gc,phases   ] GC(7)   Post Evacuate Collection Set: 0.5ms
[2023-06-20T07:40:55.459+0000][70][gc,phases   ] GC(7)   Other: 1.2ms
[2023-06-20T07:40:55.460+0000][70][gc,age      ] GC(7) Age table with threshold 15 (max threshold 15)
[2023-06-20T07:40:55.460+0000][70][gc,age      ] GC(7) - age   1:     853952 bytes,     853952 total
[2023-06-20T07:40:55.461+0000][70][gc,age      ] GC(7) - age   2:    2430848 bytes,    3284800 total
[2023-06-20T07:40:55.461+0000][70][gc,age      ] GC(7) - age   3:    4169000 bytes,    7453800 total
[2023-06-20T07:40:55.462+0000][70][gc,age      ] GC(7) - age   4:     986120 bytes,    8439920 total
[2023-06-20T07:40:55.462+0000][70][gc,heap     ] GC(7) Eden regions: 35->0(35)
[2023-06-20T07:40:55.463+0000][70][gc,heap     ] GC(7) Survivor regions: 3->3(5)
[2023-06-20T07:40:55.463+0000][70][gc,heap     ] GC(7) Old regions: 3->3
[2023-06-20T07:40:55.464+0000][70][gc,heap     ] GC(7) Archive regions: 2->2
[2023-06-20T07:40:55.464+0000][70][gc,heap     ] GC(7) Humongous regions: 0->0
[2023-06-20T07:40:55.465+0000][70][gc,metaspace] GC(7) Metaspace: 26063K(26624K)->26063K(26624K) NonClass: 23070K(23360K)->23070K(23360K) Class: 2992K(3264K)->2992K(3264K)
[2023-06-20T07:40:55.466+0000][70][gc          ] GC(7) Pause Young (Normal) (G1 Evacuation Pause) 162M->22M(256M) 26.789ms
[2023-06-20T07:40:55.466+0000][70][gc,cpu      ] GC(7) User=0.02s Sys=0.01s Real=0.03s
[2023-06-20T07:40:55.467+0000][70][safepoint   ] Safepoint "G1CollectForAllocation", Time since last: 331599979 ns, Reaching safepoint: 164405 ns, At safepoint: 28148959 ns, Total: 28313364 ns
[2023-06-20T07:40:56.405+0000][70][gc,start    ] GC(8) Pause Young (Normal) (G1 Evacuation Pause)
[2023-06-20T07:40:56.406+0000][70][gc,task     ] GC(8) Using 4 workers of 4 for evacuation
[2023-06-20T07:40:56.407+0000][70][gc,age      ] GC(8) Desired survivor size 10485760 bytes, new threshold 15 (max threshold 15)
[2023-06-20T07:40:56.417+0000][70][gc,phases   ] GC(8)   Pre Evacuate Collection Set: 0.1ms
[2023-06-20T07:40:56.418+0000][70][gc,phases   ] GC(8)   Merge Heap Roots: 0.1ms
[2023-06-20T07:40:56.418+0000][70][gc,phases   ] GC(8)   Evacuate Collection Set: 8.4ms
[2023-06-20T07:40:56.419+0000][70][gc,phases   ] GC(8)   Post Evacuate Collection Set: 0.8ms
[2023-06-20T07:40:56.419+0000][70][gc,phases   ] GC(8)   Other: 1.3ms
[2023-06-20T07:40:56.420+0000][70][gc,age      ] GC(8) Age table with threshold 15 (max threshold 15)
[2023-06-20T07:40:56.420+0000][70][gc,age      ] GC(8) - age   1:    3490160 bytes,    3490160 total
[2023-06-20T07:40:56.421+0000][70][gc,age      ] GC(8) - age   2:     375472 bytes,    3865632 total
[2023-06-20T07:40:56.423+0000][70][gc,age      ] GC(8) - age   3:    2430848 bytes,    6296480 total
[2023-06-20T07:40:56.423+0000][70][gc,age      ] GC(8) - age   4:    4163976 bytes,   10460456 total
[2023-06-20T07:40:56.424+0000][70][gc,age      ] GC(8) - age   5:     985208 bytes,   11445664 total
[2023-06-20T07:40:56.424+0000][70][gc,heap     ] GC(8) Eden regions: 35->0(35)
[2023-06-20T07:40:56.425+0000][70][gc,heap     ] GC(8) Survivor regions: 3->3(5)
[2023-06-20T07:40:56.426+0000][70][gc,heap     ] GC(8) Old regions: 3->3
[2023-06-20T07:40:56.426+0000][70][gc,heap     ] GC(8) Archive regions: 2->2
[2023-06-20T07:40:56.427+0000][70][gc,heap     ] GC(8) Humongous regions: 0->0
[2023-06-20T07:40:56.428+0000][70][gc,metaspace] GC(8) Metaspace: 32113K(32832K)->32113K(32832K) NonClass: 28465K(28864K)->28465K(28864K) Class: 3648K(3968K)->3648K(3968K)
[2023-06-20T07:40:56.428+0000][70][gc          ] GC(8) Pause Young (Normal) (G1 Evacuation Pause) 162M->25M(256M) 22.700ms
[2023-06-20T07:40:56.429+0000][70][gc,cpu      ] GC(8) User=0.02s Sys=0.00s Real=0.02s
[2023-06-20T07:40:56.429+0000][70][safepoint   ] Safepoint "G1CollectForAllocation", Time since last: 938230894 ns, Reaching safepoint: 223342 ns, At safepoint: 23965926 ns, Total: 24189268 ns
[2023-06-20T07:40:56.732+0000][70][gc,start    ] GC(9) Pause Young (Normal) (G1 Evacuation Pause)
[2023-06-20T07:40:56.733+0000][70][gc,task     ] GC(9) Using 4 workers of 4 for evacuation
[2023-06-20T07:40:56.734+0000][70][gc,age      ] GC(9) Desired survivor size 10485760 bytes, new threshold 5 (max threshold 15)
[2023-06-20T07:40:56.746+0000][70][gc,phases   ] GC(9)   Pre Evacuate Collection Set: 0.1ms
[2023-06-20T07:40:56.747+0000][70][gc,phases   ] GC(9)   Merge Heap Roots: 0.1ms
[2023-06-20T07:40:56.748+0000][70][gc,phases   ] GC(9)   Evacuate Collection Set: 11.6ms
[2023-06-20T07:40:56.748+0000][70][gc,phases   ] GC(9)   Post Evacuate Collection Set: 0.5ms
[2023-06-20T07:40:56.749+0000][70][gc,phases   ] GC(9)   Other: 1.2ms
[2023-06-20T07:40:56.750+0000][70][gc,age      ] GC(9) Age table with threshold 5 (max threshold 15)
[2023-06-20T07:40:56.750+0000][70][gc,age      ] GC(9) - age   1:    3285424 bytes,    3285424 total
[2023-06-20T07:40:56.751+0000][70][gc,age      ] GC(9) - age   2:    3296040 bytes,    6581464 total
[2023-06-20T07:40:56.751+0000][70][gc,age      ] GC(9) - age   3:     375472 bytes,    6956936 total
[2023-06-20T07:40:56.752+0000][70][gc,age      ] GC(9) - age   4:    2430816 bytes,    9387752 total
[2023-06-20T07:40:56.752+0000][70][gc,age      ] GC(9) - age   5:    4163976 bytes,   13551728 total
[2023-06-20T07:40:56.753+0000][70][gc,heap     ] GC(9) Eden regions: 35->0(34)
[2023-06-20T07:40:56.753+0000][70][gc,heap     ] GC(9) Survivor regions: 3->4(5)
[2023-06-20T07:40:56.754+0000][70][gc,heap     ] GC(9) Old regions: 3->3
[2023-06-20T07:40:56.754+0000][70][gc,heap     ] GC(9) Archive regions: 2->2
[2023-06-20T07:40:56.755+0000][70][gc,heap     ] GC(9) Humongous regions: 0->0
[2023-06-20T07:40:56.756+0000][70][gc,metaspace] GC(9) Metaspace: 32229K(33024K)->32229K(33024K) NonClass: 28559K(28992K)->28559K(28992K) Class: 3670K(4032K)->3670K(4032K)
[2023-06-20T07:40:56.757+0000][70][gc          ] GC(9) Pause Young (Normal) (G1 Evacuation Pause) 165M->28M(256M) 24.866ms
[2023-06-20T07:40:56.757+0000][70][gc,cpu      ] GC(9) User=0.02s Sys=0.00s Real=0.03s
[2023-06-20T07:40:56.758+0000][70][safepoint   ] Safepoint "G1CollectForAllocation", Time since last: 302534955 ns, Reaching safepoint: 79212 ns, At safepoint: 25883732 ns, Total: 25962944 ns
[2023-06-20T07:40:57.345+0000][70][gc,start    ] GC(10) Pause Young (Normal) (G1 Evacuation Pause)
[2023-06-20T07:40:57.346+0000][70][gc,task     ] GC(10) Using 4 workers of 4 for evacuation
[2023-06-20T07:40:57.347+0000][70][gc,age      ] GC(10) Desired survivor size 10485760 bytes, new threshold 5 (max threshold 15)
[2023-06-20T07:40:57.362+0000][70][gc,phases   ] GC(10)   Pre Evacuate Collection Set: 0.1ms
[2023-06-20T07:40:57.363+0000][70][gc,phases   ] GC(10)   Merge Heap Roots: 0.1ms
[2023-06-20T07:40:57.364+0000][70][gc,phases   ] GC(10)   Evacuate Collection Set: 13.5ms
[2023-06-20T07:40:57.364+0000][70][gc,phases   ] GC(10)   Post Evacuate Collection Set: 0.6ms
[2023-06-20T07:40:57.365+0000][70][gc,phases   ] GC(10)   Other: 1.4ms
[2023-06-20T07:40:57.366+0000][70][gc,age      ] GC(10) Age table with threshold 5 (max threshold 15)
[2023-06-20T07:40:57.367+0000][70][gc,age      ] GC(10) - age   1:    3462512 bytes,    3462512 total
[2023-06-20T07:40:57.368+0000][70][gc,age      ] GC(10) - age   2:    1443560 bytes,    4906072 total
[2023-06-20T07:40:57.368+0000][70][gc,age      ] GC(10) - age   3:    3296008 bytes,    8202080 total
[2023-06-20T07:40:57.369+0000][70][gc,age      ] GC(10) - age   4:     374824 bytes,    8576904 total
[2023-06-20T07:40:57.370+0000][70][gc,age      ] GC(10) - age   5:    2430176 bytes,   11007080 total
[2023-06-20T07:40:57.370+0000][70][gc,heap     ] GC(10) Eden regions: 34->0(35)
[2023-06-20T07:40:57.371+0000][70][gc,heap     ] GC(10) Survivor regions: 4->3(5)
[2023-06-20T07:40:57.372+0000][70][gc,heap     ] GC(10) Old regions: 3->4
[2023-06-20T07:40:57.372+0000][70][gc,heap     ] GC(10) Archive regions: 2->2
[2023-06-20T07:40:57.373+0000][70][gc,heap     ] GC(10) Humongous regions: 0->0
[2023-06-20T07:40:57.374+0000][70][gc,metaspace] GC(10) Metaspace: 33683K(34496K)->33683K(34496K) NonClass: 29838K(30272K)->29838K(30272K) Class: 3844K(4224K)->3844K(4224K)
[2023-06-20T07:40:57.375+0000][70][gc          ] GC(10) Pause Young (Normal) (G1 Evacuation Pause) 164M->30M(256M) 29.955ms
[2023-06-20T07:40:57.376+0000][70][gc,cpu      ] GC(10) User=0.02s Sys=0.00s Real=0.03s
[2023-06-20T07:40:57.377+0000][70][safepoint   ] Safepoint "G1CollectForAllocation", Time since last: 587096362 ns, Reaching safepoint: 113496 ns, At safepoint: 31389530 ns, Total: 31503026 ns
[2023-06-20T07:40:57.796+0000][70][gc,start    ] GC(11) Pause Young (Normal) (G1 Evacuation Pause)
[2023-06-20T07:40:57.797+0000][70][gc,task     ] GC(11) Using 4 workers of 4 for evacuation
[2023-06-20T07:40:57.797+0000][70][gc,age      ] GC(11) Desired survivor size 10485760 bytes, new threshold 5 (max threshold 15)
[2023-06-20T07:40:57.805+0000][70][gc,phases   ] GC(11)   Pre Evacuate Collection Set: 0.2ms
[2023-06-20T07:40:57.806+0000][70][gc,phases   ] GC(11)   Merge Heap Roots: 0.2ms
[2023-06-20T07:40:57.807+0000][70][gc,phases   ] GC(11)   Evacuate Collection Set: 6.5ms
[2023-06-20T07:40:57.807+0000][70][gc,phases   ] GC(11)   Post Evacuate Collection Set: 0.5ms
[2023-06-20T07:40:57.808+0000][70][gc,phases   ] GC(11)   Other: 1.3ms
[2023-06-20T07:40:57.808+0000][70][gc,age      ] GC(11) Age table with threshold 5 (max threshold 15)
[2023-06-20T07:40:57.809+0000][70][gc,age      ] GC(11) - age   1:    3120328 bytes,    3120328 total
[2023-06-20T07:40:57.809+0000][70][gc,age      ] GC(11) - age   2:    3125112 bytes,    6245440 total
[2023-06-20T07:40:57.810+0000][70][gc,age      ] GC(11) - age   3:    1443528 bytes,    7688968 total
[2023-06-20T07:40:57.810+0000][70][gc,age      ] GC(11) - age   4:    3296008 bytes,   10984976 total
[2023-06-20T07:40:57.811+0000][70][gc,age      ] GC(11) - age   5:     374824 bytes,   11359800 total
[2023-06-20T07:40:57.814+0000][70][gc,heap     ] GC(11) Eden regions: 35->0(35)
[2023-06-20T07:40:57.815+0000][70][gc,heap     ] GC(11) Survivor regions: 3->3(5)
[2023-06-20T07:40:57.816+0000][70][gc,heap     ] GC(11) Old regions: 4->5
[2023-06-20T07:40:57.816+0000][70][gc,heap     ] GC(11) Archive regions: 2->2
[2023-06-20T07:40:57.817+0000][70][gc,heap     ] GC(11) Humongous regions: 0->0
[2023-06-20T07:40:57.818+0000][70][gc,metaspace] GC(11) Metaspace: 34134K(34944K)->34134K(34944K) NonClass: 30223K(30656K)->30223K(30656K) Class: 3910K(4288K)->3910K(4288K)
[2023-06-20T07:40:57.818+0000][70][gc          ] GC(11) Pause Young (Normal) (G1 Evacuation Pause) 170M->32M(256M) 22.324ms
[2023-06-20T07:40:57.819+0000][70][gc,cpu      ] GC(11) User=0.02s Sys=0.01s Real=0.02s
[2023-06-20T07:40:57.820+0000][70][safepoint   ] Safepoint "G1CollectForAllocation", Time since last: 419428724 ns, Reaching safepoint: 122316 ns, At safepoint: 23809094 ns, Total: 23931410 ns
[2023-06-20T07:40:58.126+0000][70][gc,start    ] GC(12) Pause Young (Normal) (G1 Evacuation Pause)
[2023-06-20T07:40:58.126+0000][70][gc,task     ] GC(12) Using 4 workers of 4 for evacuation
[2023-06-20T07:40:58.127+0000][70][gc,age      ] GC(12) Desired survivor size 10485760 bytes, new threshold 4 (max threshold 15)
[2023-06-20T07:40:58.135+0000][70][gc,phases   ] GC(12)   Pre Evacuate Collection Set: 0.1ms
[2023-06-20T07:40:58.136+0000][70][gc,phases   ] GC(12)   Merge Heap Roots: 0.1ms
[2023-06-20T07:40:58.136+0000][70][gc,phases   ] GC(12)   Evacuate Collection Set: 5.9ms
[2023-06-20T07:40:58.137+0000][70][gc,phases   ] GC(12)   Post Evacuate Collection Set: 0.8ms
[2023-06-20T07:40:58.137+0000][70][gc,phases   ] GC(12)   Other: 1.5ms
[2023-06-20T07:40:58.138+0000][70][gc,age      ] GC(12) Age table with threshold 4 (max threshold 15)
[2023-06-20T07:40:58.138+0000][70][gc,age      ] GC(12) - age   1:    1467944 bytes,    1467944 total
[2023-06-20T07:40:58.139+0000][70][gc,age      ] GC(12) - age   2:    2367464 bytes,    3835408 total
[2023-06-20T07:40:58.139+0000][70][gc,age      ] GC(12) - age   3:    3124992 bytes,    6960400 total
[2023-06-20T07:40:58.140+0000][70][gc,age      ] GC(12) - age   4:    1443528 bytes,    8403928 total
[2023-06-20T07:40:58.140+0000][70][gc,heap     ] GC(12) Eden regions: 35->0(35)
[2023-06-20T07:40:58.141+0000][70][gc,heap     ] GC(12) Survivor regions: 3->3(5)
[2023-06-20T07:40:58.141+0000][70][gc,heap     ] GC(12) Old regions: 5->6
[2023-06-20T07:40:58.142+0000][70][gc,heap     ] GC(12) Archive regions: 2->2
[2023-06-20T07:40:58.142+0000][70][gc,heap     ] GC(12) Humongous regions: 0->0
[2023-06-20T07:40:58.143+0000][70][gc,metaspace] GC(12) Metaspace: 34543K(35456K)->34543K(35456K) NonClass: 30584K(31104K)->30584K(31104K) Class: 3958K(4352K)->3958K(4352K)
[2023-06-20T07:40:58.143+0000][70][gc          ] GC(12) Pause Young (Normal) (G1 Evacuation Pause) 172M->33M(256M) 17.886ms
[2023-06-20T07:40:58.144+0000][70][gc,cpu      ] GC(12) User=0.01s Sys=0.00s Real=0.02s
[2023-06-20T07:40:58.145+0000][70][safepoint   ] Safepoint "G1CollectForAllocation", Time since last: 305642429 ns, Reaching safepoint: 123733 ns, At safepoint: 18989379 ns, Total: 19113112 ns
[2023-06-20T07:40:58.339+0000][70][gc,start    ] GC(13) Pause Young (Concurrent Start) (Metadata GC Threshold)
[2023-06-20T07:40:58.340+0000][70][gc,task     ] GC(13) Using 4 workers of 4 for evacuation
[2023-06-20T07:40:58.342+0000][70][gc,age      ] GC(13) Desired survivor size 10485760 bytes, new threshold 15 (max threshold 15)
[2023-06-20T07:40:58.349+0000][70][gc,phases   ] GC(13)   Pre Evacuate Collection Set: 0.1ms
[2023-06-20T07:40:58.350+0000][70][gc,phases   ] GC(13)   Merge Heap Roots: 0.0ms
[2023-06-20T07:40:58.350+0000][70][gc,phases   ] GC(13)   Evacuate Collection Set: 3.0ms
[2023-06-20T07:40:58.351+0000][70][gc,phases   ] GC(13)   Post Evacuate Collection Set: 3.4ms
[2023-06-20T07:40:58.351+0000][70][gc,phases   ] GC(13)   Other: 2.2ms
[2023-06-20T07:40:58.352+0000][70][gc,age      ] GC(13) Age table with threshold 15 (max threshold 15)
[2023-06-20T07:40:58.352+0000][70][gc,age      ] GC(13) - age   1:     581000 bytes,     581000 total
[2023-06-20T07:40:58.353+0000][70][gc,age      ] GC(13) - age   2:     718360 bytes,    1299360 total
[2023-06-20T07:40:58.353+0000][70][gc,age      ] GC(13) - age   3:    2367328 bytes,    3666688 total
[2023-06-20T07:40:58.354+0000][70][gc,age      ] GC(13) - age   4:    3124800 bytes,    6791488 total
[2023-06-20T07:40:58.354+0000][70][gc,age      ] GC(13) - age   5:    1443528 bytes,    8235016 total
[2023-06-20T07:40:58.355+0000][70][gc,heap     ] GC(13) Eden regions: 7->0(36)
[2023-06-20T07:40:58.355+0000][70][gc,heap     ] GC(13) Survivor regions: 3->2(5)
[2023-06-20T07:40:58.356+0000][70][gc,heap     ] GC(13) Old regions: 6->6
[2023-06-20T07:40:58.357+0000][70][gc,heap     ] GC(13) Archive regions: 2->2
[2023-06-20T07:40:58.357+0000][70][gc,heap     ] GC(13) Humongous regions: 0->0
[2023-06-20T07:40:58.359+0000][70][gc,metaspace] GC(13) Metaspace: 35262K(36096K)->35262K(36096K) NonClass: 31225K(31680K)->31225K(31680K) Class: 4036K(4416K)->4036K(4416K)
[2023-06-20T07:40:58.359+0000][70][gc          ] GC(13) Pause Young (Concurrent Start) (Metadata GC Threshold) 59M->32M(256M) 20.202ms
[2023-06-20T07:40:58.360+0000][70][gc,cpu      ] GC(13) User=0.00s Sys=0.01s Real=0.02s
[2023-06-20T07:40:58.360+0000][70][gc          ] GC(14) Concurrent Mark Cycle
[2023-06-20T07:40:58.361+0000][70][gc,marking  ] GC(14) Concurrent Clear Claimed Marks
[2023-06-20T07:40:58.362+0000][70][gc,marking  ] GC(14) Concurrent Clear Claimed Marks 0.750ms
[2023-06-20T07:40:58.362+0000][70][gc,marking  ] GC(14) Concurrent Scan Root Regions
[2023-06-20T07:40:58.365+0000][70][gc,marking  ] GC(14) Concurrent Scan Root Regions 2.544ms
[2023-06-20T07:40:58.366+0000][70][gc,marking  ] GC(14) Concurrent Mark
[2023-06-20T07:40:58.366+0000][70][gc,marking  ] GC(14) Concurrent Mark From Roots
[2023-06-20T07:40:58.367+0000][70][gc,task     ] GC(14) Using 1 workers of 1 for marking
[2023-06-20T07:40:58.361+0000][70][safepoint   ] Safepoint "CollectForMetadataAllocation", Time since last: 194289586 ns, Reaching safepoint: 102265 ns, At safepoint: 21753790 ns, Total: 21856055 ns
[2023-06-20T07:40:58.394+0000][70][gc,marking  ] GC(14) Concurrent Mark From Roots 28.141ms
[2023-06-20T07:40:58.395+0000][70][gc,marking  ] GC(14) Concurrent Preclean
[2023-06-20T07:40:58.396+0000][70][gc,marking  ] GC(14) Concurrent Preclean 0.787ms
[2023-06-20T07:40:58.400+0000][70][gc,start    ] GC(14) Pause Remark
[2023-06-20T07:40:58.407+0000][70][gc          ] GC(14) Pause Remark 34M->34M(256M) 6.378ms
[2023-06-20T07:40:58.408+0000][70][gc,cpu      ] GC(14) User=0.01s Sys=0.00s Real=0.01s
[2023-06-20T07:40:58.408+0000][70][safepoint   ] Safepoint "G1PauseRemark", Time since last: 37299174 ns, Reaching safepoint: 2262148 ns, At safepoint: 8100819 ns, Total: 10362967 ns
[2023-06-20T07:40:58.414+0000][70][gc,marking  ] GC(14) Concurrent Mark 47.794ms
[2023-06-20T07:40:58.417+0000][70][gc,marking  ] GC(14) Concurrent Rebuild Remembered Sets
[2023-06-20T07:40:58.429+0000][70][gc,marking  ] GC(14) Concurrent Rebuild Remembered Sets 11.780ms
[2023-06-20T07:40:58.433+0000][70][gc,start    ] GC(14) Pause Cleanup
[2023-06-20T07:40:58.434+0000][70][gc          ] GC(14) Pause Cleanup 34M->34M(256M) 0.827ms
[2023-06-20T07:40:58.435+0000][70][gc,cpu      ] GC(14) User=0.00s Sys=0.00s Real=0.01s
[2023-06-20T07:40:58.435+0000][70][safepoint   ] Safepoint "G1PauseCleanup", Time since last: 24781025 ns, Reaching safepoint: 177226 ns, At safepoint: 2127971 ns, Total: 2305197 ns
[2023-06-20T07:40:58.436+0000][70][gc,marking  ] GC(14) Concurrent Cleanup for Next Mark
[2023-06-20T07:40:58.437+0000][70][gc,marking  ] GC(14) Concurrent Cleanup for Next Mark 0.859ms
[2023-06-20T07:40:58.438+0000][70][gc          ] GC(14) Concurrent Mark Cycle 77.663ms
[2023-06-20T07:40:59.947+0000][70][safepoint   ] Safepoint "ICBufferFull", Time since last: 1507039056 ns, Reaching safepoint: 4346384 ns, At safepoint: 10875 ns, Total: 4357259 ns
[2023-06-20T07:41:00.951+0000][70][safepoint   ] Safepoint "Cleanup", Time since last: 1000993071 ns, Reaching safepoint: 2988838 ns, At safepoint: 30065 ns, Total: 3018903 ns
[2023-06-20T07:41:00.992+0000][70][gc,start    ] GC(15) Pause Young (Normal) (G1 Evacuation Pause)
[2023-06-20T07:41:00.993+0000][70][gc,task     ] GC(15) Using 4 workers of 4 for evacuation
[2023-06-20T07:41:00.994+0000][70][gc,age      ] GC(15) Desired survivor size 10485760 bytes, new threshold 15 (max threshold 15)
[2023-06-20T07:41:01.037+0000][70][gc,phases   ] GC(15)   Pre Evacuate Collection Set: 0.0ms
[2023-06-20T07:41:01.037+0000][70][gc,phases   ] GC(15)   Merge Heap Roots: 0.0ms
[2023-06-20T07:41:01.038+0000][70][gc,phases   ] GC(15)   Evacuate Collection Set: 37.6ms
[2023-06-20T07:41:01.039+0000][70][gc,phases   ] GC(15)   Post Evacuate Collection Set: 4.7ms
[2023-06-20T07:41:01.039+0000][70][gc,phases   ] GC(15)   Other: 1.4ms
[2023-06-20T07:41:01.040+0000][70][gc,age      ] GC(15) Age table with threshold 15 (max threshold 15)
[2023-06-20T07:41:01.041+0000][70][gc,age      ] GC(15) - age   1:   10849672 bytes,   10849672 total
[2023-06-20T07:41:01.042+0000][70][gc,age      ] GC(15) - age   2:     557560 bytes,   11407232 total
[2023-06-20T07:41:01.042+0000][70][gc,age      ] GC(15) - age   3:     711008 bytes,   12118240 total
[2023-06-20T07:41:01.043+0000][70][gc,age      ] GC(15) - age   4:    2360408 bytes,   14478648 total
[2023-06-20T07:41:01.044+0000][70][gc,age      ] GC(15) - age   5:    3105816 bytes,   17584464 total
[2023-06-20T07:41:01.044+0000][70][gc,age      ] GC(15) - age   6:    1436392 bytes,   19020856 total
[2023-06-20T07:41:01.045+0000][70][gc,heap     ] GC(15) Eden regions: 36->0(33)
[2023-06-20T07:41:01.046+0000][70][gc,heap     ] GC(15) Survivor regions: 2->5(5)
[2023-06-20T07:41:01.046+0000][70][gc,heap     ] GC(15) Old regions: 6->6
[2023-06-20T07:41:01.047+0000][70][gc,heap     ] GC(15) Archive regions: 2->2
[2023-06-20T07:41:01.048+0000][70][gc,heap     ] GC(15) Humongous regions: 0->0
[2023-06-20T07:41:01.048+0000][70][gc,metaspace] GC(15) Metaspace: 44054K(45312K)->44054K(45312K) NonClass: 38809K(39488K)->38809K(39488K) Class: 5244K(5824K)->5244K(5824K)
[2023-06-20T07:41:01.049+0000][70][gc          ] GC(15) Pause Young (Normal) (G1 Evacuation Pause) 176M->43M(256M) 56.701ms
[2023-06-20T07:41:01.049+0000][70][gc,cpu      ] GC(15) User=0.04s Sys=0.01s Real=0.06s
[2023-06-20T07:41:01.050+0000][70][safepoint   ] Safepoint "G1CollectForAllocation", Time since last: 41060518 ns, Reaching safepoint: 51600 ns, At safepoint: 58216557 ns, Total: 58268157 ns
[2023-06-20T07:41:02.231+0000][70][safepoint   ] Safepoint "Cleanup", Time since last: 1174657524 ns, Reaching safepoint: 6291544 ns, At safepoint: 33631 ns, Total: 6325175 ns
[2023-06-20T07:41:02.388+0000][70][gc,start    ] GC(16) Pause Young (Normal) (G1 Evacuation Pause)
[2023-06-20T07:41:02.389+0000][70][gc,task     ] GC(16) Using 4 workers of 4 for evacuation
[2023-06-20T07:41:02.390+0000][70][gc,age      ] GC(16) Desired survivor size 10485760 bytes, new threshold 1 (max threshold 15)
[2023-06-20T07:41:02.428+0000][70][gc,phases   ] GC(16)   Pre Evacuate Collection Set: 0.1ms
[2023-06-20T07:41:02.429+0000][70][gc,phases   ] GC(16)   Merge Heap Roots: 0.1ms
[2023-06-20T07:41:02.430+0000][70][gc,phases   ] GC(16)   Evacuate Collection Set: 35.8ms
[2023-06-20T07:41:02.430+0000][70][gc,phases   ] GC(16)   Post Evacuate Collection Set: 0.7ms
[2023-06-20T07:41:02.431+0000][70][gc,phases   ] GC(16)   Other: 1.8ms
[2023-06-20T07:41:02.435+0000][70][gc,age      ] GC(16) Age table with threshold 1 (max threshold 15)
[2023-06-20T07:41:02.436+0000][70][gc,age      ] GC(16) - age   1:    7826544 bytes,    7826544 total
[2023-06-20T07:41:02.437+0000][70][gc,heap     ] GC(16) Eden regions: 33->0(34)
[2023-06-20T07:41:02.437+0000][70][gc,heap     ] GC(16) Survivor regions: 5->3(5)
[2023-06-20T07:41:02.438+0000][70][gc,heap     ] GC(16) Old regions: 6->10
[2023-06-20T07:41:02.439+0000][70][gc,heap     ] GC(16) Archive regions: 2->2
[2023-06-20T07:41:02.439+0000][70][gc,heap     ] GC(16) Humongous regions: 0->0
[2023-06-20T07:41:02.440+0000][70][gc,metaspace] GC(16) Metaspace: 44117K(45376K)->44117K(45376K) NonClass: 38862K(39552K)->38862K(39552K) Class: 5255K(5824K)->5255K(5824K)
[2023-06-20T07:41:02.441+0000][70][gc          ] GC(16) Pause Young (Normal) (G1 Evacuation Pause) 175M->52M(256M) 52.707ms
[2023-06-20T07:41:02.442+0000][70][gc,cpu      ] GC(16) User=0.08s Sys=0.01s Real=0.05s
[2023-06-20T07:41:02.443+0000][70][safepoint   ] Safepoint "G1CollectForAllocation", Time since last: 157181316 ns, Reaching safepoint: 63900 ns, At safepoint: 54264530 ns, Total: 54328430 ns
[2023-06-20T07:41:03.394+0000][70][safepoint   ] Safepoint "ICBufferFull", Time since last: 950858620 ns, Reaching safepoint: 215683 ns, At safepoint: 5468 ns, Total: 221151 ns
[2023-06-20T07:41:04.148+0000][70][gc,start    ] GC(17) Pause Young (Normal) (G1 Evacuation Pause)
[2023-06-20T07:41:04.149+0000][70][gc,task     ] GC(17) Using 4 workers of 4 for evacuation
[2023-06-20T07:41:04.151+0000][70][gc,age      ] GC(17) Desired survivor size 10485760 bytes, new threshold 15 (max threshold 15)
[2023-06-20T07:41:04.180+0000][70][gc,phases   ] GC(17)   Pre Evacuate Collection Set: 0.1ms
[2023-06-20T07:41:04.181+0000][70][gc,phases   ] GC(17)   Merge Heap Roots: 0.0ms
[2023-06-20T07:41:04.182+0000][70][gc,phases   ] GC(17)   Evacuate Collection Set: 28.1ms
[2023-06-20T07:41:04.182+0000][70][gc,phases   ] GC(17)   Post Evacuate Collection Set: 0.7ms
[2023-06-20T07:41:04.183+0000][70][gc,phases   ] GC(17)   Other: 2.3ms
[2023-06-20T07:41:04.184+0000][70][gc,age      ] GC(17) Age table with threshold 15 (max threshold 15)
[2023-06-20T07:41:04.184+0000][70][gc,age      ] GC(17) - age   1:    5003960 bytes,    5003960 total
[2023-06-20T07:41:04.185+0000][70][gc,age      ] GC(17) - age   2:    7469256 bytes,   12473216 total
[2023-06-20T07:41:04.185+0000][70][gc,heap     ] GC(17) Eden regions: 34->0(33)
[2023-06-20T07:41:04.186+0000][70][gc,heap     ] GC(17) Survivor regions: 3->4(5)
[2023-06-20T07:41:04.187+0000][70][gc,heap     ] GC(17) Old regions: 10->10
[2023-06-20T07:41:04.187+0000][70][gc,heap     ] GC(17) Archive regions: 2->2
[2023-06-20T07:41:04.188+0000][70][gc,heap     ] GC(17) Humongous regions: 0->0
[2023-06-20T07:41:04.189+0000][70][gc,metaspace] GC(17) Metaspace: 52037K(53248K)->52037K(53248K) NonClass: 45734K(46400K)->45734K(46400K) Class: 6302K(6848K)->6302K(6848K)
[2023-06-20T07:41:04.190+0000][70][gc          ] GC(17) Pause Young (Normal) (G1 Evacuation Pause) 188M->55M(256M) 41.311ms
[2023-06-20T07:41:04.190+0000][70][gc,cpu      ] GC(17) User=0.03s Sys=0.00s Real=0.04s
[2023-06-20T07:41:04.191+0000][70][safepoint   ] Safepoint "G1CollectForAllocation", Time since last: 754352187 ns, Reaching safepoint: 99105 ns, At safepoint: 42932009 ns, Total: 43031114 ns
[2023-06-20T07:41:04.956+0000][70][gc,start    ] GC(18) Pause Young (Concurrent Start) (Metadata GC Threshold)
[2023-06-20T07:41:04.957+0000][70][gc,task     ] GC(18) Using 4 workers of 4 for evacuation
[2023-06-20T07:41:04.958+0000][70][gc,age      ] GC(18) Desired survivor size 10485760 bytes, new threshold 2 (max threshold 15)
[2023-06-20T07:41:04.973+0000][70][gc,phases   ] GC(18)   Pre Evacuate Collection Set: 0.2ms
[2023-06-20T07:41:04.974+0000][70][gc,phases   ] GC(18)   Merge Heap Roots: 0.1ms
[2023-06-20T07:41:04.975+0000][70][gc,phases   ] GC(18)   Evacuate Collection Set: 12.8ms
[2023-06-20T07:41:04.976+0000][70][gc,phases   ] GC(18)   Post Evacuate Collection Set: 1.5ms
[2023-06-20T07:41:04.976+0000][70][gc,phases   ] GC(18)   Other: 1.4ms
[2023-06-20T07:41:04.977+0000][70][gc,age      ] GC(18) Age table with threshold 2 (max threshold 15)
[2023-06-20T07:41:04.978+0000][70][gc,age      ] GC(18) - age   1:    2613304 bytes,    2613304 total
[2023-06-20T07:41:04.978+0000][70][gc,age      ] GC(18) - age   2:    4602080 bytes,    7215384 total
[2023-06-20T07:41:04.979+0000][70][gc,heap     ] GC(18) Eden regions: 10->0(29)
[2023-06-20T07:41:04.980+0000][70][gc,heap     ] GC(18) Survivor regions: 4->2(5)
[2023-06-20T07:41:04.980+0000][70][gc,heap     ] GC(18) Old regions: 10->12
[2023-06-20T07:41:04.981+0000][70][gc,heap     ] GC(18) Archive regions: 2->2
[2023-06-20T07:41:04.982+0000][70][gc,heap     ] GC(18) Humongous regions: 0->0
[2023-06-20T07:41:04.982+0000][70][gc,metaspace] GC(18) Metaspace: 58997K(60288K)->58997K(60288K) NonClass: 51681K(52416K)->51681K(52416K) Class: 7315K(7872K)->7315K(7872K)
[2023-06-20T07:41:04.983+0000][70][gc          ] GC(18) Pause Young (Concurrent Start) (Metadata GC Threshold) 93M->58M(256M) 26.855ms
[2023-06-20T07:41:04.984+0000][70][gc,cpu      ] GC(18) User=0.03s Sys=0.01s Real=0.03s
[2023-06-20T07:41:04.984+0000][70][gc          ] GC(19) Concurrent Mark Cycle
[2023-06-20T07:41:04.985+0000][70][gc,marking  ] GC(19) Concurrent Clear Claimed Marks
[2023-06-20T07:41:04.984+0000][70][safepoint   ] Safepoint "CollectForMetadataAllocation", Time since last: 764897196 ns, Reaching safepoint: 104163 ns, At safepoint: 28319155 ns, Total: 28423318 ns
[2023-06-20T07:41:04.986+0000][70][gc,marking  ] GC(19) Concurrent Clear Claimed Marks 0.761ms
[2023-06-20T07:41:04.988+0000][70][gc,marking  ] GC(19) Concurrent Scan Root Regions
[2023-06-20T07:41:05.021+0000][70][safepoint   ] Safepoint "CollectForMetadataAllocation", Time since last: 31189544 ns, Reaching safepoint: 4834244 ns, At safepoint: 65806 ns, Total: 4900050 ns
[2023-06-20T07:41:05.030+0000][70][gc,marking  ] GC(19) Concurrent Scan Root Regions 41.875ms
[2023-06-20T07:41:05.031+0000][70][gc,marking  ] GC(19) Concurrent Mark
[2023-06-20T07:41:05.031+0000][70][gc,marking  ] GC(19) Concurrent Mark From Roots
[2023-06-20T07:41:05.032+0000][70][gc,task     ] GC(19) Using 1 workers of 1 for marking
[2023-06-20T07:41:05.049+0000][70][safepoint   ] Safepoint "CollectForMetadataAllocation", Time since last: 28155556 ns, Reaching safepoint: 127262 ns, At safepoint: 91059 ns, Total: 218321 ns
[2023-06-20T07:41:05.087+0000][70][safepoint   ] Safepoint "CollectForMetadataAllocation", Time since last: 29742237 ns, Reaching safepoint: 8287178 ns, At safepoint: 83531 ns, Total: 8370709 ns
[2023-06-20T07:41:05.119+0000][70][gc,marking  ] GC(19) Concurrent Mark From Roots 87.922ms
[2023-06-20T07:41:05.120+0000][70][gc,marking  ] GC(19) Concurrent Preclean
[2023-06-20T07:41:05.127+0000][70][gc,marking  ] GC(19) Concurrent Preclean 6.946ms
[2023-06-20T07:41:05.129+0000][70][gc,start    ] GC(19) Pause Remark
[2023-06-20T07:41:05.135+0000][70][gc          ] GC(19) Pause Remark 66M->66M(256M) 6.356ms
[2023-06-20T07:41:05.136+0000][70][gc,cpu      ] GC(19) User=0.01s Sys=0.00s Real=0.01s
[2023-06-20T07:41:05.136+0000][70][safepoint   ] Safepoint "G1PauseRemark", Time since last: 41663964 ns, Reaching safepoint: 172944 ns, At safepoint: 7436304 ns, Total: 7609248 ns
[2023-06-20T07:41:05.138+0000][70][gc,marking  ] GC(19) Concurrent Mark 107.109ms
[2023-06-20T07:41:05.138+0000][70][gc,marking  ] GC(19) Concurrent Rebuild Remembered Sets
[2023-06-20T07:41:05.185+0000][70][gc,marking  ] GC(19) Concurrent Rebuild Remembered Sets 46.103ms
[2023-06-20T07:41:05.186+0000][70][gc,start    ] GC(19) Pause Cleanup
[2023-06-20T07:41:05.186+0000][70][gc          ] GC(19) Pause Cleanup 68M->68M(256M) 0.580ms
[2023-06-20T07:41:05.187+0000][70][gc,cpu      ] GC(19) User=0.00s Sys=0.00s Real=0.00s
[2023-06-20T07:41:05.187+0000][70][safepoint   ] Safepoint "G1PauseCleanup", Time since last: 49075270 ns, Reaching safepoint: 168768 ns, At safepoint: 1612192 ns, Total: 1780960 ns
[2023-06-20T07:41:05.191+0000][70][gc,marking  ] GC(19) Concurrent Cleanup for Next Mark
[2023-06-20T07:41:05.192+0000][70][gc,marking  ] GC(19) Concurrent Cleanup for Next Mark 1.173ms
[2023-06-20T07:41:05.194+0000][70][gc          ] GC(19) Concurrent Mark Cycle 209.858ms
[2023-06-20T07:41:06.188+0000][70][safepoint   ] Safepoint "Cleanup", Time since last: 1000674022 ns, Reaching safepoint: 269925 ns, At safepoint: 26546 ns, Total: 296471 ns
[2023-06-20T07:41:06.545+0000][70][gc,start    ] GC(20) Pause Young (Normal) (G1 Evacuation Pause)
[2023-06-20T07:41:06.546+0000][70][gc,task     ] GC(20) Using 4 workers of 4 for evacuation
[2023-06-20T07:41:06.547+0000][70][gc,age      ] GC(20) Desired survivor size 8388608 bytes, new threshold 15 (max threshold 15)
[2023-06-20T07:41:06.567+0000][70][gc,phases   ] GC(20)   Pre Evacuate Collection Set: 0.1ms
[2023-06-20T07:41:06.568+0000][70][gc,phases   ] GC(20)   Merge Heap Roots: 0.1ms
[2023-06-20T07:41:06.569+0000][70][gc,phases   ] GC(20)   Evacuate Collection Set: 17.8ms
[2023-06-20T07:41:06.569+0000][70][gc,phases   ] GC(20)   Post Evacuate Collection Set: 1.1ms
[2023-06-20T07:41:06.570+0000][70][gc,phases   ] GC(20)   Other: 1.6ms
[2023-06-20T07:41:06.571+0000][70][gc,age      ] GC(20) Age table with threshold 15 (max threshold 15)
[2023-06-20T07:41:06.571+0000][70][gc,age      ] GC(20) - age   1:    2095080 bytes,    2095080 total
[2023-06-20T07:41:06.572+0000][70][gc,age      ] GC(20) - age   2:    2455376 bytes,    4550456 total
[2023-06-20T07:41:06.572+0000][70][gc,age      ] GC(20) - age   3:    4578744 bytes,    9129200 total
[2023-06-20T07:41:06.573+0000][70][gc,heap     ] GC(20) Eden regions: 29->0(30)
[2023-06-20T07:41:06.574+0000][70][gc,heap     ] GC(20) Survivor regions: 2->3(4)
[2023-06-20T07:41:06.575+0000][70][gc,heap     ] GC(20) Old regions: 12->12
[2023-06-20T07:41:06.575+0000][70][gc,heap     ] GC(20) Archive regions: 2->2
[2023-06-20T07:41:06.576+0000][70][gc,heap     ] GC(20) Humongous regions: 0->0
[2023-06-20T07:41:06.576+0000][70][gc,metaspace] GC(20) Metaspace: 65510K(67072K)->65510K(67072K) NonClass: 57153K(58048K)->57153K(58048K) Class: 8357K(9024K)->8357K(9024K)
[2023-06-20T07:41:06.577+0000][70][gc          ] GC(20) Pause Young (Normal) (G1 Evacuation Pause) 174M->59M(256M) 31.629ms
[2023-06-20T07:41:06.578+0000][70][gc,cpu      ] GC(20) User=0.05s Sys=0.00s Real=0.03s
[2023-06-20T07:41:06.581+0000][70][safepoint   ] Safepoint "G1CollectForAllocation", Time since last: 357263326 ns, Reaching safepoint: 52988 ns, At safepoint: 35794264 ns, Total: 35847252 ns
[2023-06-20T07:41:07.881+0000][70][gc,start    ] GC(21) Pause Young (Normal) (G1 Evacuation Pause)
[2023-06-20T07:41:07.882+0000][70][gc,task     ] GC(21) Using 4 workers of 4 for evacuation
[2023-06-20T07:41:07.882+0000][70][gc,age      ] GC(21) Desired survivor size 10485760 bytes, new threshold 15 (max threshold 15)
[2023-06-20T07:41:07.908+0000][70][gc,phases   ] GC(21)   Pre Evacuate Collection Set: 3.9ms
[2023-06-20T07:41:07.909+0000][70][gc,phases   ] GC(21)   Merge Heap Roots: 0.1ms
[2023-06-20T07:41:07.909+0000][70][gc,phases   ] GC(21)   Evacuate Collection Set: 20.4ms
[2023-06-20T07:41:07.910+0000][70][gc,phases   ] GC(21)   Post Evacuate Collection Set: 0.7ms
[2023-06-20T07:41:07.910+0000][70][gc,phases   ] GC(21)   Other: 1.1ms
[2023-06-20T07:41:07.911+0000][70][gc,age      ] GC(21) Age table with threshold 15 (max threshold 15)
[2023-06-20T07:41:07.912+0000][70][gc,age      ] GC(21) - age   1:     480040 bytes,     480040 total
[2023-06-20T07:41:07.920+0000][70][gc,age      ] GC(21) - age   2:    1937720 bytes,    2417760 total
[2023-06-20T07:41:07.921+0000][70][gc,age      ] GC(21) - age   3:    2455376 bytes,    4873136 total
[2023-06-20T07:41:07.921+0000][70][gc,age      ] GC(21) - age   4:    4578744 bytes,    9451880 total
[2023-06-20T07:41:07.922+0000][70][gc,heap     ] GC(21) Eden regions: 30->0(31)
[2023-06-20T07:41:07.922+0000][70][gc,heap     ] GC(21) Survivor regions: 3->3(5)
[2023-06-20T07:41:07.923+0000][70][gc,heap     ] GC(21) Old regions: 12->12
[2023-06-20T07:41:07.923+0000][70][gc,heap     ] GC(21) Archive regions: 2->2
[2023-06-20T07:41:07.924+0000][70][gc,heap     ] GC(21) Humongous regions: 0->0
[2023-06-20T07:41:07.924+0000][70][gc,metaspace] GC(21) Metaspace: 65577K(67072K)->65577K(67072K) NonClass: 57201K(58048K)->57201K(58048K) Class: 8375K(9024K)->8375K(9024K)
[2023-06-20T07:41:07.925+0000][70][gc          ] GC(21) Pause Young (Normal) (G1 Evacuation Pause) 179M->60M(256M) 43.924ms
[2023-06-20T07:41:07.925+0000][70][gc,cpu      ] GC(21) User=0.02s Sys=0.00s Real=0.05s
[2023-06-20T07:41:07.926+0000][70][safepoint   ] Safepoint "G1CollectForAllocation", Time since last: 1299566055 ns, Reaching safepoint: 107618 ns, At safepoint: 45095609 ns, Total: 45203227 ns
[2023-06-20T07:41:09.126+0000][70][safepoint   ] Safepoint "Cleanup", Time since last: 1199116257 ns, Reaching safepoint: 856001 ns, At safepoint: 37741 ns, Total: 893742 ns
[2023-06-20T07:41:10.138+0000][70][safepoint   ] Safepoint "Cleanup", Time since last: 1003667059 ns, Reaching safepoint: 8229184 ns, At safepoint: 35310 ns, Total: 8264494 ns
[2023-06-20T07:41:10.282+0000][70][gc,start    ] GC(22) Pause Young (Normal) (G1 Evacuation Pause)
[2023-06-20T07:41:10.283+0000][70][gc,task     ] GC(22) Using 4 workers of 4 for evacuation
[2023-06-20T07:41:10.284+0000][70][gc,age      ] GC(22) Desired survivor size 10485760 bytes, new threshold 15 (max threshold 15)
[2023-06-20T07:41:10.312+0000][70][gc,phases   ] GC(22)   Pre Evacuate Collection Set: 0.2ms
[2023-06-20T07:41:10.313+0000][70][gc,phases   ] GC(22)   Merge Heap Roots: 3.3ms
[2023-06-20T07:41:10.314+0000][70][gc,phases   ] GC(22)   Evacuate Collection Set: 20.4ms
[2023-06-20T07:41:10.315+0000][70][gc,phases   ] GC(22)   Post Evacuate Collection Set: 4.1ms
[2023-06-20T07:41:10.315+0000][70][gc,phases   ] GC(22)   Other: 1.2ms
[2023-06-20T07:41:10.315+0000][70][gc,age      ] GC(22) Age table with threshold 15 (max threshold 15)
[2023-06-20T07:41:10.316+0000][70][gc,age      ] GC(22) - age   1:    7272496 bytes,    7272496 total
[2023-06-20T07:41:10.316+0000][70][gc,age      ] GC(22) - age   2:      88672 bytes,    7361168 total
[2023-06-20T07:41:10.317+0000][70][gc,age      ] GC(22) - age   3:    1914656 bytes,    9275824 total
[2023-06-20T07:41:10.317+0000][70][gc,age      ] GC(22) - age   4:    2453336 bytes,   11729160 total
[2023-06-20T07:41:10.318+0000][70][gc,age      ] GC(22) - age   5:    4574672 bytes,   16303832 total
[2023-06-20T07:41:10.318+0000][70][gc,heap     ] GC(22) Eden regions: 31->0(30)
[2023-06-20T07:41:10.319+0000][70][gc,heap     ] GC(22) Survivor regions: 3->4(5)
[2023-06-20T07:41:10.319+0000][70][gc,heap     ] GC(22) Old regions: 12->12
[2023-06-20T07:41:10.320+0000][70][gc,heap     ] GC(22) Archive regions: 2->2
[2023-06-20T07:41:10.320+0000][70][gc,heap     ] GC(22) Humongous regions: 0->0
[2023-06-20T07:41:10.321+0000][70][gc,metaspace] GC(22) Metaspace: 79522K(81152K)->79522K(81152K) NonClass: 69211K(70144K)->69211K(70144K) Class: 10311K(11008K)->10311K(11008K)
[2023-06-20T07:41:10.321+0000][70][gc          ] GC(22) Pause Young (Normal) (G1 Evacuation Pause) 184M->66M(256M) 39.070ms
[2023-06-20T07:41:10.322+0000][70][gc,cpu      ] GC(22) User=0.07s Sys=0.00s Real=0.04s
[2023-06-20T07:41:10.323+0000][70][safepoint   ] Safepoint "G1CollectForAllocation", Time since last: 143137538 ns, Reaching safepoint: 1164720 ns, At safepoint: 40555825 ns, Total: 41720545 ns
[2023-06-20T07:41:11.326+0000][70][safepoint   ] Safepoint "Cleanup", Time since last: 1000714563 ns, Reaching safepoint: 2520727 ns, At safepoint: 11138 ns, Total: 2531865 ns
[2023-06-20T07:41:11.519+0000][70][gc,start    ] GC(23) Pause Young (Normal) (G1 Evacuation Pause)
[2023-06-20T07:41:11.519+0000][70][gc,task     ] GC(23) Using 4 workers of 4 for evacuation
[2023-06-20T07:41:11.520+0000][70][gc,age      ] GC(23) Desired survivor size 10485760 bytes, new threshold 4 (max threshold 15)
[2023-06-20T07:41:11.542+0000][70][gc,phases   ] GC(23)   Pre Evacuate Collection Set: 0.1ms
[2023-06-20T07:41:11.543+0000][70][gc,phases   ] GC(23)   Merge Heap Roots: 0.1ms
[2023-06-20T07:41:11.544+0000][70][gc,phases   ] GC(23)   Evacuate Collection Set: 20.5ms
[2023-06-20T07:41:11.544+0000][70][gc,phases   ] GC(23)   Post Evacuate Collection Set: 1.0ms
[2023-06-20T07:41:11.545+0000][70][gc,phases   ] GC(23)   Other: 1.2ms
[2023-06-20T07:41:11.546+0000][70][gc,age      ] GC(23) Age table with threshold 4 (max threshold 15)
[2023-06-20T07:41:11.546+0000][70][gc,age      ] GC(23) - age   1:    2651744 bytes,    2651744 total
[2023-06-20T07:41:11.547+0000][70][gc,age      ] GC(23) - age   2:    7145512 bytes,    9797256 total
[2023-06-20T07:41:11.547+0000][70][gc,age      ] GC(23) - age   3:      88640 bytes,    9885896 total
[2023-06-20T07:41:11.547+0000][70][gc,age      ] GC(23) - age   4:    1908184 bytes,   11794080 total
[2023-06-20T07:41:11.548+0000][70][gc,heap     ] GC(23) Eden regions: 30->0(29)
[2023-06-20T07:41:11.548+0000][70][gc,heap     ] GC(23) Survivor regions: 4->4(5)
[2023-06-20T07:41:11.549+0000][70][gc,heap     ] GC(23) Old regions: 12->14
[2023-06-20T07:41:11.550+0000][70][gc,heap     ] GC(23) Archive regions: 2->2
[2023-06-20T07:41:11.550+0000][70][gc,heap     ] GC(23) Humongous regions: 0->0
[2023-06-20T07:41:11.551+0000][70][gc,metaspace] GC(23) Metaspace: 89658K(91328K)->89658K(91328K) NonClass: 78086K(79040K)->78086K(79040K) Class: 11572K(12288K)->11572K(12288K)
[2023-06-20T07:41:11.551+0000][70][gc          ] GC(23) Pause Young (Normal) (G1 Evacuation Pause) 186M->69M(256M) 32.614ms
[2023-06-20T07:41:11.552+0000][70][gc,cpu      ] GC(23) User=0.04s Sys=0.01s Real=0.03s
[2023-06-20T07:41:11.553+0000][70][safepoint   ] Safepoint "G1CollectForAllocation", Time since last: 192472526 ns, Reaching safepoint: 83527 ns, At safepoint: 33876437 ns, Total: 33959964 ns
[2023-06-20T07:41:12.397+0000][70][safepoint   ] Safepoint "ICBufferFull", Time since last: 843634730 ns, Reaching safepoint: 1234650 ns, At safepoint: 7383 ns, Total: 1242033 ns
[2023-06-20T07:41:12.909+0000][70][gc,start    ] GC(24) Pause Young (Concurrent Start) (Metadata GC Threshold)
[2023-06-20T07:41:12.910+0000][70][gc,task     ] GC(24) Using 4 workers of 4 for evacuation
[2023-06-20T07:41:12.910+0000][70][gc,age      ] GC(24) Desired survivor size 10485760 bytes, new threshold 4 (max threshold 15)
[2023-06-20T07:41:12.930+0000][70][gc,phases   ] GC(24)   Pre Evacuate Collection Set: 0.3ms
[2023-06-20T07:41:12.931+0000][70][gc,phases   ] GC(24)   Merge Heap Roots: 0.1ms
[2023-06-20T07:41:12.931+0000][70][gc,phases   ] GC(24)   Evacuate Collection Set: 16.5ms
[2023-06-20T07:41:12.932+0000][70][gc,phases   ] GC(24)   Post Evacuate Collection Set: 1.9ms
[2023-06-20T07:41:12.933+0000][70][gc,phases   ] GC(24)   Other: 1.3ms
[2023-06-20T07:41:12.934+0000][70][gc,age      ] GC(24) Age table with threshold 4 (max threshold 15)
[2023-06-20T07:41:12.934+0000][70][gc,age      ] GC(24) - age   1:    5703792 bytes,    5703792 total
[2023-06-20T07:41:12.935+0000][70][gc,age      ] GC(24) - age   2:    2527736 bytes,    8231528 total
[2023-06-20T07:41:12.936+0000][70][gc,age      ] GC(24) - age   3:    7142792 bytes,   15374320 total
[2023-06-20T07:41:12.936+0000][70][gc,age      ] GC(24) - age   4:      88640 bytes,   15462960 total
[2023-06-20T07:41:12.937+0000][70][gc,heap     ] GC(24) Eden regions: 17->0(28)
[2023-06-20T07:41:12.937+0000][70][gc,heap     ] GC(24) Survivor regions: 4->4(5)
[2023-06-20T07:41:12.938+0000][70][gc,heap     ] GC(24) Old regions: 14->14
[2023-06-20T07:41:12.939+0000][70][gc,heap     ] GC(24) Archive regions: 2->2
[2023-06-20T07:41:12.939+0000][70][gc,heap     ] GC(24) Humongous regions: 0->0
[2023-06-20T07:41:12.940+0000][70][gc,metaspace] GC(24) Metaspace: 100376K(102656K)->100376K(102656K) NonClass: 87321K(88512K)->87321K(88512K) Class: 13054K(14144K)->13054K(14144K)
[2023-06-20T07:41:12.941+0000][70][gc          ] GC(24) Pause Young (Concurrent Start) (Metadata GC Threshold) 135M->75M(256M) 31.810ms
[2023-06-20T07:41:12.941+0000][70][gc          ] GC(25) Concurrent Mark Cycle
[2023-06-20T07:41:12.945+0000][70][gc,marking  ] GC(25) Concurrent Clear Claimed Marks
[2023-06-20T07:41:12.941+0000][70][gc,cpu      ] GC(24) User=0.04s Sys=0.00s Real=0.03s
[2023-06-20T07:41:12.945+0000][70][gc,marking  ] GC(25) Concurrent Clear Claimed Marks 0.765ms
[2023-06-20T07:41:12.946+0000][70][gc,marking  ] GC(25) Concurrent Scan Root Regions
[2023-06-20T07:41:12.946+0000][70][safepoint   ] Safepoint "CollectForMetadataAllocation", Time since last: 511424678 ns, Reaching safepoint: 131543 ns, At safepoint: 37095659 ns, Total: 37227202 ns
[2023-06-20T07:41:12.963+0000][70][gc,marking  ] GC(25) Concurrent Scan Root Regions 16.755ms
[2023-06-20T07:41:12.966+0000][70][gc,marking  ] GC(25) Concurrent Mark
[2023-06-20T07:41:12.966+0000][70][gc,marking  ] GC(25) Concurrent Mark From Roots
[2023-06-20T07:41:12.967+0000][70][gc,task     ] GC(25) Using 1 workers of 1 for marking
[2023-06-20T07:41:12.991+0000][70][safepoint   ] Safepoint "CollectForMetadataAllocation", Time since last: 41911096 ns, Reaching safepoint: 3240016 ns, At safepoint: 82911 ns, Total: 3322927 ns
[2023-06-20T07:41:13.056+0000][70][safepoint   ] Safepoint "CollectForMetadataAllocation", Time since last: 64654833 ns, Reaching safepoint: 277774 ns, At safepoint: 104184 ns, Total: 381958 ns
[2023-06-20T07:41:13.062+0000][70][gc,marking  ] GC(25) Concurrent Mark From Roots 95.923ms
[2023-06-20T07:41:13.065+0000][70][gc,marking  ] GC(25) Concurrent Preclean
[2023-06-20T07:41:13.068+0000][70][gc,marking  ] GC(25) Concurrent Preclean 3.125ms
[2023-06-20T07:41:13.071+0000][70][gc,start    ] GC(25) Pause Remark
[2023-06-20T07:41:13.080+0000][70][gc          ] GC(25) Pause Remark 85M->85M(256M) 8.768ms
[2023-06-20T07:41:13.081+0000][70][gc,cpu      ] GC(25) User=0.01s Sys=0.00s Real=0.01s
[2023-06-20T07:41:13.082+0000][70][safepoint   ] Safepoint "G1PauseRemark", Time since last: 14376959 ns, Reaching safepoint: 392723 ns, At safepoint: 11059080 ns, Total: 11451803 ns
[2023-06-20T07:41:13.084+0000][70][gc,marking  ] GC(25) Concurrent Mark 118.010ms
[2023-06-20T07:41:13.085+0000][70][gc,marking  ] GC(25) Concurrent Rebuild Remembered Sets
[2023-06-20T07:41:13.146+0000][70][gc,marking  ] GC(25) Concurrent Rebuild Remembered Sets 61.234ms
[2023-06-20T07:41:13.151+0000][70][gc,start    ] GC(25) Pause Cleanup
[2023-06-20T07:41:13.154+0000][70][gc          ] GC(25) Pause Cleanup 87M->87M(256M) 2.935ms
[2023-06-20T07:41:13.155+0000][70][gc,cpu      ] GC(25) User=0.00s Sys=0.00s Real=0.01s
[2023-06-20T07:41:13.156+0000][70][safepoint   ] Safepoint "G1PauseCleanup", Time since last: 68730257 ns, Reaching safepoint: 250327 ns, At safepoint: 4595705 ns, Total: 4846032 ns
[2023-06-20T07:41:13.157+0000][70][gc,marking  ] GC(25) Concurrent Cleanup for Next Mark
[2023-06-20T07:41:13.158+0000][70][gc,marking  ] GC(25) Concurrent Cleanup for Next Mark 1.272ms
[2023-06-20T07:41:13.161+0000][70][gc          ] GC(25) Concurrent Mark Cycle 219.308ms
[2023-06-20T07:41:14.304+0000][70][safepoint   ] Safepoint "Cleanup", Time since last: 1170221990 ns, Reaching safepoint: 162554 ns, At safepoint: 3445 ns, Total: 165999 ns
[2023-06-20T07:41:14.693+0000][70][safepoint   ] Safepoint "ICBufferFull", Time since last: 388941269 ns, Reaching safepoint: 186772 ns, At safepoint: 56289 ns, Total: 243061 ns
[2023-06-20T07:41:15.594+0000][70][gc,start    ] GC(26) Pause Young (Normal) (G1 Evacuation Pause)
[2023-06-20T07:41:15.595+0000][70][gc,task     ] GC(26) Using 4 workers of 4 for evacuation
[2023-06-20T07:41:15.596+0000][70][gc,age      ] GC(26) Desired survivor size 8388608 bytes, new threshold 3 (max threshold 15)
[2023-06-20T07:41:15.620+0000][70][gc,phases   ] GC(26)   Pre Evacuate Collection Set: 0.2ms
[2023-06-20T07:41:15.621+0000][70][gc,phases   ] GC(26)   Merge Heap Roots: 0.5ms
[2023-06-20T07:41:15.622+0000][70][gc,phases   ] GC(26)   Evacuate Collection Set: 17.2ms
[2023-06-20T07:41:15.622+0000][70][gc,phases   ] GC(26)   Post Evacuate Collection Set: 5.9ms
[2023-06-20T07:41:15.623+0000][70][gc,phases   ] GC(26)   Other: 1.4ms
[2023-06-20T07:41:15.624+0000][70][gc,age      ] GC(26) Age table with threshold 3 (max threshold 15)
[2023-06-20T07:41:15.626+0000][70][gc,age      ] GC(26) - age   1:    7130056 bytes,    7130056 total
[2023-06-20T07:41:15.627+0000][70][gc,age      ] GC(26) - age   2:    5138248 bytes,   12268304 total
[2023-06-20T07:41:15.627+0000][70][gc,age      ] GC(26) - age   3:    2504936 bytes,   14773240 total
[2023-06-20T07:41:15.630+0000][70][gc,heap     ] GC(26) Eden regions: 28->0(27)
[2023-06-20T07:41:15.631+0000][70][gc,heap     ] GC(26) Survivor regions: 4->4(4)
[2023-06-20T07:41:15.632+0000][70][gc,heap     ] GC(26) Old regions: 14->16
[2023-06-20T07:41:15.635+0000][70][gc,heap     ] GC(26) Archive regions: 2->2
[2023-06-20T07:41:15.635+0000][70][gc,heap     ] GC(26) Humongous regions: 0->0
[2023-06-20T07:41:15.636+0000][70][gc,metaspace] GC(26) Metaspace: 113313K(116352K)->113313K(116352K) NonClass: 98197K(99712K)->98197K(99712K) Class: 15116K(16640K)->15116K(16640K)
[2023-06-20T07:41:15.637+0000][70][gc          ] GC(26) Pause Young (Normal) (G1 Evacuation Pause) 187M->82M(256M) 42.730ms
[2023-06-20T07:41:15.638+0000][70][gc,cpu      ] GC(26) User=0.08s Sys=0.00s Real=0.04s
[2023-06-20T07:41:15.638+0000][70][safepoint   ] Safepoint "G1CollectForAllocation", Time since last: 900772148 ns, Reaching safepoint: 257903 ns, At safepoint: 43959119 ns, Total: 44217022 ns
[2023-06-20T07:41:16.423+0000][70][safepoint   ] Safepoint "ICBufferFull", Time since last: 783963190 ns, Reaching safepoint: 505518 ns, At safepoint: 36699 ns, Total: 542217 ns
[2023-06-20T07:41:16.870+0000][70][gc,start    ] GC(27) Pause Young (Normal) (G1 Evacuation Pause)
[2023-06-20T07:41:16.871+0000][70][gc,task     ] GC(27) Using 4 workers of 4 for evacuation
[2023-06-20T07:41:16.872+0000][70][gc,age      ] GC(27) Desired survivor size 8388608 bytes, new threshold 2 (max threshold 15)
[2023-06-20T07:41:16.906+0000][70][gc,phases   ] GC(27)   Pre Evacuate Collection Set: 0.1ms
[2023-06-20T07:41:16.907+0000][70][gc,phases   ] GC(27)   Merge Heap Roots: 0.1ms
[2023-06-20T07:41:16.908+0000][70][gc,phases   ] GC(27)   Evacuate Collection Set: 24.7ms
[2023-06-20T07:41:16.909+0000][70][gc,phases   ] GC(27)   Post Evacuate Collection Set: 8.8ms
[2023-06-20T07:41:16.910+0000][70][gc,phases   ] GC(27)   Other: 1.8ms
[2023-06-20T07:41:16.910+0000][70][gc,age      ] GC(27) Age table with threshold 2 (max threshold 15)
[2023-06-20T07:41:16.911+0000][70][gc,age      ] GC(27) - age   1:   10056408 bytes,   10056408 total
[2023-06-20T07:41:16.912+0000][70][gc,age      ] GC(27) - age   2:    6714696 bytes,   16771104 total
[2023-06-20T07:41:16.913+0000][70][gc,heap     ] GC(27) Eden regions: 27->0(17)
[2023-06-20T07:41:16.914+0000][70][gc,heap     ] GC(27) Survivor regions: 4->4(4)
[2023-06-20T07:41:16.914+0000][70][gc,heap     ] GC(27) Old regions: 16->22
[2023-06-20T07:41:16.914+0000][70][gc,heap     ] GC(27) Archive regions: 2->2
[2023-06-20T07:41:16.915+0000][70][gc,heap     ] GC(27) Humongous regions: 0->0
[2023-06-20T07:41:16.915+0000][70][gc,metaspace] GC(27) Metaspace: 120376K(123456K)->120376K(123456K) NonClass: 104176K(105728K)->104176K(105728K) Class: 16199K(17728K)->16199K(17728K)
[2023-06-20T07:41:16.916+0000][70][gc          ] GC(27) Pause Young (Normal) (G1 Evacuation Pause) 190M->107M(256M) 45.722ms
[2023-06-20T07:41:16.916+0000][70][gc,cpu      ] GC(27) User=0.12s Sys=0.01s Real=0.05s
[2023-06-20T07:41:16.917+0000][70][safepoint   ] Safepoint "G1CollectForAllocation", Time since last: 446896890 ns, Reaching safepoint: 210613 ns, At safepoint: 46864502 ns, Total: 47075115 ns
[2023-06-20T07:41:17.073+0000][70][gc,start    ] GC(28) Pause Young (Concurrent Start) (G1 Humongous Allocation)
[2023-06-20T07:41:17.074+0000][70][gc,task     ] GC(28) Using 4 workers of 4 for evacuation
[2023-06-20T07:41:17.074+0000][70][gc,age      ] GC(28) Desired survivor size 6291456 bytes, new threshold 1 (max threshold 15)
[2023-06-20T07:41:17.094+0000][70][gc,phases   ] GC(28)   Pre Evacuate Collection Set: 0.5ms
[2023-06-20T07:41:17.094+0000][70][gc,phases   ] GC(28)   Merge Heap Roots: 0.2ms
[2023-06-20T07:41:17.095+0000][70][gc,phases   ] GC(28)   Evacuate Collection Set: 16.6ms
[2023-06-20T07:41:17.096+0000][70][gc,phases   ] GC(28)   Post Evacuate Collection Set: 1.0ms
[2023-06-20T07:41:17.097+0000][70][gc,phases   ] GC(28)   Other: 1.7ms
[2023-06-20T07:41:17.097+0000][70][gc,age      ] GC(28) Age table with threshold 1 (max threshold 15)
[2023-06-20T07:41:17.098+0000][70][gc,age      ] GC(28) - age   1:    6685632 bytes,    6685632 total
[2023-06-20T07:41:17.099+0000][70][gc,heap     ] GC(28) Eden regions: 5->0(13)
[2023-06-20T07:41:17.099+0000][70][gc,heap     ] GC(28) Survivor regions: 4->2(3)
[2023-06-20T07:41:17.100+0000][70][gc,heap     ] GC(28) Old regions: 22->27
[2023-06-20T07:41:17.100+0000][70][gc,heap     ] GC(28) Archive regions: 2->2
[2023-06-20T07:41:17.101+0000][70][gc,heap     ] GC(28) Humongous regions: 0->0
[2023-06-20T07:41:17.102+0000][70][gc,metaspace] GC(28) Metaspace: 121358K(124480K)->121358K(124480K) NonClass: 105052K(106624K)->105052K(106624K) Class: 16305K(17856K)->16305K(17856K)
[2023-06-20T07:41:17.102+0000][70][gc          ] GC(28) Pause Young (Concurrent Start) (G1 Humongous Allocation) 125M->116M(256M) 29.577ms
[2023-06-20T07:41:17.103+0000][70][gc,cpu      ] GC(28) User=0.06s Sys=0.00s Real=0.03s
[2023-06-20T07:41:17.103+0000][70][gc          ] GC(29) Concurrent Mark Cycle
[2023-06-20T07:41:17.104+0000][70][gc,marking  ] GC(29) Concurrent Clear Claimed Marks
[2023-06-20T07:41:17.104+0000][70][safepoint   ] Safepoint "G1TryInitiateConcMark", Time since last: 155677132 ns, Reaching safepoint: 111044 ns, At safepoint: 31160636 ns, Total: 31271680 ns
[2023-06-20T07:41:17.106+0000][70][gc,marking  ] GC(29) Concurrent Clear Claimed Marks 1.666ms
[2023-06-20T07:41:17.107+0000][70][gc,marking  ] GC(29) Concurrent Scan Root Regions
[2023-06-20T07:41:17.125+0000][70][gc,marking  ] GC(29) Concurrent Scan Root Regions 18.684ms
[2023-06-20T07:41:17.126+0000][70][gc,marking  ] GC(29) Concurrent Mark
[2023-06-20T07:41:17.127+0000][70][gc,marking  ] GC(29) Concurrent Mark From Roots
[2023-06-20T07:41:17.127+0000][70][gc,task     ] GC(29) Using 1 workers of 1 for marking
[2023-06-20T07:41:17.303+0000][70][gc,marking  ] GC(29) Concurrent Mark From Roots 175.949ms
[2023-06-20T07:41:17.303+0000][70][gc,marking  ] GC(29) Concurrent Preclean
[2023-06-20T07:41:17.305+0000][70][gc,marking  ] GC(29) Concurrent Preclean 1.106ms
[2023-06-20T07:41:17.306+0000][70][gc,start    ] GC(29) Pause Remark
[2023-06-20T07:41:17.312+0000][70][gc          ] GC(29) Pause Remark 131M->131M(256M) 5.689ms
[2023-06-20T07:41:17.313+0000][70][gc,cpu      ] GC(29) User=0.01s Sys=0.00s Real=0.01s
[2023-06-20T07:41:17.314+0000][70][safepoint   ] Safepoint "G1PauseRemark", Time since last: 201577225 ns, Reaching safepoint: 930152 ns, At safepoint: 8007931 ns, Total: 8938083 ns
[2023-06-20T07:41:17.315+0000][70][gc,marking  ] GC(29) Concurrent Mark 189.022ms
[2023-06-20T07:41:17.315+0000][70][gc,marking  ] GC(29) Concurrent Rebuild Remembered Sets
[2023-06-20T07:41:17.511+0000][70][gc,marking  ] GC(29) Concurrent Rebuild Remembered Sets 195.322ms
[2023-06-20T07:41:17.513+0000][70][gc,start    ] GC(29) Pause Cleanup
[2023-06-20T07:41:17.515+0000][70][gc          ] GC(29) Pause Cleanup 138M->138M(256M) 2.482ms
[2023-06-20T07:41:17.516+0000][70][gc,cpu      ] GC(29) User=0.00s Sys=0.00s Real=0.00s
[2023-06-20T07:41:17.517+0000][70][safepoint   ] Safepoint "G1PauseCleanup", Time since last: 198353745 ns, Reaching safepoint: 180389 ns, At safepoint: 4086481 ns, Total: 4266870 ns
[2023-06-20T07:41:17.517+0000][70][gc,marking  ] GC(29) Concurrent Cleanup for Next Mark
[2023-06-20T07:41:17.521+0000][70][gc,marking  ] GC(29) Concurrent Cleanup for Next Mark 3.125ms
[2023-06-20T07:41:17.521+0000][70][gc          ] GC(29) Concurrent Mark Cycle 418.363ms
[2023-06-20T07:41:18.165+0000][70][safepoint   ] Safepoint "ICBufferFull", Time since last: 647718404 ns, Reaching safepoint: 605919 ns, At safepoint: 36383 ns, Total: 642302 ns
[2023-06-20T07:41:18.978+0000][70][gc,start    ] GC(30) Pause Young (Prepare Mixed) (G1 Evacuation Pause)
[2023-06-20T07:41:18.978+0000][70][gc,task     ] GC(30) Using 4 workers of 4 for evacuation
[2023-06-20T07:41:18.979+0000][70][gc,age      ] GC(30) Desired survivor size 4194304 bytes, new threshold 1 (max threshold 15)
[2023-06-20T07:41:18.988+0000][70][gc,phases   ] GC(30)   Pre Evacuate Collection Set: 0.2ms
[2023-06-20T07:41:18.989+0000][70][gc,phases   ] GC(30)   Merge Heap Roots: 0.1ms
[2023-06-20T07:41:18.990+0000][70][gc,phases   ] GC(30)   Evacuate Collection Set: 7.4ms
[2023-06-20T07:41:18.990+0000][70][gc,phases   ] GC(30)   Post Evacuate Collection Set: 1.0ms
[2023-06-20T07:41:18.991+0000][70][gc,phases   ] GC(30)   Other: 1.3ms
[2023-06-20T07:41:18.991+0000][70][gc,age      ] GC(30) Age table with threshold 1 (max threshold 15)
[2023-06-20T07:41:18.992+0000][70][gc,age      ] GC(30) - age   1:    6099288 bytes,    6099288 total
[2023-06-20T07:41:18.992+0000][70][gc,heap     ] GC(30) Eden regions: 13->0(1)
[2023-06-20T07:41:18.993+0000][70][gc,heap     ] GC(30) Survivor regions: 2->2(2)
[2023-06-20T07:41:18.993+0000][70][gc,heap     ] GC(30) Old regions: 27->29
[2023-06-20T07:41:18.994+0000][70][gc,heap     ] GC(30) Archive regions: 2->2
[2023-06-20T07:41:18.994+0000][70][gc,heap     ] GC(30) Humongous regions: 2->2
[2023-06-20T07:41:18.994+0000][70][gc,metaspace] GC(30) Metaspace: 123316K(126528K)->123316K(126528K) NonClass: 106727K(108352K)->106727K(108352K) Class: 16588K(18176K)->16588K(18176K)
[2023-06-20T07:41:18.995+0000][70][gc          ] GC(30) Pause Young (Prepare Mixed) (G1 Evacuation Pause) 176M->132M(256M) 17.407ms
[2023-06-20T07:41:18.996+0000][70][gc,cpu      ] GC(30) User=0.02s Sys=0.00s Real=0.02s
[2023-06-20T07:41:18.997+0000][70][safepoint   ] Safepoint "G1CollectForAllocation", Time since last: 810761643 ns, Reaching safepoint: 1500441 ns, At safepoint: 19412157 ns, Total: 20912598 ns
[2023-06-20T07:41:19.010+0000][70][gc,start    ] GC(31) Pause Young (Mixed) (G1 Evacuation Pause)
[2023-06-20T07:41:19.011+0000][70][gc,task     ] GC(31) Using 4 workers of 4 for evacuation
[2023-06-20T07:41:19.012+0000][70][gc,age      ] GC(31) Desired survivor size 2097152 bytes, new threshold 1 (max threshold 15)
[2023-06-20T07:41:19.019+0000][70][gc,phases   ] GC(31)   Pre Evacuate Collection Set: 0.1ms
[2023-06-20T07:41:19.020+0000][70][gc,phases   ] GC(31)   Merge Heap Roots: 0.2ms
[2023-06-20T07:41:19.020+0000][70][gc,phases   ] GC(31)   Evacuate Collection Set: 5.9ms
[2023-06-20T07:41:19.021+0000][70][gc,phases   ] GC(31)   Post Evacuate Collection Set: 0.5ms
[2023-06-20T07:41:19.021+0000][70][gc,phases   ] GC(31)   Other: 1.5ms
[2023-06-20T07:41:19.022+0000][70][gc,age      ] GC(31) Age table with threshold 1 (max threshold 15)
[2023-06-20T07:41:19.022+0000][70][gc,age      ] GC(31) - age   1:     240384 bytes,     240384 total
[2023-06-20T07:41:19.023+0000][70][gc,heap     ] GC(31) Eden regions: 1->0(11)
[2023-06-20T07:41:19.023+0000][70][gc,heap     ] GC(31) Survivor regions: 2->1(1)
[2023-06-20T07:41:19.024+0000][70][gc,heap     ] GC(31) Old regions: 29->30
[2023-06-20T07:41:19.025+0000][70][gc,heap     ] GC(31) Archive regions: 2->2
[2023-06-20T07:41:19.025+0000][70][gc,heap     ] GC(31) Humongous regions: 2->2
[2023-06-20T07:41:19.026+0000][70][gc,metaspace] GC(31) Metaspace: 123321K(126528K)->123321K(126528K) NonClass: 106732K(108352K)->106732K(108352K) Class: 16588K(18176K)->16588K(18176K)
[2023-06-20T07:41:19.026+0000][70][gc          ] GC(31) Pause Young (Mixed) (G1 Evacuation Pause) 136M->132M(256M) 16.647ms
[2023-06-20T07:41:19.027+0000][70][gc,cpu      ] GC(31) User=0.02s Sys=0.00s Real=0.02s
[2023-06-20T07:41:19.028+0000][70][safepoint   ] Safepoint "G1CollectForAllocation", Time since last: 12192498 ns, Reaching safepoint: 505855 ns, At safepoint: 18106503 ns, Total: 18612358 ns
[2023-06-20T07:41:19.180+0000][70][gc,start    ] GC(32) Pause Young (Concurrent Start) (G1 Evacuation Pause)
[2023-06-20T07:41:19.181+0000][70][gc,task     ] GC(32) Using 4 workers of 4 for evacuation
[2023-06-20T07:41:19.182+0000][70][gc,age      ] GC(32) Desired survivor size 4194304 bytes, new threshold 15 (max threshold 15)
[2023-06-20T07:41:19.188+0000][70][gc,phases   ] GC(32)   Pre Evacuate Collection Set: 1.3ms
[2023-06-20T07:41:19.189+0000][70][gc,phases   ] GC(32)   Merge Heap Roots: 0.1ms
[2023-06-20T07:41:19.189+0000][70][gc,phases   ] GC(32)   Evacuate Collection Set: 2.3ms
[2023-06-20T07:41:19.190+0000][70][gc,phases   ] GC(32)   Post Evacuate Collection Set: 1.2ms
[2023-06-20T07:41:19.190+0000][70][gc,phases   ] GC(32)   Other: 1.6ms
[2023-06-20T07:41:19.191+0000][70][gc,age      ] GC(32) Age table with threshold 15 (max threshold 15)
[2023-06-20T07:41:19.191+0000][70][gc,age      ] GC(32) - age   1:    1401664 bytes,    1401664 total
[2023-06-20T07:41:19.192+0000][70][gc,age      ] GC(32) - age   2:      60536 bytes,    1462200 total
[2023-06-20T07:41:19.192+0000][70][gc,heap     ] GC(32) Eden regions: 11->0(12)
[2023-06-20T07:41:19.193+0000][70][gc,heap     ] GC(32) Survivor regions: 1->1(2)
[2023-06-20T07:41:19.193+0000][70][gc,heap     ] GC(32) Old regions: 30->30
[2023-06-20T07:41:19.194+0000][70][gc,heap     ] GC(32) Archive regions: 2->2
[2023-06-20T07:41:19.194+0000][70][gc,heap     ] GC(32) Humongous regions: 2->2
[2023-06-20T07:41:19.195+0000][70][gc,metaspace] GC(32) Metaspace: 123503K(126720K)->123503K(126720K) NonClass: 106875K(108544K)->106875K(108544K) Class: 16628K(18176K)->16628K(18176K)
[2023-06-20T07:41:19.195+0000][70][gc          ] GC(32) Pause Young (Concurrent Start) (G1 Evacuation Pause) 176M->132M(256M) 15.307ms
[2023-06-20T07:41:19.196+0000][70][gc          ] GC(33) Concurrent Mark Cycle
[2023-06-20T07:41:19.196+0000][70][gc,marking  ] GC(33) Concurrent Clear Claimed Marks
[2023-06-20T07:41:19.196+0000][70][gc,cpu      ] GC(32) User=0.02s Sys=0.00s Real=0.02s
[2023-06-20T07:41:19.197+0000][70][gc,marking  ] GC(33) Concurrent Clear Claimed Marks 0.851ms
[2023-06-20T07:41:19.199+0000][70][gc,marking  ] GC(33) Concurrent Scan Root Regions
[2023-06-20T07:41:19.197+0000][70][safepoint   ] Safepoint "G1CollectForAllocation", Time since last: 151375163 ns, Reaching safepoint: 652138 ns, At safepoint: 17517947 ns, Total: 18170085 ns
[2023-06-20T07:41:19.204+0000][70][gc,marking  ] GC(33) Concurrent Scan Root Regions 5.436ms
[2023-06-20T07:41:19.205+0000][70][gc,marking  ] GC(33) Concurrent Mark
[2023-06-20T07:41:19.206+0000][70][gc,marking  ] GC(33) Concurrent Mark From Roots
[2023-06-20T07:41:19.207+0000][70][gc,task     ] GC(33) Using 1 workers of 1 for marking
[2023-06-20T07:41:19.666+0000][70][gc,start    ] GC(34) Pause Young (Normal) (G1 Evacuation Pause)
[2023-06-20T07:41:19.667+0000][70][gc,task     ] GC(34) Using 4 workers of 4 for evacuation
[2023-06-20T07:41:19.668+0000][70][gc,age      ] GC(34) Desired survivor size 4194304 bytes, new threshold 15 (max threshold 15)
[2023-06-20T07:41:19.672+0000][70][gc,phases   ] GC(34)   Pre Evacuate Collection Set: 0.3ms
[2023-06-20T07:41:19.673+0000][70][gc,phases   ] GC(34)   Merge Heap Roots: 0.1ms
[2023-06-20T07:41:19.674+0000][70][gc,phases   ] GC(34)   Evacuate Collection Set: 2.2ms
[2023-06-20T07:41:19.674+0000][70][gc,phases   ] GC(34)   Post Evacuate Collection Set: 0.9ms
[2023-06-20T07:41:19.675+0000][70][gc,phases   ] GC(34)   Other: 1.5ms
[2023-06-20T07:41:19.675+0000][70][gc,age      ] GC(34) Age table with threshold 15 (max threshold 15)
[2023-06-20T07:41:19.676+0000][70][gc,age      ] GC(34) - age   1:    6011792 bytes,    6011792 total
[2023-06-20T07:41:19.676+0000][70][gc,age      ] GC(34) - age   2:     832784 bytes,    6844576 total
[2023-06-20T07:41:19.677+0000][70][gc,age      ] GC(34) - age   3:      60272 bytes,    6904848 total
[2023-06-20T07:41:19.677+0000][70][gc,heap     ] GC(34) Eden regions: 12->0(12)
[2023-06-20T07:41:19.678+0000][70][gc,heap     ] GC(34) Survivor regions: 1->2(2)
[2023-06-20T07:41:19.678+0000][70][gc,heap     ] GC(34) Old regions: 30->30
[2023-06-20T07:41:19.679+0000][70][gc,heap     ] GC(34) Archive regions: 2->2
[2023-06-20T07:41:19.679+0000][70][gc,heap     ] GC(34) Humongous regions: 2->2
[2023-06-20T07:41:19.680+0000][70][gc,metaspace] GC(34) Metaspace: 125070K(128256K)->125070K(128256K) NonClass: 108201K(109824K)->108201K(109824K) Class: 16868K(18432K)->16868K(18432K)
[2023-06-20T07:41:19.681+0000][70][gc          ] GC(34) Pause Young (Normal) (G1 Evacuation Pause) 180M->137M(256M) 14.163ms
[2023-06-20T07:41:19.681+0000][70][gc,cpu      ] GC(34) User=0.02s Sys=0.01s Real=0.01s
[2023-06-20T07:41:19.682+0000][70][safepoint   ] Safepoint "G1CollectForAllocation", Time since last: 468806041 ns, Reaching safepoint: 301380 ns, At safepoint: 15535846 ns, Total: 15837226 ns
[2023-06-20T07:41:19.782+0000][70][gc,marking  ] GC(33) Concurrent Mark From Roots 576.162ms
[2023-06-20T07:41:19.784+0000][70][gc,marking  ] GC(33) Concurrent Preclean
[2023-06-20T07:41:19.785+0000][70][gc,marking  ] GC(33) Concurrent Preclean 1.644ms
[2023-06-20T07:41:19.787+0000][70][gc,start    ] GC(33) Pause Remark
[2023-06-20T07:41:19.800+0000][70][gc          ] GC(33) Pause Remark 162M->162M(256M) 13.033ms
[2023-06-20T07:41:19.801+0000][70][gc,cpu      ] GC(33) User=0.03s Sys=0.00s Real=0.01s
[2023-06-20T07:41:19.802+0000][70][safepoint   ] Safepoint "G1PauseRemark", Time since last: 104777346 ns, Reaching safepoint: 365081 ns, At safepoint: 14597807 ns, Total: 14962888 ns
[2023-06-20T07:41:19.803+0000][70][gc,marking  ] GC(33) Concurrent Mark 597.577ms
[2023-06-20T07:41:19.804+0000][70][gc,marking  ] GC(33) Concurrent Rebuild Remembered Sets
[2023-06-20T07:41:19.943+0000][70][gc,start    ] GC(35) Pause Young (Normal) (G1 Evacuation Pause)
[2023-06-20T07:41:19.944+0000][70][gc,task     ] GC(35) Using 4 workers of 4 for evacuation
[2023-06-20T07:41:19.945+0000][70][gc,age      ] GC(35) Desired survivor size 4194304 bytes, new threshold 1 (max threshold 15)
[2023-06-20T07:41:19.949+0000][70][gc,phases   ] GC(35)   Pre Evacuate Collection Set: 0.3ms
[2023-06-20T07:41:19.951+0000][70][gc,phases   ] GC(35)   Merge Heap Roots: 0.1ms
[2023-06-20T07:41:19.951+0000][70][gc,phases   ] GC(35)   Evacuate Collection Set: 2.5ms
[2023-06-20T07:41:19.951+0000][70][gc,phases   ] GC(35)   Post Evacuate Collection Set: 0.8ms
[2023-06-20T07:41:19.952+0000][70][gc,phases   ] GC(35)   Other: 1.4ms
[2023-06-20T07:41:19.952+0000][70][gc,age      ] GC(35) Age table with threshold 1 (max threshold 15)
[2023-06-20T07:41:19.953+0000][70][gc,age      ] GC(35) - age   1:    2267784 bytes,    2267784 total
[2023-06-20T07:41:19.953+0000][70][gc,heap     ] GC(35) Eden regions: 12->0(12)
[2023-06-20T07:41:19.953+0000][70][gc,heap     ] GC(35) Survivor regions: 2->1(2)
[2023-06-20T07:41:19.954+0000][70][gc,heap     ] GC(35) Old regions: 30->31
[2023-06-20T07:41:19.954+0000][70][gc,heap     ] GC(35) Archive regions: 2->2
[2023-06-20T07:41:19.955+0000][70][gc,heap     ] GC(35) Humongous regions: 2->2
[2023-06-20T07:41:19.955+0000][70][gc,metaspace] GC(35) Metaspace: 125269K(128384K)->125269K(128384K) NonClass: 108376K(109952K)->108376K(109952K) Class: 16892K(18432K)->16892K(18432K)
[2023-06-20T07:41:19.955+0000][70][gc          ] GC(35) Pause Young (Normal) (G1 Evacuation Pause) 185M->136M(256M) 12.098ms
[2023-06-20T07:41:19.956+0000][70][gc,cpu      ] GC(35) User=0.01s Sys=0.01s Real=0.01s
[2023-06-20T07:41:19.956+0000][70][safepoint   ] Safepoint "G1CollectForAllocation", Time since last: 125851936 ns, Reaching safepoint: 15837055 ns, At safepoint: 12893177 ns, Total: 28730232 ns
[2023-06-20T07:41:19.988+0000][70][gc,marking  ] GC(33) Concurrent Rebuild Remembered Sets 184.646ms
[2023-06-20T07:41:19.999+0000][70][gc,start    ] GC(33) Pause Cleanup
[2023-06-20T07:41:20.000+0000][70][gc          ] GC(33) Pause Cleanup 144M->144M(256M) 0.951ms
[2023-06-20T07:41:20.001+0000][70][gc,cpu      ] GC(33) User=0.00s Sys=0.00s Real=0.00s
[2023-06-20T07:41:20.001+0000][70][safepoint   ] Safepoint "G1PauseCleanup", Time since last: 32751752 ns, Reaching safepoint: 10092805 ns, At safepoint: 2200169 ns, Total: 12292974 ns
[2023-06-20T07:41:20.003+0000][70][gc,marking  ] GC(33) Concurrent Cleanup for Next Mark
[2023-06-20T07:41:20.004+0000][70][gc,marking  ] GC(33) Concurrent Cleanup for Next Mark 0.969ms
[2023-06-20T07:41:20.004+0000][70][gc          ] GC(33) Concurrent Mark Cycle 808.789ms
[2023-06-20T07:41:20.274+0000][70][gc,start    ] GC(36) Pause Young (Prepare Mixed) (G1 Evacuation Pause)
[2023-06-20T07:41:20.275+0000][70][gc,task     ] GC(36) Using 4 workers of 4 for evacuation
[2023-06-20T07:41:20.275+0000][70][gc,age      ] GC(36) Desired survivor size 4194304 bytes, new threshold 15 (max threshold 15)
[2023-06-20T07:41:20.279+0000][70][gc,phases   ] GC(36)   Pre Evacuate Collection Set: 0.1ms
[2023-06-20T07:41:20.280+0000][70][gc,phases   ] GC(36)   Merge Heap Roots: 0.1ms
[2023-06-20T07:41:20.280+0000][70][gc,phases   ] GC(36)   Evacuate Collection Set: 2.2ms
[2023-06-20T07:41:20.281+0000][70][gc,phases   ] GC(36)   Post Evacuate Collection Set: 0.7ms
[2023-06-20T07:41:20.281+0000][70][gc,phases   ] GC(36)   Other: 1.1ms
[2023-06-20T07:41:20.282+0000][70][gc,age      ] GC(36) Age table with threshold 15 (max threshold 15)
[2023-06-20T07:41:20.282+0000][70][gc,age      ] GC(36) - age   1:     409728 bytes,     409728 total
[2023-06-20T07:41:20.283+0000][70][gc,age      ] GC(36) - age   2:      99504 bytes,     509232 total
[2023-06-20T07:41:20.283+0000][70][gc,heap     ] GC(36) Eden regions: 12->0(2)
[2023-06-20T07:41:20.283+0000][70][gc,heap     ] GC(36) Survivor regions: 1->1(2)
[2023-06-20T07:41:20.284+0000][70][gc,heap     ] GC(36) Old regions: 31->31
[2023-06-20T07:41:20.284+0000][70][gc,heap     ] GC(36) Archive regions: 2->2
[2023-06-20T07:41:20.285+0000][70][gc,heap     ] GC(36) Humongous regions: 2->2
[2023-06-20T07:41:20.285+0000][70][gc,metaspace] GC(36) Metaspace: 125661K(128832K)->125661K(128832K) NonClass: 108726K(110336K)->108726K(110336K) Class: 16934K(18496K)->16934K(18496K)
[2023-06-20T07:41:20.285+0000][70][gc          ] GC(36) Pause Young (Prepare Mixed) (G1 Evacuation Pause) 183M->134M(256M) 11.314ms
[2023-06-20T07:41:20.286+0000][70][gc,cpu      ] GC(36) User=0.01s Sys=0.00s Real=0.01s
[2023-06-20T07:41:20.287+0000][70][safepoint   ] Safepoint "G1CollectForAllocation", Time since last: 272259548 ns, Reaching safepoint: 578164 ns, At safepoint: 13006102 ns, Total: 13584266 ns
[2023-06-20T07:41:20.322+0000][70][gc,start    ] GC(37) Pause Young (Mixed) (G1 Evacuation Pause)
[2023-06-20T07:41:20.324+0000][70][gc,task     ] GC(37) Using 4 workers of 4 for evacuation
[2023-06-20T07:41:20.325+0000][70][gc,age      ] GC(37) Desired survivor size 2097152 bytes, new threshold 15 (max threshold 15)
[2023-06-20T07:41:20.331+0000][70][gc,phases   ] GC(37)   Pre Evacuate Collection Set: 0.1ms
[2023-06-20T07:41:20.332+0000][70][gc,phases   ] GC(37)   Merge Heap Roots: 0.1ms
[2023-06-20T07:41:20.333+0000][70][gc,phases   ] GC(37)   Evacuate Collection Set: 3.9ms
[2023-06-20T07:41:20.333+0000][70][gc,phases   ] GC(37)   Post Evacuate Collection Set: 1.4ms
[2023-06-20T07:41:20.333+0000][70][gc,phases   ] GC(37)   Other: 1.5ms
[2023-06-20T07:41:20.334+0000][70][gc,age      ] GC(37) Age table with threshold 15 (max threshold 15)
[2023-06-20T07:41:20.334+0000][70][gc,age      ] GC(37) - age   1:    2196968 bytes,    2196968 total
[2023-06-20T07:41:20.335+0000][70][gc,age      ] GC(37) - age   2:     200776 bytes,    2397744 total
[2023-06-20T07:41:20.335+0000][70][gc,age      ] GC(37) - age   3:      99176 bytes,    2496920 total
[2023-06-20T07:41:20.336+0000][70][gc,heap     ] GC(37) Eden regions: 2->0(13)
[2023-06-20T07:41:20.336+0000][70][gc,heap     ] GC(37) Survivor regions: 1->1(1)
[2023-06-20T07:41:20.337+0000][70][gc,heap     ] GC(37) Old regions: 31->31
[2023-06-20T07:41:20.337+0000][70][gc,heap     ] GC(37) Archive regions: 2->2
[2023-06-20T07:41:20.338+0000][70][gc,heap     ] GC(37) Humongous regions: 2->2
[2023-06-20T07:41:20.338+0000][70][gc,metaspace] GC(37) Metaspace: 125706K(128896K)->125706K(128896K) NonClass: 108762K(110400K)->108762K(110400K) Class: 16943K(18496K)->16943K(18496K)
[2023-06-20T07:41:20.339+0000][70][gc          ] GC(37) Pause Young (Mixed) (G1 Evacuation Pause) 141M->134M(256M) 16.727ms
[2023-06-20T07:41:20.339+0000][70][gc,cpu      ] GC(37) User=0.02s Sys=0.00s Real=0.01s
[2023-06-20T07:41:20.340+0000][70][safepoint   ] Safepoint "G1CollectForAllocation", Time since last: 34384555 ns, Reaching safepoint: 246686 ns, At safepoint: 17826092 ns, Total: 18072778 ns
[2023-06-20T07:41:21.522+0000][70][safepoint   ] Safepoint "Cleanup", Time since last: 1182654883 ns, Reaching safepoint: 176032 ns, At safepoint: 3092 ns, Total: 179124 ns
[2023-06-20T07:41:22.524+0000][70][safepoint   ] Safepoint "Cleanup", Time since last: 1001162579 ns, Reaching safepoint: 193173 ns, At safepoint: 3603 ns, Total: 196776 ns
[2023-06-20T07:41:23.384+0000][70][gc,start    ] GC(38) Pause Young (Concurrent Start) (G1 Evacuation Pause)
[2023-06-20T07:41:23.385+0000][70][gc,task     ] GC(38) Using 4 workers of 4 for evacuation
[2023-06-20T07:41:23.386+0000][70][gc,age      ] GC(38) Desired survivor size 4194304 bytes, new threshold 15 (max threshold 15)
[2023-06-20T07:41:23.391+0000][70][gc,phases   ] GC(38)   Pre Evacuate Collection Set: 0.6ms
[2023-06-20T07:41:23.392+0000][70][gc,phases   ] GC(38)   Merge Heap Roots: 0.3ms
[2023-06-20T07:41:23.393+0000][70][gc,phases   ] GC(38)   Evacuate Collection Set: 2.4ms
[2023-06-20T07:41:23.393+0000][70][gc,phases   ] GC(38)   Post Evacuate Collection Set: 1.2ms
[2023-06-20T07:41:23.394+0000][70][gc,phases   ] GC(38)   Other: 1.6ms
[2023-06-20T07:41:23.394+0000][70][gc,age      ] GC(38) Age table with threshold 15 (max threshold 15)
[2023-06-20T07:41:23.395+0000][70][gc,age      ] GC(38) - age   1:    1750896 bytes,    1750896 total
[2023-06-20T07:41:23.395+0000][70][gc,age      ] GC(38) - age   2:      71112 bytes,    1822008 total
[2023-06-20T07:41:23.396+0000][70][gc,age      ] GC(38) - age   3:     196504 bytes,    2018512 total
[2023-06-20T07:41:23.396+0000][70][gc,age      ] GC(38) - age   4:      99176 bytes,    2117688 total
[2023-06-20T07:41:23.397+0000][70][gc,heap     ] GC(38) Eden regions: 13->0(13)
[2023-06-20T07:41:23.398+0000][70][gc,heap     ] GC(38) Survivor regions: 1->1(2)
[2023-06-20T07:41:23.398+0000][70][gc,heap     ] GC(38) Old regions: 31->31
[2023-06-20T07:41:23.398+0000][70][gc,heap     ] GC(38) Archive regions: 2->2
[2023-06-20T07:41:23.399+0000][70][gc,heap     ] GC(38) Humongous regions: 2->2
[2023-06-20T07:41:23.399+0000][70][gc,metaspace] GC(38) Metaspace: 126773K(129984K)->126773K(129984K) NonClass: 109670K(111296K)->109670K(111296K) Class: 17102K(18688K)->17102K(18688K)
[2023-06-20T07:41:23.400+0000][70][gc          ] GC(38) Pause Young (Concurrent Start) (G1 Evacuation Pause) 186M->134M(256M) 16.095ms
[2023-06-20T07:41:23.400+0000][70][gc          ] GC(39) Concurrent Mark Cycle
[2023-06-20T07:41:23.401+0000][70][gc,marking  ] GC(39) Concurrent Clear Claimed Marks
[2023-06-20T07:41:23.401+0000][70][gc,cpu      ] GC(38) User=0.02s Sys=0.01s Real=0.01s
[2023-06-20T07:41:23.402+0000][70][gc,marking  ] GC(39) Concurrent Clear Claimed Marks 0.749ms
[2023-06-20T07:41:23.402+0000][70][gc,marking  ] GC(39) Concurrent Scan Root Regions
[2023-06-20T07:41:23.408+0000][70][safepoint   ] Safepoint "G1CollectForAllocation", Time since last: 859729446 ns, Reaching safepoint: 353242 ns, At safepoint: 23844476 ns, Total: 24197718 ns
[2023-06-20T07:41:23.438+0000][70][gc,marking  ] GC(39) Concurrent Scan Root Regions 35.909ms
[2023-06-20T07:41:23.441+0000][70][gc,marking  ] GC(39) Concurrent Mark
[2023-06-20T07:41:23.442+0000][70][gc,marking  ] GC(39) Concurrent Mark From Roots
[2023-06-20T07:41:23.442+0000][70][gc,task     ] GC(39) Using 1 workers of 1 for marking
[2023-06-20T07:41:23.505+0000][70][safepoint   ] Safepoint "ICBufferFull", Time since last: 96277591 ns, Reaching safepoint: 756855 ns, At safepoint: 88912 ns, Total: 845767 ns
[2023-06-20T07:41:23.970+0000][70][gc,marking  ] GC(39) Concurrent Mark From Roots 528.085ms
[2023-06-20T07:41:23.971+0000][70][gc,marking  ] GC(39) Concurrent Preclean
[2023-06-20T07:41:23.972+0000][70][gc,marking  ] GC(39) Concurrent Preclean 0.984ms
[2023-06-20T07:41:23.973+0000][70][gc,start    ] GC(39) Pause Remark
[2023-06-20T07:41:23.990+0000][70][gc          ] GC(39) Pause Remark 184M->184M(256M) 16.578ms
[2023-06-20T07:41:23.990+0000][70][gc,cpu      ] GC(39) User=0.05s Sys=0.00s Real=0.01s
[2023-06-20T07:41:23.992+0000][70][safepoint   ] Safepoint "G1PauseRemark", Time since last: 467739146 ns, Reaching safepoint: 401293 ns, At safepoint: 18879390 ns, Total: 19280683 ns
[2023-06-20T07:41:23.993+0000][70][gc,marking  ] GC(39) Concurrent Mark 551.688ms
[2023-06-20T07:41:23.993+0000][70][gc,marking  ] GC(39) Concurrent Rebuild Remembered Sets
[2023-06-20T07:41:24.084+0000][70][gc,marking  ] GC(39) Concurrent Rebuild Remembered Sets 90.096ms
[2023-06-20T07:41:24.085+0000][70][gc,start    ] GC(39) Pause Cleanup
[2023-06-20T07:41:24.086+0000][70][gc          ] GC(39) Pause Cleanup 185M->185M(256M) 0.892ms
[2023-06-20T07:41:24.087+0000][70][gc,cpu      ] GC(39) User=0.00s Sys=0.00s Real=0.00s
[2023-06-20T07:41:24.087+0000][70][safepoint   ] Safepoint "G1PauseCleanup", Time since last: 92964109 ns, Reaching safepoint: 196150 ns, At safepoint: 2280107 ns, Total: 2476257 ns
[2023-06-20T07:41:24.088+0000][70][gc,marking  ] GC(39) Concurrent Cleanup for Next Mark
[2023-06-20T07:41:24.089+0000][70][gc,marking  ] GC(39) Concurrent Cleanup for Next Mark 0.891ms
[2023-06-20T07:41:24.089+0000][70][gc          ] GC(39) Concurrent Mark Cycle 688.780ms
[2023-06-20T07:41:24.233+0000][70][gc,start    ] GC(40) Pause Young (Prepare Mixed) (G1 Evacuation Pause)
[2023-06-20T07:41:24.233+0000][70][gc,task     ] GC(40) Using 4 workers of 4 for evacuation
[2023-06-20T07:41:24.234+0000][70][gc,age      ] GC(40) Desired survivor size 4194304 bytes, new threshold 15 (max threshold 15)
[2023-06-20T07:41:24.239+0000][70][gc,phases   ] GC(40)   Pre Evacuate Collection Set: 0.1ms
[2023-06-20T07:41:24.240+0000][70][gc,phases   ] GC(40)   Merge Heap Roots: 0.1ms
[2023-06-20T07:41:24.240+0000][70][gc,phases   ] GC(40)   Evacuate Collection Set: 3.5ms
[2023-06-20T07:41:24.241+0000][70][gc,phases   ] GC(40)   Post Evacuate Collection Set: 0.9ms
[2023-06-20T07:41:24.242+0000][70][gc,phases   ] GC(40)   Other: 1.1ms
[2023-06-20T07:41:24.242+0000][70][gc,age      ] GC(40) Age table with threshold 15 (max threshold 15)
[2023-06-20T07:41:24.242+0000][70][gc,age      ] GC(40) - age   1:    3914784 bytes,    3914784 total
[2023-06-20T07:41:24.243+0000][70][gc,age      ] GC(40) - age   2:     865704 bytes,    4780488 total
[2023-06-20T07:41:24.243+0000][70][gc,age      ] GC(40) - age   3:      71040 bytes,    4851528 total
[2023-06-20T07:41:24.244+0000][70][gc,age      ] GC(40) - age   4:     155160 bytes,    5006688 total
[2023-06-20T07:41:24.244+0000][70][gc,age      ] GC(40) - age   5:      99032 bytes,    5105720 total
[2023-06-20T07:41:24.245+0000][70][gc,heap     ] GC(40) Eden regions: 13->0(1)
[2023-06-20T07:41:24.245+0000][70][gc,heap     ] GC(40) Survivor regions: 1->2(2)
[2023-06-20T07:41:24.246+0000][70][gc,heap     ] GC(40) Old regions: 31->31
[2023-06-20T07:41:24.247+0000][70][gc,heap     ] GC(40) Archive regions: 2->2
[2023-06-20T07:41:24.247+0000][70][gc,heap     ] GC(40) Humongous regions: 2->2
[2023-06-20T07:41:24.248+0000][70][gc,metaspace] GC(40) Metaspace: 128949K(132160K)->128949K(132160K) NonClass: 111483K(113152K)->111483K(113152K) Class: 17466K(19008K)->17466K(19008K)
[2023-06-20T07:41:24.249+0000][70][gc          ] GC(40) Pause Young (Prepare Mixed) (G1 Evacuation Pause) 186M->137M(256M) 16.399ms
[2023-06-20T07:41:24.250+0000][70][gc,cpu      ] GC(40) User=0.02s Sys=0.00s Real=0.01s
[2023-06-20T07:41:24.251+0000][70][safepoint   ] Safepoint "G1CollectForAllocation", Time since last: 145629396 ns, Reaching safepoint: 82073 ns, At safepoint: 18063722 ns, Total: 18145795 ns
[2023-06-20T07:41:24.444+0000][70][gc,start    ] GC(41) Pause Young (Mixed) (G1 Evacuation Pause)
[2023-06-20T07:41:24.445+0000][70][gc,task     ] GC(41) Using 4 workers of 4 for evacuation
[2023-06-20T07:41:24.445+0000][70][gc,age      ] GC(41) Desired survivor size 2097152 bytes, new threshold 1 (max threshold 15)
[2023-06-20T07:41:24.451+0000][70][gc,phases   ] GC(41)   Pre Evacuate Collection Set: 0.2ms
[2023-06-20T07:41:24.452+0000][70][gc,phases   ] GC(41)   Merge Heap Roots: 0.1ms
[2023-06-20T07:41:24.452+0000][70][gc,phases   ] GC(41)   Evacuate Collection Set: 4.6ms
[2023-06-20T07:41:24.452+0000][70][gc,phases   ] GC(41)   Post Evacuate Collection Set: 0.7ms
[2023-06-20T07:41:24.453+0000][70][gc,phases   ] GC(41)   Other: 1.0ms
[2023-06-20T07:41:24.453+0000][70][gc,age      ] GC(41) Age table with threshold 1 (max threshold 15)
[2023-06-20T07:41:24.454+0000][70][gc,age      ] GC(41) - age   1:     237752 bytes,     237752 total
[2023-06-20T07:41:24.454+0000][70][gc,heap     ] GC(41) Eden regions: 1->0(13)
[2023-06-20T07:41:24.454+0000][70][gc,heap     ] GC(41) Survivor regions: 2->1(1)
[2023-06-20T07:41:24.455+0000][70][gc,heap     ] GC(41) Old regions: 31->32
[2023-06-20T07:41:24.455+0000][70][gc,heap     ] GC(41) Archive regions: 2->2
[2023-06-20T07:41:24.456+0000][70][gc,heap     ] GC(41) Humongous regions: 2->2
[2023-06-20T07:41:24.456+0000][70][gc,metaspace] GC(41) Metaspace: 129152K(132416K)->129152K(132416K) NonClass: 111664K(113344K)->111664K(113344K) Class: 17488K(19072K)->17488K(19072K)
[2023-06-20T07:41:24.457+0000][70][gc          ] GC(41) Pause Young (Mixed) (G1 Evacuation Pause) 141M->137M(256M) 12.632ms
[2023-06-20T07:41:24.457+0000][70][gc,cpu      ] GC(41) User=0.02s Sys=0.00s Real=0.01s
[2023-06-20T07:41:24.458+0000][70][safepoint   ] Safepoint "G1CollectForAllocation", Time since last: 192770249 ns, Reaching safepoint: 160768 ns, At safepoint: 13557452 ns, Total: 13718220 ns
[2023-06-20T07:41:25.220+0000][70][safepoint   ] Safepoint "ICBufferFull", Time since last: 762448787 ns, Reaching safepoint: 500618 ns, At safepoint: 23818 ns, Total: 524436 ns
[2023-06-20T07:41:26.643+0000][70][safepoint   ] Safepoint "Cleanup", Time since last: 1421557794 ns, Reaching safepoint: 469650 ns, At safepoint: 61241 ns, Total: 530891 ns
[2023-06-20T07:41:27.212+0000][70][gc,start    ] GC(42) Pause Young (Concurrent Start) (G1 Evacuation Pause)
[2023-06-20T07:41:27.213+0000][70][gc,task     ] GC(42) Using 4 workers of 4 for evacuation
[2023-06-20T07:41:27.214+0000][70][gc,age      ] GC(42) Desired survivor size 4194304 bytes, new threshold 15 (max threshold 15)
[2023-06-20T07:41:27.220+0000][70][gc,phases   ] GC(42)   Pre Evacuate Collection Set: 0.6ms
[2023-06-20T07:41:27.221+0000][70][gc,phases   ] GC(42)   Merge Heap Roots: 0.2ms
[2023-06-20T07:41:27.221+0000][70][gc,phases   ] GC(42)   Evacuate Collection Set: 3.2ms
[2023-06-20T07:41:27.222+0000][70][gc,phases   ] GC(42)   Post Evacuate Collection Set: 1.1ms
[2023-06-20T07:41:27.222+0000][70][gc,phases   ] GC(42)   Other: 1.4ms
[2023-06-20T07:41:27.223+0000][70][gc,age      ] GC(42) Age table with threshold 15 (max threshold 15)
[2023-06-20T07:41:27.223+0000][70][gc,age      ] GC(42) - age   1:    3135888 bytes,    3135888 total
[2023-06-20T07:41:27.224+0000][70][gc,age      ] GC(42) - age   2:      65200 bytes,    3201088 total
[2023-06-20T07:41:27.224+0000][70][gc,heap     ] GC(42) Eden regions: 13->0(13)
[2023-06-20T07:41:27.224+0000][70][gc,heap     ] GC(42) Survivor regions: 1->1(2)
[2023-06-20T07:41:27.225+0000][70][gc,heap     ] GC(42) Old regions: 32->32
[2023-06-20T07:41:27.225+0000][70][gc,heap     ] GC(42) Archive regions: 2->2
[2023-06-20T07:41:27.226+0000][70][gc,heap     ] GC(42) Humongous regions: 2->2
[2023-06-20T07:41:27.226+0000][70][gc,metaspace] GC(42) Metaspace: 131194K(134656K)->131194K(134656K) NonClass: 113428K(115200K)->113428K(115200K) Class: 17765K(19456K)->17765K(19456K)
[2023-06-20T07:41:27.227+0000][70][gc          ] GC(42) Pause Young (Concurrent Start) (G1 Evacuation Pause) 189M->139M(256M) 14.785ms
[2023-06-20T07:41:27.227+0000][70][gc,cpu      ] GC(42) User=0.02s Sys=0.01s Real=0.01s
[2023-06-20T07:41:27.227+0000][70][gc          ] GC(43) Concurrent Mark Cycle
[2023-06-20T07:41:27.228+0000][70][gc,marking  ] GC(43) Concurrent Clear Claimed Marks
[2023-06-20T07:41:27.228+0000][70][safepoint   ] Safepoint "G1CollectForAllocation", Time since last: 568553422 ns, Reaching safepoint: 524746 ns, At safepoint: 16070546 ns, Total: 16595292 ns
[2023-06-20T07:41:27.230+0000][70][gc,marking  ] GC(43) Concurrent Clear Claimed Marks 2.226ms
[2023-06-20T07:41:27.231+0000][70][gc,marking  ] GC(43) Concurrent Scan Root Regions
[2023-06-20T07:41:27.250+0000][70][gc,marking  ] GC(43) Concurrent Scan Root Regions 18.468ms
[2023-06-20T07:41:27.251+0000][70][gc,marking  ] GC(43) Concurrent Mark
[2023-06-20T07:41:27.252+0000][70][gc,marking  ] GC(43) Concurrent Mark From Roots
[2023-06-20T07:41:27.253+0000][70][gc,task     ] GC(43) Using 1 workers of 1 for marking
[2023-06-20T07:41:27.585+0000][70][gc,marking  ] GC(43) Concurrent Mark From Roots 332.154ms
[2023-06-20T07:41:27.585+0000][70][gc,marking  ] GC(43) Concurrent Preclean
[2023-06-20T07:41:27.586+0000][70][gc,marking  ] GC(43) Concurrent Preclean 0.845ms
[2023-06-20T07:41:27.589+0000][70][gc,start    ] GC(43) Pause Remark
[2023-06-20T07:41:27.595+0000][70][gc          ] GC(43) Pause Remark 145M->145M(256M) 5.963ms
[2023-06-20T07:41:27.596+0000][70][gc,cpu      ] GC(43) User=0.01s Sys=0.00s Real=0.01s
[2023-06-20T07:41:27.596+0000][70][safepoint   ] Safepoint "G1PauseRemark", Time since last: 361054572 ns, Reaching safepoint: 198407 ns, At safepoint: 7277618 ns, Total: 7476025 ns
[2023-06-20T07:41:27.597+0000][70][gc,marking  ] GC(43) Concurrent Mark 345.933ms
[2023-06-20T07:41:27.597+0000][70][gc,marking  ] GC(43) Concurrent Rebuild Remembered Sets
[2023-06-20T07:41:27.672+0000][70][gc,marking  ] GC(43) Concurrent Rebuild Remembered Sets 74.256ms
[2023-06-20T07:41:27.673+0000][70][gc,start    ] GC(43) Pause Cleanup
[2023-06-20T07:41:27.674+0000][70][gc          ] GC(43) Pause Cleanup 145M->145M(256M) 1.116ms
[2023-06-20T07:41:27.675+0000][70][gc,cpu      ] GC(43) User=0.00s Sys=0.00s Real=0.00s
[2023-06-20T07:41:27.676+0000][70][safepoint   ] Safepoint "G1PauseCleanup", Time since last: 76333219 ns, Reaching safepoint: 181209 ns, At safepoint: 2820432 ns, Total: 3001641 ns
[2023-06-20T07:41:27.677+0000][70][gc,marking  ] GC(43) Concurrent Cleanup for Next Mark
[2023-06-20T07:41:27.677+0000][70][gc,marking  ] GC(43) Concurrent Cleanup for Next Mark 0.631ms
[2023-06-20T07:41:27.678+0000][70][gc          ] GC(43) Concurrent Mark Cycle 450.836ms
[2023-06-20T07:41:28.677+0000][70][safepoint   ] Safepoint "Cleanup", Time since last: 1001439480 ns, Reaching safepoint: 147461 ns, At safepoint: 8551 ns, Total: 156012 ns
[2023-06-20T07:41:29.679+0000][70][safepoint   ] Safepoint "Cleanup", Time since last: 1001483606 ns, Reaching safepoint: 165962 ns, At safepoint: 4447 ns, Total: 170409 ns
[2023-06-20T07:41:30.680+0000][70][safepoint   ] Safepoint "Cleanup", Time since last: 1000935876 ns, Reaching safepoint: 186557 ns, At safepoint: 3894 ns, Total: 190451 ns
[2023-06-20T07:41:31.682+0000][70][safepoint   ] Safepoint "Cleanup", Time since last: 1001446774 ns, Reaching safepoint: 565227 ns, At safepoint: 120484 ns, Total: 685711 ns
[2023-06-20T07:41:32.686+0000][70][safepoint   ] Safepoint "Cleanup", Time since last: 1003090791 ns, Reaching safepoint: 558435 ns, At safepoint: 15414 ns, Total: 573849 ns
[2023-06-20T07:41:33.714+0000][70][safepoint   ] Safepoint "Cleanup", Time since last: 1027586482 ns, Reaching safepoint: 407244 ns, At safepoint: 174727 ns, Total: 581971 ns
[2023-06-20T07:41:34.718+0000][70][safepoint   ] Safepoint "Cleanup", Time since last: 1003507833 ns, Reaching safepoint: 566964 ns, At safepoint: 18377 ns, Total: 585341 ns
[2023-06-20T07:41:35.724+0000][70][safepoint   ] Safepoint "Cleanup", Time since last: 1005136153 ns, Reaching safepoint: 1228933 ns, At safepoint: 68043 ns, Total: 1296976 ns
[2023-06-20T07:41:36.729+0000][70][safepoint   ] Safepoint "Cleanup", Time since last: 1004538966 ns, Reaching safepoint: 332729 ns, At safepoint: 13537 ns, Total: 346266 ns
[2023-06-20T07:41:37.733+0000][70][safepoint   ] Safepoint "Cleanup", Time since last: 1003238726 ns, Reaching safepoint: 569146 ns, At safepoint: 12655 ns, Total: 581801 ns
[2023-06-20T07:41:38.737+0000][70][safepoint   ] Safepoint "Cleanup", Time since last: 1003370107 ns, Reaching safepoint: 213254 ns, At safepoint: 5138 ns, Total: 218392 ns
[2023-06-20T07:41:39.359+0000][70][gc,start    ] GC(44) Pause Young (Prepare Mixed) (G1 Evacuation Pause)
[2023-06-20T07:41:39.360+0000][70][gc,task     ] GC(44) Using 4 workers of 4 for evacuation
[2023-06-20T07:41:39.360+0000][70][gc,age      ] GC(44) Desired survivor size 4194304 bytes, new threshold 15 (max threshold 15)
[2023-06-20T07:41:39.365+0000][70][gc,phases   ] GC(44)   Pre Evacuate Collection Set: 0.1ms
[2023-06-20T07:41:39.366+0000][70][gc,phases   ] GC(44)   Merge Heap Roots: 0.1ms
[2023-06-20T07:41:39.366+0000][70][gc,phases   ] GC(44)   Evacuate Collection Set: 2.9ms
[2023-06-20T07:41:39.367+0000][70][gc,phases   ] GC(44)   Post Evacuate Collection Set: 0.8ms
[2023-06-20T07:41:39.367+0000][70][gc,phases   ] GC(44)   Other: 0.9ms
[2023-06-20T07:41:39.368+0000][70][gc,age      ] GC(44) Age table with threshold 15 (max threshold 15)
[2023-06-20T07:41:39.368+0000][70][gc,age      ] GC(44) - age   1:    1869240 bytes,    1869240 total
[2023-06-20T07:41:39.369+0000][70][gc,age      ] GC(44) - age   2:    2008880 bytes,    3878120 total
[2023-06-20T07:41:39.369+0000][70][gc,age      ] GC(44) - age   3:      55976 bytes,    3934096 total
[2023-06-20T07:41:39.370+0000][70][gc,heap     ] GC(44) Eden regions: 13->0(2)
[2023-06-20T07:41:39.371+0000][70][gc,heap     ] GC(44) Survivor regions: 1->1(2)
[2023-06-20T07:41:39.371+0000][70][gc,heap     ] GC(44) Old regions: 32->32
[2023-06-20T07:41:39.372+0000][70][gc,heap     ] GC(44) Archive regions: 2->2
[2023-06-20T07:41:39.373+0000][70][gc,heap     ] GC(44) Humongous regions: 2->2
[2023-06-20T07:41:39.373+0000][70][gc,metaspace] GC(44) Metaspace: 131978K(135424K)->131978K(135424K) NonClass: 114195K(115904K)->114195K(115904K) Class: 17783K(19520K)->17783K(19520K)
[2023-06-20T07:41:39.374+0000][70][gc          ] GC(44) Pause Young (Prepare Mixed) (G1 Evacuation Pause) 191M->140M(256M) 14.507ms
[2023-06-20T07:41:39.375+0000][70][gc,cpu      ] GC(44) User=0.01s Sys=0.01s Real=0.02s
[2023-06-20T07:41:39.376+0000][70][safepoint   ] Safepoint "G1CollectForAllocation", Time since last: 622429130 ns, Reaching safepoint: 159784 ns, At safepoint: 16324391 ns, Total: 16484175 ns
[2023-06-20T07:41:40.377+0000][70][safepoint   ] Safepoint "Cleanup", Time since last: 1000774071 ns, Reaching safepoint: 562447 ns, At safepoint: 24457 ns, Total: 586904 ns
[2023-06-20T07:41:40.624+0000][70][gc,start    ] GC(45) Pause Young (Mixed) (G1 Evacuation Pause)
[2023-06-20T07:41:40.625+0000][70][gc,task     ] GC(45) Using 4 workers of 4 for evacuation
[2023-06-20T07:41:40.626+0000][70][gc,age      ] GC(45) Desired survivor size 2097152 bytes, new threshold 2 (max threshold 15)
[2023-06-20T07:41:40.633+0000][70][gc,phases   ] GC(45)   Pre Evacuate Collection Set: 0.2ms
[2023-06-20T07:41:40.634+0000][70][gc,phases   ] GC(45)   Merge Heap Roots: 0.2ms
[2023-06-20T07:41:40.635+0000][70][gc,phases   ] GC(45)   Evacuate Collection Set: 5.4ms
[2023-06-20T07:41:40.635+0000][70][gc,phases   ] GC(45)   Post Evacuate Collection Set: 1.0ms
[2023-06-20T07:41:40.636+0000][70][gc,phases   ] GC(45)   Other: 1.6ms
[2023-06-20T07:41:40.636+0000][70][gc,age      ] GC(45) Age table with threshold 2 (max threshold 15)
[2023-06-20T07:41:40.637+0000][70][gc,age      ] GC(45) - age   1:     194432 bytes,     194432 total
[2023-06-20T07:41:40.637+0000][70][gc,age      ] GC(45) - age   2:     696536 bytes,     890968 total
[2023-06-20T07:41:40.638+0000][70][gc,heap     ] GC(45) Eden regions: 2->0(14)
[2023-06-20T07:41:40.638+0000][70][gc,heap     ] GC(45) Survivor regions: 1->1(1)
[2023-06-20T07:41:40.638+0000][70][gc,heap     ] GC(45) Old regions: 32->32
[2023-06-20T07:41:40.639+0000][70][gc,heap     ] GC(45) Archive regions: 2->2
[2023-06-20T07:41:40.639+0000][70][gc,heap     ] GC(45) Humongous regions: 2->2
[2023-06-20T07:41:40.640+0000][70][gc,metaspace] GC(45) Metaspace: 132054K(135552K)->132054K(135552K) NonClass: 114271K(116032K)->114271K(116032K) Class: 17783K(19520K)->17783K(19520K)
[2023-06-20T07:41:40.640+0000][70][gc          ] GC(45) Pause Young (Mixed) (G1 Evacuation Pause) 148M->138M(256M) 16.064ms
[2023-06-20T07:41:40.641+0000][70][gc,cpu      ] GC(45) User=0.02s Sys=0.00s Real=0.01s
[2023-06-20T07:41:40.641+0000][70][safepoint   ] Safepoint "G1CollectForAllocation", Time since last: 246984349 ns, Reaching safepoint: 223296 ns, At safepoint: 17059312 ns, Total: 17282608 ns
[2023-06-20T07:41:41.642+0000][70][safepoint   ] Safepoint "Cleanup", Time since last: 1000683275 ns, Reaching safepoint: 154650 ns, At safepoint: 4975 ns, Total: 159625 ns
[2023-06-20T07:41:42.644+0000][70][safepoint   ] Safepoint "Cleanup", Time since last: 1000956973 ns, Reaching safepoint: 411953 ns, At safepoint: 12813 ns, Total: 424766 ns
[2023-06-20T07:41:43.625+0000][70][safepoint   ] Safepoint "Cleanup", Time since last: 1003325303 ns, Reaching safepoint: 476436 ns, At safepoint: 42260 ns, Total: 518696 ns
[2023-06-20T07:41:44.629+0000][70][safepoint   ] Safepoint "Cleanup", Time since last: 1003598201 ns, Reaching safepoint: 215175 ns, At safepoint: 20134 ns, Total: 235309 ns
[2023-06-20T07:41:45.630+0000][70][safepoint   ] Safepoint "Cleanup", Time since last: 1000856847 ns, Reaching safepoint: 112392 ns, At safepoint: 2645 ns, Total: 115037 ns
[2023-06-20T07:41:46.632+0000][70][safepoint   ] Safepoint "Cleanup", Time since last: 1000955894 ns, Reaching safepoint: 410908 ns, At safepoint: 12088 ns, Total: 422996 ns
[2023-06-20T07:41:47.635+0000][70][safepoint   ] Safepoint "Cleanup", Time since last: 1003136511 ns, Reaching safepoint: 89580 ns, At safepoint: 3699 ns, Total: 93279 ns
[2023-06-20T07:41:48.637+0000][70][safepoint   ] Safepoint "Cleanup", Time since last: 1001121241 ns, Reaching safepoint: 504537 ns, At safepoint: 67989 ns, Total: 572526 ns
[2023-06-20T07:41:49.641+0000][70][safepoint   ] Safepoint "Cleanup", Time since last: 1003656206 ns, Reaching safepoint: 637026 ns, At safepoint: 40272 ns, Total: 677298 ns
[2023-06-20T07:41:50.645+0000][70][safepoint   ] Safepoint "Cleanup", Time since last: 1003184489 ns, Reaching safepoint: 1050170 ns, At safepoint: 43739 ns, Total: 1093909 ns
[2023-06-20T07:41:51.650+0000][70][safepoint   ] Safepoint "Cleanup", Time since last: 1003835252 ns, Reaching safepoint: 1219653 ns, At safepoint: 181013 ns, Total: 1400666 ns
[2023-06-20T07:41:52.655+0000][70][safepoint   ] Safepoint "Cleanup", Time since last: 1004815672 ns, Reaching safepoint: 301786 ns, At safepoint: 9115 ns, Total: 310901 ns
[2023-06-20T07:41:53.660+0000][70][safepoint   ] Safepoint "Cleanup", Time since last: 1003636801 ns, Reaching safepoint: 435974 ns, At safepoint: 16215 ns, Total: 452189 ns
[2023-06-20T07:41:56.664+0000][70][safepoint   ] Safepoint "Cleanup", Time since last: 3004319109 ns, Reaching safepoint: 140566 ns, At safepoint: 3441 ns, Total: 144007 ns
[2023-06-20T07:41:57.666+0000][70][safepoint   ] Safepoint "Cleanup", Time since last: 1001140519 ns, Reaching safepoint: 435313 ns, At safepoint: 45958 ns, Total: 481271 ns
[2023-06-20T07:41:58.562+0000][70][gc,start    ] GC(46) Pause Young (Normal) (G1 Evacuation Pause)
[2023-06-20T07:41:58.564+0000][70][gc,task     ] GC(46) Using 4 workers of 4 for evacuation
[2023-06-20T07:41:58.565+0000][70][gc,age      ] GC(46) Desired survivor size 4194304 bytes, new threshold 15 (max threshold 15)
[2023-06-20T07:41:58.574+0000][70][gc,phases   ] GC(46)   Pre Evacuate Collection Set: 0.2ms
[2023-06-20T07:41:58.575+0000][70][gc,phases   ] GC(46)   Merge Heap Roots: 0.2ms
[2023-06-20T07:41:58.576+0000][70][gc,phases   ] GC(46)   Evacuate Collection Set: 5.0ms
[2023-06-20T07:41:58.576+0000][70][gc,phases   ] GC(46)   Post Evacuate Collection Set: 1.2ms
[2023-06-20T07:41:58.578+0000][70][gc,phases   ] GC(46)   Other: 2.7ms
[2023-06-20T07:41:58.578+0000][70][gc,age      ] GC(46) Age table with threshold 15 (max threshold 15)
[2023-06-20T07:41:58.579+0000][70][gc,age      ] GC(46) - age   1:    1307544 bytes,    1307544 total
[2023-06-20T07:41:58.580+0000][70][gc,age      ] GC(46) - age   2:     111552 bytes,    1419096 total
[2023-06-20T07:41:58.580+0000][70][gc,age      ] GC(46) - age   3:     564360 bytes,    1983456 total
[2023-06-20T07:41:58.581+0000][70][gc,heap     ] GC(46) Eden regions: 14->0(14)
[2023-06-20T07:41:58.582+0000][70][gc,heap     ] GC(46) Survivor regions: 1->1(2)
[2023-06-20T07:41:58.583+0000][70][gc,heap     ] GC(46) Old regions: 32->32
[2023-06-20T07:41:58.584+0000][70][gc,heap     ] GC(46) Archive regions: 2->2
[2023-06-20T07:41:58.585+0000][70][gc,heap     ] GC(46) Humongous regions: 2->2
[2023-06-20T07:41:58.585+0000][70][gc,metaspace] GC(46) Metaspace: 132660K(136128K)->132660K(136128K) NonClass: 114855K(116608K)->114855K(116608K) Class: 17805K(19520K)->17805K(19520K)
[2023-06-20T07:41:58.586+0000][70][gc          ] GC(46) Pause Young (Normal) (G1 Evacuation Pause) 194M->139M(256M) 24.049ms
[2023-06-20T07:41:58.587+0000][70][gc,cpu      ] GC(46) User=0.02s Sys=0.01s Real=0.02s
[2023-06-20T07:41:58.587+0000][70][safepoint   ] Safepoint "G1CollectForAllocation", Time since last: 896012181 ns, Reaching safepoint: 178309 ns, At safepoint: 25556569 ns, Total: 25734878 ns
[2023-06-20T07:41:59.590+0000][70][safepoint   ] Safepoint "Cleanup", Time since last: 1001697150 ns, Reaching safepoint: 657924 ns, At safepoint: 311024 ns, Total: 968948 ns
[2023-06-20T07:42:01.595+0000][70][safepoint   ] Safepoint "Cleanup", Time since last: 2004010192 ns, Reaching safepoint: 665325 ns, At safepoint: 33869 ns, Total: 699194 ns
[2023-06-20T07:42:02.598+0000][70][safepoint   ] Safepoint "Cleanup", Time since last: 1003241190 ns, Reaching safepoint: 102482 ns, At safepoint: 3690 ns, Total: 106172 ns
[2023-06-20T07:42:03.600+0000][70][safepoint   ] Safepoint "Cleanup", Time since last: 1000891979 ns, Reaching safepoint: 483085 ns, At safepoint: 30495 ns, Total: 513580 ns
[2023-06-20T07:42:04.602+0000][70][safepoint   ] Safepoint "Cleanup", Time since last: 1001769944 ns, Reaching safepoint: 434875 ns, At safepoint: 12691 ns, Total: 447566 ns
[2023-06-20T07:42:05.607+0000][70][safepoint   ] Safepoint "Cleanup", Time since last: 1004890138 ns, Reaching safepoint: 527825 ns, At safepoint: 12155 ns, Total: 539980 ns
[2023-06-20T07:42:06.615+0000][70][safepoint   ] Safepoint "Cleanup", Time since last: 1006296770 ns, Reaching safepoint: 1022801 ns, At safepoint: 20223 ns, Total: 1043024 ns
[2023-06-20T07:42:08.618+0000][70][safepoint   ] Safepoint "Cleanup", Time since last: 2003446858 ns, Reaching safepoint: 439656 ns, At safepoint: 36183 ns, Total: 475839 ns
[2023-06-20T07:42:09.623+0000][70][safepoint   ] Safepoint "Cleanup", Time since last: 1003759411 ns, Reaching safepoint: 449390 ns, At safepoint: 12341 ns, Total: 461731 ns
[2023-06-20T07:42:11.628+0000][70][safepoint   ] Safepoint "Cleanup", Time since last: 2004646873 ns, Reaching safepoint: 759406 ns, At safepoint: 30842 ns, Total: 790248 ns
[2023-06-20T07:42:12.633+0000][70][safepoint   ] Safepoint "Cleanup", Time since last: 1004185488 ns, Reaching safepoint: 987214 ns, At safepoint: 65505 ns, Total: 1052719 ns
[2023-06-20T07:42:13.615+0000][70][safepoint   ] Safepoint "Cleanup", Time since last: 1003578785 ns, Reaching safepoint: 390341 ns, At safepoint: 11646 ns, Total: 401987 ns
[2023-06-20T07:42:14.619+0000][70][safepoint   ] Safepoint "Cleanup", Time since last: 1003457961 ns, Reaching safepoint: 222994 ns, At safepoint: 5928 ns, Total: 228922 ns
[2023-06-20T07:42:15.621+0000][70][safepoint   ] Safepoint "Cleanup", Time since last: 1001612902 ns, Reaching safepoint: 247680 ns, At safepoint: 14358 ns, Total: 262038 ns
[2023-06-20T07:42:16.625+0000][70][safepoint   ] Safepoint "Cleanup", Time since last: 1003976129 ns, Reaching safepoint: 280826 ns, At safepoint: 12739 ns, Total: 293565 ns
[2023-06-20T07:42:17.286+0000][70][gc,start    ] GC(47) Pause Young (Normal) (G1 Evacuation Pause)
[2023-06-20T07:42:17.288+0000][70][gc,task     ] GC(47) Using 4 workers of 4 for evacuation
[2023-06-20T07:42:17.288+0000][70][gc,age      ] GC(47) Desired survivor size 4194304 bytes, new threshold 15 (max threshold 15)
[2023-06-20T07:42:17.294+0000][70][gc,phases   ] GC(47)   Pre Evacuate Collection Set: 0.2ms
[2023-06-20T07:42:17.294+0000][70][gc,phases   ] GC(47)   Merge Heap Roots: 0.1ms
[2023-06-20T07:42:17.295+0000][70][gc,phases   ] GC(47)   Evacuate Collection Set: 3.0ms
[2023-06-20T07:42:17.296+0000][70][gc,phases   ] GC(47)   Post Evacuate Collection Set: 0.9ms
[2023-06-20T07:42:17.296+0000][70][gc,phases   ] GC(47)   Other: 1.9ms
[2023-06-20T07:42:17.297+0000][70][gc,age      ] GC(47) Age table with threshold 15 (max threshold 15)
[2023-06-20T07:42:17.297+0000][70][gc,age      ] GC(47) - age   1:     837416 bytes,     837416 total
[2023-06-20T07:42:17.298+0000][70][gc,age      ] GC(47) - age   2:     329160 bytes,    1166576 total
[2023-06-20T07:42:17.298+0000][70][gc,age      ] GC(47) - age   3:       1480 bytes,    1168056 total
[2023-06-20T07:42:17.299+0000][70][gc,age      ] GC(47) - age   4:     561136 bytes,    1729192 total
[2023-06-20T07:42:17.299+0000][70][gc,heap     ] GC(47) Eden regions: 14->0(14)
[2023-06-20T07:42:17.300+0000][70][gc,heap     ] GC(47) Survivor regions: 1->1(2)
[2023-06-20T07:42:17.300+0000][70][gc,heap     ] GC(47) Old regions: 32->32
[2023-06-20T07:42:17.301+0000][70][gc,heap     ] GC(47) Archive regions: 2->2
[2023-06-20T07:42:17.301+0000][70][gc,heap     ] GC(47) Humongous regions: 2->2
[2023-06-20T07:42:17.301+0000][70][gc,metaspace] GC(47) Metaspace: 133107K(136512K)->133107K(136512K) NonClass: 115302K(116992K)->115302K(116992K) Class: 17805K(19520K)->17805K(19520K)
[2023-06-20T07:42:17.302+0000][70][gc          ] GC(47) Pause Young (Normal) (G1 Evacuation Pause) 195M->138M(256M) 15.532ms
[2023-06-20T07:42:17.302+0000][70][gc,cpu      ] GC(47) User=0.01s Sys=0.01s Real=0.02s
[2023-06-20T07:42:17.303+0000][70][safepoint   ] Safepoint "G1CollectForAllocation", Time since last: 661071627 ns, Reaching safepoint: 87577 ns, At safepoint: 16604842 ns, Total: 16692419 ns
[2023-06-20T07:42:18.304+0000][70][safepoint   ] Safepoint "Cleanup", Time since last: 1001020440 ns, Reaching safepoint: 406587 ns, At safepoint: 12964 ns, Total: 419551 ns
[2023-06-20T07:42:20.309+0000][70][safepoint   ] Safepoint "Cleanup", Time since last: 2004358775 ns, Reaching safepoint: 220764 ns, At safepoint: 12738 ns, Total: 233502 ns
[2023-06-20T07:42:21.312+0000][70][safepoint   ] Safepoint "Cleanup", Time since last: 1002005501 ns, Reaching safepoint: 833042 ns, At safepoint: 49195 ns, Total: 882237 ns
[2023-06-20T07:42:22.316+0000][70][safepoint   ] Safepoint "Cleanup", Time since last: 1003006422 ns, Reaching safepoint: 708997 ns, At safepoint: 137771 ns, Total: 846768 ns
[2023-06-20T07:42:23.319+0000][70][safepoint   ] Safepoint "Cleanup", Time since last: 1003333535 ns, Reaching safepoint: 138718 ns, At safepoint: 3465 ns, Total: 142183 ns
[2023-06-20T07:42:24.322+0000][70][safepoint   ] Safepoint "Cleanup", Time since last: 1001996715 ns, Reaching safepoint: 398738 ns, At safepoint: 15510 ns, Total: 414248 ns
[2023-06-20T07:42:26.326+0000][70][safepoint   ] Safepoint "Cleanup", Time since last: 2004651827 ns, Reaching safepoint: 70433 ns, At safepoint: 3010 ns, Total: 73443 ns
[2023-06-20T07:42:27.329+0000][70][safepoint   ] Safepoint "Cleanup", Time since last: 1002003739 ns, Reaching safepoint: 301774 ns, At safepoint: 12639 ns, Total: 314413 ns
[2023-06-20T07:42:28.336+0000][70][safepoint   ] Safepoint "Cleanup", Time since last: 1006622676 ns, Reaching safepoint: 393408 ns, At safepoint: 125324 ns, Total: 518732 ns
[2023-06-20T07:42:29.339+0000][70][safepoint   ] Safepoint "Cleanup", Time since last: 1002922144 ns, Reaching safepoint: 183656 ns, At safepoint: 223961 ns, Total: 407617 ns
[2023-06-20T07:42:29.717+0000][70][gc,start    ] GC(48) Pause Young (Concurrent Start) (G1 Evacuation Pause)
[2023-06-20T07:42:29.718+0000][70][gc,task     ] GC(48) Using 4 workers of 4 for evacuation
[2023-06-20T07:42:29.718+0000][70][gc,age      ] GC(48) Desired survivor size 4194304 bytes, new threshold 15 (max threshold 15)
[2023-06-20T07:42:29.724+0000][70][gc,phases   ] GC(48)   Pre Evacuate Collection Set: 0.5ms
[2023-06-20T07:42:29.725+0000][70][gc,phases   ] GC(48)   Merge Heap Roots: 0.1ms
[2023-06-20T07:42:29.725+0000][70][gc,phases   ] GC(48)   Evacuate Collection Set: 3.8ms
[2023-06-20T07:42:29.726+0000][70][gc,phases   ] GC(48)   Post Evacuate Collection Set: 1.1ms
[2023-06-20T07:42:29.726+0000][70][gc,phases   ] GC(48)   Other: 0.9ms
[2023-06-20T07:42:29.727+0000][70][gc,age      ] GC(48) Age table with threshold 15 (max threshold 15)
[2023-06-20T07:42:29.727+0000][70][gc,age      ] GC(48) - age   1:    1544448 bytes,    1544448 total
[2023-06-20T07:42:29.728+0000][70][gc,age      ] GC(48) - age   2:     578904 bytes,    2123352 total
[2023-06-20T07:42:29.728+0000][70][gc,age      ] GC(48) - age   3:     189888 bytes,    2313240 total
[2023-06-20T07:42:29.729+0000][70][gc,age      ] GC(48) - age   4:       1416 bytes,    2314656 total
[2023-06-20T07:42:29.729+0000][70][gc,age      ] GC(48) - age   5:     453936 bytes,    2768592 total
[2023-06-20T07:42:29.730+0000][70][gc,heap     ] GC(48) Eden regions: 14->0(15)
[2023-06-20T07:42:29.730+0000][70][gc,heap     ] GC(48) Survivor regions: 1->1(2)
[2023-06-20T07:42:29.730+0000][70][gc,heap     ] GC(48) Old regions: 32->32
[2023-06-20T07:42:29.731+0000][70][gc,heap     ] GC(48) Archive regions: 2->2
[2023-06-20T07:42:29.732+0000][70][gc,heap     ] GC(48) Humongous regions: 2->2
[2023-06-20T07:42:29.732+0000][70][gc,metaspace] GC(48) Metaspace: 133399K(136832K)->133399K(136832K) NonClass: 115591K(117312K)->115591K(117312K) Class: 17808K(19520K)->17808K(19520K)
[2023-06-20T07:42:29.733+0000][70][gc          ] GC(48) Pause Young (Concurrent Start) (G1 Evacuation Pause) 194M->139M(256M) 15.558ms
[2023-06-20T07:42:29.733+0000][70][gc,cpu      ] GC(48) User=0.03s Sys=0.01s Real=0.02s
[2023-06-20T07:42:29.733+0000][70][gc          ] GC(49) Concurrent Mark Cycle
[2023-06-20T07:42:29.734+0000][70][gc,marking  ] GC(49) Concurrent Clear Claimed Marks
[2023-06-20T07:42:29.734+0000][70][safepoint   ] Safepoint "G1CollectForAllocation", Time since last: 377898394 ns, Reaching safepoint: 138733 ns, At safepoint: 16668206 ns, Total: 16806939 ns
[2023-06-20T07:42:29.735+0000][70][gc,marking  ] GC(49) Concurrent Clear Claimed Marks 0.774ms
[2023-06-20T07:42:29.736+0000][70][gc,marking  ] GC(49) Concurrent Scan Root Regions
[2023-06-20T07:42:29.741+0000][70][gc,marking  ] GC(49) Concurrent Scan Root Regions 5.068ms
[2023-06-20T07:42:29.742+0000][70][gc,marking  ] GC(49) Concurrent Mark
[2023-06-20T07:42:29.742+0000][70][gc,marking  ] GC(49) Concurrent Mark From Roots
[2023-06-20T07:42:29.743+0000][70][gc,task     ] GC(49) Using 1 workers of 1 for marking
[2023-06-20T07:42:30.006+0000][70][gc,marking  ] GC(49) Concurrent Mark From Roots 263.519ms
[2023-06-20T07:42:30.006+0000][70][gc,marking  ] GC(49) Concurrent Preclean
[2023-06-20T07:42:30.007+0000][70][gc,marking  ] GC(49) Concurrent Preclean 0.642ms
[2023-06-20T07:42:30.008+0000][70][gc,start    ] GC(49) Pause Remark
[2023-06-20T07:42:30.025+0000][70][gc          ] GC(49) Pause Remark 143M->143M(256M) 17.114ms
[2023-06-20T07:42:30.026+0000][70][gc,cpu      ] GC(49) User=0.05s Sys=0.00s Real=0.01s
[2023-06-20T07:42:30.027+0000][70][safepoint   ] Safepoint "G1PauseRemark", Time since last: 274019176 ns, Reaching safepoint: 290659 ns, At safepoint: 18586965 ns, Total: 18877624 ns
[2023-06-20T07:42:30.028+0000][70][gc,marking  ] GC(49) Concurrent Mark 286.277ms
[2023-06-20T07:42:30.029+0000][70][gc,marking  ] GC(49) Concurrent Rebuild Remembered Sets
[2023-06-20T07:42:30.134+0000][70][gc,marking  ] GC(49) Concurrent Rebuild Remembered Sets 105.664ms
[2023-06-20T07:42:30.135+0000][70][gc,start    ] GC(49) Pause Cleanup
[2023-06-20T07:42:30.136+0000][70][gc          ] GC(49) Pause Cleanup 144M->144M(256M) 0.551ms
[2023-06-20T07:42:30.136+0000][70][gc,cpu      ] GC(49) User=0.00s Sys=0.00s Real=0.00s
[2023-06-20T07:42:30.137+0000][70][safepoint   ] Safepoint "G1PauseCleanup", Time since last: 108257063 ns, Reaching safepoint: 116108 ns, At safepoint: 1445116 ns, Total: 1561224 ns
[2023-06-20T07:42:30.137+0000][70][gc,marking  ] GC(49) Concurrent Cleanup for Next Mark
[2023-06-20T07:42:30.138+0000][70][gc,marking  ] GC(49) Concurrent Cleanup for Next Mark 0.910ms
[2023-06-20T07:42:30.138+0000][70][gc          ] GC(49) Concurrent Mark Cycle 405.017ms
[2023-06-20T07:42:33.139+0000][70][safepoint   ] Safepoint "Cleanup", Time since last: 3001871786 ns, Reaching safepoint: 721460 ns, At safepoint: 24997 ns, Total: 746457 ns
[2023-06-20T07:42:34.143+0000][70][safepoint   ] Safepoint "Cleanup", Time since last: 1002806219 ns, Reaching safepoint: 946249 ns, At safepoint: 79236 ns, Total: 1025485 ns
[2023-06-20T07:42:36.150+0000][70][safepoint   ] Safepoint "Cleanup", Time since last: 2006103867 ns, Reaching safepoint: 785662 ns, At safepoint: 45561 ns, Total: 831223 ns
[2023-06-20T07:42:38.239+0000][70][safepoint   ] Safepoint "Cleanup", Time since last: 2088782854 ns, Reaching safepoint: 569179 ns, At safepoint: 114639 ns, Total: 683818 ns
[2023-06-20T07:42:39.244+0000][70][safepoint   ] Safepoint "Cleanup", Time since last: 1004489428 ns, Reaching safepoint: 338018 ns, At safepoint: 12589 ns, Total: 350607 ns
[2023-06-20T07:42:41.248+0000][70][safepoint   ] Safepoint "Cleanup", Time since last: 2003733886 ns, Reaching safepoint: 202678 ns, At safepoint: 15702 ns, Total: 218380 ns
[2023-06-20T07:42:44.233+0000][70][safepoint   ] Safepoint "Cleanup", Time since last: 3005463684 ns, Reaching safepoint: 506368 ns, At safepoint: 47996 ns, Total: 554364 ns
[2023-06-20T07:42:45.237+0000][70][safepoint   ] Safepoint "Cleanup", Time since last: 1004266777 ns, Reaching safepoint: 169166 ns, At safepoint: 18415 ns, Total: 187581 ns
[2023-06-20T07:42:46.240+0000][70][safepoint   ] Safepoint "Cleanup", Time since last: 1002613954 ns, Reaching safepoint: 111867 ns, At safepoint: 4774 ns, Total: 116641 ns
[2023-06-20T07:42:47.243+0000][70][safepoint   ] Safepoint "Cleanup", Time since last: 1002475241 ns, Reaching safepoint: 145877 ns, At safepoint: 12072 ns, Total: 157949 ns
[2023-06-20T07:42:48.247+0000][70][safepoint   ] Safepoint "Cleanup", Time since last: 1004450360 ns, Reaching safepoint: 172389 ns, At safepoint: 11224 ns, Total: 183613 ns
[2023-06-20T07:42:49.252+0000][70][safepoint   ] Safepoint "Cleanup", Time since last: 1004141390 ns, Reaching safepoint: 150735 ns, At safepoint: 12192 ns, Total: 162927 ns
[2023-06-20T07:42:50.406+0000][70][gc,start    ] GC(50) Pause Young (Prepare Mixed) (G1 Evacuation Pause)
[2023-06-20T07:42:50.406+0000][70][gc,task     ] GC(50) Using 4 workers of 4 for evacuation
[2023-06-20T07:42:50.407+0000][70][gc,age      ] GC(50) Desired survivor size 4194304 bytes, new threshold 15 (max threshold 15)
[2023-06-20T07:42:50.412+0000][70][gc,phases   ] GC(50)   Pre Evacuate Collection Set: 0.1ms
[2023-06-20T07:42:50.412+0000][70][gc,phases   ] GC(50)   Merge Heap Roots: 0.1ms
[2023-06-20T07:42:50.413+0000][70][gc,phases   ] GC(50)   Evacuate Collection Set: 3.3ms
[2023-06-20T07:42:50.413+0000][70][gc,phases   ] GC(50)   Post Evacuate Collection Set: 0.8ms
[2023-06-20T07:42:50.414+0000][70][gc,phases   ] GC(50)   Other: 1.2ms
[2023-06-20T07:42:50.414+0000][70][gc,age      ] GC(50) Age table with threshold 15 (max threshold 15)
[2023-06-20T07:42:50.415+0000][70][gc,age      ] GC(50) - age   1:    1432696 bytes,    1432696 total
[2023-06-20T07:42:50.415+0000][70][gc,age      ] GC(50) - age   2:     349960 bytes,    1782656 total
[2023-06-20T07:42:50.415+0000][70][gc,age      ] GC(50) - age   3:     133488 bytes,    1916144 total
[2023-06-20T07:42:50.416+0000][70][gc,age      ] GC(50) - age   4:     188712 bytes,    2104856 total
[2023-06-20T07:42:50.416+0000][70][gc,age      ] GC(50) - age   5:       1416 bytes,    2106272 total
[2023-06-20T07:42:50.417+0000][70][gc,age      ] GC(50) - age   6:     298992 bytes,    2405264 total
[2023-06-20T07:42:50.417+0000][70][gc,heap     ] GC(50) Eden regions: 15->0(2)
[2023-06-20T07:42:50.418+0000][70][gc,heap     ] GC(50) Survivor regions: 1->1(2)
[2023-06-20T07:42:50.418+0000][70][gc,heap     ] GC(50) Old regions: 32->32
[2023-06-20T07:42:50.418+0000][70][gc,heap     ] GC(50) Archive regions: 2->2
[2023-06-20T07:42:50.419+0000][70][gc,heap     ] GC(50) Humongous regions: 2->2
[2023-06-20T07:42:50.419+0000][70][gc,metaspace] GC(50) Metaspace: 133513K(136960K)->133513K(136960K) NonClass: 115728K(117440K)->115728K(117440K) Class: 17785K(19520K)->17785K(19520K)
[2023-06-20T07:42:50.420+0000][70][gc          ] GC(50) Pause Young (Prepare Mixed) (G1 Evacuation Pause) 199M->139M(256M) 13.990ms
[2023-06-20T07:42:50.420+0000][70][gc,cpu      ] GC(50) User=0.00s Sys=0.00s Real=0.02s
[2023-06-20T07:42:50.421+0000][70][safepoint   ] Safepoint "G1CollectForAllocation", Time since last: 1153976397 ns, Reaching safepoint: 56205 ns, At safepoint: 14832161 ns, Total: 14888366 ns
[2023-06-20T07:42:51.022+0000][70][gc,start    ] GC(51) Pause Young (Mixed) (G1 Evacuation Pause)
[2023-06-20T07:42:51.023+0000][70][gc,task     ] GC(51) Using 4 workers of 4 for evacuation
[2023-06-20T07:42:51.024+0000][70][gc,age      ] GC(51) Desired survivor size 2097152 bytes, new threshold 4 (max threshold 15)
[2023-06-20T07:42:51.031+0000][70][gc,phases   ] GC(51)   Pre Evacuate Collection Set: 0.1ms
[2023-06-20T07:42:51.032+0000][70][gc,phases   ] GC(51)   Merge Heap Roots: 0.1ms
[2023-06-20T07:42:51.033+0000][70][gc,phases   ] GC(51)   Evacuate Collection Set: 5.7ms
[2023-06-20T07:42:51.033+0000][70][gc,phases   ] GC(51)   Post Evacuate Collection Set: 1.1ms
[2023-06-20T07:42:51.034+0000][70][gc,phases   ] GC(51)   Other: 1.0ms
[2023-06-20T07:42:51.034+0000][70][gc,age      ] GC(51) Age table with threshold 4 (max threshold 15)
[2023-06-20T07:42:51.035+0000][70][gc,age      ] GC(51) - age   1:     657208 bytes,     657208 total
[2023-06-20T07:42:51.035+0000][70][gc,age      ] GC(51) - age   2:     957336 bytes,    1614544 total
[2023-06-20T07:42:51.036+0000][70][gc,age      ] GC(51) - age   3:     349768 bytes,    1964312 total
[2023-06-20T07:42:51.036+0000][70][gc,age      ] GC(51) - age   4:     133392 bytes,    2097704 total
[2023-06-20T07:42:51.036+0000][70][gc,heap     ] GC(51) Eden regions: 2->0(15)
[2023-06-20T07:42:51.037+0000][70][gc,heap     ] GC(51) Survivor regions: 1->1(1)
[2023-06-20T07:42:51.037+0000][70][gc,heap     ] GC(51) Old regions: 32->32
[2023-06-20T07:42:51.038+0000][70][gc,heap     ] GC(51) Archive regions: 2->2
[2023-06-20T07:42:51.039+0000][70][gc,heap     ] GC(51) Humongous regions: 2->2
[2023-06-20T07:42:51.039+0000][70][gc,metaspace] GC(51) Metaspace: 133540K(137024K)->133540K(137024K) NonClass: 115755K(117504K)->115755K(117504K) Class: 17785K(19520K)->17785K(19520K)
[2023-06-20T07:42:51.040+0000][70][gc          ] GC(51) Pause Young (Mixed) (G1 Evacuation Pause) 147M->138M(256M) 18.132ms
[2023-06-20T07:42:51.041+0000][70][gc,cpu      ] GC(51) User=0.01s Sys=0.00s Real=0.02s
[2023-06-20T07:42:51.042+0000][70][safepoint   ] Safepoint "G1CollectForAllocation", Time since last: 601490639 ns, Reaching safepoint: 168257 ns, At safepoint: 19523092 ns, Total: 19691349 ns
[2023-06-20T07:42:52.043+0000][70][safepoint   ] Safepoint "Cleanup", Time since last: 1001075978 ns, Reaching safepoint: 226641 ns, At safepoint: 6011 ns, Total: 232652 ns
[2023-06-20T07:42:54.047+0000][70][safepoint   ] Safepoint "Cleanup", Time since last: 2003036992 ns, Reaching safepoint: 451806 ns, At safepoint: 11570 ns, Total: 463376 ns
[2023-06-20T07:42:56.051+0000][70][safepoint   ] Safepoint "Cleanup", Time since last: 2004382065 ns, Reaching safepoint: 352700 ns, At safepoint: 13369 ns, Total: 366069 ns
[2023-06-20T07:42:57.056+0000][70][safepoint   ] Safepoint "Cleanup", Time since last: 1003566956 ns, Reaching safepoint: 471931 ns, At safepoint: 221293 ns, Total: 693224 ns
[2023-06-20T07:42:58.059+0000][70][safepoint   ] Safepoint "Cleanup", Time since last: 1003368876 ns, Reaching safepoint: 149972 ns, At safepoint: 3953 ns, Total: 153925 ns
[2023-06-20T07:42:59.061+0000][70][safepoint   ] Safepoint "Cleanup", Time since last: 1001583914 ns, Reaching safepoint: 322157 ns, At safepoint: 10738 ns, Total: 332895 ns
[2023-06-20T07:43:00.066+0000][70][safepoint   ] Safepoint "Cleanup", Time since last: 1005079535 ns, Reaching safepoint: 186180 ns, At safepoint: 17214 ns, Total: 203394 ns
[2023-06-20T07:43:02.863+0000][70][safepoint   ] Safepoint "ICBufferFull", Time since last: 2796463452 ns, Reaching safepoint: 164145 ns, At safepoint: 3886 ns, Total: 168031 ns
[2023-06-20T07:43:03.865+0000][70][safepoint   ] Safepoint "Cleanup", Time since last: 1002227469 ns, Reaching safepoint: 319188 ns, At safepoint: 8204 ns, Total: 327392 ns
[2023-06-20T07:43:05.869+0000][70][safepoint   ] Safepoint "Cleanup", Time since last: 2003402228 ns, Reaching safepoint: 163922 ns, At safepoint: 7747 ns, Total: 171669 ns
[2023-06-20T07:43:08.878+0000][70][safepoint   ] Safepoint "Cleanup", Time since last: 3008545608 ns, Reaching safepoint: 298476 ns, At safepoint: 8728 ns, Total: 307204 ns
[2023-06-20T07:43:09.477+0000][70][gc,start    ] GC(52) Pause Young (Normal) (G1 Evacuation Pause)
[2023-06-20T07:43:09.478+0000][70][gc,task     ] GC(52) Using 4 workers of 4 for evacuation
[2023-06-20T07:43:09.478+0000][70][gc,age      ] GC(52) Desired survivor size 4194304 bytes, new threshold 15 (max threshold 15)
[2023-06-20T07:43:09.482+0000][70][gc,phases   ] GC(52)   Pre Evacuate Collection Set: 0.0ms
[2023-06-20T07:43:09.483+0000][70][gc,phases   ] GC(52)   Merge Heap Roots: 0.0ms
[2023-06-20T07:43:09.483+0000][70][gc,phases   ] GC(52)   Evacuate Collection Set: 2.8ms
[2023-06-20T07:43:09.484+0000][70][gc,phases   ] GC(52)   Post Evacuate Collection Set: 0.7ms
[2023-06-20T07:43:09.484+0000][70][gc,phases   ] GC(52)   Other: 0.7ms
[2023-06-20T07:43:09.485+0000][70][gc,age      ] GC(52) Age table with threshold 15 (max threshold 15)
[2023-06-20T07:43:09.485+0000][70][gc,age      ] GC(52) - age   1:    1232696 bytes,    1232696 total
[2023-06-20T07:43:09.485+0000][70][gc,age      ] GC(52) - age   2:        648 bytes,    1233344 total
[2023-06-20T07:43:09.486+0000][70][gc,age      ] GC(52) - age   3:      37280 bytes,    1270624 total
[2023-06-20T07:43:09.486+0000][70][gc,age      ] GC(52) - age   4:     348064 bytes,    1618688 total
[2023-06-20T07:43:09.487+0000][70][gc,age      ] GC(52) - age   5:     132952 bytes,    1751640 total
[2023-06-20T07:43:09.487+0000][70][gc,heap     ] GC(52) Eden regions: 15->0(15)
[2023-06-20T07:43:09.488+0000][70][gc,heap     ] GC(52) Survivor regions: 1->1(2)
[2023-06-20T07:43:09.489+0000][70][gc,heap     ] GC(52) Old regions: 32->32
[2023-06-20T07:43:09.489+0000][70][gc,heap     ] GC(52) Archive regions: 2->2
[2023-06-20T07:43:09.489+0000][70][gc,heap     ] GC(52) Humongous regions: 2->2
[2023-06-20T07:43:09.490+0000][70][gc,metaspace] GC(52) Metaspace: 133696K(137152K)->133696K(137152K) NonClass: 115910K(117632K)->115910K(117632K) Class: 17785K(19520K)->17785K(19520K)
[2023-06-20T07:43:09.491+0000][70][gc          ] GC(52) Pause Young (Normal) (G1 Evacuation Pause) 198M->138M(256M) 13.980ms
[2023-06-20T07:43:09.492+0000][70][gc,cpu      ] GC(52) User=0.00s Sys=0.00s Real=0.01s
[2023-06-20T07:43:09.492+0000][70][safepoint   ] Safepoint "G1CollectForAllocation", Time since last: 599068339 ns, Reaching safepoint: 102625 ns, At safepoint: 15211351 ns, Total: 15313976 ns
[2023-06-20T07:43:10.495+0000][70][safepoint   ] Safepoint "Cleanup", Time since last: 1002058839 ns, Reaching safepoint: 152528 ns, At safepoint: 3353 ns, Total: 155881 ns
[2023-06-20T07:43:11.496+0000][70][safepoint   ] Safepoint "Cleanup", Time since last: 1001397629 ns, Reaching safepoint: 112718 ns, At safepoint: 35598 ns, Total: 148316 ns
[2023-06-20T07:43:12.500+0000][70][safepoint   ] Safepoint "Cleanup", Time since last: 1003603780 ns, Reaching safepoint: 291637 ns, At safepoint: 16909 ns, Total: 308546 ns
[2023-06-20T07:43:13.480+0000][70][safepoint   ] Safepoint "Cleanup", Time since last: 1002789098 ns, Reaching safepoint: 105646 ns, At safepoint: 3904 ns, Total: 109550 ns
[2023-06-20T07:43:14.482+0000][70][safepoint   ] Safepoint "Cleanup", Time since last: 1001239144 ns, Reaching safepoint: 363479 ns, At safepoint: 47384 ns, Total: 410863 ns
[2023-06-20T07:43:15.483+0000][70][safepoint   ] Safepoint "Cleanup", Time since last: 1001069891 ns, Reaching safepoint: 529111 ns, At safepoint: 16609 ns, Total: 545720 ns
[2023-06-20T07:43:16.486+0000][70][safepoint   ] Safepoint "Cleanup", Time since last: 1002107540 ns, Reaching safepoint: 687124 ns, At safepoint: 21051 ns, Total: 708175 ns
[2023-06-20T07:43:17.490+0000][70][safepoint   ] Safepoint "Cleanup", Time since last: 1003812098 ns, Reaching safepoint: 318372 ns, At safepoint: 18861 ns, Total: 337233 ns
[2023-06-20T07:43:18.494+0000][70][safepoint   ] Safepoint "Cleanup", Time since last: 1003391171 ns, Reaching safepoint: 84650 ns, At safepoint: 4576 ns, Total: 89226 ns
[2023-06-20T07:43:20.496+0000][70][safepoint   ] Safepoint "Cleanup", Time since last: 2002067367 ns, Reaching safepoint: 92578 ns, At safepoint: 3342 ns, Total: 95920 ns
[2023-06-20T07:43:21.498+0000][70][safepoint   ] Safepoint "Cleanup", Time since last: 1001842639 ns, Reaching safepoint: 131555 ns, At safepoint: 20393 ns, Total: 151948 ns
[2023-06-20T07:43:22.502+0000][70][safepoint   ] Safepoint "Cleanup", Time since last: 1003930670 ns, Reaching safepoint: 96211 ns, At safepoint: 4277 ns, Total: 100488 ns
[2023-06-20T07:43:23.518+0000][70][safepoint   ] Safepoint "Cleanup", Time since last: 1016125766 ns, Reaching safepoint: 451206 ns, At safepoint: 16561 ns, Total: 467767 ns
[2023-06-20T07:43:24.522+0000][70][safepoint   ] Safepoint "Cleanup", Time since last: 1003504381 ns, Reaching safepoint: 214821 ns, At safepoint: 12637 ns, Total: 227458 ns
[2023-06-20T07:43:26.526+0000][70][safepoint   ] Safepoint "Cleanup", Time since last: 2003683227 ns, Reaching safepoint: 126368 ns, At safepoint: 34094 ns, Total: 160462 ns
[2023-06-20T07:43:27.528+0000][70][safepoint   ] Safepoint "Cleanup", Time since last: 1001579095 ns, Reaching safepoint: 237479 ns, At safepoint: 44432 ns, Total: 281911 ns
[2023-06-20T07:43:29.288+0000][70][gc,start    ] GC(53) Pause Young (Concurrent Start) (G1 Evacuation Pause)
[2023-06-20T07:43:29.291+0000][70][gc,task     ] GC(53) Using 4 workers of 4 for evacuation
[2023-06-20T07:43:29.294+0000][70][gc,age      ] GC(53) Desired survivor size 4194304 bytes, new threshold 15 (max threshold 15)
[2023-06-20T07:43:29.304+0000][70][gc,phases   ] GC(53)   Pre Evacuate Collection Set: 1.3ms
[2023-06-20T07:43:29.314+0000][70][gc,phases   ] GC(53)   Merge Heap Roots: 0.2ms
[2023-06-20T07:43:29.315+0000][70][gc,phases   ] GC(53)   Evacuate Collection Set: 3.5ms
[2023-06-20T07:43:29.317+0000][70][gc,phases   ] GC(53)   Post Evacuate Collection Set: 3.7ms
[2023-06-20T07:43:29.318+0000][70][gc,phases   ] GC(53)   Other: 3.9ms
[2023-06-20T07:43:29.320+0000][70][gc,age      ] GC(53) Age table with threshold 15 (max threshold 15)
[2023-06-20T07:43:29.322+0000][70][gc,age      ] GC(53) - age   1:     818688 bytes,     818688 total
[2023-06-20T07:43:29.322+0000][70][gc,age      ] GC(53) - age   2:      23008 bytes,     841696 total
[2023-06-20T07:43:29.323+0000][70][gc,age      ] GC(53) - age   3:        648 bytes,     842344 total
[2023-06-20T07:43:29.324+0000][70][gc,age      ] GC(53) - age   4:      26680 bytes,     869024 total
[2023-06-20T07:43:29.325+0000][70][gc,age      ] GC(53) - age   5:     347936 bytes,    1216960 total
[2023-06-20T07:43:29.325+0000][70][gc,age      ] GC(53) - age   6:     132360 bytes,    1349320 total
[2023-06-20T07:43:29.326+0000][70][gc,heap     ] GC(53) Eden regions: 15->0(15)
[2023-06-20T07:43:29.327+0000][70][gc,heap     ] GC(53) Survivor regions: 1->1(2)
[2023-06-20T07:43:29.327+0000][70][gc,heap     ] GC(53) Old regions: 32->32
[2023-06-20T07:43:29.328+0000][70][gc,heap     ] GC(53) Archive regions: 2->2
[2023-06-20T07:43:29.329+0000][70][gc,heap     ] GC(53) Humongous regions: 2->2
[2023-06-20T07:43:29.331+0000][70][gc,metaspace] GC(53) Metaspace: 134000K(137408K)->134000K(137408K) NonClass: 116214K(117888K)->116214K(117888K) Class: 17785K(19520K)->17785K(19520K)
[2023-06-20T07:43:29.332+0000][70][gc          ] GC(53) Pause Young (Concurrent Start) (G1 Evacuation Pause) 198M->137M(256M) 43.667ms
[2023-06-20T07:43:29.334+0000][70][gc          ] GC(54) Concurrent Mark Cycle
[2023-06-20T07:43:29.335+0000][70][gc,marking  ] GC(54) Concurrent Clear Claimed Marks
[2023-06-20T07:43:29.337+0000][70][gc,marking  ] GC(54) Concurrent Clear Claimed Marks 1.827ms
[2023-06-20T07:43:29.339+0000][70][gc,marking  ] GC(54) Concurrent Scan Root Regions
[2023-06-20T07:43:29.334+0000][70][gc,cpu      ] GC(53) User=0.02s Sys=0.00s Real=0.05s
[2023-06-20T07:43:29.342+0000][70][safepoint   ] Safepoint "G1CollectForAllocation", Time since last: 1760434972 ns, Reaching safepoint: 92187 ns, At safepoint: 53203147 ns, Total: 53295334 ns
[2023-06-20T07:43:29.345+0000][70][gc,marking  ] GC(54) Concurrent Scan Root Regions 6.286ms
[2023-06-20T07:43:29.346+0000][70][gc,marking  ] GC(54) Concurrent Mark
[2023-06-20T07:43:29.347+0000][70][gc,marking  ] GC(54) Concurrent Mark From Roots
[2023-06-20T07:43:29.348+0000][70][gc,task     ] GC(54) Using 1 workers of 1 for marking
[2023-06-20T07:43:29.696+0000][70][gc,marking  ] GC(54) Concurrent Mark From Roots 349.384ms
[2023-06-20T07:43:29.698+0000][70][gc,marking  ] GC(54) Concurrent Preclean
[2023-06-20T07:43:29.700+0000][70][gc,marking  ] GC(54) Concurrent Preclean 1.957ms
[2023-06-20T07:43:29.701+0000][70][gc,start    ] GC(54) Pause Remark
[2023-06-20T07:43:29.733+0000][70][gc          ] GC(54) Pause Remark 138M->138M(256M) 32.019ms
[2023-06-20T07:43:29.735+0000][70][gc,cpu      ] GC(54) User=0.07s Sys=0.00s Real=0.04s
[2023-06-20T07:43:29.737+0000][70][safepoint   ] Safepoint "G1PauseRemark", Time since last: 359483433 ns, Reaching safepoint: 131091 ns, At safepoint: 35326420 ns, Total: 35457511 ns
[2023-06-20T07:43:29.738+0000][70][gc,marking  ] GC(54) Concurrent Mark 391.538ms
[2023-06-20T07:43:29.739+0000][70][gc,marking  ] GC(54) Concurrent Rebuild Remembered Sets
[2023-06-20T07:43:29.883+0000][70][gc,marking  ] GC(54) Concurrent Rebuild Remembered Sets 144.205ms
[2023-06-20T07:43:29.885+0000][70][gc,start    ] GC(54) Pause Cleanup
[2023-06-20T07:43:29.887+0000][70][gc          ] GC(54) Pause Cleanup 138M->138M(256M) 1.374ms
[2023-06-20T07:43:29.888+0000][70][gc,cpu      ] GC(54) User=0.00s Sys=0.00s Real=0.00s
[2023-06-20T07:43:29.894+0000][70][safepoint   ] Safepoint "G1PauseCleanup", Time since last: 148344552 ns, Reaching safepoint: 201871 ns, At safepoint: 8936219 ns, Total: 9138090 ns
[2023-06-20T07:43:29.898+0000][70][gc,marking  ] GC(54) Concurrent Cleanup for Next Mark
[2023-06-20T07:43:29.899+0000][70][gc,marking  ] GC(54) Concurrent Cleanup for Next Mark 1.629ms
[2023-06-20T07:43:29.901+0000][70][gc          ] GC(54) Concurrent Mark Cycle 567.156ms
[2023-06-20T07:43:30.899+0000][70][safepoint   ] Safepoint "Cleanup", Time since last: 1004210897 ns, Reaching safepoint: 641592 ns, At safepoint: 72663 ns, Total: 714255 ns
[2023-06-20T07:43:32.903+0000][70][safepoint   ] Safepoint "Cleanup", Time since last: 2003256209 ns, Reaching safepoint: 491388 ns, At safepoint: 71288 ns, Total: 562676 ns
[2023-06-20T07:43:33.905+0000][70][safepoint   ] Safepoint "Cleanup", Time since last: 1002010454 ns, Reaching safepoint: 293977 ns, At safepoint: 6795 ns, Total: 300772 ns
[2023-06-20T07:43:38.911+0000][70][safepoint   ] Safepoint "Cleanup", Time since last: 5005380925 ns, Reaching safepoint: 342395 ns, At safepoint: 19412 ns, Total: 361807 ns
[2023-06-20T07:43:39.913+0000][70][safepoint   ] Safepoint "Cleanup", Time since last: 1001752375 ns, Reaching safepoint: 404106 ns, At safepoint: 99796 ns, Total: 503902 ns
[2023-06-20T07:43:40.916+0000][70][safepoint   ] Safepoint "Cleanup", Time since last: 1001818617 ns, Reaching safepoint: 976723 ns, At safepoint: 138101 ns, Total: 1114824 ns
[2023-06-20T07:43:41.919+0000][70][safepoint   ] Safepoint "Cleanup", Time since last: 1002525274 ns, Reaching safepoint: 170619 ns, At safepoint: 4335 ns, Total: 174954 ns
[2023-06-20T07:43:44.901+0000][70][safepoint   ] Safepoint "Cleanup", Time since last: 3003004457 ns, Reaching safepoint: 795178 ns, At safepoint: 267248 ns, Total: 1062426 ns
[2023-06-20T07:43:45.905+0000][70][safepoint   ] Safepoint "Cleanup", Time since last: 1003716747 ns, Reaching safepoint: 308893 ns, At safepoint: 8036 ns, Total: 316929 ns
[2023-06-20T07:43:47.248+0000][70][gc,start    ] GC(55) Pause Young (Prepare Mixed) (G1 Evacuation Pause)
[2023-06-20T07:43:47.249+0000][70][gc,task     ] GC(55) Using 4 workers of 4 for evacuation
[2023-06-20T07:43:47.250+0000][70][gc,age      ] GC(55) Desired survivor size 4194304 bytes, new threshold 15 (max threshold 15)
[2023-06-20T07:43:47.255+0000][70][gc,phases   ] GC(55)   Pre Evacuate Collection Set: 0.1ms
[2023-06-20T07:43:47.255+0000][70][gc,phases   ] GC(55)   Merge Heap Roots: 0.1ms
[2023-06-20T07:43:47.256+0000][70][gc,phases   ] GC(55)   Evacuate Collection Set: 2.6ms
[2023-06-20T07:43:47.256+0000][70][gc,phases   ] GC(55)   Post Evacuate Collection Set: 1.0ms
[2023-06-20T07:43:47.257+0000][70][gc,phases   ] GC(55)   Other: 1.8ms
[2023-06-20T07:43:47.257+0000][70][gc,age      ] GC(55) Age table with threshold 15 (max threshold 15)
[2023-06-20T07:43:47.258+0000][70][gc,age      ] GC(55) - age   1:     339672 bytes,     339672 total
[2023-06-20T07:43:47.258+0000][70][gc,age      ] GC(55) - age   2:       7936 bytes,     347608 total
[2023-06-20T07:43:47.258+0000][70][gc,age      ] GC(55) - age   3:      22536 bytes,     370144 total
[2023-06-20T07:43:47.259+0000][70][gc,age      ] GC(55) - age   4:        488 bytes,     370632 total
[2023-06-20T07:43:47.260+0000][70][gc,age      ] GC(55) - age   5:      26552 bytes,     397184 total
[2023-06-20T07:43:47.260+0000][70][gc,age      ] GC(55) - age   6:     347744 bytes,     744928 total
[2023-06-20T07:43:47.260+0000][70][gc,age      ] GC(55) - age   7:     132360 bytes,     877288 total
[2023-06-20T07:43:47.261+0000][70][gc,heap     ] GC(55) Eden regions: 15->0(2)
[2023-06-20T07:43:47.262+0000][70][gc,heap     ] GC(55) Survivor regions: 1->1(2)
[2023-06-20T07:43:47.263+0000][70][gc,heap     ] GC(55) Old regions: 32->32
[2023-06-20T07:43:47.264+0000][70][gc,heap     ] GC(55) Archive regions: 2->2
[2023-06-20T07:43:47.265+0000][70][gc,heap     ] GC(55) Humongous regions: 2->2
[2023-06-20T07:43:47.265+0000][70][gc,metaspace] GC(55) Metaspace: 131650K(137536K)->131650K(137536K) NonClass: 114435K(118016K)->114435K(118016K) Class: 17214K(19520K)->17214K(19520K)
[2023-06-20T07:43:47.266+0000][70][gc          ] GC(55) Pause Young (Prepare Mixed) (G1 Evacuation Pause) 197M->137M(256M) 17.780ms
[2023-06-20T07:43:47.267+0000][70][gc,cpu      ] GC(55) User=0.01s Sys=0.00s Real=0.02s
[2023-06-20T07:43:47.268+0000][70][safepoint   ] Safepoint "G1CollectForAllocation", Time since last: 1342573260 ns, Reaching safepoint: 214148 ns, At safepoint: 19608860 ns, Total: 19823008 ns
[2023-06-20T07:43:48.268+0000][70][safepoint   ] Safepoint "Cleanup", Time since last: 1000829128 ns, Reaching safepoint: 53260 ns, At safepoint: 35578 ns, Total: 88838 ns
[2023-06-20T07:43:49.270+0000][70][safepoint   ] Safepoint "Cleanup", Time since last: 1001446039 ns, Reaching safepoint: 201578 ns, At safepoint: 10152 ns, Total: 211730 ns
[2023-06-20T07:43:50.272+0000][70][safepoint   ] Safepoint "Cleanup", Time since last: 1001538402 ns, Reaching safepoint: 361605 ns, At safepoint: 57922 ns, Total: 419527 ns
[2023-06-20T07:43:50.536+0000][70][gc,start    ] GC(56) Pause Young (Mixed) (G1 Evacuation Pause)
[2023-06-20T07:43:50.537+0000][70][gc,task     ] GC(56) Using 4 workers of 4 for evacuation
[2023-06-20T07:43:50.537+0000][70][gc,age      ] GC(56) Desired survivor size 2097152 bytes, new threshold 15 (max threshold 15)
[2023-06-20T07:43:50.542+0000][70][gc,phases   ] GC(56)   Pre Evacuate Collection Set: 0.1ms
[2023-06-20T07:43:50.543+0000][70][gc,phases   ] GC(56)   Merge Heap Roots: 0.1ms
[2023-06-20T07:43:50.543+0000][70][gc,phases   ] GC(56)   Evacuate Collection Set: 3.6ms
[2023-06-20T07:43:50.544+0000][70][gc,phases   ] GC(56)   Post Evacuate Collection Set: 0.6ms
[2023-06-20T07:43:50.544+0000][70][gc,phases   ] GC(56)   Other: 1.0ms
[2023-06-20T07:43:50.544+0000][70][gc,age      ] GC(56) Age table with threshold 15 (max threshold 15)
[2023-06-20T07:43:50.545+0000][70][gc,age      ] GC(56) - age   1:     257248 bytes,     257248 total
[2023-06-20T07:43:50.545+0000][70][gc,age      ] GC(56) - age   2:     239408 bytes,     496656 total
[2023-06-20T07:43:50.546+0000][70][gc,age      ] GC(56) - age   3:       4208 bytes,     500864 total
[2023-06-20T07:43:50.546+0000][70][gc,age      ] GC(56) - age   4:      22408 bytes,     523272 total
[2023-06-20T07:43:50.546+0000][70][gc,age      ] GC(56) - age   5:        392 bytes,     523664 total
[2023-06-20T07:43:50.547+0000][70][gc,age      ] GC(56) - age   6:      26552 bytes,     550216 total
[2023-06-20T07:43:50.547+0000][70][gc,age      ] GC(56) - age   7:     347744 bytes,     897960 total
[2023-06-20T07:43:50.548+0000][70][gc,age      ] GC(56) - age   8:     132360 bytes,    1030320 total
[2023-06-20T07:43:50.548+0000][70][gc,heap     ] GC(56) Eden regions: 2->0(16)
[2023-06-20T07:43:50.549+0000][70][gc,heap     ] GC(56) Survivor regions: 1->1(1)
[2023-06-20T07:43:50.549+0000][70][gc,heap     ] GC(56) Old regions: 32->31
[2023-06-20T07:43:50.550+0000][70][gc,heap     ] GC(56) Archive regions: 2->2
[2023-06-20T07:43:50.550+0000][70][gc,heap     ] GC(56) Humongous regions: 2->2
[2023-06-20T07:43:50.551+0000][70][gc,metaspace] GC(56) Metaspace: 131667K(137536K)->131667K(137536K) NonClass: 114452K(118016K)->114452K(118016K) Class: 17214K(19520K)->17214K(19520K)
[2023-06-20T07:43:50.551+0000][70][gc          ] GC(56) Pause Young (Mixed) (G1 Evacuation Pause) 145M->136M(256M) 15.262ms
[2023-06-20T07:43:50.551+0000][70][gc,cpu      ] GC(56) User=0.02s Sys=0.00s Real=0.01s
[2023-06-20T07:43:50.552+0000][70][safepoint   ] Safepoint "G1CollectForAllocation", Time since last: 263521086 ns, Reaching safepoint: 74836 ns, At safepoint: 16222573 ns, Total: 16297409 ns
[2023-06-20T07:43:51.553+0000][70][safepoint   ] Safepoint "Cleanup", Time since last: 1000972095 ns, Reaching safepoint: 110460 ns, At safepoint: 5221 ns, Total: 115681 ns
[2023-06-20T07:43:52.555+0000][70][safepoint   ] Safepoint "Cleanup", Time since last: 1001610409 ns, Reaching safepoint: 313752 ns, At safepoint: 11076 ns, Total: 324828 ns
[2023-06-20T07:43:53.559+0000][70][safepoint   ] Safepoint "Cleanup", Time since last: 1003455308 ns, Reaching safepoint: 162542 ns, At safepoint: 5924 ns, Total: 168466 ns
[2023-06-20T07:43:56.562+0000][70][safepoint   ] Safepoint "Cleanup", Time since last: 3003464317 ns, Reaching safepoint: 375387 ns, At safepoint: 19542 ns, Total: 394929 ns
[2023-06-20T07:43:57.565+0000][70][safepoint   ] Safepoint "Cleanup", Time since last: 1002053298 ns, Reaching safepoint: 624638 ns, At safepoint: 31711 ns, Total: 656349 ns
[2023-06-20T07:43:58.568+0000][70][safepoint   ] Safepoint "Cleanup", Time since last: 1002479507 ns, Reaching safepoint: 102857 ns, At safepoint: 6173 ns, Total: 109030 ns
[2023-06-20T07:43:59.570+0000][70][safepoint   ] Safepoint "Cleanup", Time since last: 1001678052 ns, Reaching safepoint: 893079 ns, At safepoint: 31671 ns, Total: 924750 ns
[2023-06-20T07:44:01.577+0000][70][safepoint   ] Safepoint "Cleanup", Time since last: 2006103487 ns, Reaching safepoint: 284225 ns, At safepoint: 12832 ns, Total: 297057 ns
[2023-06-20T07:44:02.581+0000][70][safepoint   ] Safepoint "Cleanup", Time since last: 1004308045 ns, Reaching safepoint: 231557 ns, At safepoint: 4472 ns, Total: 236029 ns
[2023-06-20T07:44:03.584+0000][70][safepoint   ] Safepoint "Cleanup", Time since last: 1001929585 ns, Reaching safepoint: 734875 ns, At safepoint: 21831 ns, Total: 756706 ns
[2023-06-20T07:44:05.593+0000][70][safepoint   ] Safepoint "Cleanup", Time since last: 2008293240 ns, Reaching safepoint: 345442 ns, At safepoint: 38204 ns, Total: 383646 ns
[2023-06-20T07:44:06.597+0000][70][safepoint   ] Safepoint "Cleanup", Time since last: 1004155101 ns, Reaching safepoint: 552107 ns, At safepoint: 13186 ns, Total: 565293 ns
[2023-06-20T07:44:08.601+0000][70][safepoint   ] Safepoint "Cleanup", Time since last: 2003580278 ns, Reaching safepoint: 420830 ns, At safepoint: 44374 ns, Total: 465204 ns
[2023-06-20T07:44:08.789+0000][70][gc,start    ] GC(57) Pause Young (Concurrent Start) (G1 Evacuation Pause)
[2023-06-20T07:44:08.790+0000][70][gc,task     ] GC(57) Using 4 workers of 4 for evacuation
[2023-06-20T07:44:08.790+0000][70][gc,age      ] GC(57) Desired survivor size 6291456 bytes, new threshold 15 (max threshold 15)
[2023-06-20T07:44:08.797+0000][70][gc,phases   ] GC(57)   Pre Evacuate Collection Set: 0.6ms
[2023-06-20T07:44:08.798+0000][70][gc,phases   ] GC(57)   Merge Heap Roots: 0.2ms
[2023-06-20T07:44:08.800+0000][70][gc,phases   ] GC(57)   Evacuate Collection Set: 3.9ms
[2023-06-20T07:44:08.801+0000][70][gc,phases   ] GC(57)   Post Evacuate Collection Set: 1.5ms
[2023-06-20T07:44:08.801+0000][70][gc,phases   ] GC(57)   Other: 1.7ms
[2023-06-20T07:44:08.802+0000][70][gc,age      ] GC(57) Age table with threshold 15 (max threshold 15)
[2023-06-20T07:44:08.803+0000][70][gc,age      ] GC(57) - age   1:    1448408 bytes,    1448408 total
[2023-06-20T07:44:08.803+0000][70][gc,age      ] GC(57) - age   2:     117112 bytes,    1565520 total
[2023-06-20T07:44:08.804+0000][70][gc,age      ] GC(57) - age   3:     235408 bytes,    1800928 total
[2023-06-20T07:44:08.805+0000][70][gc,age      ] GC(57) - age   4:       3728 bytes,    1804656 total
[2023-06-20T07:44:08.805+0000][70][gc,age      ] GC(57) - age   5:      22104 bytes,    1826760 total
[2023-06-20T07:44:08.806+0000][70][gc,age      ] GC(57) - age   6:        392 bytes,    1827152 total
[2023-06-20T07:44:08.806+0000][70][gc,age      ] GC(57) - age   7:      26488 bytes,    1853640 total
[2023-06-20T07:44:08.807+0000][70][gc,age      ] GC(57) - age   8:     347744 bytes,    2201384 total
[2023-06-20T07:44:08.807+0000][70][gc,age      ] GC(57) - age   9:     132360 bytes,    2333744 total
[2023-06-20T07:44:08.808+0000][70][gc,heap     ] GC(57) Eden regions: 16->0(16)
[2023-06-20T07:44:08.808+0000][70][gc,heap     ] GC(57) Survivor regions: 1->1(3)
[2023-06-20T07:44:08.809+0000][70][gc,heap     ] GC(57) Old regions: 31->31
[2023-06-20T07:44:08.809+0000][70][gc,heap     ] GC(57) Archive regions: 2->2
[2023-06-20T07:44:08.810+0000][70][gc,heap     ] GC(57) Humongous regions: 2->2
[2023-06-20T07:44:08.811+0000][70][gc,metaspace] GC(57) Metaspace: 131836K(137536K)->131836K(137536K) NonClass: 114620K(118016K)->114620K(118016K) Class: 17215K(19520K)->17215K(19520K)
[2023-06-20T07:44:08.812+0000][70][gc          ] GC(57) Pause Young (Concurrent Start) (G1 Evacuation Pause) 200M->137M(256M) 22.782ms
[2023-06-20T07:44:08.813+0000][70][gc,cpu      ] GC(57) User=0.02s Sys=0.00s Real=0.03s
[2023-06-20T07:44:08.813+0000][70][gc          ] GC(58) Concurrent Mark Cycle
[2023-06-20T07:44:08.817+0000][70][gc,marking  ] GC(58) Concurrent Clear Claimed Marks
[2023-06-20T07:44:08.815+0000][70][safepoint   ] Safepoint "G1CollectForAllocation", Time since last: 187272369 ns, Reaching safepoint: 154373 ns, At safepoint: 25710469 ns, Total: 25864842 ns
[2023-06-20T07:44:08.818+0000][70][gc,marking  ] GC(58) Concurrent Clear Claimed Marks 0.905ms
[2023-06-20T07:44:08.820+0000][70][gc,marking  ] GC(58) Concurrent Scan Root Regions
[2023-06-20T07:44:08.825+0000][70][gc,marking  ] GC(58) Concurrent Scan Root Regions 5.593ms
[2023-06-20T07:44:08.826+0000][70][gc,marking  ] GC(58) Concurrent Mark
[2023-06-20T07:44:08.827+0000][70][gc,marking  ] GC(58) Concurrent Mark From Roots
[2023-06-20T07:44:08.828+0000][70][gc,task     ] GC(58) Using 1 workers of 1 for marking
[2023-06-20T07:44:09.048+0000][70][gc,marking  ] GC(58) Concurrent Mark From Roots 221.073ms
[2023-06-20T07:44:09.049+0000][70][gc,marking  ] GC(58) Concurrent Preclean
[2023-06-20T07:44:09.050+0000][70][gc,marking  ] GC(58) Concurrent Preclean 1.310ms
[2023-06-20T07:44:09.052+0000][70][gc,start    ] GC(58) Pause Remark
[2023-06-20T07:44:09.076+0000][70][gc          ] GC(58) Pause Remark 141M->141M(256M) 23.816ms
[2023-06-20T07:44:09.076+0000][70][gc,cpu      ] GC(58) User=0.09s Sys=0.00s Real=0.03s
[2023-06-20T07:44:09.077+0000][70][safepoint   ] Safepoint "G1PauseRemark", Time since last: 237021650 ns, Reaching safepoint: 120616 ns, At safepoint: 25643452 ns, Total: 25764068 ns
[2023-06-20T07:44:09.078+0000][70][gc,marking  ] GC(58) Concurrent Mark 252.115ms
[2023-06-20T07:44:09.079+0000][70][gc,marking  ] GC(58) Concurrent Rebuild Remembered Sets
[2023-06-20T07:44:09.273+0000][70][gc,marking  ] GC(58) Concurrent Rebuild Remembered Sets 193.891ms
[2023-06-20T07:44:09.274+0000][70][gc,start    ] GC(58) Pause Cleanup
[2023-06-20T07:44:09.275+0000][70][gc          ] GC(58) Pause Cleanup 142M->142M(256M) 0.911ms
[2023-06-20T07:44:09.276+0000][70][gc,cpu      ] GC(58) User=0.00s Sys=0.00s Real=0.00s
[2023-06-20T07:44:09.277+0000][70][safepoint   ] Safepoint "G1PauseCleanup", Time since last: 196932044 ns, Reaching safepoint: 128402 ns, At safepoint: 2658087 ns, Total: 2786489 ns
[2023-06-20T07:44:09.278+0000][70][gc,marking  ] GC(58) Concurrent Cleanup for Next Mark
[2023-06-20T07:44:09.280+0000][70][gc,marking  ] GC(58) Concurrent Cleanup for Next Mark 1.991ms
[2023-06-20T07:44:09.281+0000][70][gc          ] GC(58) Concurrent Mark Cycle 467.628ms
[2023-06-20T07:44:11.225+0000][70][safepoint   ] Safepoint "Cleanup", Time since last: 1947616147 ns, Reaching safepoint: 790061 ns, At safepoint: 9891 ns, Total: 799952 ns
[2023-06-20T07:44:12.229+0000][70][safepoint   ] Safepoint "Cleanup", Time since last: 1003130245 ns, Reaching safepoint: 120767 ns, At safepoint: 41389 ns, Total: 162156 ns
[2023-06-20T07:44:13.223+0000][70][safepoint   ] Safepoint "Cleanup", Time since last: 1000741207 ns, Reaching safepoint: 136651 ns, At safepoint: 3688 ns, Total: 140339 ns
[2023-06-20T07:44:14.102+0000][70][gc,start    ] GC(59) Pause Young (Prepare Mixed) (G1 Evacuation Pause)
[2023-06-20T07:44:14.107+0000][70][gc,task     ] GC(59) Using 4 workers of 4 for evacuation
[2023-06-20T07:44:14.110+0000][70][gc,age      ] GC(59) Desired survivor size 6291456 bytes, new threshold 15 (max threshold 15)
[2023-06-20T07:44:14.120+0000][70][gc,phases   ] GC(59)   Pre Evacuate Collection Set: 0.2ms
[2023-06-20T07:44:14.121+0000][70][gc,phases   ] GC(59)   Merge Heap Roots: 0.1ms
[2023-06-20T07:44:14.122+0000][70][gc,phases   ] GC(59)   Evacuate Collection Set: 7.4ms
[2023-06-20T07:44:14.123+0000][70][gc,phases   ] GC(59)   Post Evacuate Collection Set: 1.2ms
[2023-06-20T07:44:14.124+0000][70][gc,phases   ] GC(59)   Other: 3.6ms
[2023-06-20T07:44:14.125+0000][70][gc,age      ] GC(59) Age table with threshold 15 (max threshold 15)
[2023-06-20T07:44:14.126+0000][70][gc,age      ] GC(59) - age   1:    1148064 bytes,    1148064 total
[2023-06-20T07:44:14.127+0000][70][gc,age      ] GC(59) - age   2:      18088 bytes,    1166152 total
[2023-06-20T07:44:14.128+0000][70][gc,age      ] GC(59) - age   3:       4496 bytes,    1170648 total
[2023-06-20T07:44:14.128+0000][70][gc,age      ] GC(59) - age   4:       8568 bytes,    1179216 total
[2023-06-20T07:44:14.129+0000][70][gc,age      ] GC(59) - age   5:       3008 bytes,    1182224 total
[2023-06-20T07:44:14.130+0000][70][gc,age      ] GC(59) - age   6:      21920 bytes,    1204144 total
[2023-06-20T07:44:14.130+0000][70][gc,age      ] GC(59) - age   7:        392 bytes,    1204536 total
[2023-06-20T07:44:14.131+0000][70][gc,age      ] GC(59) - age   8:      26448 bytes,    1230984 total
[2023-06-20T07:44:14.132+0000][70][gc,age      ] GC(59) - age   9:     240456 bytes,    1471440 total
[2023-06-20T07:44:14.133+0000][70][gc,age      ] GC(59) - age  10:     132360 bytes,    1603800 total
[2023-06-20T07:44:14.134+0000][70][gc,heap     ] GC(59) Eden regions: 16->0(2)
[2023-06-20T07:44:14.134+0000][70][gc,heap     ] GC(59) Survivor regions: 1->1(3)
[2023-06-20T07:44:14.135+0000][70][gc,heap     ] GC(59) Old regions: 31->31
[2023-06-20T07:44:14.135+0000][70][gc,heap     ] GC(59) Archive regions: 2->2
[2023-06-20T07:44:14.136+0000][70][gc,heap     ] GC(59) Humongous regions: 2->2
[2023-06-20T07:44:14.137+0000][70][gc,metaspace] GC(59) Metaspace: 132263K(137536K)->132263K(137536K) NonClass: 114994K(118016K)->114994K(118016K) Class: 17269K(19520K)->17269K(19520K)
[2023-06-20T07:44:14.137+0000][70][gc          ] GC(59) Pause Young (Prepare Mixed) (G1 Evacuation Pause) 201M->137M(256M) 35.700ms
[2023-06-20T07:44:14.138+0000][70][gc,cpu      ] GC(59) User=0.03s Sys=0.01s Real=0.04s
[2023-06-20T07:44:14.139+0000][70][safepoint   ] Safepoint "G1CollectForAllocation", Time since last: 878826183 ns, Reaching safepoint: 170194 ns, At safepoint: 37431197 ns, Total: 37601391 ns
[2023-06-20T07:44:14.159+0000][70][gc,start    ] GC(60) Pause Young (Mixed) (G1 Evacuation Pause)
[2023-06-20T07:44:14.160+0000][70][gc,task     ] GC(60) Using 4 workers of 4 for evacuation
[2023-06-20T07:44:14.161+0000][70][gc,age      ] GC(60) Desired survivor size 2097152 bytes, new threshold 15 (max threshold 15)
[2023-06-20T07:44:14.171+0000][70][gc,phases   ] GC(60)   Pre Evacuate Collection Set: 0.3ms
[2023-06-20T07:44:14.172+0000][70][gc,phases   ] GC(60)   Merge Heap Roots: 0.2ms
[2023-06-20T07:44:14.173+0000][70][gc,phases   ] GC(60)   Evacuate Collection Set: 7.8ms
[2023-06-20T07:44:14.174+0000][70][gc,phases   ] GC(60)   Post Evacuate Collection Set: 0.8ms
[2023-06-20T07:44:14.174+0000][70][gc,phases   ] GC(60)   Other: 1.5ms
[2023-06-20T07:44:14.175+0000][70][gc,age      ] GC(60) Age table with threshold 15 (max threshold 15)
[2023-06-20T07:44:14.176+0000][70][gc,age      ] GC(60) - age   1:      56224 bytes,      56224 total
[2023-06-20T07:44:14.176+0000][70][gc,age      ] GC(60) - age   2:    1091960 bytes,    1148184 total
[2023-06-20T07:44:14.177+0000][70][gc,age      ] GC(60) - age   3:      18088 bytes,    1166272 total
[2023-06-20T07:44:14.178+0000][70][gc,age      ] GC(60) - age   4:       4496 bytes,    1170768 total
[2023-06-20T07:44:14.182+0000][70][gc,age      ] GC(60) - age   5:       8568 bytes,    1179336 total
[2023-06-20T07:44:14.183+0000][70][gc,age      ] GC(60) - age   6:       3008 bytes,    1182344 total
[2023-06-20T07:44:14.184+0000][70][gc,age      ] GC(60) - age   7:      21920 bytes,    1204264 total
[2023-06-20T07:44:14.184+0000][70][gc,age      ] GC(60) - age   8:        392 bytes,    1204656 total
[2023-06-20T07:44:14.185+0000][70][gc,age      ] GC(60) - age   9:      26448 bytes,    1231104 total
[2023-06-20T07:44:14.185+0000][70][gc,age      ] GC(60) - age  10:     240456 bytes,    1471560 total
[2023-06-20T07:44:14.186+0000][70][gc,age      ] GC(60) - age  11:     132328 bytes,    1603888 total
[2023-06-20T07:44:14.187+0000][70][gc,heap     ] GC(60) Eden regions: 2->0(16)
[2023-06-20T07:44:14.187+0000][70][gc,heap     ] GC(60) Survivor regions: 1->1(1)
[2023-06-20T07:44:14.189+0000][70][gc,heap     ] GC(60) Old regions: 31->31
[2023-06-20T07:44:14.189+0000][70][gc,heap     ] GC(60) Archive regions: 2->2
[2023-06-20T07:44:14.190+0000][70][gc,heap     ] GC(60) Humongous regions: 2->2
[2023-06-20T07:44:14.190+0000][70][gc,metaspace] GC(60) Metaspace: 132266K(137536K)->132266K(137536K) NonClass: 114997K(118016K)->114997K(118016K) Class: 17269K(19520K)->17269K(19520K)
[2023-06-20T07:44:14.191+0000][70][gc          ] GC(60) Pause Young (Mixed) (G1 Evacuation Pause) 145M->136M(256M) 31.718ms
[2023-06-20T07:44:14.192+0000][70][gc,cpu      ] GC(60) User=0.05s Sys=0.00s Real=0.03s
[2023-06-20T07:44:14.192+0000][70][safepoint   ] Safepoint "G1CollectForAllocation", Time since last: 20056714 ns, Reaching safepoint: 109251 ns, At safepoint: 32874973 ns, Total: 32984224 ns
[2023-06-20T07:44:14.328+0000][70][gc,start    ] GC(61) Pause Young (Concurrent Start) (G1 Evacuation Pause)
[2023-06-20T07:44:14.329+0000][70][gc,task     ] GC(61) Using 4 workers of 4 for evacuation
[2023-06-20T07:44:14.329+0000][70][gc,age      ] GC(61) Desired survivor size 6291456 bytes, new threshold 15 (max threshold 15)
[2023-06-20T07:44:14.334+0000][70][gc,phases   ] GC(61)   Pre Evacuate Collection Set: 0.3ms
[2023-06-20T07:44:14.335+0000][70][gc,phases   ] GC(61)   Merge Heap Roots: 0.1ms
[2023-06-20T07:44:14.335+0000][70][gc,phases   ] GC(61)   Evacuate Collection Set: 2.7ms
[2023-06-20T07:44:14.336+0000][70][gc,phases   ] GC(61)   Post Evacuate Collection Set: 0.8ms
[2023-06-20T07:44:14.336+0000][70][gc,phases   ] GC(61)   Other: 1.3ms
[2023-06-20T07:44:14.336+0000][70][gc,age      ] GC(61) Age table with threshold 15 (max threshold 15)
[2023-06-20T07:44:14.337+0000][70][gc,age      ] GC(61) - age   1:     374368 bytes,     374368 total
[2023-06-20T07:44:14.337+0000][70][gc,age      ] GC(61) - age   2:      49280 bytes,     423648 total
[2023-06-20T07:44:14.338+0000][70][gc,age      ] GC(61) - age   3:    1089848 bytes,    1513496 total
[2023-06-20T07:44:14.338+0000][70][gc,age      ] GC(61) - age   4:      18088 bytes,    1531584 total
[2023-06-20T07:44:14.339+0000][70][gc,age      ] GC(61) - age   5:       4496 bytes,    1536080 total
[2023-06-20T07:44:14.339+0000][70][gc,age      ] GC(61) - age   6:       8568 bytes,    1544648 total
[2023-06-20T07:44:14.339+0000][70][gc,age      ] GC(61) - age   7:       3008 bytes,    1547656 total
[2023-06-20T07:44:14.340+0000][70][gc,age      ] GC(61) - age   8:      21920 bytes,    1569576 total
[2023-06-20T07:44:14.340+0000][70][gc,age      ] GC(61) - age   9:        392 bytes,    1569968 total
[2023-06-20T07:44:14.341+0000][70][gc,age      ] GC(61) - age  10:      26448 bytes,    1596416 total
[2023-06-20T07:44:14.342+0000][70][gc,age      ] GC(61) - age  11:     240456 bytes,    1836872 total
[2023-06-20T07:44:14.342+0000][70][gc,age      ] GC(61) - age  12:     132328 bytes,    1969200 total
[2023-06-20T07:44:14.342+0000][70][gc,heap     ] GC(61) Eden regions: 16->0(17)
[2023-06-20T07:44:14.343+0000][70][gc,heap     ] GC(61) Survivor regions: 1->1(3)
[2023-06-20T07:44:14.343+0000][70][gc,heap     ] GC(61) Old regions: 31->31
[2023-06-20T07:44:14.344+0000][70][gc,heap     ] GC(61) Archive regions: 2->2
[2023-06-20T07:44:14.344+0000][70][gc,heap     ] GC(61) Humongous regions: 2->2
[2023-06-20T07:44:14.345+0000][70][gc,metaspace] GC(61) Metaspace: 132272K(137536K)->132272K(137536K) NonClass: 115003K(118016K)->115003K(118016K) Class: 17269K(19520K)->17269K(19520K)
[2023-06-20T07:44:14.346+0000][70][gc          ] GC(61) Pause Young (Concurrent Start) (G1 Evacuation Pause) 200M->136M(256M) 18.125ms
[2023-06-20T07:44:14.346+0000][70][gc,cpu      ] GC(61) User=0.01s Sys=0.00s Real=0.02s
[2023-06-20T07:44:14.347+0000][70][safepoint   ] Safepoint "G1CollectForAllocation", Time since last: 135229348 ns, Reaching safepoint: 139514 ns, At safepoint: 19142046 ns, Total: 19281560 ns
[2023-06-20T07:44:14.346+0000][70][gc          ] GC(62) Concurrent Mark Cycle
[2023-06-20T07:44:14.348+0000][70][gc,marking  ] GC(62) Concurrent Clear Claimed Marks
[2023-06-20T07:44:14.350+0000][70][gc,marking  ] GC(62) Concurrent Clear Claimed Marks 1.900ms
[2023-06-20T07:44:14.350+0000][70][gc,marking  ] GC(62) Concurrent Scan Root Regions
[2023-06-20T07:44:14.353+0000][70][gc,marking  ] GC(62) Concurrent Scan Root Regions 2.814ms
[2023-06-20T07:44:14.354+0000][70][gc,marking  ] GC(62) Concurrent Mark
[2023-06-20T07:44:14.355+0000][70][gc,marking  ] GC(62) Concurrent Mark From Roots
[2023-06-20T07:44:14.355+0000][70][gc,task     ] GC(62) Using 1 workers of 1 for marking
[2023-06-20T07:44:14.607+0000][70][gc,marking  ] GC(62) Concurrent Mark From Roots 252.350ms
[2023-06-20T07:44:14.609+0000][70][gc,marking  ] GC(62) Concurrent Preclean
[2023-06-20T07:44:14.610+0000][70][gc,marking  ] GC(62) Concurrent Preclean 1.292ms
[2023-06-20T07:44:14.612+0000][70][gc,start    ] GC(62) Pause Remark
[2023-06-20T07:44:14.624+0000][70][gc          ] GC(62) Pause Remark 164M->164M(256M) 12.348ms
[2023-06-20T07:44:14.625+0000][70][gc,cpu      ] GC(62) User=0.03s Sys=0.01s Real=0.02s
[2023-06-20T07:44:14.626+0000][70][safepoint   ] Safepoint "G1PauseRemark", Time since last: 264902768 ns, Reaching safepoint: 203930 ns, At safepoint: 14551618 ns, Total: 14755548 ns
[2023-06-20T07:44:14.628+0000][70][gc,marking  ] GC(62) Concurrent Mark 273.712ms
[2023-06-20T07:44:14.629+0000][70][gc,marking  ] GC(62) Concurrent Rebuild Remembered Sets
[2023-06-20T07:44:14.851+0000][70][gc,marking  ] GC(62) Concurrent Rebuild Remembered Sets 222.416ms
[2023-06-20T07:44:14.853+0000][70][gc,start    ] GC(62) Pause Cleanup
[2023-06-20T07:44:14.854+0000][70][gc          ] GC(62) Pause Cleanup 166M->166M(256M) 1.017ms
[2023-06-20T07:44:14.855+0000][70][gc,cpu      ] GC(62) User=0.00s Sys=0.00s Real=0.01s
[2023-06-20T07:44:14.856+0000][70][safepoint   ] Safepoint "G1PauseCleanup", Time since last: 226522395 ns, Reaching safepoint: 381328 ns, At safepoint: 2608785 ns, Total: 2990113 ns
[2023-06-20T07:44:14.857+0000][70][gc,marking  ] GC(62) Concurrent Cleanup for Next Mark
[2023-06-20T07:44:14.860+0000][70][gc,marking  ] GC(62) Concurrent Cleanup for Next Mark 2.727ms
[2023-06-20T07:44:14.861+0000][70][gc          ] GC(62) Concurrent Mark Cycle 515.022ms
[2023-06-20T07:44:15.585+0000][70][gc,start    ] GC(63) Pause Young (Prepare Mixed) (G1 Evacuation Pause)
[2023-06-20T07:44:15.586+0000][70][gc,task     ] GC(63) Using 4 workers of 4 for evacuation
[2023-06-20T07:44:15.587+0000][70][gc,age      ] GC(63) Desired survivor size 6291456 bytes, new threshold 15 (max threshold 15)
[2023-06-20T07:44:15.595+0000][70][gc,phases   ] GC(63)   Pre Evacuate Collection Set: 0.1ms
[2023-06-20T07:44:15.596+0000][70][gc,phases   ] GC(63)   Merge Heap Roots: 0.2ms
[2023-06-20T07:44:15.597+0000][70][gc,phases   ] GC(63)   Evacuate Collection Set: 6.4ms
[2023-06-20T07:44:15.597+0000][70][gc,phases   ] GC(63)   Post Evacuate Collection Set: 1.3ms
[2023-06-20T07:44:15.597+0000][70][gc,phases   ] GC(63)   Other: 1.5ms
[2023-06-20T07:44:15.598+0000][70][gc,age      ] GC(63) Age table with threshold 15 (max threshold 15)
[2023-06-20T07:44:15.598+0000][70][gc,age      ] GC(63) - age   1:    1661376 bytes,    1661376 total
[2023-06-20T07:44:15.599+0000][70][gc,age      ] GC(63) - age   2:     365800 bytes,    2027176 total
[2023-06-20T07:44:15.600+0000][70][gc,age      ] GC(63) - age   3:      48968 bytes,    2076144 total
[2023-06-20T07:44:15.600+0000][70][gc,age      ] GC(63) - age   4:     843904 bytes,    2920048 total
[2023-06-20T07:44:15.601+0000][70][gc,age      ] GC(63) - age   5:      17032 bytes,    2937080 total
[2023-06-20T07:44:15.601+0000][70][gc,age      ] GC(63) - age   6:       4496 bytes,    2941576 total
[2023-06-20T07:44:15.602+0000][70][gc,age      ] GC(63) - age   7:       8392 bytes,    2949968 total
[2023-06-20T07:44:15.603+0000][70][gc,age      ] GC(63) - age   8:       2920 bytes,    2952888 total
[2023-06-20T07:44:15.603+0000][70][gc,age      ] GC(63) - age   9:      21920 bytes,    2974808 total
[2023-06-20T07:44:15.604+0000][70][gc,age      ] GC(63) - age  10:        392 bytes,    2975200 total
[2023-06-20T07:44:15.605+0000][70][gc,age      ] GC(63) - age  11:      26448 bytes,    3001648 total
[2023-06-20T07:44:15.606+0000][70][gc,age      ] GC(63) - age  12:     239736 bytes,    3241384 total
[2023-06-20T07:44:15.606+0000][70][gc,age      ] GC(63) - age  13:     132328 bytes,    3373712 total
[2023-06-20T07:44:15.607+0000][70][gc,heap     ] GC(63) Eden regions: 17->0(2)
[2023-06-20T07:44:15.607+0000][70][gc,heap     ] GC(63) Survivor regions: 1->1(3)
[2023-06-20T07:44:15.608+0000][70][gc,heap     ] GC(63) Old regions: 31->31
[2023-06-20T07:44:15.608+0000][70][gc,heap     ] GC(63) Archive regions: 2->2
[2023-06-20T07:44:15.609+0000][70][gc,heap     ] GC(63) Humongous regions: 2->2
[2023-06-20T07:44:15.610+0000][70][gc,metaspace] GC(63) Metaspace: 132458K(137600K)->132458K(137600K) NonClass: 115175K(118080K)->115175K(118080K) Class: 17283K(19520K)->17283K(19520K)
[2023-06-20T07:44:15.610+0000][70][gc          ] GC(63) Pause Young (Prepare Mixed) (G1 Evacuation Pause) 204M->137M(256M) 25.045ms
[2023-06-20T07:44:15.611+0000][70][gc,cpu      ] GC(63) User=0.02s Sys=0.00s Real=0.02s
[2023-06-20T07:44:15.611+0000][70][safepoint   ] Safepoint "G1CollectForAllocation", Time since last: 728860544 ns, Reaching safepoint: 299838 ns, At safepoint: 26020918 ns, Total: 26320756 ns
[2023-06-20T07:44:16.353+0000][70][gc,start    ] GC(64) Pause Young (Mixed) (G1 Evacuation Pause)
[2023-06-20T07:44:16.354+0000][70][gc,task     ] GC(64) Using 4 workers of 4 for evacuation
[2023-06-20T07:44:16.355+0000][70][gc,age      ] GC(64) Desired survivor size 2097152 bytes, new threshold 4 (max threshold 15)
[2023-06-20T07:44:16.365+0000][70][gc,phases   ] GC(64)   Pre Evacuate Collection Set: 0.2ms
[2023-06-20T07:44:16.365+0000][70][gc,phases   ] GC(64)   Merge Heap Roots: 0.2ms
[2023-06-20T07:44:16.366+0000][70][gc,phases   ] GC(64)   Evacuate Collection Set: 7.2ms
[2023-06-20T07:44:16.367+0000][70][gc,phases   ] GC(64)   Post Evacuate Collection Set: 1.0ms
[2023-06-20T07:44:16.367+0000][70][gc,phases   ] GC(64)   Other: 2.1ms
[2023-06-20T07:44:16.368+0000][70][gc,age      ] GC(64) Age table with threshold 4 (max threshold 15)
[2023-06-20T07:44:16.369+0000][70][gc,age      ] GC(64) - age   1:     478808 bytes,     478808 total
[2023-06-20T07:44:16.370+0000][70][gc,age      ] GC(64) - age   2:     716976 bytes,    1195784 total
[2023-06-20T07:44:16.371+0000][70][gc,age      ] GC(64) - age   3:     365768 bytes,    1561552 total
[2023-06-20T07:44:16.372+0000][70][gc,age      ] GC(64) - age   4:      48968 bytes,    1610520 total
[2023-06-20T07:44:16.373+0000][70][gc,heap     ] GC(64) Eden regions: 2->0(16)
[2023-06-20T07:44:16.373+0000][70][gc,heap     ] GC(64) Survivor regions: 1->1(1)
[2023-06-20T07:44:16.374+0000][70][gc,heap     ] GC(64) Old regions: 31->31
[2023-06-20T07:44:16.375+0000][70][gc,heap     ] GC(64) Archive regions: 2->2
[2023-06-20T07:44:16.376+0000][70][gc,heap     ] GC(64) Humongous regions: 2->2
[2023-06-20T07:44:16.377+0000][70][gc,metaspace] GC(64) Metaspace: 132517K(137600K)->132517K(137600K) NonClass: 115225K(118080K)->115225K(118080K) Class: 17291K(19520K)->17291K(19520K)
[2023-06-20T07:44:16.378+0000][70][gc          ] GC(64) Pause Young (Mixed) (G1 Evacuation Pause) 145M->136M(256M) 24.818ms
[2023-06-20T07:44:16.379+0000][70][gc,cpu      ] GC(64) User=0.03s Sys=0.00s Real=0.03s
[2023-06-20T07:44:16.379+0000][70][safepoint   ] Safepoint "G1CollectForAllocation", Time since last: 741625086 ns, Reaching safepoint: 242765 ns, At safepoint: 26359983 ns, Total: 26602748 ns
[2023-06-20T07:44:17.380+0000][70][safepoint   ] Safepoint "Cleanup", Time since last: 1000978670 ns, Reaching safepoint: 157094 ns, At safepoint: 9333 ns, Total: 166427 ns
[2023-06-20T07:44:18.382+0000][70][safepoint   ] Safepoint "Cleanup", Time since last: 1001336862 ns, Reaching safepoint: 330102 ns, At safepoint: 8703 ns, Total: 338805 ns
[2023-06-20T07:44:19.385+0000][70][safepoint   ] Safepoint "Cleanup", Time since last: 1002230460 ns, Reaching safepoint: 497418 ns, At safepoint: 98122 ns, Total: 595540 ns
[2023-06-20T07:44:20.387+0000][70][safepoint   ] Safepoint "Cleanup", Time since last: 1001780496 ns, Reaching safepoint: 188335 ns, At safepoint: 6250 ns, Total: 194585 ns
[2023-06-20T07:44:21.388+0000][70][safepoint   ] Safepoint "Cleanup", Time since last: 1001176195 ns, Reaching safepoint: 216766 ns, At safepoint: 16734 ns, Total: 233500 ns
[2023-06-20T07:44:23.390+0000][70][safepoint   ] Safepoint "Cleanup", Time since last: 2001597911 ns, Reaching safepoint: 530969 ns, At safepoint: 8117 ns, Total: 539086 ns
[2023-06-20T07:44:24.394+0000][70][safepoint   ] Safepoint "Cleanup", Time since last: 1002718325 ns, Reaching safepoint: 416033 ns, At safepoint: 11404 ns, Total: 427437 ns
[2023-06-20T07:44:26.349+0000][70][gc,start    ] GC(65) Pause Young (Concurrent Start) (G1 Evacuation Pause)
[2023-06-20T07:44:26.350+0000][70][gc,task     ] GC(65) Using 4 workers of 4 for evacuation
[2023-06-20T07:44:26.350+0000][70][gc,age      ] GC(65) Desired survivor size 6291456 bytes, new threshold 15 (max threshold 15)
[2023-06-20T07:44:26.357+0000][70][gc,phases   ] GC(65)   Pre Evacuate Collection Set: 0.5ms
[2023-06-20T07:44:26.358+0000][70][gc,phases   ] GC(65)   Merge Heap Roots: 0.2ms
[2023-06-20T07:44:26.359+0000][70][gc,phases   ] GC(65)   Evacuate Collection Set: 4.0ms
[2023-06-20T07:44:26.359+0000][70][gc,phases   ] GC(65)   Post Evacuate Collection Set: 0.9ms
[2023-06-20T07:44:26.360+0000][70][gc,phases   ] GC(65)   Other: 1.8ms
[2023-06-20T07:44:26.360+0000][70][gc,age      ] GC(65) Age table with threshold 15 (max threshold 15)
[2023-06-20T07:44:26.361+0000][70][gc,age      ] GC(65) - age   1:    1861456 bytes,    1861456 total
[2023-06-20T07:44:26.361+0000][70][gc,age      ] GC(65) - age   2:     145424 bytes,    2006880 total
[2023-06-20T07:44:26.361+0000][70][gc,age      ] GC(65) - age   3:     548280 bytes,    2555160 total
[2023-06-20T07:44:26.362+0000][70][gc,age      ] GC(65) - age   4:     365704 bytes,    2920864 total
[2023-06-20T07:44:26.362+0000][70][gc,age      ] GC(65) - age   5:      48680 bytes,    2969544 total
[2023-06-20T07:44:26.363+0000][70][gc,heap     ] GC(65) Eden regions: 16->0(16)
[2023-06-20T07:44:26.363+0000][70][gc,heap     ] GC(65) Survivor regions: 1->1(3)
[2023-06-20T07:44:26.363+0000][70][gc,heap     ] GC(65) Old regions: 31->31
[2023-06-20T07:44:26.364+0000][70][gc,heap     ] GC(65) Archive regions: 2->2
[2023-06-20T07:44:26.364+0000][70][gc,heap     ] GC(65) Humongous regions: 2->2
[2023-06-20T07:44:26.365+0000][70][gc,metaspace] GC(65) Metaspace: 132692K(137600K)->132692K(137600K) NonClass: 115388K(118080K)->115388K(118080K) Class: 17304K(19520K)->17304K(19520K)
[2023-06-20T07:44:26.365+0000][70][gc          ] GC(65) Pause Young (Concurrent Start) (G1 Evacuation Pause) 200M->138M(256M) 16.212ms
[2023-06-20T07:44:26.366+0000][70][gc,cpu      ] GC(65) User=0.02s Sys=0.00s Real=0.02s
[2023-06-20T07:44:26.366+0000][70][gc          ] GC(66) Concurrent Mark Cycle
[2023-06-20T07:44:26.366+0000][70][gc,marking  ] GC(66) Concurrent Clear Claimed Marks
[2023-06-20T07:44:26.366+0000][70][safepoint   ] Safepoint "G1CollectForAllocation", Time since last: 1955075026 ns, Reaching safepoint: 198878 ns, At safepoint: 17157834 ns, Total: 17356712 ns
[2023-06-20T07:44:26.367+0000][70][gc,marking  ] GC(66) Concurrent Clear Claimed Marks 0.964ms
[2023-06-20T07:44:26.368+0000][70][gc,marking  ] GC(66) Concurrent Scan Root Regions
[2023-06-20T07:44:26.376+0000][70][gc,marking  ] GC(66) Concurrent Scan Root Regions 7.362ms
[2023-06-20T07:44:26.376+0000][70][gc,marking  ] GC(66) Concurrent Mark
[2023-06-20T07:44:26.377+0000][70][gc,marking  ] GC(66) Concurrent Mark From Roots
[2023-06-20T07:44:26.378+0000][70][gc,task     ] GC(66) Using 1 workers of 1 for marking
[2023-06-20T07:44:26.548+0000][70][gc,marking  ] GC(66) Concurrent Mark From Roots 171.692ms
[2023-06-20T07:44:26.549+0000][70][gc,marking  ] GC(66) Concurrent Preclean
[2023-06-20T07:44:26.550+0000][70][gc,marking  ] GC(66) Concurrent Preclean 1.011ms
[2023-06-20T07:44:26.552+0000][70][gc,start    ] GC(66) Pause Remark
[2023-06-20T07:44:26.567+0000][70][gc          ] GC(66) Pause Remark 140M->140M(256M) 14.914ms
[2023-06-20T07:44:26.568+0000][70][gc,cpu      ] GC(66) User=0.04s Sys=0.00s Real=0.02s
[2023-06-20T07:44:26.569+0000][70][safepoint   ] Safepoint "G1PauseRemark", Time since last: 185598956 ns, Reaching safepoint: 99201 ns, At safepoint: 17127732 ns, Total: 17226933 ns
[2023-06-20T07:44:26.574+0000][70][gc,marking  ] GC(66) Concurrent Mark 198.362ms
[2023-06-20T07:44:26.575+0000][70][gc,marking  ] GC(66) Concurrent Rebuild Remembered Sets
[2023-06-20T07:44:26.672+0000][70][gc,marking  ] GC(66) Concurrent Rebuild Remembered Sets 96.718ms
[2023-06-20T07:44:26.673+0000][70][gc,start    ] GC(66) Pause Cleanup
[2023-06-20T07:44:26.674+0000][70][gc          ] GC(66) Pause Cleanup 144M->144M(256M) 0.781ms
[2023-06-20T07:44:26.674+0000][70][gc,cpu      ] GC(66) User=0.00s Sys=0.01s Real=0.00s
[2023-06-20T07:44:26.675+0000][70][safepoint   ] Safepoint "G1PauseCleanup", Time since last: 104036424 ns, Reaching safepoint: 113316 ns, At safepoint: 2127590 ns, Total: 2240906 ns
[2023-06-20T07:44:26.676+0000][70][gc,marking  ] GC(66) Concurrent Cleanup for Next Mark
[2023-06-20T07:44:26.676+0000][70][gc,marking  ] GC(66) Concurrent Cleanup for Next Mark 0.662ms
[2023-06-20T07:44:26.677+0000][70][gc          ] GC(66) Concurrent Mark Cycle 311.266ms
[2023-06-20T07:44:27.677+0000][70][safepoint   ] Safepoint "Cleanup", Time since last: 1001219643 ns, Reaching safepoint: 385442 ns, At safepoint: 7023 ns, Total: 392465 ns
[2023-06-20T07:44:28.682+0000][70][safepoint   ] Safepoint "Cleanup", Time since last: 1004653078 ns, Reaching safepoint: 202481 ns, At safepoint: 6526 ns, Total: 209007 ns
[2023-06-20T07:44:29.684+0000][70][safepoint   ] Safepoint "Cleanup", Time since last: 1002418401 ns, Reaching safepoint: 171188 ns, At safepoint: 5741 ns, Total: 176929 ns
[2023-06-20T07:44:32.687+0000][70][safepoint   ] Safepoint "Cleanup", Time since last: 3002832303 ns, Reaching safepoint: 102050 ns, At safepoint: 4235 ns, Total: 106285 ns
[2023-06-20T07:44:33.688+0000][70][safepoint   ] Safepoint "Cleanup", Time since last: 1001337725 ns, Reaching safepoint: 68870 ns, At safepoint: 3088 ns, Total: 71958 ns
[2023-06-20T07:44:34.691+0000][70][safepoint   ] Safepoint "Cleanup", Time since last: 1001022394 ns, Reaching safepoint: 1163945 ns, At safepoint: 33531 ns, Total: 1197476 ns
[2023-06-20T07:44:35.694+0000][70][safepoint   ] Safepoint "Cleanup", Time since last: 1002744289 ns, Reaching safepoint: 411636 ns, At safepoint: 24002 ns, Total: 435638 ns
[2023-06-20T07:44:36.698+0000][70][safepoint   ] Safepoint "Cleanup", Time since last: 1003244767 ns, Reaching safepoint: 547385 ns, At safepoint: 59904 ns, Total: 607289 ns
[2023-06-20T07:44:38.702+0000][70][safepoint   ] Safepoint "Cleanup", Time since last: 2004323700 ns, Reaching safepoint: 256871 ns, At safepoint: 36052 ns, Total: 292923 ns
[2023-06-20T07:44:39.705+0000][70][safepoint   ] Safepoint "Cleanup", Time since last: 1002340714 ns, Reaching safepoint: 243450 ns, At safepoint: 10975 ns, Total: 254425 ns
[2023-06-20T07:44:41.710+0000][70][safepoint   ] Safepoint "Cleanup", Time since last: 2004190955 ns, Reaching safepoint: 350875 ns, At safepoint: 24156 ns, Total: 375031 ns
[2023-06-20T07:44:43.700+0000][70][safepoint   ] Safepoint "Cleanup", Time since last: 2002832676 ns, Reaching safepoint: 163971 ns, At safepoint: 5650 ns, Total: 169621 ns
[2023-06-20T07:44:43.923+0000][70][gc,start    ] GC(67) Pause Young (Prepare Mixed) (G1 Evacuation Pause)
[2023-06-20T07:44:43.926+0000][70][gc,task     ] GC(67) Using 4 workers of 4 for evacuation
[2023-06-20T07:44:43.928+0000][70][gc,age      ] GC(67) Desired survivor size 6291456 bytes, new threshold 15 (max threshold 15)
[2023-06-20T07:44:43.937+0000][70][gc,phases   ] GC(67)   Pre Evacuate Collection Set: 0.3ms
[2023-06-20T07:44:43.939+0000][70][gc,phases   ] GC(67)   Merge Heap Roots: 0.2ms
[2023-06-20T07:44:43.940+0000][70][gc,phases   ] GC(67)   Evacuate Collection Set: 5.3ms
[2023-06-20T07:44:43.941+0000][70][gc,phases   ] GC(67)   Post Evacuate Collection Set: 1.4ms
[2023-06-20T07:44:43.942+0000][70][gc,phases   ] GC(67)   Other: 4.2ms
[2023-06-20T07:44:43.944+0000][70][gc,age      ] GC(67) Age table with threshold 15 (max threshold 15)
[2023-06-20T07:44:43.945+0000][70][gc,age      ] GC(67) - age   1:     780656 bytes,     780656 total
[2023-06-20T07:44:43.946+0000][70][gc,age      ] GC(67) - age   2:    1031480 bytes,    1812136 total
[2023-06-20T07:44:43.946+0000][70][gc,age      ] GC(67) - age   3:      32040 bytes,    1844176 total
[2023-06-20T07:44:43.947+0000][70][gc,age      ] GC(67) - age   4:     433584 bytes,    2277760 total
[2023-06-20T07:44:43.948+0000][70][gc,age      ] GC(67) - age   5:     365704 bytes,    2643464 total
[2023-06-20T07:44:43.948+0000][70][gc,age      ] GC(67) - age   6:      48680 bytes,    2692144 total
[2023-06-20T07:44:43.949+0000][70][gc,heap     ] GC(67) Eden regions: 16->0(2)
[2023-06-20T07:44:43.950+0000][70][gc,heap     ] GC(67) Survivor regions: 1->1(3)
[2023-06-20T07:44:43.950+0000][70][gc,heap     ] GC(67) Old regions: 31->31
[2023-06-20T07:44:43.951+0000][70][gc,heap     ] GC(67) Archive regions: 2->2
[2023-06-20T07:44:43.951+0000][70][gc,heap     ] GC(67) Humongous regions: 2->2
[2023-06-20T07:44:43.952+0000][70][gc,metaspace] GC(67) Metaspace: 132770K(137600K)->132770K(137600K) NonClass: 115467K(118080K)->115467K(118080K) Class: 17303K(19520K)->17303K(19520K)
[2023-06-20T07:44:43.953+0000][70][gc          ] GC(67) Pause Young (Prepare Mixed) (G1 Evacuation Pause) 202M->137M(256M) 29.748ms
[2023-06-20T07:44:43.953+0000][70][gc,cpu      ] GC(67) User=0.02s Sys=0.00s Real=0.03s
[2023-06-20T07:44:43.954+0000][70][safepoint   ] Safepoint "G1CollectForAllocation", Time since last: 222467472 ns, Reaching safepoint: 115840 ns, At safepoint: 31306763 ns, Total: 31422603 ns
[2023-06-20T07:44:44.525+0000][70][gc,start    ] GC(68) Pause Young (Mixed) (G1 Evacuation Pause)
[2023-06-20T07:44:44.526+0000][70][gc,task     ] GC(68) Using 4 workers of 4 for evacuation
[2023-06-20T07:44:44.527+0000][70][gc,age      ] GC(68) Desired survivor size 2097152 bytes, new threshold 4 (max threshold 15)
[2023-06-20T07:44:44.533+0000][70][gc,phases   ] GC(68)   Pre Evacuate Collection Set: 0.1ms
[2023-06-20T07:44:44.534+0000][70][gc,phases   ] GC(68)   Merge Heap Roots: 0.1ms
[2023-06-20T07:44:44.534+0000][70][gc,phases   ] GC(68)   Evacuate Collection Set: 4.9ms
[2023-06-20T07:44:44.535+0000][70][gc,phases   ] GC(68)   Post Evacuate Collection Set: 0.9ms
[2023-06-20T07:44:44.535+0000][70][gc,phases   ] GC(68)   Other: 1.0ms
[2023-06-20T07:44:44.536+0000][70][gc,age      ] GC(68) Age table with threshold 4 (max threshold 15)
[2023-06-20T07:44:44.536+0000][70][gc,age      ] GC(68) - age   1:     473000 bytes,     473000 total
[2023-06-20T07:44:44.536+0000][70][gc,age      ] GC(68) - age   2:     643888 bytes,    1116888 total
[2023-06-20T07:44:44.537+0000][70][gc,age      ] GC(68) - age   3:    1028368 bytes,    2145256 total
[2023-06-20T07:44:44.537+0000][70][gc,age      ] GC(68) - age   4:      32040 bytes,    2177296 total
[2023-06-20T07:44:44.538+0000][70][gc,heap     ] GC(68) Eden regions: 2->0(16)
[2023-06-20T07:44:44.538+0000][70][gc,heap     ] GC(68) Survivor regions: 1->1(1)
[2023-06-20T07:44:44.539+0000][70][gc,heap     ] GC(68) Old regions: 31->31
[2023-06-20T07:44:44.539+0000][70][gc,heap     ] GC(68) Archive regions: 2->2
[2023-06-20T07:44:44.539+0000][70][gc,heap     ] GC(68) Humongous regions: 2->2
[2023-06-20T07:44:44.540+0000][70][gc,metaspace] GC(68) Metaspace: 132788K(137600K)->132788K(137600K) NonClass: 115485K(118080K)->115485K(118080K) Class: 17303K(19520K)->17303K(19520K)
[2023-06-20T07:44:44.541+0000][70][gc          ] GC(68) Pause Young (Mixed) (G1 Evacuation Pause) 145M->137M(256M) 15.100ms
[2023-06-20T07:44:44.541+0000][70][gc,cpu      ] GC(68) User=0.02s Sys=0.01s Real=0.01s
[2023-06-20T07:44:44.542+0000][70][safepoint   ] Safepoint "G1CollectForAllocation", Time since last: 571103196 ns, Reaching safepoint: 98438 ns, At safepoint: 16136587 ns, Total: 16235025 ns
[2023-06-20T07:44:45.543+0000][70][safepoint   ] Safepoint "Cleanup", Time since last: 1000791141 ns, Reaching safepoint: 227468 ns, At safepoint: 39580 ns, Total: 267048 ns
[2023-06-20T07:44:46.544+0000][70][safepoint   ] Safepoint "Cleanup", Time since last: 1001556656 ns, Reaching safepoint: 239090 ns, At safepoint: 26799 ns, Total: 265889 ns
[2023-06-20T07:44:47.547+0000][70][safepoint   ] Safepoint "Cleanup", Time since last: 1001806173 ns, Reaching safepoint: 539935 ns, At safepoint: 26761 ns, Total: 566696 ns
[2023-06-20T07:44:48.550+0000][70][safepoint   ] Safepoint "Cleanup", Time since last: 1002279671 ns, Reaching safepoint: 456232 ns, At safepoint: 25792 ns, Total: 482024 ns
[2023-06-20T07:44:50.552+0000][70][safepoint   ] Safepoint "Cleanup", Time since last: 2002317442 ns, Reaching safepoint: 156873 ns, At safepoint: 3965 ns, Total: 160838 ns
[2023-06-20T07:44:51.554+0000][70][safepoint   ] Safepoint "Cleanup", Time since last: 1001141508 ns, Reaching safepoint: 732427 ns, At safepoint: 26595 ns, Total: 759022 ns
[2023-06-20T07:44:53.558+0000][70][safepoint   ] Safepoint "Cleanup", Time since last: 2003566430 ns, Reaching safepoint: 272773 ns, At safepoint: 12939 ns, Total: 285712 ns
[2023-06-20T07:44:56.562+0000][70][safepoint   ] Safepoint "Cleanup", Time since last: 3003942634 ns, Reaching safepoint: 257013 ns, At safepoint: 58227 ns, Total: 315240 ns
[2023-06-20T07:44:57.565+0000][70][safepoint   ] Safepoint "Cleanup", Time since last: 1002187083 ns, Reaching safepoint: 739318 ns, At safepoint: 36015 ns, Total: 775333 ns
[2023-06-20T07:44:58.571+0000][70][safepoint   ] Safepoint "Cleanup", Time since last: 1006225978 ns, Reaching safepoint: 226598 ns, At safepoint: 14376 ns, Total: 240974 ns
[2023-06-20T07:44:59.575+0000][70][safepoint   ] Safepoint "Cleanup", Time since last: 1002893085 ns, Reaching safepoint: 251746 ns, At safepoint: 6832 ns, Total: 258578 ns
[2023-06-20T07:45:02.580+0000][70][safepoint   ] Safepoint "Cleanup", Time since last: 3005012770 ns, Reaching safepoint: 211626 ns, At safepoint: 4521 ns, Total: 216147 ns
[2023-06-20T07:45:03.517+0000][70][gc,start    ] GC(69) Pause Young (Concurrent Start) (G1 Evacuation Pause)
[2023-06-20T07:45:03.518+0000][70][gc,task     ] GC(69) Using 4 workers of 4 for evacuation
[2023-06-20T07:45:03.520+0000][70][gc,age      ] GC(69) Desired survivor size 6291456 bytes, new threshold 15 (max threshold 15)
[2023-06-20T07:45:03.525+0000][70][gc,phases   ] GC(69)   Pre Evacuate Collection Set: 0.7ms
[2023-06-20T07:45:03.526+0000][70][gc,phases   ] GC(69)   Merge Heap Roots: 0.1ms
[2023-06-20T07:45:03.527+0000][70][gc,phases   ] GC(69)   Evacuate Collection Set: 1.9ms
[2023-06-20T07:45:03.528+0000][70][gc,phases   ] GC(69)   Post Evacuate Collection Set: 1.1ms
[2023-06-20T07:45:03.529+0000][70][gc,phases   ] GC(69)   Other: 2.8ms
[2023-06-20T07:45:03.530+0000][70][gc,age      ] GC(69) Age table with threshold 15 (max threshold 15)
[2023-06-20T07:45:03.531+0000][70][gc,age      ] GC(69) - age   1:     771928 bytes,     771928 total
[2023-06-20T07:45:03.532+0000][70][gc,age      ] GC(69) - age   2:         64 bytes,     771992 total
[2023-06-20T07:45:03.532+0000][70][gc,age      ] GC(69) - age   3:      38784 bytes,     810776 total
[2023-06-20T07:45:03.533+0000][70][gc,age      ] GC(69) - age   4:    1022008 bytes,    1832784 total
[2023-06-20T07:45:03.533+0000][70][gc,age      ] GC(69) - age   5:      27784 bytes,    1860568 total
[2023-06-20T07:45:03.534+0000][70][gc,heap     ] GC(69) Eden regions: 16->0(17)
[2023-06-20T07:45:03.534+0000][70][gc,heap     ] GC(69) Survivor regions: 1->1(3)
[2023-06-20T07:45:03.535+0000][70][gc,heap     ] GC(69) Old regions: 31->31
[2023-06-20T07:45:03.535+0000][70][gc,heap     ] GC(69) Archive regions: 2->2
[2023-06-20T07:45:03.536+0000][70][gc,heap     ] GC(69) Humongous regions: 2->2
[2023-06-20T07:45:03.536+0000][70][gc,metaspace] GC(69) Metaspace: 132952K(137664K)->132952K(137664K) NonClass: 115648K(118144K)->115648K(118144K) Class: 17304K(19520K)->17304K(19520K)
[2023-06-20T07:45:03.537+0000][70][gc          ] GC(69) Pause Young (Concurrent Start) (G1 Evacuation Pause) 201M->137M(256M) 19.391ms
[2023-06-20T07:45:03.537+0000][70][gc,cpu      ] GC(69) User=0.00s Sys=0.00s Real=0.02s
[2023-06-20T07:45:03.537+0000][70][gc          ] GC(70) Concurrent Mark Cycle
[2023-06-20T07:45:03.540+0000][70][gc,marking  ] GC(70) Concurrent Clear Claimed Marks
[2023-06-20T07:45:03.540+0000][70][gc,marking  ] GC(70) Concurrent Clear Claimed Marks 0.768ms
[2023-06-20T07:45:03.541+0000][70][gc,marking  ] GC(70) Concurrent Scan Root Regions
[2023-06-20T07:45:03.539+0000][70][safepoint   ] Safepoint "G1CollectForAllocation", Time since last: 937325718 ns, Reaching safepoint: 122762 ns, At safepoint: 21373591 ns, Total: 21496353 ns
[2023-06-20T07:45:03.543+0000][70][gc,marking  ] GC(70) Concurrent Scan Root Regions 2.556ms
[2023-06-20T07:45:03.544+0000][70][gc,marking  ] GC(70) Concurrent Mark
[2023-06-20T07:45:03.545+0000][70][gc,marking  ] GC(70) Concurrent Mark From Roots
[2023-06-20T07:45:03.545+0000][70][gc,task     ] GC(70) Using 1 workers of 1 for marking
[2023-06-20T07:45:03.720+0000][70][gc,marking  ] GC(70) Concurrent Mark From Roots 175.336ms
[2023-06-20T07:45:03.721+0000][70][gc,marking  ] GC(70) Concurrent Preclean
[2023-06-20T07:45:03.722+0000][70][gc,marking  ] GC(70) Concurrent Preclean 0.871ms
[2023-06-20T07:45:03.723+0000][70][gc,start    ] GC(70) Pause Remark
[2023-06-20T07:45:03.734+0000][70][gc          ] GC(70) Pause Remark 138M->138M(256M) 11.349ms
[2023-06-20T07:45:03.735+0000][70][gc,cpu      ] GC(70) User=0.02s Sys=0.00s Real=0.01s
[2023-06-20T07:45:03.736+0000][70][safepoint   ] Safepoint "G1PauseRemark", Time since last: 183941745 ns, Reaching safepoint: 112826 ns, At safepoint: 13001191 ns, Total: 13114017 ns
[2023-06-20T07:45:03.736+0000][70][gc,marking  ] GC(70) Concurrent Mark 192.152ms
[2023-06-20T07:45:03.737+0000][70][gc,marking  ] GC(70) Concurrent Rebuild Remembered Sets
[2023-06-20T07:45:03.834+0000][70][gc,marking  ] GC(70) Concurrent Rebuild Remembered Sets 96.421ms
[2023-06-20T07:45:03.835+0000][70][gc,start    ] GC(70) Pause Cleanup
[2023-06-20T07:45:03.836+0000][70][gc          ] GC(70) Pause Cleanup 139M->139M(256M) 0.829ms
[2023-06-20T07:45:03.837+0000][70][gc,cpu      ] GC(70) User=0.00s Sys=0.00s Real=0.00s
[2023-06-20T07:45:03.837+0000][70][safepoint   ] Safepoint "G1PauseCleanup", Time since last: 99256438 ns, Reaching safepoint: 176457 ns, At safepoint: 1975560 ns, Total: 2152017 ns
[2023-06-20T07:45:03.838+0000][70][gc,marking  ] GC(70) Concurrent Cleanup for Next Mark
[2023-06-20T07:45:03.839+0000][70][gc,marking  ] GC(70) Concurrent Cleanup for Next Mark 1.085ms
[2023-06-20T07:45:03.840+0000][70][gc          ] GC(70) Concurrent Mark Cycle 302.507ms
[2023-06-20T07:45:04.839+0000][70][safepoint   ] Safepoint "Cleanup", Time since last: 1001430274 ns, Reaching safepoint: 871363 ns, At safepoint: 18985 ns, Total: 890348 ns
[2023-06-20T07:45:07.846+0000][70][safepoint   ] Safepoint "Cleanup", Time since last: 3006234027 ns, Reaching safepoint: 552829 ns, At safepoint: 105531 ns, Total: 658360 ns
[2023-06-20T07:45:08.850+0000][70][safepoint   ] Safepoint "Cleanup", Time since last: 1002713614 ns, Reaching safepoint: 551548 ns, At safepoint: 39483 ns, Total: 591031 ns
[2023-06-20T07:45:09.852+0000][70][safepoint   ] Safepoint "Cleanup", Time since last: 1002034798 ns, Reaching safepoint: 468852 ns, At safepoint: 32312 ns, Total: 501164 ns
[2023-06-20T07:45:10.855+0000][70][safepoint   ] Safepoint "Cleanup", Time since last: 1002445259 ns, Reaching safepoint: 251834 ns, At safepoint: 7068 ns, Total: 258902 ns
[2023-06-20T07:45:13.837+0000][70][safepoint   ] Safepoint "Cleanup", Time since last: 3002751662 ns, Reaching safepoint: 252182 ns, At safepoint: 5814 ns, Total: 257996 ns
[2023-06-20T07:45:14.840+0000][70][safepoint   ] Safepoint "Cleanup", Time since last: 1002030703 ns, Reaching safepoint: 507213 ns, At safepoint: 104488 ns, Total: 611701 ns
[2023-06-20T07:45:17.847+0000][70][safepoint   ] Safepoint "Cleanup", Time since last: 3006112996 ns, Reaching safepoint: 586103 ns, At safepoint: 14255 ns, Total: 600358 ns
[2023-06-20T07:45:20.853+0000][70][safepoint   ] Safepoint "Cleanup", Time since last: 3005645944 ns, Reaching safepoint: 355531 ns, At safepoint: 11299 ns, Total: 366830 ns
[2023-06-20T07:45:21.731+0000][70][gc,start    ] GC(71) Pause Young (Prepare Mixed) (G1 Evacuation Pause)
[2023-06-20T07:45:21.731+0000][70][gc,task     ] GC(71) Using 4 workers of 4 for evacuation
[2023-06-20T07:45:21.732+0000][70][gc,age      ] GC(71) Desired survivor size 6291456 bytes, new threshold 15 (max threshold 15)
[2023-06-20T07:45:21.739+0000][70][gc,phases   ] GC(71)   Pre Evacuate Collection Set: 0.1ms
[2023-06-20T07:45:21.740+0000][70][gc,phases   ] GC(71)   Merge Heap Roots: 0.2ms
[2023-06-20T07:45:21.741+0000][70][gc,phases   ] GC(71)   Evacuate Collection Set: 3.6ms
[2023-06-20T07:45:21.742+0000][70][gc,phases   ] GC(71)   Post Evacuate Collection Set: 1.6ms
[2023-06-20T07:45:21.743+0000][70][gc,phases   ] GC(71)   Other: 1.7ms
[2023-06-20T07:45:21.744+0000][70][gc,age      ] GC(71) Age table with threshold 15 (max threshold 15)
[2023-06-20T07:45:21.744+0000][70][gc,age      ] GC(71) - age   1:    1296144 bytes,    1296144 total
[2023-06-20T07:45:21.745+0000][70][gc,age      ] GC(71) - age   2:     352032 bytes,    1648176 total
[2023-06-20T07:45:21.745+0000][70][gc,age      ] GC(71) - age   4:      36232 bytes,    1684408 total
[2023-06-20T07:45:21.746+0000][70][gc,age      ] GC(71) - age   5:    1013616 bytes,    2698024 total
[2023-06-20T07:45:21.747+0000][70][gc,age      ] GC(71) - age   6:      19016 bytes,    2717040 total
[2023-06-20T07:45:21.747+0000][70][gc,heap     ] GC(71) Eden regions: 17->0(2)
[2023-06-20T07:45:21.747+0000][70][gc,heap     ] GC(71) Survivor regions: 1->1(3)
[2023-06-20T07:45:21.748+0000][70][gc,heap     ] GC(71) Old regions: 31->31
[2023-06-20T07:45:21.748+0000][70][gc,heap     ] GC(71) Archive regions: 2->2
[2023-06-20T07:45:21.749+0000][70][gc,heap     ] GC(71) Humongous regions: 2->2
[2023-06-20T07:45:21.750+0000][70][gc,metaspace] GC(71) Metaspace: 133048K(137728K)->133048K(137728K) NonClass: 115743K(118208K)->115743K(118208K) Class: 17305K(19520K)->17305K(19520K)
[2023-06-20T07:45:21.750+0000][70][gc          ] GC(71) Pause Young (Prepare Mixed) (G1 Evacuation Pause) 205M->138M(256M) 19.717ms
[2023-06-20T07:45:21.751+0000][70][gc,cpu      ] GC(71) User=0.01s Sys=0.00s Real=0.02s
[2023-06-20T07:45:21.751+0000][70][safepoint   ] Safepoint "G1CollectForAllocation", Time since last: 877583567 ns, Reaching safepoint: 99145 ns, At safepoint: 20873304 ns, Total: 20972449 ns
[2023-06-20T07:45:22.752+0000][70][safepoint   ] Safepoint "Cleanup", Time since last: 1000900760 ns, Reaching safepoint: 98695 ns, At safepoint: 3578 ns, Total: 102273 ns
[2023-06-20T07:45:23.754+0000][70][safepoint   ] Safepoint "Cleanup", Time since last: 1000936085 ns, Reaching safepoint: 285270 ns, At safepoint: 24942 ns, Total: 310212 ns
[2023-06-20T07:45:25.734+0000][70][gc,start    ] GC(72) Pause Young (Mixed) (G1 Evacuation Pause)
[2023-06-20T07:45:25.736+0000][70][gc,task     ] GC(72) Using 4 workers of 4 for evacuation
[2023-06-20T07:45:25.738+0000][70][gc,age      ] GC(72) Desired survivor size 2097152 bytes, new threshold 5 (max threshold 15)
[2023-06-20T07:45:25.756+0000][70][gc,phases   ] GC(72)   Pre Evacuate Collection Set: 0.3ms
[2023-06-20T07:45:25.757+0000][70][gc,phases   ] GC(72)   Merge Heap Roots: 0.3ms
[2023-06-20T07:45:25.758+0000][70][gc,phases   ] GC(72)   Evacuate Collection Set: 15.1ms
[2023-06-20T07:45:25.759+0000][70][gc,phases   ] GC(72)   Post Evacuate Collection Set: 1.2ms
[2023-06-20T07:45:25.760+0000][70][gc,phases   ] GC(72)   Other: 3.0ms
[2023-06-20T07:45:25.760+0000][70][gc,age      ] GC(72) Age table with threshold 5 (max threshold 15)
[2023-06-20T07:45:25.761+0000][70][gc,age      ] GC(72) - age   1:     156352 bytes,     156352 total
[2023-06-20T07:45:25.762+0000][70][gc,age      ] GC(72) - age   2:      48656 bytes,     205008 total
[2023-06-20T07:45:25.763+0000][70][gc,age      ] GC(72) - age   3:       9024 bytes,     214032 total
[2023-06-20T07:45:25.763+0000][70][gc,age      ] GC(72) - age   5:      36232 bytes,     250264 total
[2023-06-20T07:45:25.764+0000][70][gc,heap     ] GC(72) Eden regions: 2->0(17)
[2023-06-20T07:45:25.766+0000][70][gc,heap     ] GC(72) Survivor regions: 1->1(1)
[2023-06-20T07:45:25.766+0000][70][gc,heap     ] GC(72) Old regions: 31->31
[2023-06-20T07:45:25.767+0000][70][gc,heap     ] GC(72) Archive regions: 2->2
[2023-06-20T07:45:25.767+0000][70][gc,heap     ] GC(72) Humongous regions: 2->2
[2023-06-20T07:45:25.768+0000][70][gc,metaspace] GC(72) Metaspace: 133081K(137728K)->133081K(137728K) NonClass: 115775K(118208K)->115775K(118208K) Class: 17305K(19520K)->17305K(19520K)
[2023-06-20T07:45:25.769+0000][70][gc          ] GC(72) Pause Young (Mixed) (G1 Evacuation Pause) 145M->136M(256M) 34.230ms
[2023-06-20T07:45:25.769+0000][70][gc,cpu      ] GC(72) User=0.05s Sys=0.01s Real=0.03s
[2023-06-20T07:45:25.770+0000][70][safepoint   ] Safepoint "G1CollectForAllocation", Time since last: 1980432201 ns, Reaching safepoint: 150298 ns, At safepoint: 35295834 ns, Total: 35446132 ns
[2023-06-20T07:45:26.772+0000][70][safepoint   ] Safepoint "Cleanup", Time since last: 1000961538 ns, Reaching safepoint: 851829 ns, At safepoint: 225189 ns, Total: 1077018 ns
[2023-06-20T07:45:28.775+0000][70][safepoint   ] Safepoint "Cleanup", Time since last: 2003324624 ns, Reaching safepoint: 190049 ns, At safepoint: 8699 ns, Total: 198748 ns
[2023-06-20T07:45:30.782+0000][70][safepoint   ] Safepoint "Cleanup", Time since last: 2005810042 ns, Reaching safepoint: 475461 ns, At safepoint: 30343 ns, Total: 505804 ns
[2023-06-20T07:45:32.785+0000][70][safepoint   ] Safepoint "Cleanup", Time since last: 2003913307 ns, Reaching safepoint: 151585 ns, At safepoint: 4358 ns, Total: 155943 ns
[2023-06-20T07:45:33.787+0000][70][safepoint   ] Safepoint "Cleanup", Time since last: 1001409449 ns, Reaching safepoint: 385044 ns, At safepoint: 6200 ns, Total: 391244 ns
[2023-06-20T07:45:35.791+0000][70][safepoint   ] Safepoint "Cleanup", Time since last: 2002989413 ns, Reaching safepoint: 706920 ns, At safepoint: 21473 ns, Total: 728393 ns
[2023-06-20T07:45:37.796+0000][70][safepoint   ] Safepoint "Cleanup", Time since last: 2004531297 ns, Reaching safepoint: 215916 ns, At safepoint: 6250 ns, Total: 222166 ns
[2023-06-20T07:45:38.799+0000][70][safepoint   ] Safepoint "Cleanup", Time since last: 1002751288 ns, Reaching safepoint: 290700 ns, At safepoint: 14719 ns, Total: 305419 ns
[2023-06-20T07:45:39.803+0000][70][safepoint   ] Safepoint "Cleanup", Time since last: 1003040307 ns, Reaching safepoint: 624806 ns, At safepoint: 31971 ns, Total: 656777 ns
[2023-06-20T07:45:41.809+0000][70][safepoint   ] Safepoint "Cleanup", Time since last: 2005489744 ns, Reaching safepoint: 673792 ns, At safepoint: 30886 ns, Total: 704678 ns
[2023-06-20T07:45:44.241+0000][70][safepoint   ] Safepoint "Cleanup", Time since last: 2452827019 ns, Reaching safepoint: 127517 ns, At safepoint: 3392 ns, Total: 130909 ns
[2023-06-20T07:45:45.242+0000][70][safepoint   ] Safepoint "Cleanup", Time since last: 1001208363 ns, Reaching safepoint: 155661 ns, At safepoint: 13253 ns, Total: 168914 ns
[2023-06-20T07:45:45.552+0000][70][gc,start    ] GC(73) Pause Young (Concurrent Start) (G1 Evacuation Pause)
[2023-06-20T07:45:45.554+0000][70][gc,task     ] GC(73) Using 4 workers of 4 for evacuation
[2023-06-20T07:45:45.573+0000][70][gc,age      ] GC(73) Desired survivor size 6291456 bytes, new threshold 15 (max threshold 15)
[2023-06-20T07:45:45.579+0000][70][gc,phases   ] GC(73)   Pre Evacuate Collection Set: 0.4ms
[2023-06-20T07:45:45.580+0000][70][gc,phases   ] GC(73)   Merge Heap Roots: 0.1ms
[2023-06-20T07:45:45.580+0000][70][gc,phases   ] GC(73)   Evacuate Collection Set: 2.8ms
[2023-06-20T07:45:45.581+0000][70][gc,phases   ] GC(73)   Post Evacuate Collection Set: 1.0ms
[2023-06-20T07:45:45.581+0000][70][gc,phases   ] GC(73)   Other: 20.8ms
[2023-06-20T07:45:45.581+0000][70][gc,age      ] GC(73) Age table with threshold 15 (max threshold 15)
[2023-06-20T07:45:45.582+0000][70][gc,age      ] GC(73) - age   1:    2309680 bytes,    2309680 total
[2023-06-20T07:45:45.582+0000][70][gc,age      ] GC(73) - age   2:     111744 bytes,    2421424 total
[2023-06-20T07:45:45.583+0000][70][gc,age      ] GC(73) - age   3:      37632 bytes,    2459056 total
[2023-06-20T07:45:45.584+0000][70][gc,age      ] GC(73) - age   4:       8400 bytes,    2467456 total
[2023-06-20T07:45:45.584+0000][70][gc,age      ] GC(73) - age   6:      36040 bytes,    2503496 total
[2023-06-20T07:45:45.585+0000][70][gc,heap     ] GC(73) Eden regions: 17->0(16)
[2023-06-20T07:45:45.585+0000][70][gc,heap     ] GC(73) Survivor regions: 1->1(3)
[2023-06-20T07:45:45.586+0000][70][gc,heap     ] GC(73) Old regions: 31->31
[2023-06-20T07:45:45.586+0000][70][gc,heap     ] GC(73) Archive regions: 2->2
[2023-06-20T07:45:45.587+0000][70][gc,heap     ] GC(73) Humongous regions: 2->2
[2023-06-20T07:45:45.587+0000][70][gc,metaspace] GC(73) Metaspace: 133304K(137792K)->133304K(137792K) NonClass: 115993K(118272K)->115993K(118272K) Class: 17310K(19520K)->17310K(19520K)
[2023-06-20T07:45:45.588+0000][70][gc          ] GC(73) Pause Young (Concurrent Start) (G1 Evacuation Pause) 204M->138M(256M) 35.332ms
[2023-06-20T07:45:45.588+0000][70][gc,cpu      ] GC(73) User=0.01s Sys=0.00s Real=0.03s
[2023-06-20T07:45:45.589+0000][70][safepoint   ] Safepoint "G1CollectForAllocation", Time since last: 310350457 ns, Reaching safepoint: 107046 ns, At safepoint: 36348276 ns, Total: 36455322 ns
[2023-06-20T07:45:45.588+0000][70][gc          ] GC(74) Concurrent Mark Cycle
[2023-06-20T07:45:45.593+0000][70][gc,marking  ] GC(74) Concurrent Clear Claimed Marks
[2023-06-20T07:45:45.594+0000][70][gc,marking  ] GC(74) Concurrent Clear Claimed Marks 1.164ms
[2023-06-20T07:45:45.595+0000][70][gc,marking  ] GC(74) Concurrent Scan Root Regions
[2023-06-20T07:45:45.597+0000][70][gc,marking  ] GC(74) Concurrent Scan Root Regions 2.925ms
[2023-06-20T07:45:45.598+0000][70][gc,marking  ] GC(74) Concurrent Mark
[2023-06-20T07:45:45.599+0000][70][gc,marking  ] GC(74) Concurrent Mark From Roots
[2023-06-20T07:45:45.599+0000][70][gc,task     ] GC(74) Using 1 workers of 1 for marking
[2023-06-20T07:45:45.763+0000][70][gc,marking  ] GC(74) Concurrent Mark From Roots 164.443ms
[2023-06-20T07:45:45.764+0000][70][gc,marking  ] GC(74) Concurrent Preclean
[2023-06-20T07:45:45.765+0000][70][gc,marking  ] GC(74) Concurrent Preclean 0.987ms
[2023-06-20T07:45:45.766+0000][70][gc,start    ] GC(74) Pause Remark
[2023-06-20T07:45:45.788+0000][70][gc          ] GC(74) Pause Remark 140M->140M(256M) 21.588ms
[2023-06-20T07:45:45.788+0000][70][gc,cpu      ] GC(74) User=0.07s Sys=0.00s Real=0.02s
[2023-06-20T07:45:45.791+0000][70][safepoint   ] Safepoint "G1PauseRemark", Time since last: 177186517 ns, Reaching safepoint: 100297 ns, At safepoint: 24510448 ns, Total: 24610745 ns
[2023-06-20T07:45:45.791+0000][70][gc,marking  ] GC(74) Concurrent Mark 193.212ms
[2023-06-20T07:45:45.792+0000][70][gc,marking  ] GC(74) Concurrent Rebuild Remembered Sets
[2023-06-20T07:45:45.882+0000][70][gc,marking  ] GC(74) Concurrent Rebuild Remembered Sets 89.913ms
[2023-06-20T07:45:45.883+0000][70][gc,start    ] GC(74) Pause Cleanup
[2023-06-20T07:45:45.885+0000][70][gc          ] GC(74) Pause Cleanup 142M->142M(256M) 1.312ms
[2023-06-20T07:45:45.885+0000][70][gc,cpu      ] GC(74) User=0.01s Sys=0.00s Real=0.00s
[2023-06-20T07:45:45.886+0000][70][safepoint   ] Safepoint "G1PauseCleanup", Time since last: 92462314 ns, Reaching safepoint: 120357 ns, At safepoint: 2541961 ns, Total: 2662318 ns
[2023-06-20T07:45:45.886+0000][70][gc,marking  ] GC(74) Concurrent Cleanup for Next Mark
[2023-06-20T07:45:45.887+0000][70][gc,marking  ] GC(74) Concurrent Cleanup for Next Mark 0.767ms
[2023-06-20T07:45:45.888+0000][70][gc          ] GC(74) Concurrent Mark Cycle 299.264ms
[2023-06-20T07:45:46.888+0000][70][safepoint   ] Safepoint "Cleanup", Time since last: 1001065825 ns, Reaching safepoint: 876637 ns, At safepoint: 18860 ns, Total: 895497 ns
[2023-06-20T07:45:47.893+0000][70][safepoint   ] Safepoint "Cleanup", Time since last: 1004856012 ns, Reaching safepoint: 877541 ns, At safepoint: 51488 ns, Total: 929029 ns
[2023-06-20T07:45:48.899+0000][70][safepoint   ] Safepoint "Cleanup", Time since last: 1004559927 ns, Reaching safepoint: 948755 ns, At safepoint: 25435 ns, Total: 974190 ns
[2023-06-20T07:45:50.906+0000][70][safepoint   ] Safepoint "Cleanup", Time since last: 2006850013 ns, Reaching safepoint: 151439 ns, At safepoint: 4325 ns, Total: 155764 ns
[2023-06-20T07:45:51.907+0000][70][safepoint   ] Safepoint "Cleanup", Time since last: 1001132395 ns, Reaching safepoint: 182594 ns, At safepoint: 3391 ns, Total: 185985 ns
[2023-06-20T07:45:53.910+0000][70][safepoint   ] Safepoint "Cleanup", Time since last: 2002272836 ns, Reaching safepoint: 171880 ns, At safepoint: 8872 ns, Total: 180752 ns
[2023-06-20T07:45:56.916+0000][70][safepoint   ] Safepoint "Cleanup", Time since last: 3005170655 ns, Reaching safepoint: 716336 ns, At safepoint: 75452 ns, Total: 791788 ns
[2023-06-20T07:45:57.920+0000][70][safepoint   ] Safepoint "Cleanup", Time since last: 1003571694 ns, Reaching safepoint: 389819 ns, At safepoint: 23058 ns, Total: 412877 ns
[2023-06-20T07:45:58.922+0000][70][safepoint   ] Safepoint "Cleanup", Time since last: 1002407522 ns, Reaching safepoint: 353895 ns, At safepoint: 27754 ns, Total: 381649 ns
[2023-06-20T07:45:59.925+0000][70][safepoint   ] Safepoint "Cleanup", Time since last: 1001895595 ns, Reaching safepoint: 345669 ns, At safepoint: 28509 ns, Total: 374178 ns
[2023-06-20T07:46:00.928+0000][70][safepoint   ] Safepoint "Cleanup", Time since last: 1003259299 ns, Reaching safepoint: 302501 ns, At safepoint: 11004 ns, Total: 313505 ns
[2023-06-20T07:46:02.933+0000][70][safepoint   ] Safepoint "Cleanup", Time since last: 2004676494 ns, Reaching safepoint: 147072 ns, At safepoint: 5746 ns, Total: 152818 ns
[2023-06-20T07:46:03.919+0000][70][gc,start    ] GC(75) Pause Young (Prepare Mixed) (G1 Evacuation Pause)
[2023-06-20T07:46:03.920+0000][70][gc,task     ] GC(75) Using 4 workers of 4 for evacuation
[2023-06-20T07:46:03.921+0000][70][gc,age      ] GC(75) Desired survivor size 6291456 bytes, new threshold 15 (max threshold 15)
[2023-06-20T07:46:03.925+0000][70][gc,phases   ] GC(75)   Pre Evacuate Collection Set: 0.1ms
[2023-06-20T07:46:03.926+0000][70][gc,phases   ] GC(75)   Merge Heap Roots: 0.1ms
[2023-06-20T07:46:03.927+0000][70][gc,phases   ] GC(75)   Evacuate Collection Set: 1.9ms
[2023-06-20T07:46:03.928+0000][70][gc,phases   ] GC(75)   Post Evacuate Collection Set: 1.1ms
[2023-06-20T07:46:03.928+0000][70][gc,phases   ] GC(75)   Other: 1.5ms
[2023-06-20T07:46:03.930+0000][70][gc,age      ] GC(75) Age table with threshold 15 (max threshold 15)
[2023-06-20T07:46:03.931+0000][70][gc,age      ] GC(75) - age   1:    1463512 bytes,    1463512 total
[2023-06-20T07:46:03.931+0000][70][gc,age      ] GC(75) - age   2:     355344 bytes,    1818856 total
[2023-06-20T07:46:03.932+0000][70][gc,age      ] GC(75) - age   3:       1216 bytes,    1820072 total
[2023-06-20T07:46:03.932+0000][70][gc,age      ] GC(75) - age   4:      26528 bytes,    1846600 total
[2023-06-20T07:46:03.933+0000][70][gc,age      ] GC(75) - age   5:       7696 bytes,    1854296 total
[2023-06-20T07:46:03.933+0000][70][gc,age      ] GC(75) - age   7:      35928 bytes,    1890224 total
[2023-06-20T07:46:03.934+0000][70][gc,heap     ] GC(75) Eden regions: 16->0(2)
[2023-06-20T07:46:03.935+0000][70][gc,heap     ] GC(75) Survivor regions: 1->1(3)
[2023-06-20T07:46:03.935+0000][70][gc,heap     ] GC(75) Old regions: 31->31
[2023-06-20T07:46:03.936+0000][70][gc,heap     ] GC(75) Archive regions: 2->2
[2023-06-20T07:46:03.937+0000][70][gc,heap     ] GC(75) Humongous regions: 2->2
[2023-06-20T07:46:03.938+0000][70][gc,metaspace] GC(75) Metaspace: 133449K(137856K)->133449K(137856K) NonClass: 116139K(118336K)->116139K(118336K) Class: 17310K(19520K)->17310K(19520K)
[2023-06-20T07:46:03.939+0000][70][gc          ] GC(75) Pause Young (Prepare Mixed) (G1 Evacuation Pause) 202M->137M(256M) 19.635ms
[2023-06-20T07:46:03.939+0000][70][gc,cpu      ] GC(75) User=0.01s Sys=0.00s Real=0.02s
[2023-06-20T07:46:03.941+0000][70][safepoint   ] Safepoint "G1CollectForAllocation", Time since last: 985660626 ns, Reaching safepoint: 150461 ns, At safepoint: 21616159 ns, Total: 21766620 ns
[2023-06-20T07:46:04.942+0000][70][safepoint   ] Safepoint "Cleanup", Time since last: 1001354435 ns, Reaching safepoint: 360893 ns, At safepoint: 5367 ns, Total: 366260 ns
[2023-06-20T07:46:05.269+0000][70][gc,start    ] GC(76) Pause Young (Mixed) (G1 Evacuation Pause)
[2023-06-20T07:46:05.270+0000][70][gc,task     ] GC(76) Using 4 workers of 4 for evacuation
[2023-06-20T07:46:05.271+0000][70][gc,age      ] GC(76) Desired survivor size 2097152 bytes, new threshold 15 (max threshold 15)
[2023-06-20T07:46:05.287+0000][70][gc,phases   ] GC(76)   Pre Evacuate Collection Set: 0.2ms
[2023-06-20T07:46:05.287+0000][70][gc,phases   ] GC(76)   Merge Heap Roots: 0.4ms
[2023-06-20T07:46:05.288+0000][70][gc,phases   ] GC(76)   Evacuate Collection Set: 13.6ms
[2023-06-20T07:46:05.289+0000][70][gc,phases   ] GC(76)   Post Evacuate Collection Set: 1.3ms
[2023-06-20T07:46:05.289+0000][70][gc,phases   ] GC(76)   Other: 1.5ms
[2023-06-20T07:46:05.289+0000][70][gc,age      ] GC(76) Age table with threshold 15 (max threshold 15)
[2023-06-20T07:46:05.290+0000][70][gc,age      ] GC(76) - age   1:     683256 bytes,     683256 total
[2023-06-20T07:46:05.290+0000][70][gc,age      ] GC(76) - age   2:    1031112 bytes,    1714368 total
[2023-06-20T07:46:05.291+0000][70][gc,age      ] GC(76) - age   3:     355344 bytes,    2069712 total
[2023-06-20T07:46:05.291+0000][70][gc,age      ] GC(76) - age   4:       1216 bytes,    2070928 total
[2023-06-20T07:46:05.291+0000][70][gc,age      ] GC(76) - age   5:      26528 bytes,    2097456 total
[2023-06-20T07:46:05.292+0000][70][gc,age      ] GC(76) - age   6:       7696 bytes,    2105152 total
[2023-06-20T07:46:05.292+0000][70][gc,age      ] GC(76) - age   8:      35928 bytes,    2141080 total
[2023-06-20T07:46:05.293+0000][70][gc,heap     ] GC(76) Eden regions: 2->0(16)
[2023-06-20T07:46:05.293+0000][70][gc,heap     ] GC(76) Survivor regions: 1->1(1)
[2023-06-20T07:46:05.293+0000][70][gc,heap     ] GC(76) Old regions: 31->31
[2023-06-20T07:46:05.294+0000][70][gc,heap     ] GC(76) Archive regions: 2->2
[2023-06-20T07:46:05.294+0000][70][gc,heap     ] GC(76) Humongous regions: 2->2
[2023-06-20T07:46:05.295+0000][70][gc,metaspace] GC(76) Metaspace: 133454K(137856K)->133454K(137856K) NonClass: 116144K(118336K)->116144K(118336K) Class: 17310K(19520K)->17310K(19520K)
[2023-06-20T07:46:05.296+0000][70][gc          ] GC(76) Pause Young (Mixed) (G1 Evacuation Pause) 145M->137M(256M) 26.771ms
[2023-06-20T07:46:05.297+0000][70][gc,cpu      ] GC(76) User=0.05s Sys=0.00s Real=0.03s
[2023-06-20T07:46:05.297+0000][70][safepoint   ] Safepoint "G1CollectForAllocation", Time since last: 326733331 ns, Reaching safepoint: 192395 ns, At safepoint: 28189839 ns, Total: 28382234 ns
[2023-06-20T07:46:06.298+0000][70][safepoint   ] Safepoint "Cleanup", Time since last: 1000719972 ns, Reaching safepoint: 173550 ns, At safepoint: 71883 ns, Total: 245433 ns
[2023-06-20T07:46:07.301+0000][70][safepoint   ] Safepoint "Cleanup", Time since last: 1001868649 ns, Reaching safepoint: 808811 ns, At safepoint: 256855 ns, Total: 1065666 ns
[2023-06-20T07:46:08.305+0000][70][safepoint   ] Safepoint "Cleanup", Time since last: 1003247614 ns, Reaching safepoint: 117143 ns, At safepoint: 6136 ns, Total: 123279 ns
[2023-06-20T07:46:09.307+0000][70][safepoint   ] Safepoint "Cleanup", Time since last: 1001798310 ns, Reaching safepoint: 627497 ns, At safepoint: 315641 ns, Total: 943138 ns
[2023-06-20T07:46:10.311+0000][70][safepoint   ] Safepoint "Cleanup", Time since last: 1003082874 ns, Reaching safepoint: 143613 ns, At safepoint: 4649 ns, Total: 148262 ns
[2023-06-20T07:46:11.313+0000][70][safepoint   ] Safepoint "Cleanup", Time since last: 1001804876 ns, Reaching safepoint: 180913 ns, At safepoint: 8208 ns, Total: 189121 ns
[2023-06-20T07:46:14.294+0000][70][safepoint   ] Safepoint "Cleanup", Time since last: 3002959673 ns, Reaching safepoint: 227848 ns, At safepoint: 15401 ns, Total: 243249 ns
[2023-06-20T07:46:15.297+0000][70][safepoint   ] Safepoint "Cleanup", Time since last: 1002064628 ns, Reaching safepoint: 726643 ns, At safepoint: 49909 ns, Total: 776552 ns
[2023-06-20T07:46:16.303+0000][70][safepoint   ] Safepoint "Cleanup", Time since last: 1005381966 ns, Reaching safepoint: 1043710 ns, At safepoint: 64856 ns, Total: 1108566 ns
[2023-06-20T07:46:17.308+0000][70][safepoint   ] Safepoint "Cleanup", Time since last: 1003785091 ns, Reaching safepoint: 745056 ns, At safepoint: 45299 ns, Total: 790355 ns
[2023-06-20T07:46:18.312+0000][70][safepoint   ] Safepoint "Cleanup", Time since last: 1003883872 ns, Reaching safepoint: 753285 ns, At safepoint: 36811 ns, Total: 790096 ns
[2023-06-20T07:46:20.317+0000][70][safepoint   ] Safepoint "Cleanup", Time since last: 2003788925 ns, Reaching safepoint: 371903 ns, At safepoint: 22463 ns, Total: 394366 ns
[2023-06-20T07:46:20.463+0000][70][gc,start    ] GC(77) Pause Young (Concurrent Start) (G1 Evacuation Pause)
[2023-06-20T07:46:20.464+0000][70][gc,task     ] GC(77) Using 4 workers of 4 for evacuation
[2023-06-20T07:46:20.464+0000][70][gc,age      ] GC(77) Desired survivor size 6291456 bytes, new threshold 15 (max threshold 15)
[2023-06-20T07:46:20.468+0000][70][gc,phases   ] GC(77)   Pre Evacuate Collection Set: 0.3ms
[2023-06-20T07:46:20.468+0000][70][gc,phases   ] GC(77)   Merge Heap Roots: 0.1ms
[2023-06-20T07:46:20.469+0000][70][gc,phases   ] GC(77)   Evacuate Collection Set: 2.3ms
[2023-06-20T07:46:20.469+0000][70][gc,phases   ] GC(77)   Post Evacuate Collection Set: 0.6ms
[2023-06-20T07:46:20.469+0000][70][gc,phases   ] GC(77)   Other: 0.9ms
[2023-06-20T07:46:20.470+0000][70][gc,age      ] GC(77) Age table with threshold 15 (max threshold 15)
[2023-06-20T07:46:20.470+0000][70][gc,age      ] GC(77) - age   1:    1191624 bytes,    1191624 total
[2023-06-20T07:46:20.470+0000][70][gc,age      ] GC(77) - age   2:         64 bytes,    1191688 total
[2023-06-20T07:46:20.471+0000][70][gc,age      ] GC(77) - age   3:     332272 bytes,    1523960 total
[2023-06-20T07:46:20.471+0000][70][gc,age      ] GC(77) - age   4:     149304 bytes,    1673264 total
[2023-06-20T07:46:20.471+0000][70][gc,age      ] GC(77) - age   5:       1216 bytes,    1674480 total
[2023-06-20T07:46:20.472+0000][70][gc,age      ] GC(77) - age   6:      25600 bytes,    1700080 total
[2023-06-20T07:46:20.472+0000][70][gc,age      ] GC(77) - age   7:       7288 bytes,    1707368 total
[2023-06-20T07:46:20.472+0000][70][gc,age      ] GC(77) - age   9:      35928 bytes,    1743296 total
[2023-06-20T07:46:20.472+0000][70][gc,heap     ] GC(77) Eden regions: 16->0(16)
[2023-06-20T07:46:20.473+0000][70][gc,heap     ] GC(77) Survivor regions: 1->1(3)
[2023-06-20T07:46:20.473+0000][70][gc,heap     ] GC(77) Old regions: 31->31
[2023-06-20T07:46:20.473+0000][70][gc,heap     ] GC(77) Archive regions: 2->2
[2023-06-20T07:46:20.474+0000][70][gc,heap     ] GC(77) Humongous regions: 2->2
[2023-06-20T07:46:20.474+0000][70][gc,metaspace] GC(77) Metaspace: 133534K(137856K)->133534K(137856K) NonClass: 116222K(118336K)->116222K(118336K) Class: 17312K(19520K)->17312K(19520K)
[2023-06-20T07:46:20.474+0000][70][gc          ] GC(77) Pause Young (Concurrent Start) (G1 Evacuation Pause) 201M->136M(256M) 11.209ms
[2023-06-20T07:46:20.475+0000][70][gc          ] GC(78) Concurrent Mark Cycle
[2023-06-20T07:46:20.475+0000][70][gc,marking  ] GC(78) Concurrent Clear Claimed Marks
[2023-06-20T07:46:20.475+0000][70][gc,cpu      ] GC(77) User=0.01s Sys=0.00s Real=0.01s
[2023-06-20T07:46:20.476+0000][70][gc,marking  ] GC(78) Concurrent Clear Claimed Marks 0.588ms
[2023-06-20T07:46:20.476+0000][70][gc,marking  ] GC(78) Concurrent Scan Root Regions
[2023-06-20T07:46:20.476+0000][70][safepoint   ] Safepoint "G1CollectForAllocation", Time since last: 146292971 ns, Reaching safepoint: 54607 ns, At safepoint: 12799575 ns, Total: 12854182 ns
[2023-06-20T07:46:20.480+0000][70][gc,marking  ] GC(78) Concurrent Scan Root Regions 3.403ms
[2023-06-20T07:46:20.480+0000][70][gc,marking  ] GC(78) Concurrent Mark
[2023-06-20T07:46:20.481+0000][70][gc,marking  ] GC(78) Concurrent Mark From Roots
[2023-06-20T07:46:20.481+0000][70][gc,task     ] GC(78) Using 1 workers of 1 for marking
[2023-06-20T07:46:20.644+0000][70][gc,marking  ] GC(78) Concurrent Mark From Roots 163.191ms
[2023-06-20T07:46:20.646+0000][70][gc,marking  ] GC(78) Concurrent Preclean
[2023-06-20T07:46:20.647+0000][70][gc,marking  ] GC(78) Concurrent Preclean 1.178ms
[2023-06-20T07:46:20.648+0000][70][gc,start    ] GC(78) Pause Remark
[2023-06-20T07:46:20.674+0000][70][gc          ] GC(78) Pause Remark 140M->140M(256M) 26.361ms
[2023-06-20T07:46:20.675+0000][70][gc,cpu      ] GC(78) User=0.07s Sys=0.00s Real=0.03s
[2023-06-20T07:46:20.675+0000][70][safepoint   ] Safepoint "G1PauseRemark", Time since last: 171786446 ns, Reaching safepoint: 113855 ns, At safepoint: 27759528 ns, Total: 27873383 ns
[2023-06-20T07:46:20.676+0000][70][gc,marking  ] GC(78) Concurrent Mark 195.720ms
[2023-06-20T07:46:20.676+0000][70][gc,marking  ] GC(78) Concurrent Rebuild Remembered Sets
[2023-06-20T07:46:20.762+0000][70][gc,marking  ] GC(78) Concurrent Rebuild Remembered Sets 86.056ms
[2023-06-20T07:46:20.764+0000][70][gc,start    ] GC(78) Pause Cleanup
[2023-06-20T07:46:20.764+0000][70][gc          ] GC(78) Pause Cleanup 140M->140M(256M) 0.826ms
[2023-06-20T07:46:20.765+0000][70][gc,cpu      ] GC(78) User=0.00s Sys=0.00s Real=0.00s
[2023-06-20T07:46:20.765+0000][70][safepoint   ] Safepoint "G1PauseCleanup", Time since last: 88097492 ns, Reaching safepoint: 50690 ns, At safepoint: 1758031 ns, Total: 1808721 ns
[2023-06-20T07:46:20.766+0000][70][gc,marking  ] GC(78) Concurrent Cleanup for Next Mark
[2023-06-20T07:46:20.766+0000][70][gc,marking  ] GC(78) Concurrent Cleanup for Next Mark 0.727ms
[2023-06-20T07:46:20.767+0000][70][gc          ] GC(78) Concurrent Mark Cycle 292.364ms
[2023-06-20T07:46:22.769+0000][70][safepoint   ] Safepoint "Cleanup", Time since last: 2002774434 ns, Reaching safepoint: 633352 ns, At safepoint: 15560 ns, Total: 648912 ns
[2023-06-20T07:46:23.775+0000][70][safepoint   ] Safepoint "Cleanup", Time since last: 1005700886 ns, Reaching safepoint: 357886 ns, At safepoint: 16156 ns, Total: 374042 ns
[2023-06-20T07:46:26.780+0000][70][safepoint   ] Safepoint "Cleanup", Time since last: 3005041972 ns, Reaching safepoint: 361482 ns, At safepoint: 13440 ns, Total: 374922 ns
[2023-06-20T07:46:27.784+0000][70][safepoint   ] Safepoint "Cleanup", Time since last: 1003033940 ns, Reaching safepoint: 408161 ns, At safepoint: 10819 ns, Total: 418980 ns
[2023-06-20T07:46:28.788+0000][70][safepoint   ] Safepoint "Cleanup", Time since last: 1003635269 ns, Reaching safepoint: 382798 ns, At safepoint: 12972 ns, Total: 395770 ns
[2023-06-20T07:46:29.792+0000][70][safepoint   ] Safepoint "Cleanup", Time since last: 1003634093 ns, Reaching safepoint: 152277 ns, At safepoint: 25900 ns, Total: 178177 ns
[2023-06-20T07:46:30.793+0000][70][safepoint   ] Safepoint "Cleanup", Time since last: 1001563248 ns, Reaching safepoint: 109474 ns, At safepoint: 3474 ns, Total: 112948 ns
[2023-06-20T07:46:31.795+0000][70][safepoint   ] Safepoint "Cleanup", Time since last: 1000980654 ns, Reaching safepoint: 256211 ns, At safepoint: 102197 ns, Total: 358408 ns
[2023-06-20T07:46:32.243+0000][70][gc,start    ] GC(79) Pause Young (Prepare Mixed) (G1 Evacuation Pause)
[2023-06-20T07:46:32.243+0000][70][gc,task     ] GC(79) Using 4 workers of 4 for evacuation
[2023-06-20T07:46:32.244+0000][70][gc,age      ] GC(79) Desired survivor size 6291456 bytes, new threshold 15 (max threshold 15)
[2023-06-20T07:46:32.249+0000][70][gc,phases   ] GC(79)   Pre Evacuate Collection Set: 0.1ms
[2023-06-20T07:46:32.250+0000][70][gc,phases   ] GC(79)   Merge Heap Roots: 0.1ms
[2023-06-20T07:46:32.251+0000][70][gc,phases   ] GC(79)   Evacuate Collection Set: 2.5ms
[2023-06-20T07:46:32.252+0000][70][gc,phases   ] GC(79)   Post Evacuate Collection Set: 0.9ms
[2023-06-20T07:46:32.252+0000][70][gc,phases   ] GC(79)   Other: 1.6ms
[2023-06-20T07:46:32.253+0000][70][gc,age      ] GC(79) Age table with threshold 15 (max threshold 15)
[2023-06-20T07:46:32.254+0000][70][gc,age      ] GC(79) - age   1:     780440 bytes,     780440 total
[2023-06-20T07:46:32.254+0000][70][gc,age      ] GC(79) - age   2:     366160 bytes,    1146600 total
[2023-06-20T07:46:32.255+0000][70][gc,age      ] GC(79) - age   4:     328704 bytes,    1475304 total
[2023-06-20T07:46:32.256+0000][70][gc,age      ] GC(79) - age   5:     146496 bytes,    1621800 total
[2023-06-20T07:46:32.257+0000][70][gc,age      ] GC(79) - age   6:       1216 bytes,    1623016 total
[2023-06-20T07:46:32.257+0000][70][gc,age      ] GC(79) - age   7:      25568 bytes,    1648584 total
[2023-06-20T07:46:32.258+0000][70][gc,age      ] GC(79) - age   8:       7288 bytes,    1655872 total
[2023-06-20T07:46:32.258+0000][70][gc,age      ] GC(79) - age  10:      35832 bytes,    1691704 total
[2023-06-20T07:46:32.259+0000][70][gc,heap     ] GC(79) Eden regions: 16->0(2)
[2023-06-20T07:46:32.259+0000][70][gc,heap     ] GC(79) Survivor regions: 1->1(3)
[2023-06-20T07:46:32.260+0000][70][gc,heap     ] GC(79) Old regions: 31->31
[2023-06-20T07:46:32.260+0000][70][gc,heap     ] GC(79) Archive regions: 2->2
[2023-06-20T07:46:32.261+0000][70][gc,heap     ] GC(79) Humongous regions: 2->2
[2023-06-20T07:46:32.262+0000][70][gc,metaspace] GC(79) Metaspace: 133667K(137856K)->133667K(137856K) NonClass: 116357K(118336K)->116357K(118336K) Class: 17309K(19520K)->17309K(19520K)
[2023-06-20T07:46:32.262+0000][70][gc          ] GC(79) Pause Young (Prepare Mixed) (G1 Evacuation Pause) 200M->136M(256M) 19.192ms
[2023-06-20T07:46:32.263+0000][70][gc,cpu      ] GC(79) User=0.01s Sys=0.00s Real=0.02s
[2023-06-20T07:46:32.263+0000][70][safepoint   ] Safepoint "G1CollectForAllocation", Time since last: 448101504 ns, Reaching safepoint: 87039 ns, At safepoint: 20485563 ns, Total: 20572602 ns
[2023-06-20T07:46:33.218+0000][70][gc,start    ] GC(80) Pause Young (Mixed) (G1 Evacuation Pause)
[2023-06-20T07:46:33.219+0000][70][gc,task     ] GC(80) Using 4 workers of 4 for evacuation
[2023-06-20T07:46:33.220+0000][70][gc,age      ] GC(80) Desired survivor size 2097152 bytes, new threshold 15 (max threshold 15)
[2023-06-20T07:46:33.235+0000][70][gc,phases   ] GC(80)   Pre Evacuate Collection Set: 0.1ms
[2023-06-20T07:46:33.236+0000][70][gc,phases   ] GC(80)   Merge Heap Roots: 0.2ms
[2023-06-20T07:46:33.236+0000][70][gc,phases   ] GC(80)   Evacuate Collection Set: 13.4ms
[2023-06-20T07:46:33.237+0000][70][gc,phases   ] GC(80)   Post Evacuate Collection Set: 0.8ms
[2023-06-20T07:46:33.237+0000][70][gc,phases   ] GC(80)   Other: 1.4ms
[2023-06-20T07:46:33.238+0000][70][gc,age      ] GC(80) Age table with threshold 15 (max threshold 15)
[2023-06-20T07:46:33.238+0000][70][gc,age      ] GC(80) - age   1:     446656 bytes,     446656 total
[2023-06-20T07:46:33.239+0000][70][gc,age      ] GC(80) - age   2:     293200 bytes,     739856 total
[2023-06-20T07:46:33.239+0000][70][gc,age      ] GC(80) - age   3:     366160 bytes,    1106016 total
[2023-06-20T07:46:33.240+0000][70][gc,age      ] GC(80) - age   5:     328640 bytes,    1434656 total
[2023-06-20T07:46:33.240+0000][70][gc,age      ] GC(80) - age   6:     146496 bytes,    1581152 total
[2023-06-20T07:46:33.240+0000][70][gc,age      ] GC(80) - age   7:       1184 bytes,    1582336 total
[2023-06-20T07:46:33.241+0000][70][gc,age      ] GC(80) - age   8:      25568 bytes,    1607904 total
[2023-06-20T07:46:33.242+0000][70][gc,age      ] GC(80) - age   9:       7288 bytes,    1615192 total
[2023-06-20T07:46:33.243+0000][70][gc,age      ] GC(80) - age  11:      35832 bytes,    1651024 total
[2023-06-20T07:46:33.243+0000][70][gc,heap     ] GC(80) Eden regions: 2->0(17)
[2023-06-20T07:46:33.243+0000][70][gc,heap     ] GC(80) Survivor regions: 1->1(1)
[2023-06-20T07:46:33.244+0000][70][gc,heap     ] GC(80) Old regions: 31->31
[2023-06-20T07:46:33.244+0000][70][gc,heap     ] GC(80) Archive regions: 2->2
[2023-06-20T07:46:33.245+0000][70][gc,heap     ] GC(80) Humongous regions: 2->2
[2023-06-20T07:46:33.245+0000][70][gc,metaspace] GC(80) Metaspace: 133669K(137856K)->133669K(137856K) NonClass: 116359K(118336K)->116359K(118336K) Class: 17309K(19520K)->17309K(19520K)
[2023-06-20T07:46:33.246+0000][70][gc          ] GC(80) Pause Young (Mixed) (G1 Evacuation Pause) 144M->135M(256M) 27.848ms
[2023-06-20T07:46:33.247+0000][70][gc,cpu      ] GC(80) User=0.04s Sys=0.00s Real=0.03s
[2023-06-20T07:46:33.247+0000][70][safepoint   ] Safepoint "G1CollectForAllocation", Time since last: 954550308 ns, Reaching safepoint: 186360 ns, At safepoint: 29308333 ns, Total: 29494693 ns
[2023-06-20T07:46:36.251+0000][70][safepoint   ] Safepoint "Cleanup", Time since last: 3003356443 ns, Reaching safepoint: 544791 ns, At safepoint: 20145 ns, Total: 564936 ns
[2023-06-20T07:46:37.256+0000][70][safepoint   ] Safepoint "Cleanup", Time since last: 1004085746 ns, Reaching safepoint: 368977 ns, At safepoint: 30264 ns, Total: 399241 ns
[2023-06-20T07:46:38.264+0000][70][safepoint   ] Safepoint "Cleanup", Time since last: 1006902902 ns, Reaching safepoint: 1644685 ns, At safepoint: 49492 ns, Total: 1694177 ns
[2023-06-20T07:46:39.268+0000][70][safepoint   ] Safepoint "Cleanup", Time since last: 1003872098 ns, Reaching safepoint: 217729 ns, At safepoint: 5579 ns, Total: 223308 ns
[2023-06-20T07:46:40.271+0000][70][safepoint   ] Safepoint "Cleanup", Time since last: 1001769531 ns, Reaching safepoint: 372526 ns, At safepoint: 7621 ns, Total: 380147 ns
[2023-06-20T07:46:41.273+0000][70][safepoint   ] Safepoint "Cleanup", Time since last: 1001954791 ns, Reaching safepoint: 153665 ns, At safepoint: 25230 ns, Total: 178895 ns
[2023-06-20T07:46:45.254+0000][70][safepoint   ] Safepoint "Cleanup", Time since last: 4002641164 ns, Reaching safepoint: 110042 ns, At safepoint: 3740 ns, Total: 113782 ns
[2023-06-20T07:46:46.255+0000][70][safepoint   ] Safepoint "Cleanup", Time since last: 1000996110 ns, Reaching safepoint: 122740 ns, At safepoint: 3431 ns, Total: 126171 ns
[2023-06-20T07:46:47.257+0000][70][safepoint   ] Safepoint "Cleanup", Time since last: 1001223921 ns, Reaching safepoint: 387143 ns, At safepoint: 13117 ns, Total: 400260 ns
[2023-06-20T07:46:49.261+0000][70][safepoint   ] Safepoint "Cleanup", Time since last: 2003635082 ns, Reaching safepoint: 773229 ns, At safepoint: 17222 ns, Total: 790451 ns
[2023-06-20T07:46:50.263+0000][70][safepoint   ] Safepoint "Cleanup", Time since last: 1001948867 ns, Reaching safepoint: 102364 ns, At safepoint: 3711 ns, Total: 106075 ns
[2023-06-20T07:46:50.425+0000][70][gc,start    ] GC(81) Pause Young (Concurrent Start) (G1 Evacuation Pause)
[2023-06-20T07:46:50.425+0000][70][gc,task     ] GC(81) Using 4 workers of 4 for evacuation
[2023-06-20T07:46:50.426+0000][70][gc,age      ] GC(81) Desired survivor size 6291456 bytes, new threshold 15 (max threshold 15)
[2023-06-20T07:46:50.430+0000][70][gc,phases   ] GC(81)   Pre Evacuate Collection Set: 0.4ms
[2023-06-20T07:46:50.430+0000][70][gc,phases   ] GC(81)   Merge Heap Roots: 0.2ms
[2023-06-20T07:46:50.431+0000][70][gc,phases   ] GC(81)   Evacuate Collection Set: 2.2ms
[2023-06-20T07:46:50.431+0000][70][gc,phases   ] GC(81)   Post Evacuate Collection Set: 0.7ms
[2023-06-20T07:46:50.432+0000][70][gc,phases   ] GC(81)   Other: 1.0ms
[2023-06-20T07:46:50.432+0000][70][gc,age      ] GC(81) Age table with threshold 15 (max threshold 15)
[2023-06-20T07:46:50.432+0000][70][gc,age      ] GC(81) - age   1:     613184 bytes,     613184 total
[2023-06-20T07:46:50.433+0000][70][gc,age      ] GC(81) - age   2:        408 bytes,     613592 total
[2023-06-20T07:46:50.433+0000][70][gc,age      ] GC(81) - age   3:     192040 bytes,     805632 total
[2023-06-20T07:46:50.434+0000][70][gc,age      ] GC(81) - age   4:     240928 bytes,    1046560 total
[2023-06-20T07:46:50.434+0000][70][gc,age      ] GC(81) - age   6:     183840 bytes,    1230400 total
[2023-06-20T07:46:50.435+0000][70][gc,age      ] GC(81) - age   7:      98256 bytes,    1328656 total
[2023-06-20T07:46:50.435+0000][70][gc,age      ] GC(81) - age   8:       1184 bytes,    1329840 total
[2023-06-20T07:46:50.436+0000][70][gc,age      ] GC(81) - age   9:      25440 bytes,    1355280 total
[2023-06-20T07:46:50.436+0000][70][gc,age      ] GC(81) - age  10:       7288 bytes,    1362568 total
[2023-06-20T07:46:50.436+0000][70][gc,age      ] GC(81) - age  12:      35832 bytes,    1398400 total
[2023-06-20T07:46:50.437+0000][70][gc,heap     ] GC(81) Eden regions: 17->0(17)
[2023-06-20T07:46:50.438+0000][70][gc,heap     ] GC(81) Survivor regions: 1->1(3)
[2023-06-20T07:46:50.438+0000][70][gc,heap     ] GC(81) Old regions: 31->31
[2023-06-20T07:46:50.438+0000][70][gc,heap     ] GC(81) Archive regions: 2->2
[2023-06-20T07:46:50.439+0000][70][gc,heap     ] GC(81) Humongous regions: 2->2
[2023-06-20T07:46:50.439+0000][70][gc,metaspace] GC(81) Metaspace: 133761K(137984K)->133761K(137984K) NonClass: 116451K(118464K)->116451K(118464K) Class: 17309K(19520K)->17309K(19520K)
[2023-06-20T07:46:50.440+0000][70][gc          ] GC(81) Pause Young (Concurrent Start) (G1 Evacuation Pause) 203M->135M(256M) 15.241ms
[2023-06-20T07:46:50.440+0000][70][gc,cpu      ] GC(81) User=0.00s Sys=0.01s Real=0.02s
[2023-06-20T07:46:50.441+0000][70][safepoint   ] Safepoint "G1CollectForAllocation", Time since last: 161410126 ns, Reaching safepoint: 140073 ns, At safepoint: 16197539 ns, Total: 16337612 ns
[2023-06-20T07:46:50.440+0000][70][gc          ] GC(82) Concurrent Mark Cycle
[2023-06-20T07:46:50.443+0000][70][gc,marking  ] GC(82) Concurrent Clear Claimed Marks
[2023-06-20T07:46:50.443+0000][70][gc,marking  ] GC(82) Concurrent Clear Claimed Marks 0.786ms
[2023-06-20T07:46:50.444+0000][70][gc,marking  ] GC(82) Concurrent Scan Root Regions
[2023-06-20T07:46:50.446+0000][70][gc,marking  ] GC(82) Concurrent Scan Root Regions 2.644ms
[2023-06-20T07:46:50.447+0000][70][gc,marking  ] GC(82) Concurrent Mark
[2023-06-20T07:46:50.448+0000][70][gc,marking  ] GC(82) Concurrent Mark From Roots
[2023-06-20T07:46:50.448+0000][70][gc,task     ] GC(82) Using 1 workers of 1 for marking
[2023-06-20T07:46:50.602+0000][70][gc,marking  ] GC(82) Concurrent Mark From Roots 154.306ms
[2023-06-20T07:46:50.603+0000][70][gc,marking  ] GC(82) Concurrent Preclean
[2023-06-20T07:46:50.605+0000][70][gc,marking  ] GC(82) Concurrent Preclean 1.201ms
[2023-06-20T07:46:50.605+0000][70][gc,start    ] GC(82) Pause Remark
[2023-06-20T07:46:50.616+0000][70][gc          ] GC(82) Pause Remark 139M->139M(256M) 10.796ms
[2023-06-20T07:46:50.617+0000][70][gc,cpu      ] GC(82) User=0.02s Sys=0.00s Real=0.01s
[2023-06-20T07:46:50.618+0000][70][safepoint   ] Safepoint "G1PauseRemark", Time since last: 164574035 ns, Reaching safepoint: 138222 ns, At safepoint: 12109667 ns, Total: 12247889 ns
[2023-06-20T07:46:50.618+0000][70][gc,marking  ] GC(82) Concurrent Mark 170.902ms
[2023-06-20T07:46:50.619+0000][70][gc,marking  ] GC(82) Concurrent Rebuild Remembered Sets
[2023-06-20T07:46:50.694+0000][70][gc,marking  ] GC(82) Concurrent Rebuild Remembered Sets 75.606ms
[2023-06-20T07:46:50.695+0000][70][gc,start    ] GC(82) Pause Cleanup
[2023-06-20T07:46:50.696+0000][70][gc          ] GC(82) Pause Cleanup 140M->140M(256M) 0.748ms
[2023-06-20T07:46:50.697+0000][70][gc,cpu      ] GC(82) User=0.00s Sys=0.01s Real=0.00s
[2023-06-20T07:46:50.697+0000][70][safepoint   ] Safepoint "G1PauseCleanup", Time since last: 77588170 ns, Reaching safepoint: 109709 ns, At safepoint: 2119474 ns, Total: 2229183 ns
[2023-06-20T07:46:50.698+0000][70][gc,marking  ] GC(82) Concurrent Cleanup for Next Mark
[2023-06-20T07:46:50.699+0000][70][gc,marking  ] GC(82) Concurrent Cleanup for Next Mark 1.249ms
[2023-06-20T07:46:50.700+0000][70][gc          ] GC(82) Concurrent Mark Cycle 259.793ms
[2023-06-20T07:46:51.700+0000][70][safepoint   ] Safepoint "Cleanup", Time since last: 1002320723 ns, Reaching safepoint: 476097 ns, At safepoint: 24175 ns, Total: 500272 ns
[2023-06-20T07:46:53.703+0000][70][safepoint   ] Safepoint "Cleanup", Time since last: 2003079687 ns, Reaching safepoint: 180191 ns, At safepoint: 4095 ns, Total: 184286 ns
[2023-06-20T07:46:56.707+0000][70][safepoint   ] Safepoint "Cleanup", Time since last: 3003226088 ns, Reaching safepoint: 221416 ns, At safepoint: 7345 ns, Total: 228761 ns
[2023-06-20T07:46:59.710+0000][70][safepoint   ] Safepoint "Cleanup", Time since last: 3003152309 ns, Reaching safepoint: 255591 ns, At safepoint: 7066 ns, Total: 262657 ns
[2023-06-20T07:47:02.725+0000][70][safepoint   ] Safepoint "Cleanup", Time since last: 3014365838 ns, Reaching safepoint: 267717 ns, At safepoint: 11388 ns, Total: 279105 ns
[2023-06-20T07:47:03.731+0000][70][safepoint   ] Safepoint "Cleanup", Time since last: 1005398742 ns, Reaching safepoint: 233917 ns, At safepoint: 11481 ns, Total: 245398 ns
[2023-06-20T07:47:05.736+0000][70][safepoint   ] Safepoint "Cleanup", Time since last: 2004864575 ns, Reaching safepoint: 469769 ns, At safepoint: 13133 ns, Total: 482902 ns
[2023-06-20T07:47:08.743+0000][70][safepoint   ] Safepoint "Cleanup", Time since last: 3006599798 ns, Reaching safepoint: 252277 ns, At safepoint: 3628 ns, Total: 255905 ns
[2023-06-20T07:47:09.744+0000][70][safepoint   ] Safepoint "Cleanup", Time since last: 1001302704 ns, Reaching safepoint: 144885 ns, At safepoint: 7235 ns, Total: 152120 ns
[2023-06-20T07:47:11.748+0000][70][safepoint   ] Safepoint "Cleanup", Time since last: 2003581660 ns, Reaching safepoint: 256492 ns, At safepoint: 12267 ns, Total: 268759 ns
[2023-06-20T07:47:14.389+0000][70][gc,start    ] GC(83) Pause Young (Normal) (G1 Evacuation Pause)
[2023-06-20T07:47:14.389+0000][70][gc,task     ] GC(83) Using 4 workers of 4 for evacuation
[2023-06-20T07:47:14.390+0000][70][gc,age      ] GC(83) Desired survivor size 6291456 bytes, new threshold 15 (max threshold 15)
[2023-06-20T07:47:14.394+0000][70][gc,phases   ] GC(83)   Pre Evacuate Collection Set: 0.1ms
[2023-06-20T07:47:14.395+0000][70][gc,phases   ] GC(83)   Merge Heap Roots: 0.0ms
[2023-06-20T07:47:14.395+0000][70][gc,phases   ] GC(83)   Evacuate Collection Set: 3.0ms
[2023-06-20T07:47:14.395+0000][70][gc,phases   ] GC(83)   Post Evacuate Collection Set: 0.8ms
[2023-06-20T07:47:14.396+0000][70][gc,phases   ] GC(83)   Other: 1.1ms
[2023-06-20T07:47:14.396+0000][70][gc,age      ] GC(83) Age table with threshold 15 (max threshold 15)
[2023-06-20T07:47:14.397+0000][70][gc,age      ] GC(83) - age   1:    1280696 bytes,    1280696 total
[2023-06-20T07:47:14.397+0000][70][gc,age      ] GC(83) - age   2:     457600 bytes,    1738296 total
[2023-06-20T07:47:14.398+0000][70][gc,age      ] GC(83) - age   3:        408 bytes,    1738704 total
[2023-06-20T07:47:14.398+0000][70][gc,age      ] GC(83) - age   4:     190360 bytes,    1929064 total
[2023-06-20T07:47:14.398+0000][70][gc,age      ] GC(83) - age   5:     240080 bytes,    2169144 total
[2023-06-20T07:47:14.399+0000][70][gc,age      ] GC(83) - age   7:     179200 bytes,    2348344 total
[2023-06-20T07:47:14.399+0000][70][gc,age      ] GC(83) - age   8:      96624 bytes,    2444968 total
[2023-06-20T07:47:14.399+0000][70][gc,age      ] GC(83) - age   9:       1184 bytes,    2446152 total
[2023-06-20T07:47:14.400+0000][70][gc,age      ] GC(83) - age  10:      25264 bytes,    2471416 total
[2023-06-20T07:47:14.400+0000][70][gc,age      ] GC(83) - age  11:       7288 bytes,    2478704 total
[2023-06-20T07:47:14.401+0000][70][gc,age      ] GC(83) - age  13:      35832 bytes,    2514536 total
[2023-06-20T07:47:14.401+0000][70][gc,heap     ] GC(83) Eden regions: 17->0(17)
[2023-06-20T07:47:14.402+0000][70][gc,heap     ] GC(83) Survivor regions: 1->1(3)
[2023-06-20T07:47:14.402+0000][70][gc,heap     ] GC(83) Old regions: 31->31
[2023-06-20T07:47:14.402+0000][70][gc,heap     ] GC(83) Archive regions: 2->2
[2023-06-20T07:47:14.403+0000][70][gc,heap     ] GC(83) Humongous regions: 2->2
[2023-06-20T07:47:14.403+0000][70][gc,metaspace] GC(83) Metaspace: 133838K(137984K)->133838K(137984K) NonClass: 116528K(118464K)->116528K(118464K) Class: 17309K(19520K)->17309K(19520K)
[2023-06-20T07:47:14.404+0000][70][gc          ] GC(83) Pause Young (Normal) (G1 Evacuation Pause) 203M->136M(256M) 15.228ms
[2023-06-20T07:47:14.404+0000][70][gc,cpu      ] GC(83) User=0.01s Sys=0.00s Real=0.01s
[2023-06-20T07:47:14.405+0000][70][safepoint   ] Safepoint "G1CollectForAllocation", Time since last: 2662183177 ns, Reaching safepoint: 61695 ns, At safepoint: 16202567 ns, Total: 16264262 ns
[2023-06-20T07:47:15.406+0000][70][safepoint   ] Safepoint "Cleanup", Time since last: 1001500099 ns, Reaching safepoint: 127692 ns, At safepoint: 5213 ns, Total: 132905 ns
[2023-06-20T07:47:16.409+0000][70][safepoint   ] Safepoint "Cleanup", Time since last: 1002238212 ns, Reaching safepoint: 200589 ns, At safepoint: 4357 ns, Total: 204946 ns
[2023-06-20T07:47:17.411+0000][70][safepoint   ] Safepoint "Cleanup", Time since last: 1001186761 ns, Reaching safepoint: 837689 ns, At safepoint: 26208 ns, Total: 863897 ns
[2023-06-20T07:47:20.416+0000][70][safepoint   ] Safepoint "Cleanup", Time since last: 3004610944 ns, Reaching safepoint: 89570 ns, At safepoint: 25227 ns, Total: 114797 ns
[2023-06-20T07:47:21.417+0000][70][safepoint   ] Safepoint "Cleanup", Time since last: 1001150305 ns, Reaching safepoint: 179780 ns, At safepoint: 3904 ns, Total: 183684 ns
[2023-06-20T07:47:22.420+0000][70][safepoint   ] Safepoint "Cleanup", Time since last: 1002778078 ns, Reaching safepoint: 529480 ns, At safepoint: 13206 ns, Total: 542686 ns
[2023-06-20T07:47:23.424+0000][70][safepoint   ] Safepoint "Cleanup", Time since last: 1002352125 ns, Reaching safepoint: 936638 ns, At safepoint: 127023 ns, Total: 1063661 ns
[2023-06-20T07:47:24.427+0000][70][safepoint   ] Safepoint "Cleanup", Time since last: 1002843587 ns, Reaching safepoint: 751852 ns, At safepoint: 47497 ns, Total: 799349 ns
[2023-06-20T07:47:26.432+0000][70][safepoint   ] Safepoint "Cleanup", Time since last: 2004457357 ns, Reaching safepoint: 115738 ns, At safepoint: 10000 ns, Total: 125738 ns
[2023-06-20T07:47:27.434+0000][70][safepoint   ] Safepoint "Cleanup", Time since last: 1001310223 ns, Reaching safepoint: 360325 ns, At safepoint: 12826 ns, Total: 373151 ns
[2023-06-20T07:47:29.439+0000][70][safepoint   ] Safepoint "Cleanup", Time since last: 2004749408 ns, Reaching safepoint: 197534 ns, At safepoint: 7251 ns, Total: 204785 ns
[2023-06-20T07:47:32.434+0000][70][gc,start    ] GC(84) Pause Young (Concurrent Start) (G1 Evacuation Pause)
[2023-06-20T07:47:32.435+0000][70][gc,task     ] GC(84) Using 4 workers of 4 for evacuation
[2023-06-20T07:47:32.435+0000][70][gc,age      ] GC(84) Desired survivor size 6291456 bytes, new threshold 15 (max threshold 15)
[2023-06-20T07:47:32.439+0000][70][gc,phases   ] GC(84)   Pre Evacuate Collection Set: 0.4ms
[2023-06-20T07:47:32.440+0000][70][gc,phases   ] GC(84)   Merge Heap Roots: 0.1ms
[2023-06-20T07:47:32.441+0000][70][gc,phases   ] GC(84)   Evacuate Collection Set: 2.2ms
[2023-06-20T07:47:32.441+0000][70][gc,phases   ] GC(84)   Post Evacuate Collection Set: 0.8ms
[2023-06-20T07:47:32.442+0000][70][gc,phases   ] GC(84)   Other: 1.1ms
[2023-06-20T07:47:32.442+0000][70][gc,age      ] GC(84) Age table with threshold 15 (max threshold 15)
[2023-06-20T07:47:32.442+0000][70][gc,age      ] GC(84) - age   1:    1389840 bytes,    1389840 total
[2023-06-20T07:47:32.443+0000][70][gc,age      ] GC(84) - age   2:      17712 bytes,    1407552 total
[2023-06-20T07:47:32.443+0000][70][gc,age      ] GC(84) - age   3:     322632 bytes,    1730184 total
[2023-06-20T07:47:32.444+0000][70][gc,age      ] GC(84) - age   4:        248 bytes,    1730432 total
[2023-06-20T07:47:32.444+0000][70][gc,age      ] GC(84) - age   5:     189968 bytes,    1920400 total
[2023-06-20T07:47:32.445+0000][70][gc,age      ] GC(84) - age   6:     240080 bytes,    2160480 total
[2023-06-20T07:47:32.445+0000][70][gc,age      ] GC(84) - age   8:     178904 bytes,    2339384 total
[2023-06-20T07:47:32.445+0000][70][gc,age      ] GC(84) - age   9:      96624 bytes,    2436008 total
[2023-06-20T07:47:32.446+0000][70][gc,age      ] GC(84) - age  10:       1184 bytes,    2437192 total
[2023-06-20T07:47:32.446+0000][70][gc,age      ] GC(84) - age  11:      21528 bytes,    2458720 total
[2023-06-20T07:47:32.447+0000][70][gc,age      ] GC(84) - age  12:       7288 bytes,    2466008 total
[2023-06-20T07:47:32.447+0000][70][gc,age      ] GC(84) - age  14:      35832 bytes,    2501840 total
[2023-06-20T07:47:32.448+0000][70][gc,heap     ] GC(84) Eden regions: 17->0(17)
[2023-06-20T07:47:32.448+0000][70][gc,heap     ] GC(84) Survivor regions: 1->1(3)
[2023-06-20T07:47:32.449+0000][70][gc,heap     ] GC(84) Old regions: 31->31
[2023-06-20T07:47:32.449+0000][70][gc,heap     ] GC(84) Archive regions: 2->2
[2023-06-20T07:47:32.450+0000][70][gc,heap     ] GC(84) Humongous regions: 2->2
[2023-06-20T07:47:32.451+0000][70][gc,metaspace] GC(84) Metaspace: 133911K(138048K)->133911K(138048K) NonClass: 116601K(118528K)->116601K(118528K) Class: 17309K(19520K)->17309K(19520K)
[2023-06-20T07:47:32.451+0000][70][gc          ] GC(84) Pause Young (Concurrent Start) (G1 Evacuation Pause) 204M->136M(256M) 16.873ms
[2023-06-20T07:47:32.452+0000][70][gc          ] GC(85) Concurrent Mark Cycle
[2023-06-20T07:47:32.452+0000][70][gc,marking  ] GC(85) Concurrent Clear Claimed Marks
[2023-06-20T07:47:32.452+0000][70][gc,cpu      ] GC(84) User=0.01s Sys=0.00s Real=0.02s
[2023-06-20T07:47:32.453+0000][70][gc,marking  ] GC(85) Concurrent Clear Claimed Marks 0.615ms
[2023-06-20T07:47:32.454+0000][70][gc,marking  ] GC(85) Concurrent Scan Root Regions
[2023-06-20T07:47:32.453+0000][70][safepoint   ] Safepoint "G1CollectForAllocation", Time since last: 2995647851 ns, Reaching safepoint: 123305 ns, At safepoint: 18918906 ns, Total: 19042211 ns
[2023-06-20T07:47:32.456+0000][70][gc,marking  ] GC(85) Concurrent Scan Root Regions 2.761ms
[2023-06-20T07:47:32.457+0000][70][gc,marking  ] GC(85) Concurrent Mark
[2023-06-20T07:47:32.459+0000][70][gc,marking  ] GC(85) Concurrent Mark From Roots
[2023-06-20T07:47:32.459+0000][70][gc,task     ] GC(85) Using 1 workers of 1 for marking
[2023-06-20T07:47:32.614+0000][70][gc,marking  ] GC(85) Concurrent Mark From Roots 154.641ms
[2023-06-20T07:47:32.614+0000][70][gc,marking  ] GC(85) Concurrent Preclean
[2023-06-20T07:47:32.616+0000][70][gc,marking  ] GC(85) Concurrent Preclean 1.272ms
[2023-06-20T07:47:32.617+0000][70][gc,start    ] GC(85) Pause Remark
[2023-06-20T07:47:32.624+0000][70][gc          ] GC(85) Pause Remark 140M->140M(256M) 7.312ms
[2023-06-20T07:47:32.625+0000][70][gc,cpu      ] GC(85) User=0.03s Sys=0.01s Real=0.00s
[2023-06-20T07:47:32.625+0000][70][safepoint   ] Safepoint "G1PauseRemark", Time since last: 163210239 ns, Reaching safepoint: 150438 ns, At safepoint: 8811374 ns, Total: 8961812 ns
[2023-06-20T07:47:32.626+0000][70][gc,marking  ] GC(85) Concurrent Mark 168.959ms
[2023-06-20T07:47:32.626+0000][70][gc,marking  ] GC(85) Concurrent Rebuild Remembered Sets
[2023-06-20T07:47:32.700+0000][70][gc,marking  ] GC(85) Concurrent Rebuild Remembered Sets 73.258ms
[2023-06-20T07:47:32.701+0000][70][gc,start    ] GC(85) Pause Cleanup
[2023-06-20T07:47:32.702+0000][70][gc          ] GC(85) Pause Cleanup 140M->140M(256M) 1.030ms
[2023-06-20T07:47:32.703+0000][70][gc,cpu      ] GC(85) User=0.00s Sys=0.00s Real=0.00s
[2023-06-20T07:47:32.703+0000][70][safepoint   ] Safepoint "G1PauseCleanup", Time since last: 75560178 ns, Reaching safepoint: 254496 ns, At safepoint: 2089772 ns, Total: 2344268 ns
[2023-06-20T07:47:32.704+0000][70][gc,marking  ] GC(85) Concurrent Cleanup for Next Mark
[2023-06-20T07:47:32.705+0000][70][gc,marking  ] GC(85) Concurrent Cleanup for Next Mark 0.754ms
[2023-06-20T07:47:32.705+0000][70][gc          ] GC(85) Concurrent Mark Cycle 253.231ms
[2023-06-20T07:47:33.707+0000][70][safepoint   ] Safepoint "Cleanup", Time since last: 1003580893 ns, Reaching safepoint: 357893 ns, At safepoint: 12465 ns, Total: 370358 ns
[2023-06-20T07:47:35.714+0000][70][safepoint   ] Safepoint "Cleanup", Time since last: 2006404643 ns, Reaching safepoint: 561636 ns, At safepoint: 15566 ns, Total: 577202 ns
[2023-06-20T07:47:38.719+0000][70][safepoint   ] Safepoint "Cleanup", Time since last: 3004257443 ns, Reaching safepoint: 98529 ns, At safepoint: 3796 ns, Total: 102325 ns
[2023-06-20T07:47:39.720+0000][70][safepoint   ] Safepoint "Cleanup", Time since last: 1001179868 ns, Reaching safepoint: 134740 ns, At safepoint: 4787 ns, Total: 139527 ns
[2023-06-20T07:47:40.721+0000][70][safepoint   ] Safepoint "Cleanup", Time since last: 1000993834 ns, Reaching safepoint: 178134 ns, At safepoint: 4260 ns, Total: 182394 ns
[2023-06-20T07:47:41.722+0000][70][safepoint   ] Safepoint "Cleanup", Time since last: 1001132034 ns, Reaching safepoint: 88166 ns, At safepoint: 3350 ns, Total: 91516 ns
[2023-06-20T07:47:44.703+0000][70][safepoint   ] Safepoint "Cleanup", Time since last: 3001777648 ns, Reaching safepoint: 131643 ns, At safepoint: 52383 ns, Total: 184026 ns
[2023-06-20T07:47:45.704+0000][70][safepoint   ] Safepoint "Cleanup", Time since last: 1000778165 ns, Reaching safepoint: 135013 ns, At safepoint: 5796 ns, Total: 140809 ns
[2023-06-20T07:47:47.705+0000][70][safepoint   ] Safepoint "Cleanup", Time since last: 2001104870 ns, Reaching safepoint: 255548 ns, At safepoint: 30113 ns, Total: 285661 ns
[2023-06-20T07:47:49.707+0000][70][safepoint   ] Safepoint "Cleanup", Time since last: 2001439685 ns, Reaching safepoint: 90185 ns, At safepoint: 3253 ns, Total: 93438 ns
[2023-06-20T07:47:50.709+0000][70][safepoint   ] Safepoint "Cleanup", Time since last: 1002062570 ns, Reaching safepoint: 245520 ns, At safepoint: 29208 ns, Total: 274728 ns
[2023-06-20T07:47:51.711+0000][70][safepoint   ] Safepoint "Cleanup", Time since last: 1002026989 ns, Reaching safepoint: 335613 ns, At safepoint: 27702 ns, Total: 363315 ns
[2023-06-20T07:47:53.170+0000][70][gc,start    ] GC(86) Pause Young (Normal) (G1 Evacuation Pause)
[2023-06-20T07:47:53.172+0000][70][gc,task     ] GC(86) Using 4 workers of 4 for evacuation
[2023-06-20T07:47:53.173+0000][70][gc,age      ] GC(86) Desired survivor size 6291456 bytes, new threshold 15 (max threshold 15)
[2023-06-20T07:47:53.180+0000][70][gc,phases   ] GC(86)   Pre Evacuate Collection Set: 0.1ms
[2023-06-20T07:47:53.181+0000][70][gc,phases   ] GC(86)   Merge Heap Roots: 0.2ms
[2023-06-20T07:47:53.182+0000][70][gc,phases   ] GC(86)   Evacuate Collection Set: 4.2ms
[2023-06-20T07:47:53.182+0000][70][gc,phases   ] GC(86)   Post Evacuate Collection Set: 1.4ms
[2023-06-20T07:47:53.183+0000][70][gc,phases   ] GC(86)   Other: 2.4ms
[2023-06-20T07:47:53.184+0000][70][gc,age      ] GC(86) Age table with threshold 15 (max threshold 15)
[2023-06-20T07:47:53.185+0000][70][gc,age      ] GC(86) - age   1:    1096200 bytes,    1096200 total
[2023-06-20T07:47:53.185+0000][70][gc,age      ] GC(86) - age   2:      11872 bytes,    1108072 total
[2023-06-20T07:47:53.186+0000][70][gc,age      ] GC(86) - age   3:      17008 bytes,    1125080 total
[2023-06-20T07:47:53.187+0000][70][gc,age      ] GC(86) - age   4:     322272 bytes,    1447352 total
[2023-06-20T07:47:53.187+0000][70][gc,age      ] GC(86) - age   5:        248 bytes,    1447600 total
[2023-06-20T07:47:53.188+0000][70][gc,age      ] GC(86) - age   6:     189968 bytes,    1637568 total
[2023-06-20T07:47:53.188+0000][70][gc,age      ] GC(86) - age   7:     239744 bytes,    1877312 total
[2023-06-20T07:47:53.189+0000][70][gc,age      ] GC(86) - age   9:     178848 bytes,    2056160 total
[2023-06-20T07:47:53.190+0000][70][gc,age      ] GC(86) - age  10:      87928 bytes,    2144088 total
[2023-06-20T07:47:53.191+0000][70][gc,age      ] GC(86) - age  11:       1184 bytes,    2145272 total
[2023-06-20T07:47:53.191+0000][70][gc,age      ] GC(86) - age  12:      21528 bytes,    2166800 total
[2023-06-20T07:47:53.192+0000][70][gc,age      ] GC(86) - age  13:       7288 bytes,    2174088 total
[2023-06-20T07:47:53.192+0000][70][gc,age      ] GC(86) - age  15:      35832 bytes,    2209920 total
[2023-06-20T07:47:53.193+0000][70][gc,heap     ] GC(86) Eden regions: 17->0(17)
[2023-06-20T07:47:53.193+0000][70][gc,heap     ] GC(86) Survivor regions: 1->1(3)
[2023-06-20T07:47:53.194+0000][70][gc,heap     ] GC(86) Old regions: 31->31
[2023-06-20T07:47:53.194+0000][70][gc,heap     ] GC(86) Archive regions: 2->2
[2023-06-20T07:47:53.195+0000][70][gc,heap     ] GC(86) Humongous regions: 2->2
[2023-06-20T07:47:53.195+0000][70][gc,metaspace] GC(86) Metaspace: 134012K(138048K)->134012K(138048K) NonClass: 116702K(118528K)->116702K(118528K) Class: 17309K(19520K)->17309K(19520K)
[2023-06-20T07:47:53.196+0000][70][gc          ] GC(86) Pause Young (Normal) (G1 Evacuation Pause) 204M->136M(256M) 25.769ms
[2023-06-20T07:47:53.196+0000][70][gc,cpu      ] GC(86) User=0.02s Sys=0.01s Real=0.03s
[2023-06-20T07:47:53.197+0000][70][safepoint   ] Safepoint "G1CollectForAllocation", Time since last: 1458132494 ns, Reaching safepoint: 251225 ns, At safepoint: 26882421 ns, Total: 27133646 ns
[2023-06-20T07:47:54.199+0000][70][safepoint   ] Safepoint "Cleanup", Time since last: 1001905532 ns, Reaching safepoint: 393446 ns, At safepoint: 9712 ns, Total: 403158 ns
[2023-06-20T07:47:56.202+0000][70][safepoint   ] Safepoint "Cleanup", Time since last: 2003090252 ns, Reaching safepoint: 269442 ns, At safepoint: 44127 ns, Total: 313569 ns
[2023-06-20T07:47:57.204+0000][70][safepoint   ] Safepoint "Cleanup", Time since last: 1000998292 ns, Reaching safepoint: 280949 ns, At safepoint: 22777 ns, Total: 303726 ns
[2023-06-20T07:47:58.206+0000][70][safepoint   ] Safepoint "Cleanup", Time since last: 1002410254 ns, Reaching safepoint: 239947 ns, At safepoint: 6761 ns, Total: 246708 ns
[2023-06-20T07:48:02.213+0000][70][safepoint   ] Safepoint "Cleanup", Time since last: 4006133528 ns, Reaching safepoint: 116809 ns, At safepoint: 3030 ns, Total: 119839 ns
[2023-06-20T07:48:03.214+0000][70][safepoint   ] Safepoint "Cleanup", Time since last: 1001070178 ns, Reaching safepoint: 130645 ns, At safepoint: 4601 ns, Total: 135246 ns
[2023-06-20T07:48:04.216+0000][70][safepoint   ] Safepoint "Cleanup", Time since last: 1001610341 ns, Reaching safepoint: 172511 ns, At safepoint: 6019 ns, Total: 178530 ns
[2023-06-20T07:48:06.218+0000][70][safepoint   ] Safepoint "Cleanup", Time since last: 2002404533 ns, Reaching safepoint: 83501 ns, At safepoint: 3470 ns, Total: 86971 ns
[2023-06-20T07:48:07.223+0000][70][safepoint   ] Safepoint "Cleanup", Time since last: 1004199425 ns, Reaching safepoint: 367930 ns, At safepoint: 8939 ns, Total: 376869 ns
[2023-06-20T07:48:08.227+0000][70][safepoint   ] Safepoint "Cleanup", Time since last: 1004076909 ns, Reaching safepoint: 71774 ns, At safepoint: 31880 ns, Total: 103654 ns
[2023-06-20T07:48:09.229+0000][70][safepoint   ] Safepoint "Cleanup", Time since last: 1002254744 ns, Reaching safepoint: 171419 ns, At safepoint: 15095 ns, Total: 186514 ns
[2023-06-20T07:48:11.233+0000][70][safepoint   ] Safepoint "Cleanup", Time since last: 2004022597 ns, Reaching safepoint: 73478 ns, At safepoint: 2877 ns, Total: 76355 ns
[2023-06-20T07:48:14.214+0000][70][safepoint   ] Safepoint "Cleanup", Time since last: 3002455274 ns, Reaching safepoint: 170966 ns, At safepoint: 13912 ns, Total: 184878 ns
[2023-06-20T07:48:14.478+0000][70][gc,start    ] GC(87) Pause Young (Concurrent Start) (G1 Evacuation Pause)
[2023-06-20T07:48:14.479+0000][70][gc,task     ] GC(87) Using 4 workers of 4 for evacuation
[2023-06-20T07:48:14.480+0000][70][gc,age      ] GC(87) Desired survivor size 6291456 bytes, new threshold 15 (max threshold 15)
[2023-06-20T07:48:14.485+0000][70][gc,phases   ] GC(87)   Pre Evacuate Collection Set: 0.6ms
[2023-06-20T07:48:14.486+0000][70][gc,phases   ] GC(87)   Merge Heap Roots: 0.1ms
[2023-06-20T07:48:14.487+0000][70][gc,phases   ] GC(87)   Evacuate Collection Set: 2.7ms
[2023-06-20T07:48:14.487+0000][70][gc,phases   ] GC(87)   Post Evacuate Collection Set: 0.7ms
[2023-06-20T07:48:14.488+0000][70][gc,phases   ] GC(87)   Other: 2.0ms
[2023-06-20T07:48:14.488+0000][70][gc,age      ] GC(87) Age table with threshold 15 (max threshold 15)
[2023-06-20T07:48:14.489+0000][70][gc,age      ] GC(87) - age   1:     910048 bytes,     910048 total
[2023-06-20T07:48:14.490+0000][70][gc,age      ] GC(87) - age   2:      20288 bytes,     930336 total
[2023-06-20T07:48:14.490+0000][70][gc,age      ] GC(87) - age   3:      11440 bytes,     941776 total
[2023-06-20T07:48:14.491+0000][70][gc,age      ] GC(87) - age   4:      15992 bytes,     957768 total
[2023-06-20T07:48:14.492+0000][70][gc,age      ] GC(87) - age   5:     322208 bytes,    1279976 total
[2023-06-20T07:48:14.493+0000][70][gc,age      ] GC(87) - age   6:        184 bytes,    1280160 total
[2023-06-20T07:48:14.493+0000][70][gc,age      ] GC(87) - age   7:     189904 bytes,    1470064 total
[2023-06-20T07:48:14.494+0000][70][gc,age      ] GC(87) - age   8:     239552 bytes,    1709616 total
[2023-06-20T07:48:14.495+0000][70][gc,age      ] GC(87) - age  10:     178784 bytes,    1888400 total
[2023-06-20T07:48:14.496+0000][70][gc,age      ] GC(87) - age  11:      87864 bytes,    1976264 total
[2023-06-20T07:48:14.497+0000][70][gc,age      ] GC(87) - age  12:       1184 bytes,    1977448 total
[2023-06-20T07:48:14.497+0000][70][gc,age      ] GC(87) - age  13:      21528 bytes,    1998976 total
[2023-06-20T07:48:14.498+0000][70][gc,age      ] GC(87) - age  14:       7288 bytes,    2006264 total
[2023-06-20T07:48:14.498+0000][70][gc,heap     ] GC(87) Eden regions: 17->0(17)
[2023-06-20T07:48:14.499+0000][70][gc,heap     ] GC(87) Survivor regions: 1->1(3)
[2023-06-20T07:48:14.500+0000][70][gc,heap     ] GC(87) Old regions: 31->31
[2023-06-20T07:48:14.500+0000][70][gc,heap     ] GC(87) Archive regions: 2->2
[2023-06-20T07:48:14.501+0000][70][gc,heap     ] GC(87) Humongous regions: 2->2
[2023-06-20T07:48:14.501+0000][70][gc,metaspace] GC(87) Metaspace: 134130K(138176K)->134130K(138176K) NonClass: 116820K(118656K)->116820K(118656K) Class: 17309K(19520K)->17309K(19520K)
[2023-06-20T07:48:14.502+0000][70][gc          ] GC(87) Pause Young (Concurrent Start) (G1 Evacuation Pause) 204M->136M(256M) 23.761ms
[2023-06-20T07:48:14.502+0000][70][gc,cpu      ] GC(87) User=0.01s Sys=0.00s Real=0.02s
[2023-06-20T07:48:14.502+0000][70][gc          ] GC(88) Concurrent Mark Cycle
[2023-06-20T07:48:14.504+0000][70][gc,marking  ] GC(88) Concurrent Clear Claimed Marks
[2023-06-20T07:48:14.505+0000][70][gc,marking  ] GC(88) Concurrent Clear Claimed Marks 1.116ms
[2023-06-20T07:48:14.506+0000][70][gc,marking  ] GC(88) Concurrent Scan Root Regions
[2023-06-20T07:48:14.503+0000][70][safepoint   ] Safepoint "G1CollectForAllocation", Time since last: 263569802 ns, Reaching safepoint: 76556 ns, At safepoint: 25244704 ns, Total: 25321260 ns
[2023-06-20T07:48:14.509+0000][70][gc,marking  ] GC(88) Concurrent Scan Root Regions 2.754ms
[2023-06-20T07:48:14.511+0000][70][gc,marking  ] GC(88) Concurrent Mark
[2023-06-20T07:48:14.512+0000][70][gc,marking  ] GC(88) Concurrent Mark From Roots
[2023-06-20T07:48:14.513+0000][70][gc,task     ] GC(88) Using 1 workers of 1 for marking
[2023-06-20T07:48:14.667+0000][70][gc,marking  ] GC(88) Concurrent Mark From Roots 155.005ms
[2023-06-20T07:48:14.668+0000][70][gc,marking  ] GC(88) Concurrent Preclean
[2023-06-20T07:48:14.669+0000][70][gc,marking  ] GC(88) Concurrent Preclean 1.005ms
[2023-06-20T07:48:14.669+0000][70][gc,start    ] GC(88) Pause Remark
[2023-06-20T07:48:14.679+0000][70][gc          ] GC(88) Pause Remark 139M->139M(256M) 9.920ms
[2023-06-20T07:48:14.680+0000][70][gc,cpu      ] GC(88) User=0.03s Sys=0.00s Real=0.01s
[2023-06-20T07:48:14.681+0000][70][safepoint   ] Safepoint "G1PauseRemark", Time since last: 166095347 ns, Reaching safepoint: 52226 ns, At safepoint: 11477341 ns, Total: 11529567 ns
[2023-06-20T07:48:14.681+0000][70][gc,marking  ] GC(88) Concurrent Mark 170.172ms
[2023-06-20T07:48:14.682+0000][70][gc,marking  ] GC(88) Concurrent Rebuild Remembered Sets
[2023-06-20T07:48:14.761+0000][70][gc,marking  ] GC(88) Concurrent Rebuild Remembered Sets 78.566ms
[2023-06-20T07:48:14.762+0000][70][gc,start    ] GC(88) Pause Cleanup
[2023-06-20T07:48:14.764+0000][70][gc          ] GC(88) Pause Cleanup 139M->139M(256M) 1.582ms
[2023-06-20T07:48:14.765+0000][70][gc,cpu      ] GC(88) User=0.00s Sys=0.00s Real=0.01s
[2023-06-20T07:48:14.765+0000][70][safepoint   ] Safepoint "G1PauseCleanup", Time since last: 81378595 ns, Reaching safepoint: 122240 ns, At safepoint: 3057422 ns, Total: 3179662 ns
[2023-06-20T07:48:14.766+0000][70][gc,marking  ] GC(88) Concurrent Cleanup for Next Mark
[2023-06-20T07:48:14.767+0000][70][gc,marking  ] GC(88) Concurrent Cleanup for Next Mark 0.964ms
[2023-06-20T07:48:14.768+0000][70][gc          ] GC(88) Concurrent Mark Cycle 265.453ms
[2023-06-20T07:48:16.770+0000][70][safepoint   ] Safepoint "Cleanup", Time since last: 2003481488 ns, Reaching safepoint: 655545 ns, At safepoint: 16693 ns, Total: 672238 ns
[2023-06-20T07:48:20.778+0000][70][safepoint   ] Safepoint "Cleanup", Time since last: 4007828615 ns, Reaching safepoint: 467478 ns, At safepoint: 466896 ns, Total: 934374 ns
[2023-06-20T07:48:21.786+0000][70][safepoint   ] Safepoint "Cleanup", Time since last: 1006872748 ns, Reaching safepoint: 698154 ns, At safepoint: 52350 ns, Total: 750504 ns
[2023-06-20T07:48:23.797+0000][70][safepoint   ] Safepoint "Cleanup", Time since last: 2010836934 ns, Reaching safepoint: 518072 ns, At safepoint: 14009 ns, Total: 532081 ns
[2023-06-20T07:48:24.805+0000][70][safepoint   ] Safepoint "Cleanup", Time since last: 1007074038 ns, Reaching safepoint: 582778 ns, At safepoint: 15836 ns, Total: 598614 ns
[2023-06-20T07:48:26.811+0000][70][safepoint   ] Safepoint "Cleanup", Time since last: 2005951370 ns, Reaching safepoint: 157764 ns, At safepoint: 5592 ns, Total: 163356 ns
[2023-06-20T07:48:27.812+0000][70][safepoint   ] Safepoint "Cleanup", Time since last: 1001133048 ns, Reaching safepoint: 113661 ns, At safepoint: 4887 ns, Total: 118548 ns
[2023-06-20T07:48:28.814+0000][70][safepoint   ] Safepoint "Cleanup", Time since last: 1001273188 ns, Reaching safepoint: 153936 ns, At safepoint: 4091 ns, Total: 158027 ns
[2023-06-20T07:48:29.815+0000][70][safepoint   ] Safepoint "Cleanup", Time since last: 1001201920 ns, Reaching safepoint: 375351 ns, At safepoint: 24464 ns, Total: 399815 ns
[2023-06-20T07:48:32.525+0000][70][gc,start    ] GC(89) Pause Young (Normal) (G1 Evacuation Pause)
[2023-06-20T07:48:32.526+0000][70][gc,task     ] GC(89) Using 4 workers of 4 for evacuation
[2023-06-20T07:48:32.526+0000][70][gc,age      ] GC(89) Desired survivor size 6291456 bytes, new threshold 15 (max threshold 15)
[2023-06-20T07:48:32.531+0000][70][gc,phases   ] GC(89)   Pre Evacuate Collection Set: 0.1ms
[2023-06-20T07:48:32.532+0000][70][gc,phases   ] GC(89)   Merge Heap Roots: 0.3ms
[2023-06-20T07:48:32.533+0000][70][gc,phases   ] GC(89)   Evacuate Collection Set: 3.0ms
[2023-06-20T07:48:32.533+0000][70][gc,phases   ] GC(89)   Post Evacuate Collection Set: 0.9ms
[2023-06-20T07:48:32.533+0000][70][gc,phases   ] GC(89)   Other: 1.2ms
[2023-06-20T07:48:32.534+0000][70][gc,age      ] GC(89) Age table with threshold 15 (max threshold 15)
[2023-06-20T07:48:32.534+0000][70][gc,age      ] GC(89) - age   1:     663200 bytes,     663200 total
[2023-06-20T07:48:32.535+0000][70][gc,age      ] GC(89) - age   2:       4592 bytes,     667792 total
[2023-06-20T07:48:32.535+0000][70][gc,age      ] GC(89) - age   3:      10184 bytes,     677976 total
[2023-06-20T07:48:32.536+0000][70][gc,age      ] GC(89) - age   4:       6840 bytes,     684816 total
[2023-06-20T07:48:32.536+0000][70][gc,age      ] GC(89) - age   5:      15928 bytes,     700744 total
[2023-06-20T07:48:32.536+0000][70][gc,age      ] GC(89) - age   6:     321720 bytes,    1022464 total
[2023-06-20T07:48:32.537+0000][70][gc,age      ] GC(89) - age   7:        184 bytes,    1022648 total
[2023-06-20T07:48:32.537+0000][70][gc,age      ] GC(89) - age   8:     189872 bytes,    1212520 total
[2023-06-20T07:48:32.538+0000][70][gc,age      ] GC(89) - age   9:     239552 bytes,    1452072 total
[2023-06-20T07:48:32.538+0000][70][gc,age      ] GC(89) - age  11:     178784 bytes,    1630856 total
[2023-06-20T07:48:32.539+0000][70][gc,age      ] GC(89) - age  12:      87864 bytes,    1718720 total
[2023-06-20T07:48:32.539+0000][70][gc,age      ] GC(89) - age  13:       1184 bytes,    1719904 total
[2023-06-20T07:48:32.540+0000][70][gc,age      ] GC(89) - age  14:      21528 bytes,    1741432 total
[2023-06-20T07:48:32.540+0000][70][gc,age      ] GC(89) - age  15:       7288 bytes,    1748720 total
[2023-06-20T07:48:32.540+0000][70][gc,heap     ] GC(89) Eden regions: 17->0(17)
[2023-06-20T07:48:32.541+0000][70][gc,heap     ] GC(89) Survivor regions: 1->1(3)
[2023-06-20T07:48:32.541+0000][70][gc,heap     ] GC(89) Old regions: 31->31
[2023-06-20T07:48:32.542+0000][70][gc,heap     ] GC(89) Archive regions: 2->2
[2023-06-20T07:48:32.542+0000][70][gc,heap     ] GC(89) Humongous regions: 2->2
[2023-06-20T07:48:32.543+0000][70][gc,metaspace] GC(89) Metaspace: 134173K(138176K)->134173K(138176K) NonClass: 116863K(118656K)->116863K(118656K) Class: 17309K(19520K)->17309K(19520K)
[2023-06-20T07:48:32.544+0000][70][gc          ] GC(89) Pause Young (Normal) (G1 Evacuation Pause) 204M->136M(256M) 19.012ms
[2023-06-20T07:48:32.544+0000][70][gc,cpu      ] GC(89) User=0.01s Sys=0.00s Real=0.02s
[2023-06-20T07:48:32.545+0000][70][safepoint   ] Safepoint "G1CollectForAllocation", Time since last: 2709149419 ns, Reaching safepoint: 166910 ns, At safepoint: 20176670 ns, Total: 20343580 ns
[2023-06-20T07:48:37.549+0000][70][safepoint   ] Safepoint "Cleanup", Time since last: 5003323864 ns, Reaching safepoint: 467720 ns, At safepoint: 25361 ns, Total: 493081 ns
[2023-06-20T07:48:38.553+0000][70][safepoint   ] Safepoint "Cleanup", Time since last: 1004079558 ns, Reaching safepoint: 186195 ns, At safepoint: 5666 ns, Total: 191861 ns
[2023-06-20T07:48:39.555+0000][70][safepoint   ] Safepoint "Cleanup", Time since last: 1001777082 ns, Reaching safepoint: 333107 ns, At safepoint: 12629 ns, Total: 345736 ns
[2023-06-20T07:48:40.559+0000][70][safepoint   ] Safepoint "Cleanup", Time since last: 1003515929 ns, Reaching safepoint: 431817 ns, At safepoint: 12343 ns, Total: 444160 ns
[2023-06-20T07:48:45.546+0000][70][safepoint   ] Safepoint "Cleanup", Time since last: 5007563232 ns, Reaching safepoint: 103988 ns, At safepoint: 3760 ns, Total: 107748 ns
[2023-06-20T07:48:46.548+0000][70][safepoint   ] Safepoint "Cleanup", Time since last: 1001377446 ns, Reaching safepoint: 786358 ns, At safepoint: 18764 ns, Total: 805122 ns
[2023-06-20T07:48:47.552+0000][70][safepoint   ] Safepoint "Cleanup", Time since last: 1003812973 ns, Reaching safepoint: 160118 ns, At safepoint: 5119 ns, Total: 165237 ns
[2023-06-20T07:48:48.554+0000][70][safepoint   ] Safepoint "Cleanup", Time since last: 1001836024 ns, Reaching safepoint: 374160 ns, At safepoint: 11264 ns, Total: 385424 ns
[2023-06-20T07:48:50.522+0000][70][gc,start    ] GC(90) Pause Young (Concurrent Start) (G1 Evacuation Pause)
[2023-06-20T07:48:50.522+0000][70][gc,task     ] GC(90) Using 4 workers of 4 for evacuation
[2023-06-20T07:48:50.523+0000][70][gc,age      ] GC(90) Desired survivor size 6291456 bytes, new threshold 15 (max threshold 15)
[2023-06-20T07:48:50.529+0000][70][gc,phases   ] GC(90)   Pre Evacuate Collection Set: 0.5ms
[2023-06-20T07:48:50.530+0000][70][gc,phases   ] GC(90)   Merge Heap Roots: 0.1ms
[2023-06-20T07:48:50.530+0000][70][gc,phases   ] GC(90)   Evacuate Collection Set: 3.6ms
[2023-06-20T07:48:50.531+0000][70][gc,phases   ] GC(90)   Post Evacuate Collection Set: 0.8ms
[2023-06-20T07:48:50.531+0000][70][gc,phases   ] GC(90)   Other: 1.6ms
[2023-06-20T07:48:50.532+0000][70][gc,age      ] GC(90) Age table with threshold 15 (max threshold 15)
[2023-06-20T07:48:50.533+0000][70][gc,age      ] GC(90) - age   1:    1701968 bytes,    1701968 total
[2023-06-20T07:48:50.533+0000][70][gc,age      ] GC(90) - age   2:     220224 bytes,    1922192 total
[2023-06-20T07:48:50.534+0000][70][gc,age      ] GC(90) - age   3:       4208 bytes,    1926400 total
[2023-06-20T07:48:50.534+0000][70][gc,age      ] GC(90) - age   4:       9824 bytes,    1936224 total
[2023-06-20T07:48:50.535+0000][70][gc,age      ] GC(90) - age   5:       6712 bytes,    1942936 total
[2023-06-20T07:48:50.535+0000][70][gc,age      ] GC(90) - age   6:      15864 bytes,    1958800 total
[2023-06-20T07:48:50.536+0000][70][gc,age      ] GC(90) - age   7:     321720 bytes,    2280520 total
[2023-06-20T07:48:50.536+0000][70][gc,age      ] GC(90) - age   8:        184 bytes,    2280704 total
[2023-06-20T07:48:50.537+0000][70][gc,age      ] GC(90) - age   9:     189872 bytes,    2470576 total
[2023-06-20T07:48:50.537+0000][70][gc,age      ] GC(90) - age  10:     239488 bytes,    2710064 total
[2023-06-20T07:48:50.538+0000][70][gc,age      ] GC(90) - age  12:     178784 bytes,    2888848 total
[2023-06-20T07:48:50.538+0000][70][gc,age      ] GC(90) - age  13:      87864 bytes,    2976712 total
[2023-06-20T07:48:50.539+0000][70][gc,age      ] GC(90) - age  14:       1184 bytes,    2977896 total
[2023-06-20T07:48:50.539+0000][70][gc,age      ] GC(90) - age  15:      21528 bytes,    2999424 total
[2023-06-20T07:48:50.540+0000][70][gc,heap     ] GC(90) Eden regions: 17->0(17)
[2023-06-20T07:48:50.541+0000][70][gc,heap     ] GC(90) Survivor regions: 1->1(3)
[2023-06-20T07:48:50.541+0000][70][gc,heap     ] GC(90) Old regions: 31->31
[2023-06-20T07:48:50.542+0000][70][gc,heap     ] GC(90) Archive regions: 2->2
[2023-06-20T07:48:50.542+0000][70][gc,heap     ] GC(90) Humongous regions: 2->2
[2023-06-20T07:48:50.543+0000][70][gc,metaspace] GC(90) Metaspace: 134216K(138176K)->134216K(138176K) NonClass: 116906K(118656K)->116906K(118656K) Class: 17309K(19520K)->17309K(19520K)
[2023-06-20T07:48:50.544+0000][70][gc          ] GC(90) Pause Young (Concurrent Start) (G1 Evacuation Pause) 204M->137M(256M) 21.729ms
[2023-06-20T07:48:50.544+0000][70][gc,cpu      ] GC(90) User=0.02s Sys=0.00s Real=0.02s
[2023-06-20T07:48:50.544+0000][70][safepoint   ] Safepoint "G1CollectForAllocation", Time since last: 1967382946 ns, Reaching safepoint: 164312 ns, At safepoint: 22709153 ns, Total: 22873465 ns
[2023-06-20T07:48:50.544+0000][70][gc          ] GC(91) Concurrent Mark Cycle
[2023-06-20T07:48:50.546+0000][70][gc,marking  ] GC(91) Concurrent Clear Claimed Marks
[2023-06-20T07:48:50.547+0000][70][gc,marking  ] GC(91) Concurrent Clear Claimed Marks 0.943ms
[2023-06-20T07:48:50.548+0000][70][gc,marking  ] GC(91) Concurrent Scan Root Regions
[2023-06-20T07:48:50.552+0000][70][gc,marking  ] GC(91) Concurrent Scan Root Regions 4.239ms
[2023-06-20T07:48:50.553+0000][70][gc,marking  ] GC(91) Concurrent Mark
[2023-06-20T07:48:50.554+0000][70][gc,marking  ] GC(91) Concurrent Mark From Roots
[2023-06-20T07:48:50.554+0000][70][gc,task     ] GC(91) Using 1 workers of 1 for marking
[2023-06-20T07:48:50.731+0000][70][gc,marking  ] GC(91) Concurrent Mark From Roots 177.053ms
[2023-06-20T07:48:50.732+0000][70][gc,marking  ] GC(91) Concurrent Preclean
[2023-06-20T07:48:50.733+0000][70][gc,marking  ] GC(91) Concurrent Preclean 1.269ms
[2023-06-20T07:48:50.734+0000][70][gc,start    ] GC(91) Pause Remark
[2023-06-20T07:48:50.745+0000][70][gc          ] GC(91) Pause Remark 140M->140M(256M) 10.684ms
[2023-06-20T07:48:50.746+0000][70][gc,cpu      ] GC(91) User=0.03s Sys=0.00s Real=0.01s
[2023-06-20T07:48:50.747+0000][70][safepoint   ] Safepoint "G1PauseRemark", Time since last: 189476847 ns, Reaching safepoint: 92347 ns, At safepoint: 12487020 ns, Total: 12579367 ns
[2023-06-20T07:48:50.747+0000][70][gc,marking  ] GC(91) Concurrent Mark 194.029ms
[2023-06-20T07:48:50.748+0000][70][gc,marking  ] GC(91) Concurrent Rebuild Remembered Sets
[2023-06-20T07:48:50.819+0000][70][gc,marking  ] GC(91) Concurrent Rebuild Remembered Sets 71.094ms
[2023-06-20T07:48:50.820+0000][70][gc,start    ] GC(91) Pause Cleanup
[2023-06-20T07:48:50.821+0000][70][gc          ] GC(91) Pause Cleanup 140M->140M(256M) 0.744ms
[2023-06-20T07:48:50.822+0000][70][gc,cpu      ] GC(91) User=0.00s Sys=0.00s Real=0.00s
[2023-06-20T07:48:50.822+0000][70][safepoint   ] Safepoint "G1PauseCleanup", Time since last: 73314056 ns, Reaching safepoint: 77790 ns, At safepoint: 2337136 ns, Total: 2414926 ns
[2023-06-20T07:48:50.823+0000][70][gc,marking  ] GC(91) Concurrent Cleanup for Next Mark
[2023-06-20T07:48:50.824+0000][70][gc,marking  ] GC(91) Concurrent Cleanup for Next Mark 0.974ms
[2023-06-20T07:48:50.824+0000][70][gc          ] GC(91) Concurrent Mark Cycle 280.314ms
[2023-06-20T07:48:51.824+0000][70][safepoint   ] Safepoint "Cleanup", Time since last: 1001495662 ns, Reaching safepoint: 490540 ns, At safepoint: 12667 ns, Total: 503207 ns
[2023-06-20T07:48:53.830+0000][70][safepoint   ] Safepoint "Cleanup", Time since last: 2005437613 ns, Reaching safepoint: 473055 ns, At safepoint: 10610 ns, Total: 483665 ns
[2023-06-20T07:48:56.834+0000][70][safepoint   ] Safepoint "Cleanup", Time since last: 3003737753 ns, Reaching safepoint: 74493 ns, At safepoint: 3290 ns, Total: 77783 ns
[2023-06-20T07:49:02.381+0000][70][safepoint   ] Safepoint "Cleanup", Time since last: 5547093135 ns, Reaching safepoint: 199272 ns, At safepoint: 26855 ns, Total: 226127 ns
[2023-06-20T07:49:04.383+0000][70][safepoint   ] Safepoint "Cleanup", Time since last: 2001010238 ns, Reaching safepoint: 201302 ns, At safepoint: 34277 ns, Total: 235579 ns
[2023-06-20T07:49:09.388+0000][70][safepoint   ] Safepoint "Cleanup", Time since last: 5004998620 ns, Reaching safepoint: 77195 ns, At safepoint: 3753 ns, Total: 80948 ns
[2023-06-20T07:49:13.369+0000][70][safepoint   ] Safepoint "Cleanup", Time since last: 4003401532 ns, Reaching safepoint: 247172 ns, At safepoint: 14931 ns, Total: 262103 ns
[2023-06-20T07:49:14.386+0000][70][gc,start    ] GC(92) Pause Young (Normal) (G1 Evacuation Pause)
[2023-06-20T07:49:14.388+0000][70][gc,task     ] GC(92) Using 4 workers of 4 for evacuation
[2023-06-20T07:49:14.388+0000][70][gc,age      ] GC(92) Desired survivor size 6291456 bytes, new threshold 15 (max threshold 15)
[2023-06-20T07:49:14.392+0000][70][gc,phases   ] GC(92)   Pre Evacuate Collection Set: 0.1ms
[2023-06-20T07:49:14.392+0000][70][gc,phases   ] GC(92)   Merge Heap Roots: 0.2ms
[2023-06-20T07:49:14.393+0000][70][gc,phases   ] GC(92)   Evacuate Collection Set: 2.0ms
[2023-06-20T07:49:14.393+0000][70][gc,phases   ] GC(92)   Post Evacuate Collection Set: 0.7ms
[2023-06-20T07:49:14.394+0000][70][gc,phases   ] GC(92)   Other: 0.9ms
[2023-06-20T07:49:14.394+0000][70][gc,age      ] GC(92) Age table with threshold 15 (max threshold 15)
[2023-06-20T07:49:14.395+0000][70][gc,age      ] GC(92) - age   1:    1244504 bytes,    1244504 total
[2023-06-20T07:49:14.395+0000][70][gc,age      ] GC(92) - age   2:      13744 bytes,    1258248 total
[2023-06-20T07:49:14.396+0000][70][gc,age      ] GC(92) - age   3:       8768 bytes,    1267016 total
[2023-06-20T07:49:14.396+0000][70][gc,age      ] GC(92) - age   4:       3320 bytes,    1270336 total
[2023-06-20T07:49:14.396+0000][70][gc,age      ] GC(92) - age   5:       9824 bytes,    1280160 total
[2023-06-20T07:49:14.397+0000][70][gc,age      ] GC(92) - age   6:       6648 bytes,    1286808 total
[2023-06-20T07:49:14.397+0000][70][gc,age      ] GC(92) - age   7:      15624 bytes,    1302432 total
[2023-06-20T07:49:14.397+0000][70][gc,age      ] GC(92) - age   8:     321720 bytes,    1624152 total
[2023-06-20T07:49:14.398+0000][70][gc,age      ] GC(92) - age   9:        184 bytes,    1624336 total
[2023-06-20T07:49:14.398+0000][70][gc,age      ] GC(92) - age  10:     189256 bytes,    1813592 total
[2023-06-20T07:49:14.399+0000][70][gc,age      ] GC(92) - age  11:     239488 bytes,    2053080 total
[2023-06-20T07:49:14.399+0000][70][gc,age      ] GC(92) - age  13:     178784 bytes,    2231864 total
[2023-06-20T07:49:14.400+0000][70][gc,age      ] GC(92) - age  14:      87864 bytes,    2319728 total
[2023-06-20T07:49:14.400+0000][70][gc,age      ] GC(92) - age  15:       1184 bytes,    2320912 total
[2023-06-20T07:49:14.400+0000][70][gc,heap     ] GC(92) Eden regions: 17->0(17)
[2023-06-20T07:49:14.401+0000][70][gc,heap     ] GC(92) Survivor regions: 1->1(3)
[2023-06-20T07:49:14.401+0000][70][gc,heap     ] GC(92) Old regions: 31->31
[2023-06-20T07:49:14.401+0000][70][gc,heap     ] GC(92) Archive regions: 2->2
[2023-06-20T07:49:14.402+0000][70][gc,heap     ] GC(92) Humongous regions: 2->2
[2023-06-20T07:49:14.403+0000][70][gc,metaspace] GC(92) Metaspace: 134297K(138240K)->134297K(138240K) NonClass: 116987K(118720K)->116987K(118720K) Class: 17309K(19520K)->17309K(19520K)
[2023-06-20T07:49:14.403+0000][70][gc          ] GC(92) Pause Young (Normal) (G1 Evacuation Pause) 205M->136M(256M) 17.683ms
[2023-06-20T07:49:14.404+0000][70][gc,cpu      ] GC(92) User=0.01s Sys=0.00s Real=0.02s
[2023-06-20T07:49:14.405+0000][70][safepoint   ] Safepoint "G1CollectForAllocation", Time since last: 1016401342 ns, Reaching safepoint: 140261 ns, At safepoint: 19115727 ns, Total: 19255988 ns
[2023-06-20T07:49:15.457+0000][70][safepoint   ] Safepoint "Cleanup", Time since last: 1052273765 ns, Reaching safepoint: 114230 ns, At safepoint: 3069 ns, Total: 117299 ns
[2023-06-20T07:49:16.458+0000][70][safepoint   ] Safepoint "Cleanup", Time since last: 1000824087 ns, Reaching safepoint: 141831 ns, At safepoint: 4213 ns, Total: 146044 ns
[2023-06-20T07:49:17.460+0000][70][safepoint   ] Safepoint "Cleanup", Time since last: 1001609899 ns, Reaching safepoint: 486898 ns, At safepoint: 19638 ns, Total: 506536 ns
[2023-06-20T07:49:20.467+0000][70][safepoint   ] Safepoint "Cleanup", Time since last: 3006518994 ns, Reaching safepoint: 88318 ns, At safepoint: 4423 ns, Total: 92741 ns
[2023-06-20T07:49:23.470+0000][70][safepoint   ] Safepoint "Cleanup", Time since last: 3002774014 ns, Reaching safepoint: 168820 ns, At safepoint: 3868 ns, Total: 172688 ns
[2023-06-20T07:49:25.474+0000][70][safepoint   ] Safepoint "Cleanup", Time since last: 2003975284 ns, Reaching safepoint: 155760 ns, At safepoint: 105161 ns, Total: 260921 ns
[2023-06-20T07:49:26.476+0000][70][safepoint   ] Safepoint "Cleanup", Time since last: 1001471116 ns, Reaching safepoint: 153381 ns, At safepoint: 3493 ns, Total: 156874 ns
[2023-06-20T07:49:27.478+0000][70][safepoint   ] Safepoint "Cleanup", Time since last: 1001762148 ns, Reaching safepoint: 317061 ns, At safepoint: 7537 ns, Total: 324598 ns
[2023-06-20T07:49:28.483+0000][70][safepoint   ] Safepoint "Cleanup", Time since last: 1004607987 ns, Reaching safepoint: 727920 ns, At safepoint: 41907 ns, Total: 769827 ns
[2023-06-20T07:49:32.489+0000][70][safepoint   ] Safepoint "Cleanup", Time since last: 4005257101 ns, Reaching safepoint: 312125 ns, At safepoint: 9307 ns, Total: 321432 ns
[2023-06-20T07:49:32.585+0000][70][gc,start    ] GC(93) Pause Young (Concurrent Start) (G1 Evacuation Pause)
[2023-06-20T07:49:32.586+0000][70][gc,task     ] GC(93) Using 4 workers of 4 for evacuation
[2023-06-20T07:49:32.587+0000][70][gc,age      ] GC(93) Desired survivor size 6291456 bytes, new threshold 15 (max threshold 15)
[2023-06-20T07:49:32.592+0000][70][gc,phases   ] GC(93)   Pre Evacuate Collection Set: 0.5ms
[2023-06-20T07:49:32.593+0000][70][gc,phases   ] GC(93)   Merge Heap Roots: 0.2ms
[2023-06-20T07:49:32.593+0000][70][gc,phases   ] GC(93)   Evacuate Collection Set: 3.1ms
[2023-06-20T07:49:32.594+0000][70][gc,phases   ] GC(93)   Post Evacuate Collection Set: 1.1ms
[2023-06-20T07:49:32.594+0000][70][gc,phases   ] GC(93)   Other: 1.3ms
[2023-06-20T07:49:32.595+0000][70][gc,age      ] GC(93) Age table with threshold 15 (max threshold 15)
[2023-06-20T07:49:32.596+0000][70][gc,age      ] GC(93) - age   1:    1087808 bytes,    1087808 total
[2023-06-20T07:49:32.596+0000][70][gc,age      ] GC(93) - age   2:      39024 bytes,    1126832 total
[2023-06-20T07:49:32.597+0000][70][gc,age      ] GC(93) - age   3:       1600 bytes,    1128432 total
[2023-06-20T07:49:32.598+0000][70][gc,age      ] GC(93) - age   4:       4656 bytes,    1133088 total
[2023-06-20T07:49:32.599+0000][70][gc,age      ] GC(93) - age   5:       3256 bytes,    1136344 total
[2023-06-20T07:49:32.599+0000][70][gc,age      ] GC(93) - age   6:       9696 bytes,    1146040 total
[2023-06-20T07:49:32.600+0000][70][gc,age      ] GC(93) - age   7:       6584 bytes,    1152624 total
[2023-06-20T07:49:32.601+0000][70][gc,age      ] GC(93) - age   8:      15624 bytes,    1168248 total
[2023-06-20T07:49:32.601+0000][70][gc,age      ] GC(93) - age   9:     321720 bytes,    1489968 total
[2023-06-20T07:49:32.602+0000][70][gc,age      ] GC(93) - age  10:        184 bytes,    1490152 total
[2023-06-20T07:49:32.603+0000][70][gc,age      ] GC(93) - age  11:     189088 bytes,    1679240 total
[2023-06-20T07:49:32.604+0000][70][gc,age      ] GC(93) - age  12:     239488 bytes,    1918728 total
[2023-06-20T07:49:32.605+0000][70][gc,age      ] GC(93) - age  14:     178720 bytes,    2097448 total
[2023-06-20T07:49:32.605+0000][70][gc,age      ] GC(93) - age  15:      87864 bytes,    2185312 total
[2023-06-20T07:49:32.606+0000][70][gc,heap     ] GC(93) Eden regions: 17->0(17)
[2023-06-20T07:49:32.606+0000][70][gc,heap     ] GC(93) Survivor regions: 1->1(3)
[2023-06-20T07:49:32.606+0000][70][gc,heap     ] GC(93) Old regions: 31->31
[2023-06-20T07:49:32.607+0000][70][gc,heap     ] GC(93) Archive regions: 2->2
[2023-06-20T07:49:32.608+0000][70][gc,heap     ] GC(93) Humongous regions: 2->2
[2023-06-20T07:49:32.609+0000][70][gc,metaspace] GC(93) Metaspace: 134420K(138304K)->134420K(138304K) NonClass: 117110K(118784K)->117110K(118784K) Class: 17309K(19520K)->17309K(19520K)
[2023-06-20T07:49:32.609+0000][70][gc          ] GC(93) Pause Young (Concurrent Start) (G1 Evacuation Pause) 204M->136M(256M) 24.198ms
[2023-06-20T07:49:32.610+0000][70][gc,cpu      ] GC(93) User=0.01s Sys=0.00s Real=0.03s
[2023-06-20T07:49:32.610+0000][70][gc          ] GC(94) Concurrent Mark Cycle
[2023-06-20T07:49:32.613+0000][70][gc,marking  ] GC(94) Concurrent Clear Claimed Marks
[2023-06-20T07:49:32.611+0000][70][safepoint   ] Safepoint "G1CollectForAllocation", Time since last: 96186014 ns, Reaching safepoint: 88141 ns, At safepoint: 25808002 ns, Total: 25896143 ns
[2023-06-20T07:49:32.614+0000][70][gc,marking  ] GC(94) Concurrent Clear Claimed Marks 1.003ms
[2023-06-20T07:49:32.615+0000][70][gc,marking  ] GC(94) Concurrent Scan Root Regions
[2023-06-20T07:49:32.621+0000][70][gc,marking  ] GC(94) Concurrent Scan Root Regions 5.978ms
[2023-06-20T07:49:32.622+0000][70][gc,marking  ] GC(94) Concurrent Mark
[2023-06-20T07:49:32.622+0000][70][gc,marking  ] GC(94) Concurrent Mark From Roots
[2023-06-20T07:49:32.623+0000][70][gc,task     ] GC(94) Using 1 workers of 1 for marking
[2023-06-20T07:49:32.791+0000][70][gc,marking  ] GC(94) Concurrent Mark From Roots 169.143ms
[2023-06-20T07:49:32.793+0000][70][gc,marking  ] GC(94) Concurrent Preclean
[2023-06-20T07:49:32.795+0000][70][gc,marking  ] GC(94) Concurrent Preclean 1.774ms
[2023-06-20T07:49:32.796+0000][70][gc,start    ] GC(94) Pause Remark
[2023-06-20T07:49:32.805+0000][70][gc          ] GC(94) Pause Remark 137M->137M(256M) 8.794ms
[2023-06-20T07:49:32.806+0000][70][gc,cpu      ] GC(94) User=0.03s Sys=0.00s Real=0.01s
[2023-06-20T07:49:32.807+0000][70][safepoint   ] Safepoint "G1PauseRemark", Time since last: 184874544 ns, Reaching safepoint: 107320 ns, At safepoint: 10777584 ns, Total: 10884904 ns
[2023-06-20T07:49:32.807+0000][70][gc,marking  ] GC(94) Concurrent Mark 185.577ms
[2023-06-20T07:49:32.808+0000][70][gc,marking  ] GC(94) Concurrent Rebuild Remembered Sets
[2023-06-20T07:49:32.881+0000][70][gc,marking  ] GC(94) Concurrent Rebuild Remembered Sets 72.985ms
[2023-06-20T07:49:32.882+0000][70][gc,start    ] GC(94) Pause Cleanup
[2023-06-20T07:49:32.883+0000][70][gc          ] GC(94) Pause Cleanup 137M->137M(256M) 0.827ms
[2023-06-20T07:49:32.884+0000][70][gc,cpu      ] GC(94) User=0.00s Sys=0.00s Real=0.00s
[2023-06-20T07:49:32.884+0000][70][safepoint   ] Safepoint "G1PauseCleanup", Time since last: 75325691 ns, Reaching safepoint: 138013 ns, At safepoint: 2284649 ns, Total: 2422662 ns
[2023-06-20T07:49:32.885+0000][70][gc,marking  ] GC(94) Concurrent Cleanup for Next Mark
[2023-06-20T07:49:32.886+0000][70][gc,marking  ] GC(94) Concurrent Cleanup for Next Mark 0.746ms
[2023-06-20T07:49:32.886+0000][70][gc          ] GC(94) Concurrent Mark Cycle 276.182ms
[2023-06-20T07:49:33.889+0000][70][safepoint   ] Safepoint "Cleanup", Time since last: 1003235791 ns, Reaching safepoint: 1227056 ns, At safepoint: 31336 ns, Total: 1258392 ns
[2023-06-20T07:49:35.894+0000][70][safepoint   ] Safepoint "Cleanup", Time since last: 2004542602 ns, Reaching safepoint: 709816 ns, At safepoint: 16892 ns, Total: 726708 ns
[2023-06-20T07:49:37.900+0000][70][safepoint   ] Safepoint "Cleanup", Time since last: 2005714332 ns, Reaching safepoint: 401958 ns, At safepoint: 48844 ns, Total: 450802 ns
[2023-06-20T07:49:38.902+0000][70][safepoint   ] Safepoint "Cleanup", Time since last: 1001794657 ns, Reaching safepoint: 109764 ns, At safepoint: 3385 ns, Total: 113149 ns
[2023-06-20T07:49:40.904+0000][70][safepoint   ] Safepoint "Cleanup", Time since last: 2001544053 ns, Reaching safepoint: 630093 ns, At safepoint: 59111 ns, Total: 689204 ns
[2023-06-20T07:49:41.908+0000][70][safepoint   ] Safepoint "Cleanup", Time since last: 1002964432 ns, Reaching safepoint: 478816 ns, At safepoint: 14746 ns, Total: 493562 ns
[2023-06-20T07:49:43.892+0000][70][safepoint   ] Safepoint "Cleanup", Time since last: 2005038279 ns, Reaching safepoint: 656737 ns, At safepoint: 40039 ns, Total: 696776 ns
[2023-06-20T07:49:44.899+0000][70][safepoint   ] Safepoint "Cleanup", Time since last: 1005729680 ns, Reaching safepoint: 436125 ns, At safepoint: 10606 ns, Total: 446731 ns
[2023-06-20T07:49:45.902+0000][70][safepoint   ] Safepoint "Cleanup", Time since last: 1002949662 ns, Reaching safepoint: 342019 ns, At safepoint: 177549 ns, Total: 519568 ns
[2023-06-20T07:49:46.905+0000][70][safepoint   ] Safepoint "Cleanup", Time since last: 1002128687 ns, Reaching safepoint: 396240 ns, At safepoint: 10147 ns, Total: 406387 ns
[2023-06-20T07:49:47.909+0000][70][safepoint   ] Safepoint "Cleanup", Time since last: 1004412549 ns, Reaching safepoint: 306247 ns, At safepoint: 16518 ns, Total: 322765 ns
[2023-06-20T07:49:48.913+0000][70][safepoint   ] Safepoint "Cleanup", Time since last: 1002891217 ns, Reaching safepoint: 493295 ns, At safepoint: 14006 ns, Total: 507301 ns
[2023-06-20T07:49:50.918+0000][70][safepoint   ] Safepoint "Cleanup", Time since last: 2005165374 ns, Reaching safepoint: 327063 ns, At safepoint: 10916 ns, Total: 337979 ns
[2023-06-20T07:49:51.922+0000][70][safepoint   ] Safepoint "Cleanup", Time since last: 1003235901 ns, Reaching safepoint: 345657 ns, At safepoint: 12212 ns, Total: 357869 ns
[2023-06-20T07:49:53.927+0000][70][safepoint   ] Safepoint "Cleanup", Time since last: 2004424616 ns, Reaching safepoint: 355581 ns, At safepoint: 9074 ns, Total: 364655 ns
[2023-06-20T07:49:54.196+0000][70][gc,start    ] GC(95) Pause Young (Normal) (G1 Evacuation Pause)
[2023-06-20T07:49:54.198+0000][70][gc,task     ] GC(95) Using 4 workers of 4 for evacuation
[2023-06-20T07:49:54.200+0000][70][gc,age      ] GC(95) Desired survivor size 6291456 bytes, new threshold 15 (max threshold 15)
[2023-06-20T07:49:54.209+0000][70][gc,phases   ] GC(95)   Pre Evacuate Collection Set: 0.2ms
[2023-06-20T07:49:54.210+0000][70][gc,phases   ] GC(95)   Merge Heap Roots: 0.2ms
[2023-06-20T07:49:54.211+0000][70][gc,phases   ] GC(95)   Evacuate Collection Set: 5.3ms
[2023-06-20T07:49:54.212+0000][70][gc,phases   ] GC(95)   Post Evacuate Collection Set: 1.3ms
[2023-06-20T07:49:54.213+0000][70][gc,phases   ] GC(95)   Other: 3.8ms
[2023-06-20T07:49:54.214+0000][70][gc,age      ] GC(95) Age table with threshold 15 (max threshold 15)
[2023-06-20T07:49:54.215+0000][70][gc,age      ] GC(95) - age   1:     884008 bytes,     884008 total
[2023-06-20T07:49:54.215+0000][70][gc,age      ] GC(95) - age   2:      98984 bytes,     982992 total
[2023-06-20T07:49:54.216+0000][70][gc,age      ] GC(95) - age   3:      38328 bytes,    1021320 total
[2023-06-20T07:49:54.217+0000][70][gc,age      ] GC(95) - age   4:       1216 bytes,    1022536 total
[2023-06-20T07:49:54.217+0000][70][gc,age      ] GC(95) - age   5:       4352 bytes,    1026888 total
[2023-06-20T07:49:54.218+0000][70][gc,age      ] GC(95) - age   6:       3256 bytes,    1030144 total
[2023-06-20T07:49:54.219+0000][70][gc,age      ] GC(95) - age   7:       9696 bytes,    1039840 total
[2023-06-20T07:49:54.220+0000][70][gc,age      ] GC(95) - age   8:       6288 bytes,    1046128 total
[2023-06-20T07:49:54.220+0000][70][gc,age      ] GC(95) - age   9:      15624 bytes,    1061752 total
[2023-06-20T07:49:54.221+0000][70][gc,age      ] GC(95) - age  10:     321000 bytes,    1382752 total
[2023-06-20T07:49:54.221+0000][70][gc,age      ] GC(95) - age  11:        184 bytes,    1382936 total
[2023-06-20T07:49:54.222+0000][70][gc,age      ] GC(95) - age  12:     189088 bytes,    1572024 total
[2023-06-20T07:49:54.223+0000][70][gc,age      ] GC(95) - age  13:     239488 bytes,    1811512 total
[2023-06-20T07:49:54.223+0000][70][gc,age      ] GC(95) - age  15:     178720 bytes,    1990232 total
[2023-06-20T07:49:54.224+0000][70][gc,heap     ] GC(95) Eden regions: 17->0(17)
[2023-06-20T07:49:54.224+0000][70][gc,heap     ] GC(95) Survivor regions: 1->1(3)
[2023-06-20T07:49:54.225+0000][70][gc,heap     ] GC(95) Old regions: 31->31
[2023-06-20T07:49:54.226+0000][70][gc,heap     ] GC(95) Archive regions: 2->2
[2023-06-20T07:49:54.226+0000][70][gc,heap     ] GC(95) Humongous regions: 2->2
[2023-06-20T07:49:54.227+0000][70][gc,metaspace] GC(95) Metaspace: 134445K(138304K)->134445K(138304K) NonClass: 117135K(118784K)->117135K(118784K) Class: 17309K(19520K)->17309K(19520K)
[2023-06-20T07:49:54.228+0000][70][gc          ] GC(95) Pause Young (Normal) (G1 Evacuation Pause) 204M->136M(256M) 31.581ms
[2023-06-20T07:49:54.228+0000][70][gc,cpu      ] GC(95) User=0.02s Sys=0.00s Real=0.04s
[2023-06-20T07:49:54.229+0000][70][safepoint   ] Safepoint "G1CollectForAllocation", Time since last: 269405462 ns, Reaching safepoint: 186499 ns, At safepoint: 32739917 ns, Total: 32926416 ns
[2023-06-20T07:49:57.230+0000][70][safepoint   ] Safepoint "Cleanup", Time since last: 3001297879 ns, Reaching safepoint: 127739 ns, At safepoint: 3464 ns, Total: 131203 ns
[2023-06-20T07:49:59.233+0000][70][safepoint   ] Safepoint "Cleanup", Time since last: 2001947344 ns, Reaching safepoint: 531481 ns, At safepoint: 237770 ns, Total: 769251 ns
[2023-06-20T07:50:02.239+0000][70][safepoint   ] Safepoint "Cleanup", Time since last: 3005669241 ns, Reaching safepoint: 123127 ns, At safepoint: 5823 ns, Total: 128950 ns
[2023-06-20T07:50:03.240+0000][70][safepoint   ] Safepoint "Cleanup", Time since last: 1001245516 ns, Reaching safepoint: 234563 ns, At safepoint: 60940 ns, Total: 295503 ns
[2023-06-20T07:50:06.245+0000][70][safepoint   ] Safepoint "Cleanup", Time since last: 3004761768 ns, Reaching safepoint: 313564 ns, At safepoint: 4178 ns, Total: 317742 ns
[2023-06-20T07:50:08.248+0000][70][safepoint   ] Safepoint "Cleanup", Time since last: 2001778148 ns, Reaching safepoint: 495196 ns, At safepoint: 12663 ns, Total: 507859 ns
[2023-06-20T07:50:09.251+0000][70][safepoint   ] Safepoint "Cleanup", Time since last: 1002686751 ns, Reaching safepoint: 165735 ns, At safepoint: 93903 ns, Total: 259638 ns
[2023-06-20T07:50:10.252+0000][70][safepoint   ] Safepoint "Cleanup", Time since last: 1001157683 ns, Reaching safepoint: 366833 ns, At safepoint: 11295 ns, Total: 378128 ns
[2023-06-20T07:50:11.256+0000][70][safepoint   ] Safepoint "Cleanup", Time since last: 1002996308 ns, Reaching safepoint: 475982 ns, At safepoint: 47156 ns, Total: 523138 ns
[2023-06-20T07:50:14.584+0000][70][gc,start    ] GC(96) Pause Young (Concurrent Start) (G1 Evacuation Pause)
[2023-06-20T07:50:14.584+0000][70][gc,task     ] GC(96) Using 4 workers of 4 for evacuation
[2023-06-20T07:50:14.585+0000][70][gc,age      ] GC(96) Desired survivor size 6291456 bytes, new threshold 15 (max threshold 15)
[2023-06-20T07:50:14.588+0000][70][gc,phases   ] GC(96)   Pre Evacuate Collection Set: 0.4ms
[2023-06-20T07:50:14.589+0000][70][gc,phases   ] GC(96)   Merge Heap Roots: 0.1ms
[2023-06-20T07:50:14.590+0000][70][gc,phases   ] GC(96)   Evacuate Collection Set: 1.9ms
[2023-06-20T07:50:14.590+0000][70][gc,phases   ] GC(96)   Post Evacuate Collection Set: 0.7ms
[2023-06-20T07:50:14.590+0000][70][gc,phases   ] GC(96)   Other: 1.1ms
[2023-06-20T07:50:14.591+0000][70][gc,age      ] GC(96) Age table with threshold 15 (max threshold 15)
[2023-06-20T07:50:14.591+0000][70][gc,age      ] GC(96) - age   1:    1137464 bytes,    1137464 total
[2023-06-20T07:50:14.591+0000][70][gc,age      ] GC(96) - age   2:      20736 bytes,    1158200 total
[2023-06-20T07:50:14.592+0000][70][gc,age      ] GC(96) - age   3:      98296 bytes,    1256496 total
[2023-06-20T07:50:14.592+0000][70][gc,age      ] GC(96) - age   4:      37248 bytes,    1293744 total
[2023-06-20T07:50:14.592+0000][70][gc,age      ] GC(96) - age   5:       1152 bytes,    1294896 total
[2023-06-20T07:50:14.592+0000][70][gc,age      ] GC(96) - age   6:       4352 bytes,    1299248 total
[2023-06-20T07:50:14.593+0000][70][gc,age      ] GC(96) - age   7:       3256 bytes,    1302504 total
[2023-06-20T07:50:14.593+0000][70][gc,age      ] GC(96) - age   8:       9696 bytes,    1312200 total
[2023-06-20T07:50:14.594+0000][70][gc,age      ] GC(96) - age   9:       6288 bytes,    1318488 total
[2023-06-20T07:50:14.594+0000][70][gc,age      ] GC(96) - age  10:      15624 bytes,    1334112 total
[2023-06-20T07:50:14.594+0000][70][gc,age      ] GC(96) - age  11:     321000 bytes,    1655112 total
[2023-06-20T07:50:14.595+0000][70][gc,age      ] GC(96) - age  12:        184 bytes,    1655296 total
[2023-06-20T07:50:14.595+0000][70][gc,age      ] GC(96) - age  13:     189088 bytes,    1844384 total
[2023-06-20T07:50:14.596+0000][70][gc,age      ] GC(96) - age  14:     239488 bytes,    2083872 total
[2023-06-20T07:50:14.596+0000][70][gc,heap     ] GC(96) Eden regions: 17->0(17)
[2023-06-20T07:50:14.597+0000][70][gc,heap     ] GC(96) Survivor regions: 1->1(3)
[2023-06-20T07:50:14.597+0000][70][gc,heap     ] GC(96) Old regions: 31->31
[2023-06-20T07:50:14.597+0000][70][gc,heap     ] GC(96) Archive regions: 2->2
[2023-06-20T07:50:14.598+0000][70][gc,heap     ] GC(96) Humongous regions: 2->2
[2023-06-20T07:50:14.598+0000][70][gc,metaspace] GC(96) Metaspace: 134610K(138432K)->134610K(138432K) NonClass: 117300K(118912K)->117300K(118912K) Class: 17309K(19520K)->17309K(19520K)
[2023-06-20T07:50:14.598+0000][70][gc          ] GC(96) Pause Young (Concurrent Start) (G1 Evacuation Pause) 204M->136M(256M) 14.769ms
[2023-06-20T07:50:14.599+0000][70][gc,cpu      ] GC(96) User=0.00s Sys=0.00s Real=0.02s
[2023-06-20T07:50:14.599+0000][70][safepoint   ] Safepoint "G1CollectForAllocation", Time since last: 3349911471 ns, Reaching safepoint: 172960 ns, At safepoint: 15639867 ns, Total: 15812827 ns
[2023-06-20T07:50:14.599+0000][70][gc          ] GC(97) Concurrent Mark Cycle
[2023-06-20T07:50:14.600+0000][70][gc,marking  ] GC(97) Concurrent Clear Claimed Marks
[2023-06-20T07:50:14.600+0000][70][gc,marking  ] GC(97) Concurrent Clear Claimed Marks 0.514ms
[2023-06-20T07:50:14.601+0000][70][gc,marking  ] GC(97) Concurrent Scan Root Regions
[2023-06-20T07:50:14.603+0000][70][gc,marking  ] GC(97) Concurrent Scan Root Regions 2.579ms
[2023-06-20T07:50:14.604+0000][70][gc,marking  ] GC(97) Concurrent Mark
[2023-06-20T07:50:14.605+0000][70][gc,marking  ] GC(97) Concurrent Mark From Roots
[2023-06-20T07:50:14.606+0000][70][gc,task     ] GC(97) Using 1 workers of 1 for marking
[2023-06-20T07:50:14.761+0000][70][gc,marking  ] GC(97) Concurrent Mark From Roots 156.494ms
[2023-06-20T07:50:14.762+0000][70][gc,marking  ] GC(97) Concurrent Preclean
[2023-06-20T07:50:14.764+0000][70][gc,marking  ] GC(97) Concurrent Preclean 1.425ms
[2023-06-20T07:50:14.765+0000][70][gc,start    ] GC(97) Pause Remark
[2023-06-20T07:50:14.784+0000][70][gc          ] GC(97) Pause Remark 138M->138M(256M) 18.877ms
[2023-06-20T07:50:14.785+0000][70][gc,cpu      ] GC(97) User=0.07s Sys=0.00s Real=0.02s
[2023-06-20T07:50:14.786+0000][70][safepoint   ] Safepoint "G1PauseRemark", Time since last: 165509870 ns, Reaching safepoint: 102538 ns, At safepoint: 20848502 ns, Total: 20951040 ns
[2023-06-20T07:50:14.786+0000][70][gc,marking  ] GC(97) Concurrent Mark 182.143ms
[2023-06-20T07:50:14.787+0000][70][gc,marking  ] GC(97) Concurrent Rebuild Remembered Sets
[2023-06-20T07:50:14.870+0000][70][gc,marking  ] GC(97) Concurrent Rebuild Remembered Sets 83.673ms
[2023-06-20T07:50:14.872+0000][70][gc,start    ] GC(97) Pause Cleanup
[2023-06-20T07:50:14.872+0000][70][gc          ] GC(97) Pause Cleanup 138M->138M(256M) 0.808ms
[2023-06-20T07:50:14.873+0000][70][gc,cpu      ] GC(97) User=0.00s Sys=0.00s Real=0.00s
[2023-06-20T07:50:14.874+0000][70][safepoint   ] Safepoint "G1PauseCleanup", Time since last: 85725497 ns, Reaching safepoint: 156229 ns, At safepoint: 2094158 ns, Total: 2250387 ns
[2023-06-20T07:50:14.874+0000][70][gc,marking  ] GC(97) Concurrent Cleanup for Next Mark
[2023-06-20T07:50:14.875+0000][70][gc,marking  ] GC(97) Concurrent Cleanup for Next Mark 0.686ms
[2023-06-20T07:50:14.875+0000][70][gc          ] GC(97) Concurrent Mark Cycle 276.703ms
[2023-06-20T07:50:15.874+0000][70][safepoint   ] Safepoint "Cleanup", Time since last: 1000726432 ns, Reaching safepoint: 189516 ns, At safepoint: 5608 ns, Total: 195124 ns
[2023-06-20T07:50:17.879+0000][70][safepoint   ] Safepoint "Cleanup", Time since last: 2003830468 ns, Reaching safepoint: 652819 ns, At safepoint: 16640 ns, Total: 669459 ns
[2023-06-20T07:50:20.884+0000][70][safepoint   ] Safepoint "Cleanup", Time since last: 3005267299 ns, Reaching safepoint: 144166 ns, At safepoint: 4950 ns, Total: 149116 ns
[2023-06-20T07:50:21.887+0000][70][safepoint   ] Safepoint "Cleanup", Time since last: 1002372243 ns, Reaching safepoint: 440613 ns, At safepoint: 10093 ns, Total: 450706 ns
[2023-06-20T07:50:23.890+0000][70][safepoint   ] Safepoint "Cleanup", Time since last: 2002230976 ns, Reaching safepoint: 849534 ns, At safepoint: 20974 ns, Total: 870508 ns
[2023-06-20T07:50:26.895+0000][70][safepoint   ] Safepoint "Cleanup", Time since last: 3004334802 ns, Reaching safepoint: 616449 ns, At safepoint: 14193 ns, Total: 630642 ns
[2023-06-20T07:50:27.899+0000][70][safepoint   ] Safepoint "Cleanup", Time since last: 1003004291 ns, Reaching safepoint: 399876 ns, At safepoint: 12634 ns, Total: 412510 ns
[2023-06-20T07:50:28.904+0000][70][safepoint   ] Safepoint "Cleanup", Time since last: 1004200299 ns, Reaching safepoint: 624394 ns, At safepoint: 15873 ns, Total: 640267 ns
[2023-06-20T07:50:32.796+0000][70][gc,start    ] GC(98) Pause Young (Normal) (G1 Evacuation Pause)
[2023-06-20T07:50:32.797+0000][70][gc,task     ] GC(98) Using 4 workers of 4 for evacuation
[2023-06-20T07:50:32.798+0000][70][gc,age      ] GC(98) Desired survivor size 6291456 bytes, new threshold 15 (max threshold 15)
[2023-06-20T07:50:32.802+0000][70][gc,phases   ] GC(98)   Pre Evacuate Collection Set: 0.1ms
[2023-06-20T07:50:32.803+0000][70][gc,phases   ] GC(98)   Merge Heap Roots: 0.1ms
[2023-06-20T07:50:32.804+0000][70][gc,phases   ] GC(98)   Evacuate Collection Set: 2.9ms
[2023-06-20T07:50:32.805+0000][70][gc,phases   ] GC(98)   Post Evacuate Collection Set: 1.0ms
[2023-06-20T07:50:32.806+0000][70][gc,phases   ] GC(98)   Other: 1.3ms
[2023-06-20T07:50:32.806+0000][70][gc,age      ] GC(98) Age table with threshold 15 (max threshold 15)
[2023-06-20T07:50:32.807+0000][70][gc,age      ] GC(98) - age   1:     734472 bytes,     734472 total
[2023-06-20T07:50:32.807+0000][70][gc,age      ] GC(98) - age   2:       3840 bytes,     738312 total
[2023-06-20T07:50:32.808+0000][70][gc,age      ] GC(98) - age   3:      10672 bytes,     748984 total
[2023-06-20T07:50:32.808+0000][70][gc,age      ] GC(98) - age   4:      93736 bytes,     842720 total
[2023-06-20T07:50:32.809+0000][70][gc,age      ] GC(98) - age   5:      37120 bytes,     879840 total
[2023-06-20T07:50:32.809+0000][70][gc,age      ] GC(98) - age   6:       1152 bytes,     880992 total
[2023-06-20T07:50:32.810+0000][70][gc,age      ] GC(98) - age   7:       4224 bytes,     885216 total
[2023-06-20T07:50:32.810+0000][70][gc,age      ] GC(98) - age   8:       3256 bytes,     888472 total
[2023-06-20T07:50:32.811+0000][70][gc,age      ] GC(98) - age   9:       9696 bytes,     898168 total
[2023-06-20T07:50:32.811+0000][70][gc,age      ] GC(98) - age  10:       6256 bytes,     904424 total
[2023-06-20T07:50:32.812+0000][70][gc,age      ] GC(98) - age  11:      15624 bytes,     920048 total
[2023-06-20T07:50:32.812+0000][70][gc,age      ] GC(98) - age  12:     321000 bytes,    1241048 total
[2023-06-20T07:50:32.813+0000][70][gc,age      ] GC(98) - age  13:        184 bytes,    1241232 total
[2023-06-20T07:50:32.813+0000][70][gc,age      ] GC(98) - age  14:     189088 bytes,    1430320 total
[2023-06-20T07:50:32.814+0000][70][gc,age      ] GC(98) - age  15:     239488 bytes,    1669808 total
[2023-06-20T07:50:32.814+0000][70][gc,heap     ] GC(98) Eden regions: 17->0(17)
[2023-06-20T07:50:32.815+0000][70][gc,heap     ] GC(98) Survivor regions: 1->1(3)
[2023-06-20T07:50:32.815+0000][70][gc,heap     ] GC(98) Old regions: 31->31
[2023-06-20T07:50:32.816+0000][70][gc,heap     ] GC(98) Archive regions: 2->2
[2023-06-20T07:50:32.816+0000][70][gc,heap     ] GC(98) Humongous regions: 2->2
[2023-06-20T07:50:32.817+0000][70][gc,metaspace] GC(98) Metaspace: 134698K(138496K)->134698K(138496K) NonClass: 117389K(118976K)->117389K(118976K) Class: 17308K(19520K)->17308K(19520K)
[2023-06-20T07:50:32.818+0000][70][gc          ] GC(98) Pause Young (Normal) (G1 Evacuation Pause) 204M->136M(256M) 21.359ms
[2023-06-20T07:50:32.819+0000][70][gc,cpu      ] GC(98) User=0.01s Sys=0.00s Real=0.02s
[2023-06-20T07:50:32.819+0000][70][safepoint   ] Safepoint "G1CollectForAllocation", Time since last: 3892571223 ns, Reaching safepoint: 99009 ns, At safepoint: 22973382 ns, Total: 23072391 ns
[2023-06-20T07:50:33.822+0000][70][safepoint   ] Safepoint "Cleanup", Time since last: 1002633050 ns, Reaching safepoint: 566181 ns, At safepoint: 18073 ns, Total: 584254 ns
[2023-06-20T07:50:34.828+0000][70][safepoint   ] Safepoint "Cleanup", Time since last: 1005301131 ns, Reaching safepoint: 482757 ns, At safepoint: 15246 ns, Total: 498003 ns
[2023-06-20T07:50:38.836+0000][70][safepoint   ] Safepoint "Cleanup", Time since last: 4007123588 ns, Reaching safepoint: 340459 ns, At safepoint: 11835 ns, Total: 352294 ns
[2023-06-20T07:50:39.841+0000][70][safepoint   ] Safepoint "Cleanup", Time since last: 1005422224 ns, Reaching safepoint: 350593 ns, At safepoint: 11153 ns, Total: 361746 ns
[2023-06-20T07:50:43.827+0000][70][safepoint   ] Safepoint "Cleanup", Time since last: 4006897115 ns, Reaching safepoint: 249269 ns, At safepoint: 21055 ns, Total: 270324 ns
[2023-06-20T07:50:44.830+0000][70][safepoint   ] Safepoint "Cleanup", Time since last: 1002720297 ns, Reaching safepoint: 300863 ns, At safepoint: 17781 ns, Total: 318644 ns
[2023-06-20T07:50:46.837+0000][70][safepoint   ] Safepoint "Cleanup", Time since last: 2006237203 ns, Reaching safepoint: 773001 ns, At safepoint: 18046 ns, Total: 791047 ns
[2023-06-20T07:50:50.844+0000][70][safepoint   ] Safepoint "Cleanup", Time since last: 4006276009 ns, Reaching safepoint: 714593 ns, At safepoint: 42612 ns, Total: 757205 ns
[2023-06-20T07:50:51.847+0000][70][safepoint   ] Safepoint "Cleanup", Time since last: 1002063086 ns, Reaching safepoint: 535669 ns, At safepoint: 14143 ns, Total: 549812 ns
[2023-06-20T07:50:52.851+0000][70][safepoint   ] Safepoint "Cleanup", Time since last: 1003692563 ns, Reaching safepoint: 208790 ns, At safepoint: 11784 ns, Total: 220574 ns
[2023-06-20T07:50:53.396+0000][70][gc,start    ] GC(99) Pause Young (Concurrent Start) (G1 Evacuation Pause)
[2023-06-20T07:50:53.397+0000][70][gc,task     ] GC(99) Using 4 workers of 4 for evacuation
[2023-06-20T07:50:53.398+0000][70][gc,age      ] GC(99) Desired survivor size 6291456 bytes, new threshold 15 (max threshold 15)
[2023-06-20T07:50:53.402+0000][70][gc,phases   ] GC(99)   Pre Evacuate Collection Set: 0.5ms
[2023-06-20T07:50:53.403+0000][70][gc,phases   ] GC(99)   Merge Heap Roots: 0.1ms
[2023-06-20T07:50:53.404+0000][70][gc,phases   ] GC(99)   Evacuate Collection Set: 2.3ms
[2023-06-20T07:50:53.405+0000][70][gc,phases   ] GC(99)   Post Evacuate Collection Set: 0.8ms
[2023-06-20T07:50:53.405+0000][70][gc,phases   ] GC(99)   Other: 1.5ms
[2023-06-20T07:50:53.406+0000][70][gc,age      ] GC(99) Age table with threshold 15 (max threshold 15)
[2023-06-20T07:50:53.406+0000][70][gc,age      ] GC(99) - age   1:     386432 bytes,     386432 total
[2023-06-20T07:50:53.407+0000][70][gc,age      ] GC(99) - age   2:      20584 bytes,     407016 total
[2023-06-20T07:50:53.407+0000][70][gc,age      ] GC(99) - age   3:       3392 bytes,     410408 total
[2023-06-20T07:50:53.408+0000][70][gc,age      ] GC(99) - age   4:       9960 bytes,     420368 total
[2023-06-20T07:50:53.408+0000][70][gc,age      ] GC(99) - age   5:      93736 bytes,     514104 total
[2023-06-20T07:50:53.409+0000][70][gc,age      ] GC(99) - age   6:      37120 bytes,     551224 total
[2023-06-20T07:50:53.410+0000][70][gc,age      ] GC(99) - age   7:       1152 bytes,     552376 total
[2023-06-20T07:50:53.410+0000][70][gc,age      ] GC(99) - age   8:       4224 bytes,     556600 total
[2023-06-20T07:50:53.410+0000][70][gc,age      ] GC(99) - age   9:       3256 bytes,     559856 total
[2023-06-20T07:50:53.411+0000][70][gc,age      ] GC(99) - age  10:       9640 bytes,     569496 total
[2023-06-20T07:50:53.411+0000][70][gc,age      ] GC(99) - age  11:       6256 bytes,     575752 total
[2023-06-20T07:50:53.412+0000][70][gc,age      ] GC(99) - age  12:      15624 bytes,     591376 total
[2023-06-20T07:50:53.413+0000][70][gc,age      ] GC(99) - age  13:     321000 bytes,     912376 total
[2023-06-20T07:50:53.413+0000][70][gc,age      ] GC(99) - age  14:        184 bytes,     912560 total
[2023-06-20T07:50:53.414+0000][70][gc,age      ] GC(99) - age  15:     189088 bytes,    1101648 total
[2023-06-20T07:50:53.414+0000][70][gc,heap     ] GC(99) Eden regions: 17->0(17)
[2023-06-20T07:50:53.416+0000][70][gc,heap     ] GC(99) Survivor regions: 1->1(3)
[2023-06-20T07:50:53.416+0000][70][gc,heap     ] GC(99) Old regions: 31->31
[2023-06-20T07:50:53.417+0000][70][gc,heap     ] GC(99) Archive regions: 2->2
[2023-06-20T07:50:53.417+0000][70][gc,heap     ] GC(99) Humongous regions: 2->2
[2023-06-20T07:50:53.417+0000][70][gc,metaspace] GC(99) Metaspace: 134824K(138560K)->134824K(138560K) NonClass: 117515K(119040K)->117515K(119040K) Class: 17308K(19520K)->17308K(19520K)
[2023-06-20T07:50:53.418+0000][70][gc          ] GC(99) Pause Young (Concurrent Start) (G1 Evacuation Pause) 204M->135M(256M) 21.538ms
[2023-06-20T07:50:53.419+0000][70][gc,cpu      ] GC(99) User=0.00s Sys=0.00s Real=0.02s
[2023-06-20T07:50:53.419+0000][70][gc          ] GC(100) Concurrent Mark Cycle
[2023-06-20T07:50:53.420+0000][70][gc,marking  ] GC(100) Concurrent Clear Claimed Marks
[2023-06-20T07:50:53.419+0000][70][safepoint   ] Safepoint "G1CollectForAllocation", Time since last: 545664878 ns, Reaching safepoint: 153923 ns, At safepoint: 23006468 ns, Total: 23160391 ns
[2023-06-20T07:50:53.421+0000][70][gc,marking  ] GC(100) Concurrent Clear Claimed Marks 0.769ms
[2023-06-20T07:50:53.422+0000][70][gc,marking  ] GC(100) Concurrent Scan Root Regions
[2023-06-20T07:50:53.424+0000][70][gc,marking  ] GC(100) Concurrent Scan Root Regions 2.478ms
[2023-06-20T07:50:53.425+0000][70][gc,marking  ] GC(100) Concurrent Mark
[2023-06-20T07:50:53.425+0000][70][gc,marking  ] GC(100) Concurrent Mark From Roots
[2023-06-20T07:50:53.426+0000][70][gc,task     ] GC(100) Using 1 workers of 1 for marking
[2023-06-20T07:50:53.576+0000][70][gc,marking  ] GC(100) Concurrent Mark From Roots 150.287ms
[2023-06-20T07:50:53.579+0000][70][gc,marking  ] GC(100) Concurrent Preclean
[2023-06-20T07:50:53.581+0000][70][gc,marking  ] GC(100) Concurrent Preclean 1.199ms
[2023-06-20T07:50:53.582+0000][70][gc,start    ] GC(100) Pause Remark
[2023-06-20T07:50:53.603+0000][70][gc          ] GC(100) Pause Remark 138M->138M(256M) 21.057ms
[2023-06-20T07:50:53.603+0000][70][gc,cpu      ] GC(100) User=0.03s Sys=0.00s Real=0.02s
[2023-06-20T07:50:53.604+0000][70][safepoint   ] Safepoint "G1PauseRemark", Time since last: 161977420 ns, Reaching safepoint: 118068 ns, At safepoint: 22726965 ns, Total: 22845033 ns
[2023-06-20T07:50:53.605+0000][70][gc,marking  ] GC(100) Concurrent Mark 180.471ms
[2023-06-20T07:50:53.606+0000][70][gc,marking  ] GC(100) Concurrent Rebuild Remembered Sets
[2023-06-20T07:50:53.700+0000][70][gc,marking  ] GC(100) Concurrent Rebuild Remembered Sets 94.520ms
[2023-06-20T07:50:53.702+0000][70][gc,start    ] GC(100) Pause Cleanup
[2023-06-20T07:50:53.703+0000][70][gc          ] GC(100) Pause Cleanup 138M->138M(256M) 0.984ms
[2023-06-20T07:50:53.703+0000][70][gc,cpu      ] GC(100) User=0.00s Sys=0.00s Real=0.00s
[2023-06-20T07:50:53.704+0000][70][safepoint   ] Safepoint "G1PauseCleanup", Time since last: 97190020 ns, Reaching safepoint: 118584 ns, At safepoint: 2611900 ns, Total: 2730484 ns
[2023-06-20T07:50:53.705+0000][70][gc,marking  ] GC(100) Concurrent Cleanup for Next Mark
[2023-06-20T07:50:53.706+0000][70][gc,marking  ] GC(100) Concurrent Cleanup for Next Mark 1.049ms
[2023-06-20T07:50:53.707+0000][70][gc          ] GC(100) Concurrent Mark Cycle 288.436ms
[2023-06-20T07:50:54.705+0000][70][safepoint   ] Safepoint "Cleanup", Time since last: 1000840037 ns, Reaching safepoint: 75943 ns, At safepoint: 3149 ns, Total: 79092 ns
[2023-06-20T07:50:56.707+0000][70][safepoint   ] Safepoint "Cleanup", Time since last: 2001443717 ns, Reaching safepoint: 81121 ns, At safepoint: 3025 ns, Total: 84146 ns
[2023-06-20T07:50:57.708+0000][70][safepoint   ] Safepoint "Cleanup", Time since last: 1000900952 ns, Reaching safepoint: 86742 ns, At safepoint: 2860 ns, Total: 89602 ns
[2023-06-20T07:50:59.710+0000][70][safepoint   ] Safepoint "Cleanup", Time since last: 2001926152 ns, Reaching safepoint: 74494 ns, At safepoint: 3847 ns, Total: 78341 ns
[2023-06-20T07:51:02.711+0000][70][safepoint   ] Safepoint "Cleanup", Time since last: 3001512289 ns, Reaching safepoint: 76045 ns, At safepoint: 3258 ns, Total: 79303 ns
[2023-06-20T07:51:09.717+0000][70][safepoint   ] Safepoint "Cleanup", Time since last: 7005915301 ns, Reaching safepoint: 168556 ns, At safepoint: 10887 ns, Total: 179443 ns
[2023-06-20T07:51:14.368+0000][70][gc,start    ] GC(101) Pause Young (Normal) (G1 Evacuation Pause)
[2023-06-20T07:51:14.369+0000][70][gc,task     ] GC(101) Using 4 workers of 4 for evacuation
[2023-06-20T07:51:14.369+0000][70][gc,age      ] GC(101) Desired survivor size 6291456 bytes, new threshold 15 (max threshold 15)
[2023-06-20T07:51:14.375+0000][70][gc,phases   ] GC(101)   Pre Evacuate Collection Set: 0.1ms
[2023-06-20T07:51:14.376+0000][70][gc,phases   ] GC(101)   Merge Heap Roots: 0.1ms
[2023-06-20T07:51:14.376+0000][70][gc,phases   ] GC(101)   Evacuate Collection Set: 4.2ms
[2023-06-20T07:51:14.377+0000][70][gc,phases   ] GC(101)   Post Evacuate Collection Set: 0.8ms
[2023-06-20T07:51:14.377+0000][70][gc,phases   ] GC(101)   Other: 1.1ms
[2023-06-20T07:51:14.378+0000][70][gc,age      ] GC(101) Age table with threshold 15 (max threshold 15)
[2023-06-20T07:51:14.378+0000][70][gc,age      ] GC(101) - age   1:    1741264 bytes,    1741264 total
[2023-06-20T07:51:14.379+0000][70][gc,age      ] GC(101) - age   2:     266616 bytes,    2007880 total
[2023-06-20T07:51:14.379+0000][70][gc,age      ] GC(101) - age   3:      20280 bytes,    2028160 total
[2023-06-20T07:51:14.380+0000][70][gc,age      ] GC(101) - age   4:       2504 bytes,    2030664 total
[2023-06-20T07:51:14.380+0000][70][gc,age      ] GC(101) - age   5:       9960 bytes,    2040624 total
[2023-06-20T07:51:14.383+0000][70][gc,age      ] GC(101) - age   6:      93672 bytes,    2134296 total
[2023-06-20T07:51:14.384+0000][70][gc,age      ] GC(101) - age   7:      36880 bytes,    2171176 total
[2023-06-20T07:51:14.384+0000][70][gc,age      ] GC(101) - age   8:       1152 bytes,    2172328 total
[2023-06-20T07:51:14.385+0000][70][gc,age      ] GC(101) - age   9:       4224 bytes,    2176552 total
[2023-06-20T07:51:14.385+0000][70][gc,age      ] GC(101) - age  10:       3256 bytes,    2179808 total
[2023-06-20T07:51:14.386+0000][70][gc,age      ] GC(101) - age  11:       9640 bytes,    2189448 total
[2023-06-20T07:51:14.386+0000][70][gc,age      ] GC(101) - age  12:       6256 bytes,    2195704 total
[2023-06-20T07:51:14.387+0000][70][gc,age      ] GC(101) - age  13:      15624 bytes,    2211328 total
[2023-06-20T07:51:14.388+0000][70][gc,age      ] GC(101) - age  14:     321000 bytes,    2532328 total
[2023-06-20T07:51:14.388+0000][70][gc,age      ] GC(101) - age  15:        184 bytes,    2532512 total
[2023-06-20T07:51:14.389+0000][70][gc,heap     ] GC(101) Eden regions: 17->0(17)
[2023-06-20T07:51:14.389+0000][70][gc,heap     ] GC(101) Survivor regions: 1->1(3)
[2023-06-20T07:51:14.389+0000][70][gc,heap     ] GC(101) Old regions: 31->31
[2023-06-20T07:51:14.390+0000][70][gc,heap     ] GC(101) Archive regions: 2->2
[2023-06-20T07:51:14.390+0000][70][gc,heap     ] GC(101) Humongous regions: 2->2
[2023-06-20T07:51:14.391+0000][70][gc,metaspace] GC(101) Metaspace: 134874K(138688K)->134874K(138688K) NonClass: 117565K(119168K)->117565K(119168K) Class: 17308K(19520K)->17308K(19520K)
[2023-06-20T07:51:14.391+0000][70][gc          ] GC(101) Pause Young (Normal) (G1 Evacuation Pause) 203M->137M(256M) 23.427ms
[2023-06-20T07:51:14.392+0000][70][gc,cpu      ] GC(101) User=0.01s Sys=0.00s Real=0.02s
[2023-06-20T07:51:14.392+0000][70][safepoint   ] Safepoint "G1CollectForAllocation", Time since last: 4671949852 ns, Reaching safepoint: 96390 ns, At safepoint: 24499995 ns, Total: 24596385 ns
[2023-06-20T07:51:15.393+0000][70][safepoint   ] Safepoint "Cleanup", Time since last: 1000633121 ns, Reaching safepoint: 82512 ns, At safepoint: 3297 ns, Total: 85809 ns
[2023-06-20T07:51:16.395+0000][70][safepoint   ] Safepoint "Cleanup", Time since last: 1002079951 ns, Reaching safepoint: 97469 ns, At safepoint: 3768 ns, Total: 101237 ns
[2023-06-20T07:51:18.398+0000][70][safepoint   ] Safepoint "Cleanup", Time since last: 2002405789 ns, Reaching safepoint: 93245 ns, At safepoint: 6246 ns, Total: 99491 ns
[2023-06-20T07:51:20.400+0000][70][safepoint   ] Safepoint "Cleanup", Time since last: 2001549433 ns, Reaching safepoint: 653096 ns, At safepoint: 7890 ns, Total: 660986 ns
[2023-06-20T07:51:21.401+0000][70][safepoint   ] Safepoint "Cleanup", Time since last: 1001055606 ns, Reaching safepoint: 71615 ns, At safepoint: 3338 ns, Total: 74953 ns
[2023-06-20T07:51:23.402+0000][70][safepoint   ] Safepoint "Cleanup", Time since last: 2001047036 ns, Reaching safepoint: 84438 ns, At safepoint: 3500 ns, Total: 87938 ns
[2023-06-20T07:51:26.404+0000][70][safepoint   ] Safepoint "Cleanup", Time since last: 3001451237 ns, Reaching safepoint: 194614 ns, At safepoint: 25258 ns, Total: 219872 ns
[2023-06-20T07:51:27.405+0000][70][safepoint   ] Safepoint "Cleanup", Time since last: 1001167828 ns, Reaching safepoint: 89333 ns, At safepoint: 5001 ns, Total: 94334 ns
[2023-06-20T07:51:28.407+0000][70][safepoint   ] Safepoint "Cleanup", Time since last: 1001358196 ns, Reaching safepoint: 91034 ns, At safepoint: 3346 ns, Total: 94380 ns
[2023-06-20T07:51:30.059+0000][70][safepoint   ] Safepoint "Cleanup", Time since last: 1651760363 ns, Reaching safepoint: 165505 ns, At safepoint: 4952 ns, Total: 170457 ns
[2023-06-20T07:51:31.061+0000][70][safepoint   ] Safepoint "Cleanup", Time since last: 1002075350 ns, Reaching safepoint: 692800 ns, At safepoint: 45527 ns, Total: 738327 ns
[2023-06-20T07:51:32.351+0000][70][gc,start    ] GC(102) Pause Young (Concurrent Start) (G1 Evacuation Pause)
[2023-06-20T07:51:32.352+0000][70][gc,task     ] GC(102) Using 4 workers of 4 for evacuation
[2023-06-20T07:51:32.353+0000][70][gc,age      ] GC(102) Desired survivor size 6291456 bytes, new threshold 15 (max threshold 15)
[2023-06-20T07:51:32.358+0000][70][gc,phases   ] GC(102)   Pre Evacuate Collection Set: 0.5ms
[2023-06-20T07:51:32.358+0000][70][gc,phases   ] GC(102)   Merge Heap Roots: 0.1ms
[2023-06-20T07:51:32.359+0000][70][gc,phases   ] GC(102)   Evacuate Collection Set: 3.0ms
[2023-06-20T07:51:32.359+0000][70][gc,phases   ] GC(102)   Post Evacuate Collection Set: 0.9ms
[2023-06-20T07:51:32.360+0000][70][gc,phases   ] GC(102)   Other: 1.3ms
[2023-06-20T07:51:32.360+0000][70][gc,age      ] GC(102) Age table with threshold 15 (max threshold 15)
[2023-06-20T07:51:32.361+0000][70][gc,age      ] GC(102) - age   1:    1233152 bytes,    1233152 total
[2023-06-20T07:51:32.361+0000][70][gc,age      ] GC(102) - age   2:       3680 bytes,    1236832 total
[2023-06-20T07:51:32.362+0000][70][gc,age      ] GC(102) - age   3:       3184 bytes,    1240016 total
[2023-06-20T07:51:32.362+0000][70][gc,age      ] GC(102) - age   4:      15960 bytes,    1255976 total
[2023-06-20T07:51:32.363+0000][70][gc,age      ] GC(102) - age   5:       2440 bytes,    1258416 total
[2023-06-20T07:51:32.363+0000][70][gc,age      ] GC(102) - age   6:       9960 bytes,    1268376 total
[2023-06-20T07:51:32.364+0000][70][gc,age      ] GC(102) - age   7:      93672 bytes,    1362048 total
[2023-06-20T07:51:32.364+0000][70][gc,age      ] GC(102) - age   8:      36880 bytes,    1398928 total
[2023-06-20T07:51:32.365+0000][70][gc,age      ] GC(102) - age   9:       1152 bytes,    1400080 total
[2023-06-20T07:51:32.365+0000][70][gc,age      ] GC(102) - age  10:       4224 bytes,    1404304 total
[2023-06-20T07:51:32.366+0000][70][gc,age      ] GC(102) - age  11:       3256 bytes,    1407560 total
[2023-06-20T07:51:32.366+0000][70][gc,age      ] GC(102) - age  12:       9640 bytes,    1417200 total
[2023-06-20T07:51:32.366+0000][70][gc,age      ] GC(102) - age  13:       6256 bytes,    1423456 total
[2023-06-20T07:51:32.367+0000][70][gc,age      ] GC(102) - age  14:      15624 bytes,    1439080 total
[2023-06-20T07:51:32.368+0000][70][gc,age      ] GC(102) - age  15:     302384 bytes,    1741464 total
[2023-06-20T07:51:32.368+0000][70][gc,heap     ] GC(102) Eden regions: 17->0(17)
[2023-06-20T07:51:32.369+0000][70][gc,heap     ] GC(102) Survivor regions: 1->1(3)
[2023-06-20T07:51:32.369+0000][70][gc,heap     ] GC(102) Old regions: 31->31
[2023-06-20T07:51:32.369+0000][70][gc,heap     ] GC(102) Archive regions: 2->2
[2023-06-20T07:51:32.370+0000][70][gc,heap     ] GC(102) Humongous regions: 2->2
[2023-06-20T07:51:32.370+0000][70][gc,metaspace] GC(102) Metaspace: 135263K(138816K)->135263K(138816K) NonClass: 117875K(119296K)->117875K(119296K) Class: 17387K(19520K)->17387K(19520K)
[2023-06-20T07:51:32.371+0000][70][gc          ] GC(102) Pause Young (Concurrent Start) (G1 Evacuation Pause) 205M->136M(256M) 19.674ms
[2023-06-20T07:51:32.371+0000][70][gc          ] GC(103) Concurrent Mark Cycle
[2023-06-20T07:51:32.372+0000][70][gc,marking  ] GC(103) Concurrent Clear Claimed Marks
[2023-06-20T07:51:32.371+0000][70][gc,cpu      ] GC(102) User=0.01s Sys=0.00s Real=0.02s
[2023-06-20T07:51:32.372+0000][70][gc,marking  ] GC(103) Concurrent Clear Claimed Marks 0.558ms
[2023-06-20T07:51:32.373+0000][70][gc,marking  ] GC(103) Concurrent Scan Root Regions
[2023-06-20T07:51:32.373+0000][70][safepoint   ] Safepoint "G1CollectForAllocation", Time since last: 1289412190 ns, Reaching safepoint: 103599 ns, At safepoint: 21803245 ns, Total: 21906844 ns
[2023-06-20T07:51:32.376+0000][70][gc,marking  ] GC(103) Concurrent Scan Root Regions 2.645ms
[2023-06-20T07:51:32.377+0000][70][gc,marking  ] GC(103) Concurrent Mark
[2023-06-20T07:51:32.378+0000][70][gc,marking  ] GC(103) Concurrent Mark From Roots
[2023-06-20T07:51:32.379+0000][70][gc,task     ] GC(103) Using 1 workers of 1 for marking
[2023-06-20T07:51:32.521+0000][70][gc,marking  ] GC(103) Concurrent Mark From Roots 142.157ms
[2023-06-20T07:51:32.521+0000][70][gc,marking  ] GC(103) Concurrent Preclean
[2023-06-20T07:51:32.522+0000][70][gc,marking  ] GC(103) Concurrent Preclean 1.123ms
[2023-06-20T07:51:32.525+0000][70][gc,start    ] GC(103) Pause Remark
[2023-06-20T07:51:32.535+0000][70][gc          ] GC(103) Pause Remark 141M->141M(256M) 10.176ms
[2023-06-20T07:51:32.536+0000][70][gc,cpu      ] GC(103) User=0.02s Sys=0.00s Real=0.01s
[2023-06-20T07:51:32.537+0000][70][safepoint   ] Safepoint "G1PauseRemark", Time since last: 151950981 ns, Reaching safepoint: 319930 ns, At safepoint: 11671483 ns, Total: 11991413 ns
[2023-06-20T07:51:32.537+0000][70][gc,marking  ] GC(103) Concurrent Mark 159.732ms
[2023-06-20T07:51:32.538+0000][70][gc,marking  ] GC(103) Concurrent Rebuild Remembered Sets
[2023-06-20T07:51:32.611+0000][70][gc,marking  ] GC(103) Concurrent Rebuild Remembered Sets 73.636ms
[2023-06-20T07:51:32.613+0000][70][gc,start    ] GC(103) Pause Cleanup
[2023-06-20T07:51:32.614+0000][70][gc          ] GC(103) Pause Cleanup 141M->141M(256M) 1.105ms
[2023-06-20T07:51:32.614+0000][70][gc,cpu      ] GC(103) User=0.00s Sys=0.00s Real=0.01s
[2023-06-20T07:51:32.615+0000][70][safepoint   ] Safepoint "G1PauseCleanup", Time since last: 75781717 ns, Reaching safepoint: 86886 ns, At safepoint: 2332202 ns, Total: 2419088 ns
[2023-06-20T07:51:32.615+0000][70][gc,marking  ] GC(103) Concurrent Cleanup for Next Mark
[2023-06-20T07:51:32.616+0000][70][gc,marking  ] GC(103) Concurrent Cleanup for Next Mark 0.682ms
[2023-06-20T07:51:32.617+0000][70][gc          ] GC(103) Concurrent Mark Cycle 245.440ms
[2023-06-20T07:51:33.616+0000][70][safepoint   ] Safepoint "Cleanup", Time since last: 1000552480 ns, Reaching safepoint: 161533 ns, At safepoint: 9071 ns, Total: 170604 ns
[2023-06-20T07:51:35.618+0000][70][safepoint   ] Safepoint "Cleanup", Time since last: 2001523551 ns, Reaching safepoint: 446623 ns, At safepoint: 14043 ns, Total: 460666 ns
[2023-06-20T07:51:36.622+0000][70][safepoint   ] Safepoint "Cleanup", Time since last: 1003870072 ns, Reaching safepoint: 133928 ns, At safepoint: 4653 ns, Total: 138581 ns
[2023-06-20T07:51:37.623+0000][70][safepoint   ] Safepoint "Cleanup", Time since last: 1001319380 ns, Reaching safepoint: 443716 ns, At safepoint: 10750 ns, Total: 454466 ns
[2023-06-20T07:51:38.630+0000][70][safepoint   ] Safepoint "Cleanup", Time since last: 1005683791 ns, Reaching safepoint: 410645 ns, At safepoint: 11831 ns, Total: 422476 ns
[2023-06-20T07:51:39.635+0000][70][safepoint   ] Safepoint "Cleanup", Time since last: 1004700130 ns, Reaching safepoint: 349197 ns, At safepoint: 13895 ns, Total: 363092 ns
[2023-06-20T07:51:43.620+0000][70][safepoint   ] Safepoint "Cleanup", Time since last: 4006698751 ns, Reaching safepoint: 333423 ns, At safepoint: 12722 ns, Total: 346145 ns
[2023-06-20T07:51:44.623+0000][70][safepoint   ] Safepoint "Cleanup", Time since last: 1003367773 ns, Reaching safepoint: 334681 ns, At safepoint: 12643 ns, Total: 347324 ns
[2023-06-20T07:51:45.627+0000][70][safepoint   ] Safepoint "Cleanup", Time since last: 1003315505 ns, Reaching safepoint: 322241 ns, At safepoint: 11628 ns, Total: 333869 ns
[2023-06-20T07:51:46.631+0000][70][safepoint   ] Safepoint "Cleanup", Time since last: 1003267926 ns, Reaching safepoint: 361292 ns, At safepoint: 13220 ns, Total: 374512 ns
[2023-06-20T07:51:47.063+0000][70][gc,start    ] GC(104) Pause Young (Prepare Mixed) (G1 Evacuation Pause)
[2023-06-20T07:51:47.064+0000][70][gc,task     ] GC(104) Using 4 workers of 4 for evacuation
[2023-06-20T07:51:47.065+0000][70][gc,age      ] GC(104) Desired survivor size 6291456 bytes, new threshold 15 (max threshold 15)
[2023-06-20T07:51:47.070+0000][70][gc,phases   ] GC(104)   Pre Evacuate Collection Set: 0.2ms
[2023-06-20T07:51:47.071+0000][70][gc,phases   ] GC(104)   Merge Heap Roots: 0.1ms
[2023-06-20T07:51:47.072+0000][70][gc,phases   ] GC(104)   Evacuate Collection Set: 3.1ms
[2023-06-20T07:51:47.072+0000][70][gc,phases   ] GC(104)   Post Evacuate Collection Set: 0.9ms
[2023-06-20T07:51:47.073+0000][70][gc,phases   ] GC(104)   Other: 1.8ms
[2023-06-20T07:51:47.073+0000][70][gc,age      ] GC(104) Age table with threshold 15 (max threshold 15)
[2023-06-20T07:51:47.074+0000][70][gc,age      ] GC(104) - age   1:     908544 bytes,     908544 total
[2023-06-20T07:51:47.075+0000][70][gc,age      ] GC(104) - age   2:     222296 bytes,    1130840 total
[2023-06-20T07:51:47.075+0000][70][gc,age      ] GC(104) - age   3:       2288 bytes,    1133128 total
[2023-06-20T07:51:47.076+0000][70][gc,age      ] GC(104) - age   4:       2800 bytes,    1135928 total
[2023-06-20T07:51:47.076+0000][70][gc,age      ] GC(104) - age   5:      15832 bytes,    1151760 total
[2023-06-20T07:51:47.077+0000][70][gc,age      ] GC(104) - age   6:       2440 bytes,    1154200 total
[2023-06-20T07:51:47.077+0000][70][gc,age      ] GC(104) - age   7:       9944 bytes,    1164144 total
[2023-06-20T07:51:47.078+0000][70][gc,age      ] GC(104) - age   8:      93672 bytes,    1257816 total
[2023-06-20T07:51:47.079+0000][70][gc,age      ] GC(104) - age   9:      36880 bytes,    1294696 total
[2023-06-20T07:51:47.079+0000][70][gc,age      ] GC(104) - age  10:       1152 bytes,    1295848 total
[2023-06-20T07:51:47.079+0000][70][gc,age      ] GC(104) - age  11:       4224 bytes,    1300072 total
[2023-06-20T07:51:47.080+0000][70][gc,age      ] GC(104) - age  12:       3256 bytes,    1303328 total
[2023-06-20T07:51:47.080+0000][70][gc,age      ] GC(104) - age  13:       9640 bytes,    1312968 total
[2023-06-20T07:51:47.081+0000][70][gc,age      ] GC(104) - age  14:       6256 bytes,    1319224 total
[2023-06-20T07:51:47.081+0000][70][gc,age      ] GC(104) - age  15:      15624 bytes,    1334848 total
[2023-06-20T07:51:47.082+0000][70][gc,heap     ] GC(104) Eden regions: 17->0(2)
[2023-06-20T07:51:47.082+0000][70][gc,heap     ] GC(104) Survivor regions: 1->1(3)
[2023-06-20T07:51:47.083+0000][70][gc,heap     ] GC(104) Old regions: 31->31
[2023-06-20T07:51:47.083+0000][70][gc,heap     ] GC(104) Archive regions: 2->2
[2023-06-20T07:51:47.084+0000][70][gc,heap     ] GC(104) Humongous regions: 2->2
[2023-06-20T07:51:47.084+0000][70][gc,metaspace] GC(104) Metaspace: 135313K(138816K)->135313K(138816K) NonClass: 117923K(119296K)->117923K(119296K) Class: 17390K(19520K)->17390K(19520K)
[2023-06-20T07:51:47.085+0000][70][gc          ] GC(104) Pause Young (Prepare Mixed) (G1 Evacuation Pause) 204M->136M(256M) 22.496ms
[2023-06-20T07:51:47.086+0000][70][gc,cpu      ] GC(104) User=0.01s Sys=0.01s Real=0.02s
[2023-06-20T07:51:47.086+0000][70][safepoint   ] Safepoint "G1CollectForAllocation", Time since last: 431852886 ns, Reaching safepoint: 154588 ns, At safepoint: 23410592 ns, Total: 23565180 ns
[2023-06-20T07:51:50.249+0000][70][safepoint   ] Safepoint "Cleanup", Time since last: 3163149401 ns, Reaching safepoint: 90708 ns, At safepoint: 2380 ns, Total: 93088 ns
[2023-06-20T07:51:50.341+0000][70][gc,start    ] GC(105) Pause Young (Mixed) (G1 Evacuation Pause)
[2023-06-20T07:51:50.342+0000][70][gc,task     ] GC(105) Using 4 workers of 4 for evacuation
[2023-06-20T07:51:50.342+0000][70][gc,age      ] GC(105) Desired survivor size 2097152 bytes, new threshold 15 (max threshold 15)
[2023-06-20T07:51:50.353+0000][70][gc,phases   ] GC(105)   Pre Evacuate Collection Set: 0.1ms
[2023-06-20T07:51:50.354+0000][70][gc,phases   ] GC(105)   Merge Heap Roots: 0.1ms
[2023-06-20T07:51:50.355+0000][70][gc,phases   ] GC(105)   Evacuate Collection Set: 6.6ms
[2023-06-20T07:51:50.355+0000][70][gc,phases   ] GC(105)   Post Evacuate Collection Set: 0.8ms
[2023-06-20T07:51:50.356+0000][70][gc,phases   ] GC(105)   Other: 4.0ms
[2023-06-20T07:51:50.357+0000][70][gc,age      ] GC(105) Age table with threshold 15 (max threshold 15)
[2023-06-20T07:51:50.357+0000][70][gc,age      ] GC(105) - age   1:     312696 bytes,     312696 total
[2023-06-20T07:51:50.358+0000][70][gc,age      ] GC(105) - age   2:     681448 bytes,     994144 total
[2023-06-20T07:51:50.358+0000][70][gc,age      ] GC(105) - age   3:     219336 bytes,    1213480 total
[2023-06-20T07:51:50.359+0000][70][gc,age      ] GC(105) - age   4:       2288 bytes,    1215768 total
[2023-06-20T07:51:50.359+0000][70][gc,age      ] GC(105) - age   5:       2800 bytes,    1218568 total
[2023-06-20T07:51:50.360+0000][70][gc,age      ] GC(105) - age   6:      15832 bytes,    1234400 total
[2023-06-20T07:51:50.360+0000][70][gc,age      ] GC(105) - age   7:       2440 bytes,    1236840 total
[2023-06-20T07:51:50.361+0000][70][gc,age      ] GC(105) - age   8:       9944 bytes,    1246784 total
[2023-06-20T07:51:50.361+0000][70][gc,age      ] GC(105) - age   9:      93672 bytes,    1340456 total
[2023-06-20T07:51:50.362+0000][70][gc,age      ] GC(105) - age  10:      36880 bytes,    1377336 total
[2023-06-20T07:51:50.362+0000][70][gc,age      ] GC(105) - age  11:       1152 bytes,    1378488 total
[2023-06-20T07:51:50.363+0000][70][gc,age      ] GC(105) - age  12:       3928 bytes,    1382416 total
[2023-06-20T07:51:50.363+0000][70][gc,age      ] GC(105) - age  13:       3256 bytes,    1385672 total
[2023-06-20T07:51:50.364+0000][70][gc,age      ] GC(105) - age  14:       9640 bytes,    1395312 total
[2023-06-20T07:51:50.364+0000][70][gc,age      ] GC(105) - age  15:       6256 bytes,    1401568 total
[2023-06-20T07:51:50.365+0000][70][gc,heap     ] GC(105) Eden regions: 2->0(17)
[2023-06-20T07:51:50.366+0000][70][gc,heap     ] GC(105) Survivor regions: 1->1(1)
[2023-06-20T07:51:50.367+0000][70][gc,heap     ] GC(105) Old regions: 31->31
[2023-06-20T07:51:50.367+0000][70][gc,heap     ] GC(105) Archive regions: 2->2
[2023-06-20T07:51:50.368+0000][70][gc,heap     ] GC(105) Humongous regions: 2->2
[2023-06-20T07:51:50.368+0000][70][gc,metaspace] GC(105) Metaspace: 135315K(138816K)->135315K(138816K) NonClass: 117924K(119296K)->117924K(119296K) Class: 17390K(19520K)->17390K(19520K)
[2023-06-20T07:51:50.369+0000][70][gc          ] GC(105) Pause Young (Mixed) (G1 Evacuation Pause) 144M->136M(256M) 28.421ms
[2023-06-20T07:51:50.370+0000][70][gc,cpu      ] GC(105) User=0.02s Sys=0.00s Real=0.03s
[2023-06-20T07:51:50.371+0000][70][safepoint   ] Safepoint "G1CollectForAllocation", Time since last: 91369137 ns, Reaching safepoint: 122518 ns, At safepoint: 29910187 ns, Total: 30032705 ns
[2023-06-20T07:51:51.373+0000][70][safepoint   ] Safepoint "Cleanup", Time since last: 1002259356 ns, Reaching safepoint: 262219 ns, At safepoint: 9678 ns, Total: 271897 ns
[2023-06-20T07:51:52.379+0000][70][safepoint   ] Safepoint "Cleanup", Time since last: 1005806202 ns, Reaching safepoint: 255050 ns, At safepoint: 15074 ns, Total: 270124 ns
[2023-06-20T07:51:53.383+0000][70][safepoint   ] Safepoint "Cleanup", Time since last: 1003543790 ns, Reaching safepoint: 263271 ns, At safepoint: 8766 ns, Total: 272037 ns
[2023-06-20T07:51:56.386+0000][70][safepoint   ] Safepoint "Cleanup", Time since last: 3002999355 ns, Reaching safepoint: 139538 ns, At safepoint: 5276 ns, Total: 144814 ns
[2023-06-20T07:51:58.389+0000][70][safepoint   ] Safepoint "Cleanup", Time since last: 2003057190 ns, Reaching safepoint: 108012 ns, At safepoint: 4113 ns, Total: 112125 ns
[2023-06-20T07:52:02.393+0000][70][safepoint   ] Safepoint "Cleanup", Time since last: 4003519009 ns, Reaching safepoint: 122227 ns, At safepoint: 10204 ns, Total: 132431 ns
[2023-06-20T07:52:03.394+0000][70][safepoint   ] Safepoint "Cleanup", Time since last: 1000877060 ns, Reaching safepoint: 82563 ns, At safepoint: 5105 ns, Total: 87668 ns
[2023-06-20T07:52:04.397+0000][70][safepoint   ] Safepoint "Cleanup", Time since last: 1002506381 ns, Reaching safepoint: 165127 ns, At safepoint: 7737 ns, Total: 172864 ns
[2023-06-20T07:52:05.401+0000][70][safepoint   ] Safepoint "Cleanup", Time since last: 1003115676 ns, Reaching safepoint: 753239 ns, At safepoint: 89986 ns, Total: 843225 ns
[2023-06-20T07:52:08.359+0000][70][gc,start    ] GC(106) Pause Young (Normal) (G1 Evacuation Pause)
[2023-06-20T07:52:08.360+0000][70][gc,task     ] GC(106) Using 4 workers of 4 for evacuation
[2023-06-20T07:52:08.360+0000][70][gc,age      ] GC(106) Desired survivor size 6291456 bytes, new threshold 15 (max threshold 15)
[2023-06-20T07:52:08.364+0000][70][gc,phases   ] GC(106)   Pre Evacuate Collection Set: 0.1ms
[2023-06-20T07:52:08.365+0000][70][gc,phases   ] GC(106)   Merge Heap Roots: 0.1ms
[2023-06-20T07:52:08.365+0000][70][gc,phases   ] GC(106)   Evacuate Collection Set: 2.3ms
[2023-06-20T07:52:08.366+0000][70][gc,phases   ] GC(106)   Post Evacuate Collection Set: 0.8ms
[2023-06-20T07:52:08.366+0000][70][gc,phases   ] GC(106)   Other: 1.0ms
[2023-06-20T07:52:08.367+0000][70][gc,age      ] GC(106) Age table with threshold 15 (max threshold 15)
[2023-06-20T07:52:08.367+0000][70][gc,age      ] GC(106) - age   1:     329800 bytes,     329800 total
[2023-06-20T07:52:08.367+0000][70][gc,age      ] GC(106) - age   2:       6232 bytes,     336032 total
[2023-06-20T07:52:08.368+0000][70][gc,age      ] GC(106) - age   3:     221512 bytes,     557544 total
[2023-06-20T07:52:08.368+0000][70][gc,age      ] GC(106) - age   4:     218424 bytes,     775968 total
[2023-06-20T07:52:08.369+0000][70][gc,age      ] GC(106) - age   5:       2048 bytes,     778016 total
[2023-06-20T07:52:08.369+0000][70][gc,age      ] GC(106) - age   6:       2768 bytes,     780784 total
[2023-06-20T07:52:08.370+0000][70][gc,age      ] GC(106) - age   7:      15768 bytes,     796552 total
[2023-06-20T07:52:08.370+0000][70][gc,age      ] GC(106) - age   8:       2440 bytes,     798992 total
[2023-06-20T07:52:08.371+0000][70][gc,age      ] GC(106) - age   9:       9944 bytes,     808936 total
[2023-06-20T07:52:08.371+0000][70][gc,age      ] GC(106) - age  10:      93672 bytes,     902608 total
[2023-06-20T07:52:08.371+0000][70][gc,age      ] GC(106) - age  11:      36640 bytes,     939248 total
[2023-06-20T07:52:08.372+0000][70][gc,age      ] GC(106) - age  12:       1152 bytes,     940400 total
[2023-06-20T07:52:08.372+0000][70][gc,age      ] GC(106) - age  13:       3928 bytes,     944328 total
[2023-06-20T07:52:08.373+0000][70][gc,age      ] GC(106) - age  14:       3256 bytes,     947584 total
[2023-06-20T07:52:08.373+0000][70][gc,age      ] GC(106) - age  15:       9640 bytes,     957224 total
[2023-06-20T07:52:08.373+0000][70][gc,heap     ] GC(106) Eden regions: 17->0(17)
[2023-06-20T07:52:08.374+0000][70][gc,heap     ] GC(106) Survivor regions: 1->1(3)
[2023-06-20T07:52:08.375+0000][70][gc,heap     ] GC(106) Old regions: 31->31
[2023-06-20T07:52:08.375+0000][70][gc,heap     ] GC(106) Archive regions: 2->2
[2023-06-20T07:52:08.376+0000][70][gc,heap     ] GC(106) Humongous regions: 2->2
[2023-06-20T07:52:08.376+0000][70][gc,metaspace] GC(106) Metaspace: 135370K(138880K)->135370K(138880K) NonClass: 117980K(119360K)->117980K(119360K) Class: 17390K(19520K)->17390K(19520K)
[2023-06-20T07:52:08.377+0000][70][gc          ] GC(106) Pause Young (Normal) (G1 Evacuation Pause) 204M->135M(256M) 17.893ms
[2023-06-20T07:52:08.378+0000][70][gc,cpu      ] GC(106) User=0.01s Sys=0.00s Real=0.02s
[2023-06-20T07:52:08.378+0000][70][safepoint   ] Safepoint "G1CollectForAllocation", Time since last: 2958312637 ns, Reaching safepoint: 151663 ns, At safepoint: 19061163 ns, Total: 19212826 ns
[2023-06-20T07:52:09.381+0000][70][safepoint   ] Safepoint "Cleanup", Time since last: 1002550968 ns, Reaching safepoint: 626371 ns, At safepoint: 47664 ns, Total: 674035 ns
[2023-06-20T07:52:13.369+0000][70][safepoint   ] Safepoint "Cleanup", Time since last: 4007978538 ns, Reaching safepoint: 1149121 ns, At safepoint: 175899 ns, Total: 1325020 ns
[2023-06-20T07:52:14.372+0000][70][safepoint   ] Safepoint "Cleanup", Time since last: 1003393317 ns, Reaching safepoint: 127286 ns, At safepoint: 3706 ns, Total: 130992 ns
[2023-06-20T07:52:15.374+0000][70][safepoint   ] Safepoint "Cleanup", Time since last: 1001157878 ns, Reaching safepoint: 397218 ns, At safepoint: 11636 ns, Total: 408854 ns
[2023-06-20T07:52:20.381+0000][70][safepoint   ] Safepoint "Cleanup", Time since last: 5007335830 ns, Reaching safepoint: 88361 ns, At safepoint: 2821 ns, Total: 91182 ns
[2023-06-20T07:52:21.387+0000][70][safepoint   ] Safepoint "Cleanup", Time since last: 1005012951 ns, Reaching safepoint: 110302 ns, At safepoint: 3931 ns, Total: 114233 ns
[2023-06-20T07:52:23.389+0000][70][safepoint   ] Safepoint "Cleanup", Time since last: 2001717429 ns, Reaching safepoint: 671669 ns, At safepoint: 48937 ns, Total: 720606 ns
[2023-06-20T07:52:26.394+0000][70][safepoint   ] Safepoint "Cleanup", Time since last: 3005095462 ns, Reaching safepoint: 86309 ns, At safepoint: 2845 ns, Total: 89154 ns
[2023-06-20T07:52:32.166+0000][70][gc,start    ] GC(107) Pause Young (Normal) (G1 Evacuation Pause)
[2023-06-20T07:52:32.167+0000][70][gc,task     ] GC(107) Using 4 workers of 4 for evacuation
[2023-06-20T07:52:32.167+0000][70][gc,age      ] GC(107) Desired survivor size 6291456 bytes, new threshold 15 (max threshold 15)
[2023-06-20T07:52:32.173+0000][70][gc,phases   ] GC(107)   Pre Evacuate Collection Set: 0.1ms
[2023-06-20T07:52:32.173+0000][70][gc,phases   ] GC(107)   Merge Heap Roots: 0.0ms
[2023-06-20T07:52:32.173+0000][70][gc,phases   ] GC(107)   Evacuate Collection Set: 4.2ms
[2023-06-20T07:52:32.174+0000][70][gc,phases   ] GC(107)   Post Evacuate Collection Set: 0.8ms
[2023-06-20T07:52:32.174+0000][70][gc,phases   ] GC(107)   Other: 0.9ms
[2023-06-20T07:52:32.175+0000][70][gc,age      ] GC(107) Age table with threshold 15 (max threshold 15)
[2023-06-20T07:52:32.176+0000][70][gc,age      ] GC(107) - age   1:    1537752 bytes,    1537752 total
[2023-06-20T07:52:32.176+0000][70][gc,age      ] GC(107) - age   2:     200800 bytes,    1738552 total
[2023-06-20T07:52:32.176+0000][70][gc,age      ] GC(107) - age   3:       2872 bytes,    1741424 total
[2023-06-20T07:52:32.177+0000][70][gc,age      ] GC(107) - age   4:     214616 bytes,    1956040 total
[2023-06-20T07:52:32.177+0000][70][gc,age      ] GC(107) - age   5:     218008 bytes,    2174048 total
[2023-06-20T07:52:32.178+0000][70][gc,age      ] GC(107) - age   6:       1016 bytes,    2175064 total
[2023-06-20T07:52:32.178+0000][70][gc,age      ] GC(107) - age   7:       2640 bytes,    2177704 total
[2023-06-20T07:52:32.178+0000][70][gc,age      ] GC(107) - age   8:      15704 bytes,    2193408 total
[2023-06-20T07:52:32.179+0000][70][gc,age      ] GC(107) - age   9:       2376 bytes,    2195784 total
[2023-06-20T07:52:32.179+0000][70][gc,age      ] GC(107) - age  10:       9944 bytes,    2205728 total
[2023-06-20T07:52:32.180+0000][70][gc,age      ] GC(107) - age  11:      93672 bytes,    2299400 total
[2023-06-20T07:52:32.180+0000][70][gc,age      ] GC(107) - age  12:      36640 bytes,    2336040 total
[2023-06-20T07:52:32.181+0000][70][gc,age      ] GC(107) - age  13:       1152 bytes,    2337192 total
[2023-06-20T07:52:32.181+0000][70][gc,age      ] GC(107) - age  14:       3928 bytes,    2341120 total
[2023-06-20T07:52:32.181+0000][70][gc,age      ] GC(107) - age  15:       3256 bytes,    2344376 total
[2023-06-20T07:52:32.182+0000][70][gc,heap     ] GC(107) Eden regions: 17->0(17)
[2023-06-20T07:52:32.182+0000][70][gc,heap     ] GC(107) Survivor regions: 1->1(3)
[2023-06-20T07:52:32.183+0000][70][gc,heap     ] GC(107) Old regions: 31->31
[2023-06-20T07:52:32.183+0000][70][gc,heap     ] GC(107) Archive regions: 2->2
[2023-06-20T07:52:32.183+0000][70][gc,heap     ] GC(107) Humongous regions: 2->2
[2023-06-20T07:52:32.184+0000][70][gc,metaspace] GC(107) Metaspace: 135402K(138880K)->135402K(138880K) NonClass: 118012K(119360K)->118012K(119360K) Class: 17390K(19520K)->17390K(19520K)
[2023-06-20T07:52:32.184+0000][70][gc          ] GC(107) Pause Young (Normal) (G1 Evacuation Pause) 203M->137M(256M) 18.497ms
[2023-06-20T07:52:32.185+0000][70][gc,cpu      ] GC(107) User=0.01s Sys=0.00s Real=0.02s
[2023-06-20T07:52:32.185+0000][70][safepoint   ] Safepoint "G1CollectForAllocation", Time since last: 5771393622 ns, Reaching safepoint: 115578 ns, At safepoint: 19341039 ns, Total: 19456617 ns
[2023-06-20T07:52:33.187+0000][70][safepoint   ] Safepoint "Cleanup", Time since last: 1001877782 ns, Reaching safepoint: 321483 ns, At safepoint: 9384 ns, Total: 330867 ns
[2023-06-20T07:52:39.194+0000][70][safepoint   ] Safepoint "Cleanup", Time since last: 6006724178 ns, Reaching safepoint: 165911 ns, At safepoint: 11804 ns, Total: 177715 ns
[2023-06-20T07:52:41.197+0000][70][safepoint   ] Safepoint "Cleanup", Time since last: 2002804356 ns, Reaching safepoint: 153957 ns, At safepoint: 86707 ns, Total: 240664 ns
[2023-06-20T07:52:45.197+0000][70][safepoint   ] Safepoint "Cleanup", Time since last: 4023162622 ns, Reaching safepoint: 249129 ns, At safepoint: 13597 ns, Total: 262726 ns
[2023-06-20T07:52:46.201+0000][70][safepoint   ] Safepoint "Cleanup", Time since last: 1003825074 ns, Reaching safepoint: 252765 ns, At safepoint: 12502 ns, Total: 265267 ns
[2023-06-20T07:52:47.207+0000][70][safepoint   ] Safepoint "Cleanup", Time since last: 1005108487 ns, Reaching safepoint: 251537 ns, At safepoint: 13043 ns, Total: 264580 ns
[2023-06-20T07:52:50.211+0000][70][safepoint   ] Safepoint "Cleanup", Time since last: 3004594099 ns, Reaching safepoint: 76163 ns, At safepoint: 3058 ns, Total: 79221 ns
[2023-06-20T07:52:50.791+0000][70][gc,start    ] GC(108) Pause Young (Concurrent Start) (G1 Evacuation Pause)
[2023-06-20T07:52:50.791+0000][70][gc,task     ] GC(108) Using 4 workers of 4 for evacuation
[2023-06-20T07:52:50.792+0000][70][gc,age      ] GC(108) Desired survivor size 6291456 bytes, new threshold 15 (max threshold 15)
[2023-06-20T07:52:50.795+0000][70][gc,phases   ] GC(108)   Pre Evacuate Collection Set: 0.4ms
[2023-06-20T07:52:50.796+0000][70][gc,phases   ] GC(108)   Merge Heap Roots: 0.1ms
[2023-06-20T07:52:50.797+0000][70][gc,phases   ] GC(108)   Evacuate Collection Set: 1.9ms
[2023-06-20T07:52:50.798+0000][70][gc,phases   ] GC(108)   Post Evacuate Collection Set: 0.8ms
[2023-06-20T07:52:50.798+0000][70][gc,phases   ] GC(108)   Other: 1.1ms
[2023-06-20T07:52:50.799+0000][70][gc,age      ] GC(108) Age table with threshold 15 (max threshold 15)
[2023-06-20T07:52:50.799+0000][70][gc,age      ] GC(108) - age   1:    1185464 bytes,    1185464 total
[2023-06-20T07:52:50.800+0000][70][gc,age      ] GC(108) - age   2:       4176 bytes,    1189640 total
[2023-06-20T07:52:50.800+0000][70][gc,age      ] GC(108) - age   3:      32960 bytes,    1222600 total
[2023-06-20T07:52:50.801+0000][70][gc,age      ] GC(108) - age   4:       2808 bytes,    1225408 total
[2023-06-20T07:52:50.801+0000][70][gc,age      ] GC(108) - age   5:     210784 bytes,    1436192 total
[2023-06-20T07:52:50.802+0000][70][gc,age      ] GC(108) - age   6:     217880 bytes,    1654072 total
[2023-06-20T07:52:50.803+0000][70][gc,age      ] GC(108) - age   7:        824 bytes,    1654896 total
[2023-06-20T07:52:50.803+0000][70][gc,age      ] GC(108) - age   8:       2640 bytes,    1657536 total
[2023-06-20T07:52:50.804+0000][70][gc,age      ] GC(108) - age   9:      15408 bytes,    1672944 total
[2023-06-20T07:52:50.804+0000][70][gc,age      ] GC(108) - age  10:       2312 bytes,    1675256 total
[2023-06-20T07:52:50.805+0000][70][gc,age      ] GC(108) - age  11:       9944 bytes,    1685200 total
[2023-06-20T07:52:50.805+0000][70][gc,age      ] GC(108) - age  12:      93672 bytes,    1778872 total
[2023-06-20T07:52:50.806+0000][70][gc,age      ] GC(108) - age  13:      36640 bytes,    1815512 total
[2023-06-20T07:52:50.806+0000][70][gc,age      ] GC(108) - age  14:       1152 bytes,    1816664 total
[2023-06-20T07:52:50.806+0000][70][gc,age      ] GC(108) - age  15:       3928 bytes,    1820592 total
[2023-06-20T07:52:50.807+0000][70][gc,heap     ] GC(108) Eden regions: 17->0(17)
[2023-06-20T07:52:50.807+0000][70][gc,heap     ] GC(108) Survivor regions: 1->1(3)
[2023-06-20T07:52:50.808+0000][70][gc,heap     ] GC(108) Old regions: 31->31
[2023-06-20T07:52:50.808+0000][70][gc,heap     ] GC(108) Archive regions: 2->2
[2023-06-20T07:52:50.809+0000][70][gc,heap     ] GC(108) Humongous regions: 2->2
[2023-06-20T07:52:50.809+0000][70][gc,metaspace] GC(108) Metaspace: 135425K(138880K)->135425K(138880K) NonClass: 118035K(119360K)->118035K(119360K) Class: 17390K(19520K)->17390K(19520K)
[2023-06-20T07:52:50.810+0000][70][gc          ] GC(108) Pause Young (Concurrent Start) (G1 Evacuation Pause) 205M->136M(256M) 19.057ms
[2023-06-20T07:52:50.810+0000][70][gc,cpu      ] GC(108) User=0.00s Sys=0.00s Real=0.02s
[2023-06-20T07:52:50.810+0000][70][gc          ] GC(109) Concurrent Mark Cycle
[2023-06-20T07:52:50.811+0000][70][safepoint   ] Safepoint "G1CollectForAllocation", Time since last: 578992504 ns, Reaching safepoint: 109345 ns, At safepoint: 20157647 ns, Total: 20266992 ns
[2023-06-20T07:52:50.811+0000][70][gc,marking  ] GC(109) Concurrent Clear Claimed Marks
[2023-06-20T07:52:50.813+0000][70][gc,marking  ] GC(109) Concurrent Clear Claimed Marks 2.111ms
[2023-06-20T07:52:50.814+0000][70][gc,marking  ] GC(109) Concurrent Scan Root Regions
[2023-06-20T07:52:50.816+0000][70][gc,marking  ] GC(109) Concurrent Scan Root Regions 2.502ms
[2023-06-20T07:52:50.817+0000][70][gc,marking  ] GC(109) Concurrent Mark
[2023-06-20T07:52:50.817+0000][70][gc,marking  ] GC(109) Concurrent Mark From Roots
[2023-06-20T07:52:50.818+0000][70][gc,task     ] GC(109) Using 1 workers of 1 for marking
[2023-06-20T07:52:50.964+0000][70][gc,marking  ] GC(109) Concurrent Mark From Roots 146.246ms
[2023-06-20T07:52:50.965+0000][70][gc,marking  ] GC(109) Concurrent Preclean
[2023-06-20T07:52:50.966+0000][70][gc,marking  ] GC(109) Concurrent Preclean 0.975ms
[2023-06-20T07:52:50.967+0000][70][gc,start    ] GC(109) Pause Remark
[2023-06-20T07:52:50.978+0000][70][gc          ] GC(109) Pause Remark 137M->137M(256M) 11.031ms
[2023-06-20T07:52:50.979+0000][70][gc,cpu      ] GC(109) User=0.03s Sys=0.00s Real=0.01s
[2023-06-20T07:52:50.980+0000][70][safepoint   ] Safepoint "G1PauseRemark", Time since last: 155878488 ns, Reaching safepoint: 156642 ns, At safepoint: 12786569 ns, Total: 12943211 ns
[2023-06-20T07:52:50.980+0000][70][gc,marking  ] GC(109) Concurrent Mark 163.109ms
[2023-06-20T07:52:50.981+0000][70][gc,marking  ] GC(109) Concurrent Rebuild Remembered Sets
[2023-06-20T07:52:51.052+0000][70][gc,marking  ] GC(109) Concurrent Rebuild Remembered Sets 71.935ms
[2023-06-20T07:52:51.054+0000][70][gc,start    ] GC(109) Pause Cleanup
[2023-06-20T07:52:51.055+0000][70][gc          ] GC(109) Pause Cleanup 137M->137M(256M) 0.906ms
[2023-06-20T07:52:51.055+0000][70][gc,cpu      ] GC(109) User=0.00s Sys=0.00s Real=0.00s
[2023-06-20T07:52:51.056+0000][70][safepoint   ] Safepoint "G1PauseCleanup", Time since last: 74158854 ns, Reaching safepoint: 180707 ns, At safepoint: 2177062 ns, Total: 2357769 ns
[2023-06-20T07:52:51.057+0000][70][gc,marking  ] GC(109) Concurrent Cleanup for Next Mark
[2023-06-20T07:52:51.058+0000][70][gc,marking  ] GC(109) Concurrent Cleanup for Next Mark 0.872ms
[2023-06-20T07:52:51.059+0000][70][gc          ] GC(109) Concurrent Mark Cycle 248.340ms
[2023-06-20T07:52:57.063+0000][70][safepoint   ] Safepoint "Cleanup", Time since last: 6007241234 ns, Reaching safepoint: 69955 ns, At safepoint: 3113 ns, Total: 73068 ns
[2023-06-20T07:52:58.065+0000][70][safepoint   ] Safepoint "Cleanup", Time since last: 1001252212 ns, Reaching safepoint: 135741 ns, At safepoint: 460992 ns, Total: 596733 ns
[2023-06-20T07:53:03.074+0000][70][safepoint   ] Safepoint "Cleanup", Time since last: 5008862653 ns, Reaching safepoint: 266139 ns, At safepoint: 12201 ns, Total: 278340 ns
[2023-06-20T07:53:04.079+0000][70][safepoint   ] Safepoint "Cleanup", Time since last: 1004359685 ns, Reaching safepoint: 428529 ns, At safepoint: 12941 ns, Total: 441470 ns
[2023-06-20T07:53:06.084+0000][70][safepoint   ] Safepoint "Cleanup", Time since last: 2005140612 ns, Reaching safepoint: 158774 ns, At safepoint: 10560 ns, Total: 169334 ns
[2023-06-20T07:53:08.347+0000][70][gc,start    ] GC(110) Pause Young (Prepare Mixed) (G1 Evacuation Pause)
[2023-06-20T07:53:08.348+0000][70][gc,task     ] GC(110) Using 4 workers of 4 for evacuation
[2023-06-20T07:53:08.349+0000][70][gc,age      ] GC(110) Desired survivor size 6291456 bytes, new threshold 15 (max threshold 15)
[2023-06-20T07:53:08.354+0000][70][gc,phases   ] GC(110)   Pre Evacuate Collection Set: 0.1ms
[2023-06-20T07:53:08.355+0000][70][gc,phases   ] GC(110)   Merge Heap Roots: 0.1ms
[2023-06-20T07:53:08.355+0000][70][gc,phases   ] GC(110)   Evacuate Collection Set: 3.7ms
[2023-06-20T07:53:08.355+0000][70][gc,phases   ] GC(110)   Post Evacuate Collection Set: 0.8ms
[2023-06-20T07:53:08.356+0000][70][gc,phases   ] GC(110)   Other: 1.1ms
[2023-06-20T07:53:08.356+0000][70][gc,age      ] GC(110) Age table with threshold 15 (max threshold 15)
[2023-06-20T07:53:08.357+0000][70][gc,age      ] GC(110) - age   1:     970800 bytes,     970800 total
[2023-06-20T07:53:08.357+0000][70][gc,age      ] GC(110) - age   2:      11496 bytes,     982296 total
[2023-06-20T07:53:08.358+0000][70][gc,age      ] GC(110) - age   3:       3376 bytes,     985672 total
[2023-06-20T07:53:08.358+0000][70][gc,age      ] GC(110) - age   4:      27600 bytes,    1013272 total
[2023-06-20T07:53:08.359+0000][70][gc,age      ] GC(110) - age   5:       2808 bytes,    1016080 total
[2023-06-20T07:53:08.359+0000][70][gc,age      ] GC(110) - age   6:     200600 bytes,    1216680 total
[2023-06-20T07:53:08.360+0000][70][gc,age      ] GC(110) - age   7:     214064 bytes,    1430744 total
[2023-06-20T07:53:08.360+0000][70][gc,age      ] GC(110) - age   8:        824 bytes,    1431568 total
[2023-06-20T07:53:08.360+0000][70][gc,age      ] GC(110) - age   9:       2616 bytes,    1434184 total
[2023-06-20T07:53:08.361+0000][70][gc,age      ] GC(110) - age  10:      15408 bytes,    1449592 total
[2023-06-20T07:53:08.361+0000][70][gc,age      ] GC(110) - age  11:       2312 bytes,    1451904 total
[2023-06-20T07:53:08.362+0000][70][gc,age      ] GC(110) - age  12:       8648 bytes,    1460552 total
[2023-06-20T07:53:08.362+0000][70][gc,age      ] GC(110) - age  13:      93672 bytes,    1554224 total
[2023-06-20T07:53:08.363+0000][70][gc,age      ] GC(110) - age  14:      36640 bytes,    1590864 total
[2023-06-20T07:53:08.363+0000][70][gc,age      ] GC(110) - age  15:       1152 bytes,    1592016 total
[2023-06-20T07:53:08.364+0000][70][gc,heap     ] GC(110) Eden regions: 17->0(2)
[2023-06-20T07:53:08.364+0000][70][gc,heap     ] GC(110) Survivor regions: 1->1(3)
[2023-06-20T07:53:08.365+0000][70][gc,heap     ] GC(110) Old regions: 31->31
[2023-06-20T07:53:08.365+0000][70][gc,heap     ] GC(110) Archive regions: 2->2
[2023-06-20T07:53:08.366+0000][70][gc,heap     ] GC(110) Humongous regions: 2->2
[2023-06-20T07:53:08.366+0000][70][gc,metaspace] GC(110) Metaspace: 135434K(138880K)->135434K(138880K) NonClass: 118044K(119360K)->118044K(119360K) Class: 17390K(19520K)->17390K(19520K)
[2023-06-20T07:53:08.367+0000][70][gc          ] GC(110) Pause Young (Prepare Mixed) (G1 Evacuation Pause) 204M->136M(256M) 20.378ms
[2023-06-20T07:53:08.368+0000][70][gc,cpu      ] GC(110) User=0.00s Sys=0.00s Real=0.02s
[2023-06-20T07:53:08.368+0000][70][safepoint   ] Safepoint "G1CollectForAllocation", Time since last: 2262167852 ns, Reaching safepoint: 144230 ns, At safepoint: 21217271 ns, Total: 21361501 ns
[2023-06-20T07:53:09.118+0000][70][gc,start    ] GC(111) Pause Young (Mixed) (G1 Evacuation Pause)
[2023-06-20T07:53:09.119+0000][70][gc,task     ] GC(111) Using 4 workers of 4 for evacuation
[2023-06-20T07:53:09.119+0000][70][gc,age      ] GC(111) Desired survivor size 2097152 bytes, new threshold 15 (max threshold 15)
[2023-06-20T07:53:09.129+0000][70][gc,phases   ] GC(111)   Pre Evacuate Collection Set: 0.1ms
[2023-06-20T07:53:09.130+0000][70][gc,phases   ] GC(111)   Merge Heap Roots: 0.2ms
[2023-06-20T07:53:09.130+0000][70][gc,phases   ] GC(111)   Evacuate Collection Set: 8.1ms
[2023-06-20T07:53:09.131+0000][70][gc,phases   ] GC(111)   Post Evacuate Collection Set: 0.9ms
[2023-06-20T07:53:09.131+0000][70][gc,phases   ] GC(111)   Other: 1.1ms
[2023-06-20T07:53:09.132+0000][70][gc,age      ] GC(111) Age table with threshold 15 (max threshold 15)
[2023-06-20T07:53:09.132+0000][70][gc,age      ] GC(111) - age   1:     441784 bytes,     441784 total
[2023-06-20T07:53:09.133+0000][70][gc,age      ] GC(111) - age   2:     765208 bytes,    1206992 total
[2023-06-20T07:53:09.133+0000][70][gc,age      ] GC(111) - age   3:      11304 bytes,    1218296 total
[2023-06-20T07:53:09.134+0000][70][gc,age      ] GC(111) - age   4:       3192 bytes,    1221488 total
[2023-06-20T07:53:09.135+0000][70][gc,age      ] GC(111) - age   5:      27600 bytes,    1249088 total
[2023-06-20T07:53:09.135+0000][70][gc,age      ] GC(111) - age   6:       2808 bytes,    1251896 total
[2023-06-20T07:53:09.136+0000][70][gc,age      ] GC(111) - age   7:     200184 bytes,    1452080 total
[2023-06-20T07:53:09.136+0000][70][gc,age      ] GC(111) - age   8:     214064 bytes,    1666144 total
[2023-06-20T07:53:09.136+0000][70][gc,age      ] GC(111) - age   9:        824 bytes,    1666968 total
[2023-06-20T07:53:09.137+0000][70][gc,age      ] GC(111) - age  10:       2616 bytes,    1669584 total
[2023-06-20T07:53:09.137+0000][70][gc,age      ] GC(111) - age  11:      15408 bytes,    1684992 total
[2023-06-20T07:53:09.138+0000][70][gc,age      ] GC(111) - age  12:       2312 bytes,    1687304 total
[2023-06-20T07:53:09.138+0000][70][gc,age      ] GC(111) - age  13:       8648 bytes,    1695952 total
[2023-06-20T07:53:09.139+0000][70][gc,age      ] GC(111) - age  14:      85048 bytes,    1781000 total
[2023-06-20T07:53:09.139+0000][70][gc,age      ] GC(111) - age  15:      36640 bytes,    1817640 total
[2023-06-20T07:53:09.139+0000][70][gc,heap     ] GC(111) Eden regions: 2->0(17)
[2023-06-20T07:53:09.140+0000][70][gc,heap     ] GC(111) Survivor regions: 1->1(1)
[2023-06-20T07:53:09.140+0000][70][gc,heap     ] GC(111) Old regions: 31->31
[2023-06-20T07:53:09.141+0000][70][gc,heap     ] GC(111) Archive regions: 2->2
[2023-06-20T07:53:09.141+0000][70][gc,heap     ] GC(111) Humongous regions: 2->2
[2023-06-20T07:53:09.142+0000][70][gc,metaspace] GC(111) Metaspace: 135441K(138880K)->135441K(138880K) NonClass: 118050K(119360K)->118050K(119360K) Class: 17390K(19520K)->17390K(19520K)
[2023-06-20T07:53:09.142+0000][70][gc          ] GC(111) Pause Young (Mixed) (G1 Evacuation Pause) 144M->136M(256M) 24.009ms
[2023-06-20T07:53:09.142+0000][70][gc,cpu      ] GC(111) User=0.02s Sys=0.00s Real=0.02s
[2023-06-20T07:53:09.143+0000][70][safepoint   ] Safepoint "G1CollectForAllocation", Time since last: 749981269 ns, Reaching safepoint: 81539 ns, At safepoint: 25015670 ns, Total: 25097209 ns
[2023-06-20T07:53:11.145+0000][70][safepoint   ] Safepoint "Cleanup", Time since last: 2001417756 ns, Reaching safepoint: 500891 ns, At safepoint: 18086 ns, Total: 518977 ns
[2023-06-20T07:53:14.132+0000][70][safepoint   ] Safepoint "Cleanup", Time since last: 3005651790 ns, Reaching safepoint: 431829 ns, At safepoint: 44286 ns, Total: 476115 ns
[2023-06-20T07:53:15.134+0000][70][safepoint   ] Safepoint "Cleanup", Time since last: 1002002450 ns, Reaching safepoint: 456511 ns, At safepoint: 14208 ns, Total: 470719 ns
[2023-06-20T07:53:16.140+0000][70][safepoint   ] Safepoint "Cleanup", Time since last: 1004532959 ns, Reaching safepoint: 458718 ns, At safepoint: 33771 ns, Total: 492489 ns
[2023-06-20T07:53:17.143+0000][70][safepoint   ] Safepoint "Cleanup", Time since last: 1003269866 ns, Reaching safepoint: 238103 ns, At safepoint: 34603 ns, Total: 272706 ns
[2023-06-20T07:53:21.149+0000][70][safepoint   ] Safepoint "Cleanup", Time since last: 4005383542 ns, Reaching safepoint: 213550 ns, At safepoint: 7264 ns, Total: 220814 ns
[2023-06-20T07:53:23.151+0000][70][safepoint   ] Safepoint "Cleanup", Time since last: 2002359774 ns, Reaching safepoint: 336221 ns, At safepoint: 11055 ns, Total: 347276 ns
[2023-06-20T07:53:28.133+0000][70][gc,start    ] GC(112) Pause Young (Normal) (G1 Evacuation Pause)
[2023-06-20T07:53:28.134+0000][70][gc,task     ] GC(112) Using 4 workers of 4 for evacuation
[2023-06-20T07:53:28.135+0000][70][gc,age      ] GC(112) Desired survivor size 6291456 bytes, new threshold 15 (max threshold 15)
[2023-06-20T07:53:28.138+0000][70][gc,phases   ] GC(112)   Pre Evacuate Collection Set: 0.1ms
[2023-06-20T07:53:28.139+0000][70][gc,phases   ] GC(112)   Merge Heap Roots: 0.1ms
[2023-06-20T07:53:28.139+0000][70][gc,phases   ] GC(112)   Evacuate Collection Set: 1.9ms
[2023-06-20T07:53:28.140+0000][70][gc,phases   ] GC(112)   Post Evacuate Collection Set: 0.8ms
[2023-06-20T07:53:28.140+0000][70][gc,phases   ] GC(112)   Other: 1.1ms
[2023-06-20T07:53:28.141+0000][70][gc,age      ] GC(112) Age table with threshold 15 (max threshold 15)
[2023-06-20T07:53:28.141+0000][70][gc,age      ] GC(112) - age   1:    1138704 bytes,    1138704 total
[2023-06-20T07:53:28.142+0000][70][gc,age      ] GC(112) - age   2:        376 bytes,    1139080 total
[2023-06-20T07:53:28.142+0000][70][gc,age      ] GC(112) - age   3:      10696 bytes,    1149776 total
[2023-06-20T07:53:28.143+0000][70][gc,age      ] GC(112) - age   4:       1472 bytes,    1151248 total
[2023-06-20T07:53:28.143+0000][70][gc,age      ] GC(112) - age   5:       1952 bytes,    1153200 total
[2023-06-20T07:53:28.144+0000][70][gc,age      ] GC(112) - age   6:      14648 bytes,    1167848 total
[2023-06-20T07:53:28.144+0000][70][gc,age      ] GC(112) - age   7:       2528 bytes,    1170376 total
[2023-06-20T07:53:28.145+0000][70][gc,age      ] GC(112) - age   8:     133488 bytes,    1303864 total
[2023-06-20T07:53:28.146+0000][70][gc,age      ] GC(112) - age   9:     214064 bytes,    1517928 total
[2023-06-20T07:53:28.146+0000][70][gc,age      ] GC(112) - age  10:        648 bytes,    1518576 total
[2023-06-20T07:53:28.146+0000][70][gc,age      ] GC(112) - age  11:       2616 bytes,    1521192 total
[2023-06-20T07:53:28.147+0000][70][gc,age      ] GC(112) - age  12:      15408 bytes,    1536600 total
[2023-06-20T07:53:28.147+0000][70][gc,age      ] GC(112) - age  13:       2312 bytes,    1538912 total
[2023-06-20T07:53:28.148+0000][70][gc,age      ] GC(112) - age  14:       8648 bytes,    1547560 total
[2023-06-20T07:53:28.148+0000][70][gc,age      ] GC(112) - age  15:      85048 bytes,    1632608 total
[2023-06-20T07:53:28.149+0000][70][gc,heap     ] GC(112) Eden regions: 17->0(17)
[2023-06-20T07:53:28.149+0000][70][gc,heap     ] GC(112) Survivor regions: 1->1(3)
[2023-06-20T07:53:28.149+0000][70][gc,heap     ] GC(112) Old regions: 31->31
[2023-06-20T07:53:28.150+0000][70][gc,heap     ] GC(112) Archive regions: 2->2
[2023-06-20T07:53:28.150+0000][70][gc,heap     ] GC(112) Humongous regions: 2->2
[2023-06-20T07:53:28.151+0000][70][gc,metaspace] GC(112) Metaspace: 135522K(138944K)->135522K(138944K) NonClass: 118132K(119424K)->118132K(119424K) Class: 17390K(19520K)->17390K(19520K)
[2023-06-20T07:53:28.151+0000][70][gc          ] GC(112) Pause Young (Normal) (G1 Evacuation Pause) 204M->136M(256M) 17.940ms
[2023-06-20T07:53:28.152+0000][70][gc,cpu      ] GC(112) User=0.01s Sys=0.00s Real=0.02s
[2023-06-20T07:53:28.152+0000][70][safepoint   ] Safepoint "G1CollectForAllocation", Time since last: 4981531367 ns, Reaching safepoint: 90273 ns, At safepoint: 19137406 ns, Total: 19227679 ns
[2023-06-20T07:53:30.154+0000][70][safepoint   ] Safepoint "Cleanup", Time since last: 2001478632 ns, Reaching safepoint: 489605 ns, At safepoint: 15891 ns, Total: 505496 ns
[2023-06-20T07:53:32.157+0000][70][safepoint   ] Safepoint "Cleanup", Time since last: 2003007362 ns, Reaching safepoint: 125347 ns, At safepoint: 21161 ns, Total: 146508 ns
[2023-06-20T07:53:33.160+0000][70][safepoint   ] Safepoint "Cleanup", Time since last: 1001486084 ns, Reaching safepoint: 971929 ns, At safepoint: 279892 ns, Total: 1251821 ns
[2023-06-20T07:53:34.165+0000][70][safepoint   ] Safepoint "Cleanup", Time since last: 1004294106 ns, Reaching safepoint: 363618 ns, At safepoint: 13764 ns, Total: 377382 ns
[2023-06-20T07:53:38.173+0000][70][safepoint   ] Safepoint "Cleanup", Time since last: 4008084346 ns, Reaching safepoint: 235213 ns, At safepoint: 25131 ns, Total: 260344 ns
[2023-06-20T07:53:40.189+0000][70][safepoint   ] Safepoint "Cleanup", Time since last: 2015753312 ns, Reaching safepoint: 83013 ns, At safepoint: 2362 ns, Total: 85375 ns
[2023-06-20T07:53:41.194+0000][70][safepoint   ] Safepoint "Cleanup", Time since last: 1004900447 ns, Reaching safepoint: 80795 ns, At safepoint: 4061 ns, Total: 84856 ns
[2023-06-20T07:53:44.175+0000][70][safepoint   ] Safepoint "Cleanup", Time since last: 3003425202 ns, Reaching safepoint: 70869 ns, At safepoint: 34362 ns, Total: 105231 ns
[2023-06-20T07:53:46.177+0000][70][safepoint   ] Safepoint "Cleanup", Time since last: 2001855379 ns, Reaching safepoint: 294082 ns, At safepoint: 10614 ns, Total: 304696 ns
[2023-06-20T07:53:50.111+0000][70][gc,start    ] GC(113) Pause Young (Normal) (G1 Evacuation Pause)
[2023-06-20T07:53:50.112+0000][70][gc,task     ] GC(113) Using 4 workers of 4 for evacuation
[2023-06-20T07:53:50.113+0000][70][gc,age      ] GC(113) Desired survivor size 6291456 bytes, new threshold 15 (max threshold 15)
[2023-06-20T07:53:50.118+0000][70][gc,phases   ] GC(113)   Pre Evacuate Collection Set: 0.1ms
[2023-06-20T07:53:50.118+0000][70][gc,phases   ] GC(113)   Merge Heap Roots: 0.1ms
[2023-06-20T07:53:50.119+0000][70][gc,phases   ] GC(113)   Evacuate Collection Set: 3.1ms
[2023-06-20T07:53:50.119+0000][70][gc,phases   ] GC(113)   Post Evacuate Collection Set: 0.8ms
[2023-06-20T07:53:50.120+0000][70][gc,phases   ] GC(113)   Other: 1.3ms
[2023-06-20T07:53:50.120+0000][70][gc,age      ] GC(113) Age table with threshold 15 (max threshold 15)
[2023-06-20T07:53:50.121+0000][70][gc,age      ] GC(113) - age   1:     916992 bytes,     916992 total
[2023-06-20T07:53:50.121+0000][70][gc,age      ] GC(113) - age   2:     400656 bytes,    1317648 total
[2023-06-20T07:53:50.122+0000][70][gc,age      ] GC(113) - age   3:        312 bytes,    1317960 total
[2023-06-20T07:53:50.122+0000][70][gc,age      ] GC(113) - age   4:      10312 bytes,    1328272 total
[2023-06-20T07:53:50.123+0000][70][gc,age      ] GC(113) - age   5:       1376 bytes,    1329648 total
[2023-06-20T07:53:50.123+0000][70][gc,age      ] GC(113) - age   6:       1888 bytes,    1331536 total
[2023-06-20T07:53:50.124+0000][70][gc,age      ] GC(113) - age   7:      14584 bytes,    1346120 total
[2023-06-20T07:53:50.125+0000][70][gc,age      ] GC(113) - age   8:       2232 bytes,    1348352 total
[2023-06-20T07:53:50.125+0000][70][gc,age      ] GC(113) - age   9:     133256 bytes,    1481608 total
[2023-06-20T07:53:50.126+0000][70][gc,age      ] GC(113) - age  10:     162824 bytes,    1644432 total
[2023-06-20T07:53:50.126+0000][70][gc,age      ] GC(113) - age  11:        648 bytes,    1645080 total
[2023-06-20T07:53:50.127+0000][70][gc,age      ] GC(113) - age  12:       2616 bytes,    1647696 total
[2023-06-20T07:53:50.127+0000][70][gc,age      ] GC(113) - age  13:      15408 bytes,    1663104 total
[2023-06-20T07:53:50.128+0000][70][gc,age      ] GC(113) - age  14:       2312 bytes,    1665416 total
[2023-06-20T07:53:50.129+0000][70][gc,age      ] GC(113) - age  15:       8648 bytes,    1674064 total
[2023-06-20T07:53:50.130+0000][70][gc,heap     ] GC(113) Eden regions: 17->0(17)
[2023-06-20T07:53:50.130+0000][70][gc,heap     ] GC(113) Survivor regions: 1->1(3)
[2023-06-20T07:53:50.131+0000][70][gc,heap     ] GC(113) Old regions: 31->31
[2023-06-20T07:53:50.131+0000][70][gc,heap     ] GC(113) Archive regions: 2->2
[2023-06-20T07:53:50.132+0000][70][gc,heap     ] GC(113) Humongous regions: 2->2
[2023-06-20T07:53:50.133+0000][70][gc,metaspace] GC(113) Metaspace: 135540K(138944K)->135540K(138944K) NonClass: 118149K(119424K)->118149K(119424K) Class: 17390K(19520K)->17390K(19520K)
[2023-06-20T07:53:50.133+0000][70][gc          ] GC(113) Pause Young (Normal) (G1 Evacuation Pause) 204M->136M(256M) 22.093ms
[2023-06-20T07:53:50.134+0000][70][gc,cpu      ] GC(113) User=0.02s Sys=0.00s Real=0.02s
[2023-06-20T07:53:50.135+0000][70][safepoint   ] Safepoint "G1CollectForAllocation", Time since last: 3933765870 ns, Reaching safepoint: 60327 ns, At safepoint: 23489156 ns, Total: 23549483 ns
[2023-06-20T07:53:51.136+0000][70][safepoint   ] Safepoint "Cleanup", Time since last: 1000840176 ns, Reaching safepoint: 255901 ns, At safepoint: 3533 ns, Total: 259434 ns
[2023-06-20T07:53:57.334+0000][70][safepoint   ] Safepoint "Cleanup", Time since last: 6198467856 ns, Reaching safepoint: 215731 ns, At safepoint: 13449 ns, Total: 229180 ns
[2023-06-20T07:53:58.339+0000][70][safepoint   ] Safepoint "Cleanup", Time since last: 1004436383 ns, Reaching safepoint: 166261 ns, At safepoint: 8304 ns, Total: 174565 ns
[2023-06-20T07:54:00.342+0000][70][safepoint   ] Safepoint "Cleanup", Time since last: 2002825041 ns, Reaching safepoint: 399169 ns, At safepoint: 98719 ns, Total: 497888 ns
[2023-06-20T07:54:03.346+0000][70][safepoint   ] Safepoint "Cleanup", Time since last: 3003200054 ns, Reaching safepoint: 285173 ns, At safepoint: 22020 ns, Total: 307193 ns
[2023-06-20T07:54:04.350+0000][70][safepoint   ] Safepoint "Cleanup", Time since last: 1003506404 ns, Reaching safepoint: 674524 ns, At safepoint: 12218 ns, Total: 686742 ns
[2023-06-20T07:54:05.359+0000][70][safepoint   ] Safepoint "Cleanup", Time since last: 1008419957 ns, Reaching safepoint: 147320 ns, At safepoint: 123747 ns, Total: 271067 ns
[2023-06-20T07:54:08.707+0000][70][gc,start    ] GC(114) Pause Young (Concurrent Start) (G1 Evacuation Pause)
[2023-06-20T07:54:08.709+0000][70][gc,task     ] GC(114) Using 4 workers of 4 for evacuation
[2023-06-20T07:54:08.710+0000][70][gc,age      ] GC(114) Desired survivor size 6291456 bytes, new threshold 15 (max threshold 15)
[2023-06-20T07:54:08.718+0000][70][gc,phases   ] GC(114)   Pre Evacuate Collection Set: 0.6ms
[2023-06-20T07:54:08.719+0000][70][gc,phases   ] GC(114)   Merge Heap Roots: 0.1ms
[2023-06-20T07:54:08.719+0000][70][gc,phases   ] GC(114)   Evacuate Collection Set: 5.0ms
[2023-06-20T07:54:08.720+0000][70][gc,phases   ] GC(114)   Post Evacuate Collection Set: 1.0ms
[2023-06-20T07:54:08.721+0000][70][gc,phases   ] GC(114)   Other: 1.9ms
[2023-06-20T07:54:08.721+0000][70][gc,age      ] GC(114) Age table with threshold 15 (max threshold 15)
[2023-06-20T07:54:08.725+0000][70][gc,age      ] GC(114) - age   1:    1371192 bytes,    1371192 total
[2023-06-20T07:54:08.725+0000][70][gc,age      ] GC(114) - age   2:     357248 bytes,    1728440 total
[2023-06-20T07:54:08.726+0000][70][gc,age      ] GC(114) - age   3:     391432 bytes,    2119872 total
[2023-06-20T07:54:08.727+0000][70][gc,age      ] GC(114) - age   5:       9976 bytes,    2129848 total
[2023-06-20T07:54:08.727+0000][70][gc,age      ] GC(114) - age   6:       1248 bytes,    2131096 total
[2023-06-20T07:54:08.728+0000][70][gc,age      ] GC(114) - age   7:       1760 bytes,    2132856 total
[2023-06-20T07:54:08.728+0000][70][gc,age      ] GC(114) - age   8:      14456 bytes,    2147312 total
[2023-06-20T07:54:08.729+0000][70][gc,age      ] GC(114) - age   9:       2232 bytes,    2149544 total
[2023-06-20T07:54:08.730+0000][70][gc,age      ] GC(114) - age  10:     133256 bytes,    2282800 total
[2023-06-20T07:54:08.730+0000][70][gc,age      ] GC(114) - age  11:     162760 bytes,    2445560 total
[2023-06-20T07:54:08.731+0000][70][gc,age      ] GC(114) - age  12:        584 bytes,    2446144 total
[2023-06-20T07:54:08.731+0000][70][gc,age      ] GC(114) - age  13:       2616 bytes,    2448760 total
[2023-06-20T07:54:08.732+0000][70][gc,age      ] GC(114) - age  14:      15408 bytes,    2464168 total
[2023-06-20T07:54:08.732+0000][70][gc,age      ] GC(114) - age  15:       2312 bytes,    2466480 total
[2023-06-20T07:54:08.733+0000][70][gc,heap     ] GC(114) Eden regions: 17->0(17)
[2023-06-20T07:54:08.733+0000][70][gc,heap     ] GC(114) Survivor regions: 1->1(3)
[2023-06-20T07:54:08.734+0000][70][gc,heap     ] GC(114) Old regions: 31->31
[2023-06-20T07:54:08.734+0000][70][gc,heap     ] GC(114) Archive regions: 2->2
[2023-06-20T07:54:08.735+0000][70][gc,heap     ] GC(114) Humongous regions: 2->2
[2023-06-20T07:54:08.735+0000][70][gc,metaspace] GC(114) Metaspace: 135576K(139008K)->135576K(139008K) NonClass: 118186K(119488K)->118186K(119488K) Class: 17390K(19520K)->17390K(19520K)
[2023-06-20T07:54:08.736+0000][70][gc          ] GC(114) Pause Young (Concurrent Start) (G1 Evacuation Pause) 204M->137M(256M) 28.581ms
[2023-06-20T07:54:08.736+0000][70][gc          ] GC(115) Concurrent Mark Cycle
[2023-06-20T07:54:08.737+0000][70][gc,marking  ] GC(115) Concurrent Clear Claimed Marks
[2023-06-20T07:54:08.736+0000][70][gc,cpu      ] GC(114) User=0.02s Sys=0.00s Real=0.03s
[2023-06-20T07:54:08.738+0000][70][safepoint   ] Safepoint "G1CollectForAllocation", Time since last: 3348086814 ns, Reaching safepoint: 102226 ns, At safepoint: 30670332 ns, Total: 30772558 ns
[2023-06-20T07:54:08.737+0000][70][gc,marking  ] GC(115) Concurrent Clear Claimed Marks 0.645ms
[2023-06-20T07:54:08.742+0000][70][gc,marking  ] GC(115) Concurrent Scan Root Regions
[2023-06-20T07:54:08.747+0000][70][gc,marking  ] GC(115) Concurrent Scan Root Regions 5.132ms
[2023-06-20T07:54:08.747+0000][70][gc,marking  ] GC(115) Concurrent Mark
[2023-06-20T07:54:08.748+0000][70][gc,marking  ] GC(115) Concurrent Mark From Roots
[2023-06-20T07:54:08.748+0000][70][gc,task     ] GC(115) Using 1 workers of 1 for marking
[2023-06-20T07:54:08.973+0000][70][gc,marking  ] GC(115) Concurrent Mark From Roots 225.468ms
[2023-06-20T07:54:08.974+0000][70][gc,marking  ] GC(115) Concurrent Preclean
[2023-06-20T07:54:08.975+0000][70][gc,marking  ] GC(115) Concurrent Preclean 1.221ms
[2023-06-20T07:54:08.976+0000][70][gc,start    ] GC(115) Pause Remark
[2023-06-20T07:54:08.992+0000][70][gc          ] GC(115) Pause Remark 144M->144M(256M) 15.469ms
[2023-06-20T07:54:08.993+0000][70][gc,cpu      ] GC(115) User=0.04s Sys=0.00s Real=0.01s
[2023-06-20T07:54:08.994+0000][70][safepoint   ] Safepoint "G1PauseRemark", Time since last: 238444336 ns, Reaching safepoint: 87656 ns, At safepoint: 18103642 ns, Total: 18191298 ns
[2023-06-20T07:54:08.995+0000][70][gc,marking  ] GC(115) Concurrent Mark 247.877ms
[2023-06-20T07:54:08.996+0000][70][gc,marking  ] GC(115) Concurrent Rebuild Remembered Sets
[2023-06-20T07:54:09.084+0000][70][gc,marking  ] GC(115) Concurrent Rebuild Remembered Sets 87.491ms
[2023-06-20T07:54:09.084+0000][70][gc,start    ] GC(115) Pause Cleanup
[2023-06-20T07:54:09.085+0000][70][gc          ] GC(115) Pause Cleanup 145M->145M(256M) 0.853ms
[2023-06-20T07:54:09.086+0000][70][gc,cpu      ] GC(115) User=0.00s Sys=0.00s Real=0.00s
[2023-06-20T07:54:09.087+0000][70][safepoint   ] Safepoint "G1PauseCleanup", Time since last: 90059872 ns, Reaching safepoint: 94657 ns, At safepoint: 2116559 ns, Total: 2211216 ns
[2023-06-20T07:54:09.087+0000][70][gc,marking  ] GC(115) Concurrent Cleanup for Next Mark
[2023-06-20T07:54:09.090+0000][70][gc,marking  ] GC(115) Concurrent Cleanup for Next Mark 2.812ms
[2023-06-20T07:54:09.092+0000][70][gc          ] GC(115) Concurrent Mark Cycle 356.011ms
[2023-06-20T07:54:12.092+0000][70][safepoint   ] Safepoint "Cleanup", Time since last: 3004323069 ns, Reaching safepoint: 705287 ns, At safepoint: 56301 ns, Total: 761588 ns
[2023-06-20T07:54:14.079+0000][70][safepoint   ] Safepoint "Cleanup", Time since last: 2008188237 ns, Reaching safepoint: 130501 ns, At safepoint: 4802 ns, Total: 135303 ns
[2023-06-20T07:54:15.082+0000][70][safepoint   ] Safepoint "Cleanup", Time since last: 1002032946 ns, Reaching safepoint: 126721 ns, At safepoint: 5347 ns, Total: 132068 ns
[2023-06-20T07:54:16.083+0000][70][safepoint   ] Safepoint "Cleanup", Time since last: 1001541575 ns, Reaching safepoint: 224461 ns, At safepoint: 13054 ns, Total: 237515 ns
[2023-06-20T07:54:18.087+0000][70][safepoint   ] Safepoint "Cleanup", Time since last: 2003462661 ns, Reaching safepoint: 227289 ns, At safepoint: 15026 ns, Total: 242315 ns
[2023-06-20T07:54:21.091+0000][70][safepoint   ] Safepoint "Cleanup", Time since last: 3003527727 ns, Reaching safepoint: 499460 ns, At safepoint: 30270 ns, Total: 529730 ns
[2023-06-20T07:54:23.096+0000][70][safepoint   ] Safepoint "Cleanup", Time since last: 2005150934 ns, Reaching safepoint: 139058 ns, At safepoint: 5398 ns, Total: 144456 ns
[2023-06-20T07:54:27.100+0000][70][safepoint   ] Safepoint "Cleanup", Time since last: 4003887543 ns, Reaching safepoint: 168326 ns, At safepoint: 17722 ns, Total: 186048 ns
[2023-06-20T07:54:32.365+0000][70][gc,start    ] GC(116) Pause Young (Normal) (G1 Evacuation Pause)
[2023-06-20T07:54:32.365+0000][70][gc,task     ] GC(116) Using 4 workers of 4 for evacuation
[2023-06-20T07:54:32.366+0000][70][gc,age      ] GC(116) Desired survivor size 6291456 bytes, new threshold 15 (max threshold 15)
[2023-06-20T07:54:32.369+0000][70][gc,phases   ] GC(116)   Pre Evacuate Collection Set: 0.1ms
[2023-06-20T07:54:32.370+0000][70][gc,phases   ] GC(116)   Merge Heap Roots: 0.0ms
[2023-06-20T07:54:32.371+0000][70][gc,phases   ] GC(116)   Evacuate Collection Set: 2.4ms
[2023-06-20T07:54:32.371+0000][70][gc,phases   ] GC(116)   Post Evacuate Collection Set: 0.8ms
[2023-06-20T07:54:32.372+0000][70][gc,phases   ] GC(116)   Other: 1.0ms
[2023-06-20T07:54:32.372+0000][70][gc,age      ] GC(116) Age table with threshold 15 (max threshold 15)
[2023-06-20T07:54:32.372+0000][70][gc,age      ] GC(116) - age   1:    1356880 bytes,    1356880 total
[2023-06-20T07:54:32.373+0000][70][gc,age      ] GC(116) - age   2:      38800 bytes,    1395680 total
[2023-06-20T07:54:32.373+0000][70][gc,age      ] GC(116) - age   3:      11080 bytes,    1406760 total
[2023-06-20T07:54:32.374+0000][70][gc,age      ] GC(116) - age   4:     383272 bytes,    1790032 total
[2023-06-20T07:54:32.374+0000][70][gc,age      ] GC(116) - age   6:       9976 bytes,    1800008 total
[2023-06-20T07:54:32.374+0000][70][gc,age      ] GC(116) - age   7:       1120 bytes,    1801128 total
[2023-06-20T07:54:32.375+0000][70][gc,age      ] GC(116) - age   8:       1696 bytes,    1802824 total
[2023-06-20T07:54:32.375+0000][70][gc,age      ] GC(116) - age   9:      14456 bytes,    1817280 total
[2023-06-20T07:54:32.376+0000][70][gc,age      ] GC(116) - age  10:       2232 bytes,    1819512 total
[2023-06-20T07:54:32.376+0000][70][gc,age      ] GC(116) - age  11:     130632 bytes,    1950144 total
[2023-06-20T07:54:32.377+0000][70][gc,age      ] GC(116) - age  12:     162760 bytes,    2112904 total
[2023-06-20T07:54:32.377+0000][70][gc,age      ] GC(116) - age  13:        584 bytes,    2113488 total
[2023-06-20T07:54:32.378+0000][70][gc,age      ] GC(116) - age  14:       2616 bytes,    2116104 total
[2023-06-20T07:54:32.378+0000][70][gc,age      ] GC(116) - age  15:      15408 bytes,    2131512 total
[2023-06-20T07:54:32.378+0000][70][gc,heap     ] GC(116) Eden regions: 17->0(17)
[2023-06-20T07:54:32.379+0000][70][gc,heap     ] GC(116) Survivor regions: 1->1(3)
[2023-06-20T07:54:32.379+0000][70][gc,heap     ] GC(116) Old regions: 31->31
[2023-06-20T07:54:32.380+0000][70][gc,heap     ] GC(116) Archive regions: 2->2
[2023-06-20T07:54:32.380+0000][70][gc,heap     ] GC(116) Humongous regions: 2->2
[2023-06-20T07:54:32.381+0000][70][gc,metaspace] GC(116) Metaspace: 135658K(139072K)->135658K(139072K) NonClass: 118268K(119552K)->118268K(119552K) Class: 17390K(19520K)->17390K(19520K)
[2023-06-20T07:54:32.382+0000][70][gc          ] GC(116) Pause Young (Normal) (G1 Evacuation Pause) 205M->136M(256M) 17.042ms
[2023-06-20T07:54:32.382+0000][70][gc,cpu      ] GC(116) User=0.01s Sys=0.00s Real=0.01s
[2023-06-20T07:54:32.383+0000][70][safepoint   ] Safepoint "G1CollectForAllocation", Time since last: 5264118403 ns, Reaching safepoint: 63895 ns, At safepoint: 18041754 ns, Total: 18105649 ns
[2023-06-20T07:54:33.384+0000][70][safepoint   ] Safepoint "Cleanup", Time since last: 1000973911 ns, Reaching safepoint: 296260 ns, At safepoint: 31115 ns, Total: 327375 ns
[2023-06-20T07:54:34.386+0000][70][safepoint   ] Safepoint "Cleanup", Time since last: 1001319244 ns, Reaching safepoint: 930286 ns, At safepoint: 135382 ns, Total: 1065668 ns
[2023-06-20T07:54:40.394+0000][70][safepoint   ] Safepoint "Cleanup", Time since last: 6007204590 ns, Reaching safepoint: 801113 ns, At safepoint: 17358 ns, Total: 818471 ns
[2023-06-20T07:54:44.377+0000][70][safepoint   ] Safepoint "Cleanup", Time since last: 4005043088 ns, Reaching safepoint: 89738 ns, At safepoint: 26756 ns, Total: 116494 ns
[2023-06-20T07:54:46.379+0000][70][safepoint   ] Safepoint "Cleanup", Time since last: 2001852721 ns, Reaching safepoint: 221657 ns, At safepoint: 8902 ns, Total: 230559 ns
[2023-06-20T07:54:50.383+0000][70][safepoint   ] Safepoint "Cleanup", Time since last: 4003504846 ns, Reaching safepoint: 142060 ns, At safepoint: 4247 ns, Total: 146307 ns
[2023-06-20T07:54:51.278+0000][70][gc,start    ] GC(117) Pause Young (Concurrent Start) (G1 Evacuation Pause)
[2023-06-20T07:54:51.278+0000][70][gc,task     ] GC(117) Using 4 workers of 4 for evacuation
[2023-06-20T07:54:51.279+0000][70][gc,age      ] GC(117) Desired survivor size 6291456 bytes, new threshold 15 (max threshold 15)
[2023-06-20T07:54:51.285+0000][70][gc,phases   ] GC(117)   Pre Evacuate Collection Set: 0.4ms
[2023-06-20T07:54:51.286+0000][70][gc,phases   ] GC(117)   Merge Heap Roots: 0.2ms
[2023-06-20T07:54:51.286+0000][70][gc,phases   ] GC(117)   Evacuate Collection Set: 2.9ms
[2023-06-20T07:54:51.287+0000][70][gc,phases   ] GC(117)   Post Evacuate Collection Set: 1.2ms
[2023-06-20T07:54:51.288+0000][70][gc,phases   ] GC(117)   Other: 1.7ms
[2023-06-20T07:54:51.288+0000][70][gc,age      ] GC(117) Age table with threshold 15 (max threshold 15)
[2023-06-20T07:54:51.289+0000][70][gc,age      ] GC(117) - age   1:    1354432 bytes,    1354432 total
[2023-06-20T07:54:51.290+0000][70][gc,age      ] GC(117) - age   2:       3176 bytes,    1357608 total
[2023-06-20T07:54:51.291+0000][70][gc,age      ] GC(117) - age   3:      37336 bytes,    1394944 total
[2023-06-20T07:54:51.292+0000][70][gc,age      ] GC(117) - age   4:      10464 bytes,    1405408 total
[2023-06-20T07:54:51.292+0000][70][gc,age      ] GC(117) - age   5:     383272 bytes,    1788680 total
[2023-06-20T07:54:51.293+0000][70][gc,age      ] GC(117) - age   7:       9912 bytes,    1798592 total
[2023-06-20T07:54:51.293+0000][70][gc,age      ] GC(117) - age   8:       1120 bytes,    1799712 total
[2023-06-20T07:54:51.294+0000][70][gc,age      ] GC(117) - age   9:       1696 bytes,    1801408 total
[2023-06-20T07:54:51.294+0000][70][gc,age      ] GC(117) - age  10:      14456 bytes,    1815864 total
[2023-06-20T07:54:51.294+0000][70][gc,age      ] GC(117) - age  11:       2232 bytes,    1818096 total
[2023-06-20T07:54:51.295+0000][70][gc,age      ] GC(117) - age  12:     130632 bytes,    1948728 total
[2023-06-20T07:54:51.295+0000][70][gc,age      ] GC(117) - age  13:     162760 bytes,    2111488 total
[2023-06-20T07:54:51.296+0000][70][gc,age      ] GC(117) - age  14:        584 bytes,    2112072 total
[2023-06-20T07:54:51.296+0000][70][gc,age      ] GC(117) - age  15:       2616 bytes,    2114688 total
[2023-06-20T07:54:51.297+0000][70][gc,heap     ] GC(117) Eden regions: 17->0(17)
[2023-06-20T07:54:51.298+0000][70][gc,heap     ] GC(117) Survivor regions: 1->1(3)
[2023-06-20T07:54:51.298+0000][70][gc,heap     ] GC(117) Old regions: 31->31
[2023-06-20T07:54:51.299+0000][70][gc,heap     ] GC(117) Archive regions: 2->2
[2023-06-20T07:54:51.300+0000][70][gc,heap     ] GC(117) Humongous regions: 2->2
[2023-06-20T07:54:51.300+0000][70][gc,metaspace] GC(117) Metaspace: 135695K(139072K)->135695K(139072K) NonClass: 118305K(119552K)->118305K(119552K) Class: 17390K(19520K)->17390K(19520K)
[2023-06-20T07:54:51.301+0000][70][gc          ] GC(117) Pause Young (Concurrent Start) (G1 Evacuation Pause) 204M->136M(256M) 22.814ms
[2023-06-20T07:54:51.301+0000][70][gc,cpu      ] GC(117) User=0.01s Sys=0.01s Real=0.02s
[2023-06-20T07:54:51.301+0000][70][gc          ] GC(118) Concurrent Mark Cycle
[2023-06-20T07:54:51.302+0000][70][safepoint   ] Safepoint "G1CollectForAllocation", Time since last: 894996302 ns, Reaching safepoint: 47601 ns, At safepoint: 24146311 ns, Total: 24193912 ns
[2023-06-20T07:54:51.302+0000][70][gc,marking  ] GC(118) Concurrent Clear Claimed Marks
[2023-06-20T07:54:51.304+0000][70][gc,marking  ] GC(118) Concurrent Clear Claimed Marks 1.370ms
[2023-06-20T07:54:51.304+0000][70][gc,marking  ] GC(118) Concurrent Scan Root Regions
[2023-06-20T07:54:51.307+0000][70][gc,marking  ] GC(118) Concurrent Scan Root Regions 2.751ms
[2023-06-20T07:54:51.307+0000][70][gc,marking  ] GC(118) Concurrent Mark
[2023-06-20T07:54:51.308+0000][70][gc,marking  ] GC(118) Concurrent Mark From Roots
[2023-06-20T07:54:51.309+0000][70][gc,task     ] GC(118) Using 1 workers of 1 for marking
[2023-06-20T07:54:51.482+0000][70][gc,marking  ] GC(118) Concurrent Mark From Roots 173.647ms
[2023-06-20T07:54:51.482+0000][70][gc,marking  ] GC(118) Concurrent Preclean
[2023-06-20T07:54:51.483+0000][70][gc,marking  ] GC(118) Concurrent Preclean 1.133ms
[2023-06-20T07:54:51.485+0000][70][gc,start    ] GC(118) Pause Remark
[2023-06-20T07:54:51.494+0000][70][gc          ] GC(118) Pause Remark 139M->139M(256M) 9.102ms
[2023-06-20T07:54:51.494+0000][70][gc,cpu      ] GC(118) User=0.02s Sys=0.00s Real=0.01s
[2023-06-20T07:54:51.495+0000][70][safepoint   ] Safepoint "G1PauseRemark", Time since last: 182596042 ns, Reaching safepoint: 140687 ns, At safepoint: 10264515 ns, Total: 10405202 ns
[2023-06-20T07:54:51.496+0000][70][gc,marking  ] GC(118) Concurrent Mark 188.122ms
[2023-06-20T07:54:51.497+0000][70][gc,marking  ] GC(118) Concurrent Rebuild Remembered Sets
[2023-06-20T07:54:51.572+0000][70][gc,marking  ] GC(118) Concurrent Rebuild Remembered Sets 75.725ms
[2023-06-20T07:54:51.574+0000][70][gc,start    ] GC(118) Pause Cleanup
[2023-06-20T07:54:51.575+0000][70][gc          ] GC(118) Pause Cleanup 139M->139M(256M) 1.011ms
[2023-06-20T07:54:51.576+0000][70][gc,cpu      ] GC(118) User=0.00s Sys=0.00s Real=0.00s
[2023-06-20T07:54:51.576+0000][70][safepoint   ] Safepoint "G1PauseCleanup", Time since last: 78874177 ns, Reaching safepoint: 130319 ns, At safepoint: 2103346 ns, Total: 2233665 ns
[2023-06-20T07:54:51.577+0000][70][gc,marking  ] GC(118) Concurrent Cleanup for Next Mark
[2023-06-20T07:54:51.577+0000][70][gc,marking  ] GC(118) Concurrent Cleanup for Next Mark 0.809ms
[2023-06-20T07:54:51.578+0000][70][gc          ] GC(118) Concurrent Mark Cycle 276.577ms
[2023-06-20T07:54:58.582+0000][70][safepoint   ] Safepoint "Cleanup", Time since last: 7005095391 ns, Reaching safepoint: 941665 ns, At safepoint: 48930 ns, Total: 990595 ns
[2023-06-20T07:55:02.591+0000][70][safepoint   ] Safepoint "Cleanup", Time since last: 4008762267 ns, Reaching safepoint: 143862 ns, At safepoint: 4073 ns, Total: 147935 ns
[2023-06-20T07:55:03.593+0000][70][safepoint   ] Safepoint "Cleanup", Time since last: 1000928396 ns, Reaching safepoint: 741371 ns, At safepoint: 45950 ns, Total: 787321 ns
[2023-06-20T07:55:05.597+0000][70][safepoint   ] Safepoint "Cleanup", Time since last: 2003843536 ns, Reaching safepoint: 153927 ns, At safepoint: 5875 ns, Total: 159802 ns
[2023-06-20T07:55:08.479+0000][70][gc,start    ] GC(119) Pause Young (Normal) (G1 Evacuation Pause)
[2023-06-20T07:55:08.480+0000][70][gc,task     ] GC(119) Using 4 workers of 4 for evacuation
[2023-06-20T07:55:08.480+0000][70][gc,age      ] GC(119) Desired survivor size 6291456 bytes, new threshold 15 (max threshold 15)
[2023-06-20T07:55:08.485+0000][70][gc,phases   ] GC(119)   Pre Evacuate Collection Set: 0.2ms
[2023-06-20T07:55:08.486+0000][70][gc,phases   ] GC(119)   Merge Heap Roots: 0.2ms
[2023-06-20T07:55:08.487+0000][70][gc,phases   ] GC(119)   Evacuate Collection Set: 2.8ms
[2023-06-20T07:55:08.487+0000][70][gc,phases   ] GC(119)   Post Evacuate Collection Set: 0.8ms
[2023-06-20T07:55:08.487+0000][70][gc,phases   ] GC(119)   Other: 1.8ms
[2023-06-20T07:55:08.488+0000][70][gc,age      ] GC(119) Age table with threshold 15 (max threshold 15)
[2023-06-20T07:55:08.488+0000][70][gc,age      ] GC(119) - age   1:    1291792 bytes,    1291792 total
[2023-06-20T07:55:08.489+0000][70][gc,age      ] GC(119) - age   2:      11912 bytes,    1303704 total
[2023-06-20T07:55:08.489+0000][70][gc,age      ] GC(119) - age   3:       2440 bytes,    1306144 total
[2023-06-20T07:55:08.490+0000][70][gc,age      ] GC(119) - age   4:      20224 bytes,    1326368 total
[2023-06-20T07:55:08.490+0000][70][gc,age      ] GC(119) - age   5:      10464 bytes,    1336832 total
[2023-06-20T07:55:08.491+0000][70][gc,age      ] GC(119) - age   6:     280488 bytes,    1617320 total
[2023-06-20T07:55:08.491+0000][70][gc,age      ] GC(119) - age   8:       9912 bytes,    1627232 total
[2023-06-20T07:55:08.492+0000][70][gc,age      ] GC(119) - age   9:       1120 bytes,    1628352 total
[2023-06-20T07:55:08.492+0000][70][gc,age      ] GC(119) - age  10:       1696 bytes,    1630048 total
[2023-06-20T07:55:08.493+0000][70][gc,age      ] GC(119) - age  11:      14456 bytes,    1644504 total
[2023-06-20T07:55:08.493+0000][70][gc,age      ] GC(119) - age  12:       2232 bytes,    1646736 total
[2023-06-20T07:55:08.494+0000][70][gc,age      ] GC(119) - age  13:     130552 bytes,    1777288 total
[2023-06-20T07:55:08.494+0000][70][gc,age      ] GC(119) - age  14:     162760 bytes,    1940048 total
[2023-06-20T07:55:08.495+0000][70][gc,age      ] GC(119) - age  15:        584 bytes,    1940632 total
[2023-06-20T07:55:08.495+0000][70][gc,heap     ] GC(119) Eden regions: 17->0(17)
[2023-06-20T07:55:08.496+0000][70][gc,heap     ] GC(119) Survivor regions: 1->1(3)
[2023-06-20T07:55:08.496+0000][70][gc,heap     ] GC(119) Old regions: 31->31
[2023-06-20T07:55:08.497+0000][70][gc,heap     ] GC(119) Archive regions: 2->2
[2023-06-20T07:55:08.497+0000][70][gc,heap     ] GC(119) Humongous regions: 2->2
[2023-06-20T07:55:08.498+0000][70][gc,metaspace] GC(119) Metaspace: 135724K(139136K)->135724K(139136K) NonClass: 118334K(119616K)->118334K(119616K) Class: 17390K(19520K)->17390K(19520K)
[2023-06-20T07:55:08.498+0000][70][gc          ] GC(119) Pause Young (Normal) (G1 Evacuation Pause) 204M->136M(256M) 18.907ms
[2023-06-20T07:55:08.498+0000][70][gc,cpu      ] GC(119) User=0.01s Sys=0.01s Real=0.02s
[2023-06-20T07:55:08.499+0000][70][safepoint   ] Safepoint "G1CollectForAllocation", Time since last: 2882294110 ns, Reaching safepoint: 67590 ns, At safepoint: 19948289 ns, Total: 20015879 ns
[2023-06-20T07:55:09.500+0000][70][safepoint   ] Safepoint "Cleanup", Time since last: 1000754175 ns, Reaching safepoint: 123480 ns, At safepoint: 3999 ns, Total: 127479 ns
[2023-06-20T07:55:13.483+0000][70][safepoint   ] Safepoint "Cleanup", Time since last: 4004134974 ns, Reaching safepoint: 289684 ns, At safepoint: 6131 ns, Total: 295815 ns
[2023-06-20T07:55:15.485+0000][70][safepoint   ] Safepoint "Cleanup", Time since last: 2001965251 ns, Reaching safepoint: 370349 ns, At safepoint: 6214 ns, Total: 376563 ns
[2023-06-20T07:55:20.490+0000][70][safepoint   ] Safepoint "Cleanup", Time since last: 5005230761 ns, Reaching safepoint: 128711 ns, At safepoint: 4603 ns, Total: 133314 ns
[2023-06-20T07:55:21.493+0000][70][safepoint   ] Safepoint "Cleanup", Time since last: 1002434931 ns, Reaching safepoint: 226343 ns, At safepoint: 22913 ns, Total: 249256 ns
[2023-06-20T07:55:23.499+0000][70][safepoint   ] Safepoint "Cleanup", Time since last: 2005903644 ns, Reaching safepoint: 87330 ns, At safepoint: 7970 ns, Total: 95300 ns
[2023-06-20T07:55:26.504+0000][70][safepoint   ] Safepoint "Cleanup", Time since last: 3005188103 ns, Reaching safepoint: 95353 ns, At safepoint: 7938 ns, Total: 103291 ns
[2023-06-20T07:55:26.720+0000][70][gc,start    ] GC(120) Pause Young (Concurrent Start) (G1 Evacuation Pause)
[2023-06-20T07:55:26.721+0000][70][gc,task     ] GC(120) Using 4 workers of 4 for evacuation
[2023-06-20T07:55:26.722+0000][70][gc,age      ] GC(120) Desired survivor size 6291456 bytes, new threshold 15 (max threshold 15)
[2023-06-20T07:55:26.727+0000][70][gc,phases   ] GC(120)   Pre Evacuate Collection Set: 0.5ms
[2023-06-20T07:55:26.728+0000][70][gc,phases   ] GC(120)   Merge Heap Roots: 0.1ms
[2023-06-20T07:55:26.729+0000][70][gc,phases   ] GC(120)   Evacuate Collection Set: 2.5ms
[2023-06-20T07:55:26.729+0000][70][gc,phases   ] GC(120)   Post Evacuate Collection Set: 0.8ms
[2023-06-20T07:55:26.730+0000][70][gc,phases   ] GC(120)   Other: 1.7ms
[2023-06-20T07:55:26.730+0000][70][gc,age      ] GC(120) Age table with threshold 15 (max threshold 15)
[2023-06-20T07:55:26.731+0000][70][gc,age      ] GC(120) - age   1:     781840 bytes,     781840 total
[2023-06-20T07:55:26.731+0000][70][gc,age      ] GC(120) - age   2:     225416 bytes,    1007256 total
[2023-06-20T07:55:26.732+0000][70][gc,age      ] GC(120) - age   3:       1672 bytes,    1008928 total
[2023-06-20T07:55:26.732+0000][70][gc,age      ] GC(120) - age   4:       1208 bytes,    1010136 total
[2023-06-20T07:55:26.733+0000][70][gc,age      ] GC(120) - age   5:      20040 bytes,    1030176 total
[2023-06-20T07:55:26.733+0000][70][gc,age      ] GC(120) - age   6:      10232 bytes,    1040408 total
[2023-06-20T07:55:26.734+0000][70][gc,age      ] GC(120) - age   7:     279952 bytes,    1320360 total
[2023-06-20T07:55:26.734+0000][70][gc,age      ] GC(120) - age   9:       9912 bytes,    1330272 total
[2023-06-20T07:55:26.735+0000][70][gc,age      ] GC(120) - age  10:       1120 bytes,    1331392 total
[2023-06-20T07:55:26.735+0000][70][gc,age      ] GC(120) - age  11:       1696 bytes,    1333088 total
[2023-06-20T07:55:26.736+0000][70][gc,age      ] GC(120) - age  12:      14456 bytes,    1347544 total
[2023-06-20T07:55:26.736+0000][70][gc,age      ] GC(120) - age  13:       2232 bytes,    1349776 total
[2023-06-20T07:55:26.737+0000][70][gc,age      ] GC(120) - age  14:     130552 bytes,    1480328 total
[2023-06-20T07:55:26.737+0000][70][gc,age      ] GC(120) - age  15:     162760 bytes,    1643088 total
[2023-06-20T07:55:26.738+0000][70][gc,heap     ] GC(120) Eden regions: 17->0(17)
[2023-06-20T07:55:26.738+0000][70][gc,heap     ] GC(120) Survivor regions: 1->1(3)
[2023-06-20T07:55:26.739+0000][70][gc,heap     ] GC(120) Old regions: 31->31
[2023-06-20T07:55:26.739+0000][70][gc,heap     ] GC(120) Archive regions: 2->2
[2023-06-20T07:55:26.740+0000][70][gc,heap     ] GC(120) Humongous regions: 2->2
[2023-06-20T07:55:26.740+0000][70][gc,metaspace] GC(120) Metaspace: 135759K(139136K)->135759K(139136K) NonClass: 118368K(119616K)->118368K(119616K) Class: 17390K(19520K)->17390K(19520K)
[2023-06-20T07:55:26.741+0000][70][gc          ] GC(120) Pause Young (Concurrent Start) (G1 Evacuation Pause) 204M->136M(256M) 20.259ms
[2023-06-20T07:55:26.741+0000][70][gc,cpu      ] GC(120) User=0.00s Sys=0.00s Real=0.02s
[2023-06-20T07:55:26.742+0000][70][safepoint   ] Safepoint "G1CollectForAllocation", Time since last: 216074020 ns, Reaching safepoint: 145639 ns, At safepoint: 21361904 ns, Total: 21507543 ns
[2023-06-20T07:55:26.741+0000][70][gc          ] GC(121) Concurrent Mark Cycle
[2023-06-20T07:55:26.743+0000][70][gc,marking  ] GC(121) Concurrent Clear Claimed Marks
[2023-06-20T07:55:26.744+0000][70][gc,marking  ] GC(121) Concurrent Clear Claimed Marks 0.881ms
[2023-06-20T07:55:26.744+0000][70][gc,marking  ] GC(121) Concurrent Scan Root Regions
[2023-06-20T07:55:26.747+0000][70][gc,marking  ] GC(121) Concurrent Scan Root Regions 2.631ms
[2023-06-20T07:55:26.748+0000][70][gc,marking  ] GC(121) Concurrent Mark
[2023-06-20T07:55:26.749+0000][70][gc,marking  ] GC(121) Concurrent Mark From Roots
[2023-06-20T07:55:26.752+0000][70][gc,task     ] GC(121) Using 1 workers of 1 for marking
[2023-06-20T07:55:26.908+0000][70][gc,marking  ] GC(121) Concurrent Mark From Roots 158.580ms
[2023-06-20T07:55:26.909+0000][70][gc,marking  ] GC(121) Concurrent Preclean
[2023-06-20T07:55:26.910+0000][70][gc,marking  ] GC(121) Concurrent Preclean 1.067ms
[2023-06-20T07:55:26.912+0000][70][gc,start    ] GC(121) Pause Remark
[2023-06-20T07:55:26.924+0000][70][gc          ] GC(121) Pause Remark 136M->136M(256M) 12.470ms
[2023-06-20T07:55:26.925+0000][70][gc,cpu      ] GC(121) User=0.03s Sys=0.00s Real=0.01s
[2023-06-20T07:55:26.926+0000][70][safepoint   ] Safepoint "G1PauseRemark", Time since last: 169665254 ns, Reaching safepoint: 217775 ns, At safepoint: 14322407 ns, Total: 14540182 ns
[2023-06-20T07:55:26.927+0000][70][gc,marking  ] GC(121) Concurrent Mark 178.545ms
[2023-06-20T07:55:26.928+0000][70][gc,marking  ] GC(121) Concurrent Rebuild Remembered Sets
[2023-06-20T07:55:27.005+0000][70][gc,marking  ] GC(121) Concurrent Rebuild Remembered Sets 77.018ms
[2023-06-20T07:55:27.006+0000][70][gc,start    ] GC(121) Pause Cleanup
[2023-06-20T07:55:27.007+0000][70][gc          ] GC(121) Pause Cleanup 136M->136M(256M) 0.706ms
[2023-06-20T07:55:27.008+0000][70][gc,cpu      ] GC(121) User=0.00s Sys=0.00s Real=0.00s
[2023-06-20T07:55:27.008+0000][70][safepoint   ] Safepoint "G1PauseCleanup", Time since last: 80027358 ns, Reaching safepoint: 72166 ns, At safepoint: 2244950 ns, Total: 2317116 ns
[2023-06-20T07:55:27.009+0000][70][gc,marking  ] GC(121) Concurrent Cleanup for Next Mark
[2023-06-20T07:55:27.010+0000][70][gc,marking  ] GC(121) Concurrent Cleanup for Next Mark 0.716ms
[2023-06-20T07:55:27.010+0000][70][gc          ] GC(121) Concurrent Mark Cycle 268.891ms
[2023-06-20T07:55:28.010+0000][70][safepoint   ] Safepoint "Cleanup", Time since last: 1001087701 ns, Reaching safepoint: 532147 ns, At safepoint: 15327 ns, Total: 547474 ns
[2023-06-20T07:55:39.019+0000][70][safepoint   ] Safepoint "Cleanup", Time since last: 11008997076 ns, Reaching safepoint: 171667 ns, At safepoint: 12685 ns, Total: 184352 ns
[2023-06-20T07:55:41.023+0000][70][safepoint   ] Safepoint "Cleanup", Time since last: 2002975278 ns, Reaching safepoint: 646566 ns, At safepoint: 51349 ns, Total: 697915 ns
[2023-06-20T07:55:44.008+0000][70][safepoint   ] Safepoint "Cleanup", Time since last: 3006833819 ns, Reaching safepoint: 641045 ns, At safepoint: 15764 ns, Total: 656809 ns
[2023-06-20T07:55:45.013+0000][70][safepoint   ] Safepoint "Cleanup", Time since last: 1003357381 ns, Reaching safepoint: 717771 ns, At safepoint: 16253 ns, Total: 734024 ns
[2023-06-20T07:55:46.016+0000][70][safepoint   ] Safepoint "Cleanup", Time since last: 1003338539 ns, Reaching safepoint: 453193 ns, At safepoint: 29461 ns, Total: 482654 ns
[2023-06-20T07:55:47.020+0000][70][safepoint   ] Safepoint "Cleanup", Time since last: 1003017553 ns, Reaching safepoint: 508282 ns, At safepoint: 11456 ns, Total: 519738 ns
[2023-06-20T07:55:50.026+0000][70][safepoint   ] Safepoint "Cleanup", Time since last: 3004869451 ns, Reaching safepoint: 943117 ns, At safepoint: 45689 ns, Total: 988806 ns
[2023-06-20T07:55:50.312+0000][70][gc,start    ] GC(122) Pause Young (Normal) (G1 Evacuation Pause)
[2023-06-20T07:55:50.314+0000][70][gc,task     ] GC(122) Using 4 workers of 4 for evacuation
[2023-06-20T07:55:50.317+0000][70][gc,age      ] GC(122) Desired survivor size 6291456 bytes, new threshold 15 (max threshold 15)
[2023-06-20T07:55:50.323+0000][70][gc,phases   ] GC(122)   Pre Evacuate Collection Set: 0.1ms
[2023-06-20T07:55:50.324+0000][70][gc,phases   ] GC(122)   Merge Heap Roots: 0.2ms
[2023-06-20T07:55:50.325+0000][70][gc,phases   ] GC(122)   Evacuate Collection Set: 2.8ms
[2023-06-20T07:55:50.326+0000][70][gc,phases   ] GC(122)   Post Evacuate Collection Set: 1.7ms
[2023-06-20T07:55:50.327+0000][70][gc,phases   ] GC(122)   Other: 3.9ms
[2023-06-20T07:55:50.327+0000][70][gc,age      ] GC(122) Age table with threshold 15 (max threshold 15)
[2023-06-20T07:55:50.328+0000][70][gc,age      ] GC(122) - age   1:     255168 bytes,     255168 total
[2023-06-20T07:55:50.330+0000][70][gc,age      ] GC(122) - age   2:       4392 bytes,     259560 total
[2023-06-20T07:55:50.331+0000][70][gc,age      ] GC(122) - age   3:     224728 bytes,     484288 total
[2023-06-20T07:55:50.331+0000][70][gc,age      ] GC(122) - age   4:       1312 bytes,     485600 total
[2023-06-20T07:55:50.332+0000][70][gc,age      ] GC(122) - age   5:       1112 bytes,     486712 total
[2023-06-20T07:55:50.333+0000][70][gc,age      ] GC(122) - age   6:      19976 bytes,     506688 total
[2023-06-20T07:55:50.334+0000][70][gc,age      ] GC(122) - age   7:      10232 bytes,     516920 total
[2023-06-20T07:55:50.334+0000][70][gc,age      ] GC(122) - age   8:     279952 bytes,     796872 total
[2023-06-20T07:55:50.335+0000][70][gc,age      ] GC(122) - age  10:       9888 bytes,     806760 total
[2023-06-20T07:55:50.335+0000][70][gc,age      ] GC(122) - age  11:       1120 bytes,     807880 total
[2023-06-20T07:55:50.336+0000][70][gc,age      ] GC(122) - age  12:       1696 bytes,     809576 total
[2023-06-20T07:55:50.337+0000][70][gc,age      ] GC(122) - age  13:      14456 bytes,     824032 total
[2023-06-20T07:55:50.337+0000][70][gc,age      ] GC(122) - age  14:       2232 bytes,     826264 total
[2023-06-20T07:55:50.338+0000][70][gc,age      ] GC(122) - age  15:     130552 bytes,     956816 total
[2023-06-20T07:55:50.339+0000][70][gc,heap     ] GC(122) Eden regions: 17->0(17)
[2023-06-20T07:55:50.339+0000][70][gc,heap     ] GC(122) Survivor regions: 1->1(3)
[2023-06-20T07:55:50.340+0000][70][gc,heap     ] GC(122) Old regions: 31->31
[2023-06-20T07:55:50.341+0000][70][gc,heap     ] GC(122) Archive regions: 2->2
[2023-06-20T07:55:50.341+0000][70][gc,heap     ] GC(122) Humongous regions: 2->2
[2023-06-20T07:55:50.342+0000][70][gc,metaspace] GC(122) Metaspace: 135779K(139136K)->135779K(139136K) NonClass: 118388K(119616K)->118388K(119616K) Class: 17390K(19520K)->17390K(19520K)
[2023-06-20T07:55:50.343+0000][70][gc          ] GC(122) Pause Young (Normal) (G1 Evacuation Pause) 204M->135M(256M) 30.337ms
[2023-06-20T07:55:50.343+0000][70][gc,cpu      ] GC(122) User=0.01s Sys=0.00s Real=0.03s
[2023-06-20T07:55:50.344+0000][70][safepoint   ] Safepoint "G1CollectForAllocation", Time since last: 286228041 ns, Reaching safepoint: 199353 ns, At safepoint: 31668573 ns, Total: 31867926 ns
[2023-06-20T07:55:51.349+0000][70][safepoint   ] Safepoint "Cleanup", Time since last: 1005043151 ns, Reaching safepoint: 275049 ns, At safepoint: 11168 ns, Total: 286217 ns
[2023-06-20T07:55:52.353+0000][70][safepoint   ] Safepoint "Cleanup", Time since last: 1003875475 ns, Reaching safepoint: 318650 ns, At safepoint: 17240 ns, Total: 335890 ns
[2023-06-20T07:55:53.356+0000][70][safepoint   ] Safepoint "Cleanup", Time since last: 1001638593 ns, Reaching safepoint: 523239 ns, At safepoint: 23782 ns, Total: 547021 ns
[2023-06-20T07:56:03.366+0000][70][safepoint   ] Safepoint "Cleanup", Time since last: 10010341835 ns, Reaching safepoint: 329493 ns, At safepoint: 13492 ns, Total: 342985 ns
[2023-06-20T07:56:07.375+0000][70][safepoint   ] Safepoint "Cleanup", Time since last: 4008478846 ns, Reaching safepoint: 348404 ns, At safepoint: 14125 ns, Total: 362529 ns
[2023-06-20T07:56:08.379+0000][70][safepoint   ] Safepoint "Cleanup", Time since last: 1003374902 ns, Reaching safepoint: 176908 ns, At safepoint: 14752 ns, Total: 191660 ns
[2023-06-20T07:56:09.380+0000][70][safepoint   ] Safepoint "Cleanup", Time since last: 1001148463 ns, Reaching safepoint: 218154 ns, At safepoint: 8147 ns, Total: 226301 ns
[2023-06-20T07:56:09.558+0000][70][gc,start    ] GC(123) Pause Young (Concurrent Start) (G1 Evacuation Pause)
[2023-06-20T07:56:09.558+0000][70][gc,task     ] GC(123) Using 4 workers of 4 for evacuation
[2023-06-20T07:56:09.559+0000][70][gc,age      ] GC(123) Desired survivor size 6291456 bytes, new threshold 15 (max threshold 15)
[2023-06-20T07:56:09.563+0000][70][gc,phases   ] GC(123)   Pre Evacuate Collection Set: 0.3ms
[2023-06-20T07:56:09.564+0000][70][gc,phases   ] GC(123)   Merge Heap Roots: 0.2ms
[2023-06-20T07:56:09.565+0000][70][gc,phases   ] GC(123)   Evacuate Collection Set: 2.2ms
[2023-06-20T07:56:09.565+0000][70][gc,phases   ] GC(123)   Post Evacuate Collection Set: 1.0ms
[2023-06-20T07:56:09.566+0000][70][gc,phases   ] GC(123)   Other: 1.2ms
[2023-06-20T07:56:09.567+0000][70][gc,age      ] GC(123) Age table with threshold 15 (max threshold 15)
[2023-06-20T07:56:09.567+0000][70][gc,age      ] GC(123) - age   1:    1065272 bytes,    1065272 total
[2023-06-20T07:56:09.568+0000][70][gc,age      ] GC(123) - age   2:     125296 bytes,    1190568 total
[2023-06-20T07:56:09.569+0000][70][gc,age      ] GC(123) - age   3:       3648 bytes,    1194216 total
[2023-06-20T07:56:09.569+0000][70][gc,age      ] GC(123) - age   4:     223760 bytes,    1417976 total
[2023-06-20T07:56:09.570+0000][70][gc,age      ] GC(123) - age   5:       1184 bytes,    1419160 total
[2023-06-20T07:56:09.571+0000][70][gc,age      ] GC(123) - age   6:       1048 bytes,    1420208 total
[2023-06-20T07:56:09.571+0000][70][gc,age      ] GC(123) - age   7:      19976 bytes,    1440184 total
[2023-06-20T07:56:09.572+0000][70][gc,age      ] GC(123) - age   8:      10232 bytes,    1450416 total
[2023-06-20T07:56:09.572+0000][70][gc,age      ] GC(123) - age   9:     279952 bytes,    1730368 total
[2023-06-20T07:56:09.573+0000][70][gc,age      ] GC(123) - age  11:       6152 bytes,    1736520 total
[2023-06-20T07:56:09.574+0000][70][gc,age      ] GC(123) - age  12:       1120 bytes,    1737640 total
[2023-06-20T07:56:09.574+0000][70][gc,age      ] GC(123) - age  13:       1696 bytes,    1739336 total
[2023-06-20T07:56:09.575+0000][70][gc,age      ] GC(123) - age  14:      14456 bytes,    1753792 total
[2023-06-20T07:56:09.575+0000][70][gc,age      ] GC(123) - age  15:       2232 bytes,    1756024 total
[2023-06-20T07:56:09.576+0000][70][gc,heap     ] GC(123) Eden regions: 17->0(17)
[2023-06-20T07:56:09.576+0000][70][gc,heap     ] GC(123) Survivor regions: 1->1(3)
[2023-06-20T07:56:09.577+0000][70][gc,heap     ] GC(123) Old regions: 31->31
[2023-06-20T07:56:09.577+0000][70][gc,heap     ] GC(123) Archive regions: 2->2
[2023-06-20T07:56:09.578+0000][70][gc,heap     ] GC(123) Humongous regions: 2->2
[2023-06-20T07:56:09.578+0000][70][gc,metaspace] GC(123) Metaspace: 135810K(139200K)->135810K(139200K) NonClass: 118420K(119680K)->118420K(119680K) Class: 17390K(19520K)->17390K(19520K)
[2023-06-20T07:56:09.579+0000][70][gc          ] GC(123) Pause Young (Concurrent Start) (G1 Evacuation Pause) 203M->136M(256M) 21.277ms
[2023-06-20T07:56:09.580+0000][70][gc          ] GC(124) Concurrent Mark Cycle
[2023-06-20T07:56:09.580+0000][70][gc,marking  ] GC(124) Concurrent Clear Claimed Marks
[2023-06-20T07:56:09.580+0000][70][gc,cpu      ] GC(123) User=0.00s Sys=0.00s Real=0.02s
[2023-06-20T07:56:09.581+0000][70][safepoint   ] Safepoint "G1CollectForAllocation", Time since last: 177451412 ns, Reaching safepoint: 76529 ns, At safepoint: 23744905 ns, Total: 23821434 ns
[2023-06-20T07:56:09.581+0000][70][gc,marking  ] GC(124) Concurrent Clear Claimed Marks 0.727ms
[2023-06-20T07:56:09.583+0000][70][gc,marking  ] GC(124) Concurrent Scan Root Regions
[2023-06-20T07:56:09.586+0000][70][gc,marking  ] GC(124) Concurrent Scan Root Regions 3.507ms
[2023-06-20T07:56:09.587+0000][70][gc,marking  ] GC(124) Concurrent Mark
[2023-06-20T07:56:09.587+0000][70][gc,marking  ] GC(124) Concurrent Mark From Roots
[2023-06-20T07:56:09.588+0000][70][gc,task     ] GC(124) Using 1 workers of 1 for marking
[2023-06-20T07:56:09.741+0000][70][gc,marking  ] GC(124) Concurrent Mark From Roots 153.968ms
[2023-06-20T07:56:09.743+0000][70][gc,marking  ] GC(124) Concurrent Preclean
[2023-06-20T07:56:09.744+0000][70][gc,marking  ] GC(124) Concurrent Preclean 1.170ms
[2023-06-20T07:56:09.745+0000][70][gc,start    ] GC(124) Pause Remark
[2023-06-20T07:56:09.766+0000][70][gc          ] GC(124) Pause Remark 138M->138M(256M) 20.251ms
[2023-06-20T07:56:09.767+0000][70][gc,cpu      ] GC(124) User=0.06s Sys=0.00s Real=0.02s
[2023-06-20T07:56:09.767+0000][70][safepoint   ] Safepoint "G1PauseRemark", Time since last: 163598455 ns, Reaching safepoint: 302668 ns, At safepoint: 22198331 ns, Total: 22500999 ns
[2023-06-20T07:56:09.769+0000][70][gc,marking  ] GC(124) Concurrent Mark 181.814ms
[2023-06-20T07:56:09.769+0000][70][gc,marking  ] GC(124) Concurrent Rebuild Remembered Sets
[2023-06-20T07:56:09.849+0000][70][gc,marking  ] GC(124) Concurrent Rebuild Remembered Sets 79.929ms
[2023-06-20T07:56:09.850+0000][70][gc,start    ] GC(124) Pause Cleanup
[2023-06-20T07:56:09.852+0000][70][gc          ] GC(124) Pause Cleanup 138M->138M(256M) 1.235ms
[2023-06-20T07:56:09.852+0000][70][gc,cpu      ] GC(124) User=0.00s Sys=0.00s Real=0.00s
[2023-06-20T07:56:09.853+0000][70][safepoint   ] Safepoint "G1PauseCleanup", Time since last: 82730945 ns, Reaching safepoint: 167406 ns, At safepoint: 2570969 ns, Total: 2738375 ns
[2023-06-20T07:56:09.853+0000][70][gc,marking  ] GC(124) Concurrent Cleanup for Next Mark
[2023-06-20T07:56:09.854+0000][70][gc,marking  ] GC(124) Concurrent Cleanup for Next Mark 0.796ms
[2023-06-20T07:56:09.855+0000][70][gc          ] GC(124) Concurrent Mark Cycle 275.083ms
[2023-06-20T07:56:14.839+0000][70][safepoint   ] Safepoint "Cleanup", Time since last: 5006872064 ns, Reaching safepoint: 91947 ns, At safepoint: 26138 ns, Total: 118085 ns
[2023-06-20T07:56:22.849+0000][70][safepoint   ] Safepoint "Cleanup", Time since last: 8009776089 ns, Reaching safepoint: 328288 ns, At safepoint: 10222 ns, Total: 338510 ns
[2023-06-20T07:56:23.854+0000][70][safepoint   ] Safepoint "Cleanup", Time since last: 1004660747 ns, Reaching safepoint: 572213 ns, At safepoint: 15820 ns, Total: 588033 ns
[2023-06-20T07:56:28.862+0000][70][safepoint   ] Safepoint "Cleanup", Time since last: 5007692956 ns, Reaching safepoint: 198900 ns, At safepoint: 5641 ns, Total: 204541 ns
[2023-06-20T07:56:32.305+0000][70][gc,start    ] GC(125) Pause Young (Normal) (G1 Evacuation Pause)
[2023-06-20T07:56:32.307+0000][70][gc,task     ] GC(125) Using 4 workers of 4 for evacuation
[2023-06-20T07:56:32.308+0000][70][gc,age      ] GC(125) Desired survivor size 6291456 bytes, new threshold 15 (max threshold 15)
[2023-06-20T07:56:32.314+0000][70][gc,phases   ] GC(125)   Pre Evacuate Collection Set: 0.4ms
[2023-06-20T07:56:32.315+0000][70][gc,phases   ] GC(125)   Merge Heap Roots: 0.2ms
[2023-06-20T07:56:32.316+0000][70][gc,phases   ] GC(125)   Evacuate Collection Set: 3.1ms
[2023-06-20T07:56:32.317+0000][70][gc,phases   ] GC(125)   Post Evacuate Collection Set: 1.2ms
[2023-06-20T07:56:32.318+0000][70][gc,phases   ] GC(125)   Other: 3.0ms
[2023-06-20T07:56:32.318+0000][70][gc,age      ] GC(125) Age table with threshold 15 (max threshold 15)
[2023-06-20T07:56:32.319+0000][70][gc,age      ] GC(125) - age   1:    1100104 bytes,    1100104 total
[2023-06-20T07:56:32.320+0000][70][gc,age      ] GC(125) - age   2:      10480 bytes,    1110584 total
[2023-06-20T07:56:32.320+0000][70][gc,age      ] GC(125) - age   3:        552 bytes,    1111136 total
[2023-06-20T07:56:32.321+0000][70][gc,age      ] GC(125) - age   4:       2824 bytes,    1113960 total
[2023-06-20T07:56:32.322+0000][70][gc,age      ] GC(125) - age   5:     223760 bytes,    1337720 total
[2023-06-20T07:56:32.322+0000][70][gc,age      ] GC(125) - age   6:       1184 bytes,    1338904 total
[2023-06-20T07:56:32.323+0000][70][gc,age      ] GC(125) - age   7:       1048 bytes,    1339952 total
[2023-06-20T07:56:32.323+0000][70][gc,age      ] GC(125) - age   8:      19976 bytes,    1359928 total
[2023-06-20T07:56:32.324+0000][70][gc,age      ] GC(125) - age   9:      10232 bytes,    1370160 total
[2023-06-20T07:56:32.324+0000][70][gc,age      ] GC(125) - age  10:     279952 bytes,    1650112 total
[2023-06-20T07:56:32.325+0000][70][gc,age      ] GC(125) - age  12:       6152 bytes,    1656264 total
[2023-06-20T07:56:32.325+0000][70][gc,age      ] GC(125) - age  13:       1120 bytes,    1657384 total
[2023-06-20T07:56:32.326+0000][70][gc,age      ] GC(125) - age  14:       1696 bytes,    1659080 total
[2023-06-20T07:56:32.326+0000][70][gc,age      ] GC(125) - age  15:      14456 bytes,    1673536 total
[2023-06-20T07:56:32.328+0000][70][gc,heap     ] GC(125) Eden regions: 17->0(17)
[2023-06-20T07:56:32.328+0000][70][gc,heap     ] GC(125) Survivor regions: 1->1(3)
[2023-06-20T07:56:32.329+0000][70][gc,heap     ] GC(125) Old regions: 31->31
[2023-06-20T07:56:32.329+0000][70][gc,heap     ] GC(125) Archive regions: 2->2
[2023-06-20T07:56:32.330+0000][70][gc,heap     ] GC(125) Humongous regions: 2->2
[2023-06-20T07:56:32.330+0000][70][gc,metaspace] GC(125) Metaspace: 135818K(139264K)->135818K(139264K) NonClass: 118436K(119744K)->118436K(119744K) Class: 17381K(19520K)->17381K(19520K)
[2023-06-20T07:56:32.331+0000][70][gc          ] GC(125) Pause Young (Normal) (G1 Evacuation Pause) 204M->136M(256M) 25.825ms
[2023-06-20T07:56:32.331+0000][70][gc,cpu      ] GC(125) User=0.01s Sys=0.01s Real=0.03s
[2023-06-20T07:56:32.332+0000][70][safepoint   ] Safepoint "G1CollectForAllocation", Time since last: 3442808677 ns, Reaching safepoint: 200702 ns, At safepoint: 27007813 ns, Total: 27208515 ns
[2023-06-20T07:56:33.333+0000][70][safepoint   ] Safepoint "Cleanup", Time since last: 1000925495 ns, Reaching safepoint: 145112 ns, At safepoint: 6035 ns, Total: 151147 ns
[2023-06-20T07:56:36.420+0000][70][safepoint   ] Safepoint "Cleanup", Time since last: 3086785381 ns, Reaching safepoint: 227727 ns, At safepoint: 6848 ns, Total: 234575 ns
[2023-06-20T07:56:38.709+0000][70][safepoint   ] Safepoint "Cleanup", Time since last: 2288452653 ns, Reaching safepoint: 391675 ns, At safepoint: 130620 ns, Total: 522295 ns
[2023-06-20T07:56:39.711+0000][70][safepoint   ] Safepoint "Cleanup", Time since last: 1001469701 ns, Reaching safepoint: 164330 ns, At safepoint: 35109 ns, Total: 199439 ns
[2023-06-20T07:56:40.712+0000][70][safepoint   ] Safepoint "Cleanup", Time since last: 1000941636 ns, Reaching safepoint: 374413 ns, At safepoint: 9426 ns, Total: 383839 ns
[2023-06-20T07:56:41.716+0000][70][safepoint   ] Safepoint "Cleanup", Time since last: 1003627499 ns, Reaching safepoint: 295043 ns, At safepoint: 46512 ns, Total: 341555 ns
[2023-06-20T07:56:44.529+0000][70][gc,start    ] GC(126) Pause Young (Concurrent Start) (G1 Evacuation Pause)
[2023-06-20T07:56:44.530+0000][70][gc,task     ] GC(126) Using 4 workers of 4 for evacuation
[2023-06-20T07:56:44.531+0000][70][gc,age      ] GC(126) Desired survivor size 6291456 bytes, new threshold 15 (max threshold 15)
[2023-06-20T07:56:44.534+0000][70][gc,phases   ] GC(126)   Pre Evacuate Collection Set: 0.3ms
[2023-06-20T07:56:44.535+0000][70][gc,phases   ] GC(126)   Merge Heap Roots: 0.1ms
[2023-06-20T07:56:44.535+0000][70][gc,phases   ] GC(126)   Evacuate Collection Set: 2.1ms
[2023-06-20T07:56:44.536+0000][70][gc,phases   ] GC(126)   Post Evacuate Collection Set: 0.6ms
[2023-06-20T07:56:44.536+0000][70][gc,phases   ] GC(126)   Other: 1.1ms
[2023-06-20T07:56:44.537+0000][70][gc,age      ] GC(126) Age table with threshold 15 (max threshold 15)
[2023-06-20T07:56:44.537+0000][70][gc,age      ] GC(126) - age   1:    1189032 bytes,    1189032 total
[2023-06-20T07:56:44.537+0000][70][gc,age      ] GC(126) - age   2:      23664 bytes,    1212696 total
[2023-06-20T07:56:44.538+0000][70][gc,age      ] GC(126) - age   3:       8224 bytes,    1220920 total
[2023-06-20T07:56:44.538+0000][70][gc,age      ] GC(126) - age   4:        296 bytes,    1221216 total
[2023-06-20T07:56:44.539+0000][70][gc,age      ] GC(126) - age   5:       2760 bytes,    1223976 total
[2023-06-20T07:56:44.539+0000][70][gc,age      ] GC(126) - age   6:     106976 bytes,    1330952 total
[2023-06-20T07:56:44.539+0000][70][gc,age      ] GC(126) - age   7:       1120 bytes,    1332072 total
[2023-06-20T07:56:44.540+0000][70][gc,age      ] GC(126) - age   8:       1048 bytes,    1333120 total
[2023-06-20T07:56:44.540+0000][70][gc,age      ] GC(126) - age   9:      19976 bytes,    1353096 total
[2023-06-20T07:56:44.541+0000][70][gc,age      ] GC(126) - age  10:      10232 bytes,    1363328 total
[2023-06-20T07:56:44.541+0000][70][gc,age      ] GC(126) - age  11:     258536 bytes,    1621864 total
[2023-06-20T07:56:44.542+0000][70][gc,age      ] GC(126) - age  13:       6152 bytes,    1628016 total
[2023-06-20T07:56:44.542+0000][70][gc,age      ] GC(126) - age  14:       1120 bytes,    1629136 total
[2023-06-20T07:56:44.543+0000][70][gc,age      ] GC(126) - age  15:       1696 bytes,    1630832 total
[2023-06-20T07:56:44.543+0000][70][gc,heap     ] GC(126) Eden regions: 17->0(17)
[2023-06-20T07:56:44.544+0000][70][gc,heap     ] GC(126) Survivor regions: 1->1(3)
[2023-06-20T07:56:44.544+0000][70][gc,heap     ] GC(126) Old regions: 31->31
[2023-06-20T07:56:44.544+0000][70][gc,heap     ] GC(126) Archive regions: 2->2
[2023-06-20T07:56:44.545+0000][70][gc,heap     ] GC(126) Humongous regions: 2->2
[2023-06-20T07:56:44.545+0000][70][gc,metaspace] GC(126) Metaspace: 135869K(139328K)->135869K(139328K) NonClass: 118486K(119808K)->118486K(119808K) Class: 17382K(19520K)->17382K(19520K)
[2023-06-20T07:56:44.546+0000][70][gc          ] GC(126) Pause Young (Concurrent Start) (G1 Evacuation Pause) 204M->136M(256M) 16.753ms
[2023-06-20T07:56:44.546+0000][70][gc,cpu      ] GC(126) User=0.01s Sys=0.00s Real=0.02s
[2023-06-20T07:56:44.547+0000][70][safepoint   ] Safepoint "G1CollectForAllocation", Time since last: 2834790996 ns, Reaching safepoint: 121778 ns, At safepoint: 17738172 ns, Total: 17859950 ns
[2023-06-20T07:56:44.546+0000][70][gc          ] GC(127) Concurrent Mark Cycle
[2023-06-20T07:56:44.548+0000][70][gc,marking  ] GC(127) Concurrent Clear Claimed Marks
[2023-06-20T07:56:44.550+0000][70][gc,marking  ] GC(127) Concurrent Clear Claimed Marks 1.222ms
[2023-06-20T07:56:44.550+0000][70][gc,marking  ] GC(127) Concurrent Scan Root Regions
[2023-06-20T07:56:44.553+0000][70][gc,marking  ] GC(127) Concurrent Scan Root Regions 2.458ms
[2023-06-20T07:56:44.553+0000][70][gc,marking  ] GC(127) Concurrent Mark
[2023-06-20T07:56:44.554+0000][70][gc,marking  ] GC(127) Concurrent Mark From Roots
[2023-06-20T07:56:44.554+0000][70][gc,task     ] GC(127) Using 1 workers of 1 for marking
[2023-06-20T07:56:44.722+0000][70][gc,marking  ] GC(127) Concurrent Mark From Roots 168.627ms
[2023-06-20T07:56:44.724+0000][70][gc,marking  ] GC(127) Concurrent Preclean
[2023-06-20T07:56:44.725+0000][70][gc,marking  ] GC(127) Concurrent Preclean 0.879ms
[2023-06-20T07:56:44.725+0000][70][gc,start    ] GC(127) Pause Remark
[2023-06-20T07:56:44.736+0000][70][gc          ] GC(127) Pause Remark 138M->138M(256M) 10.623ms
[2023-06-20T07:56:44.737+0000][70][gc,cpu      ] GC(127) User=0.03s Sys=0.00s Real=0.01s
[2023-06-20T07:56:44.738+0000][70][safepoint   ] Safepoint "G1PauseRemark", Time since last: 178643670 ns, Reaching safepoint: 58786 ns, At safepoint: 12156123 ns, Total: 12214909 ns
[2023-06-20T07:56:44.738+0000][70][gc,marking  ] GC(127) Concurrent Mark 184.961ms
[2023-06-20T07:56:44.739+0000][70][gc,marking  ] GC(127) Concurrent Rebuild Remembered Sets
[2023-06-20T07:56:44.873+0000][70][gc,marking  ] GC(127) Concurrent Rebuild Remembered Sets 134.049ms
[2023-06-20T07:56:44.874+0000][70][gc,start    ] GC(127) Pause Cleanup
[2023-06-20T07:56:44.875+0000][70][gc          ] GC(127) Pause Cleanup 140M->140M(256M) 1.040ms
[2023-06-20T07:56:44.876+0000][70][gc,cpu      ] GC(127) User=0.00s Sys=0.00s Real=0.01s
[2023-06-20T07:56:44.877+0000][70][safepoint   ] Safepoint "G1PauseCleanup", Time since last: 135771339 ns, Reaching safepoint: 226917 ns, At safepoint: 2904542 ns, Total: 3131459 ns
[2023-06-20T07:56:44.878+0000][70][gc,marking  ] GC(127) Concurrent Cleanup for Next Mark
[2023-06-20T07:56:44.879+0000][70][gc,marking  ] GC(127) Concurrent Cleanup for Next Mark 1.139ms
[2023-06-20T07:56:44.880+0000][70][gc          ] GC(127) Concurrent Mark Cycle 333.312ms
[2023-06-20T07:56:46.879+0000][70][safepoint   ] Safepoint "Cleanup", Time since last: 2001700933 ns, Reaching safepoint: 287522 ns, At safepoint: 27577 ns, Total: 315099 ns
[2023-06-20T07:56:50.776+0000][70][safepoint   ] Safepoint "Cleanup", Time since last: 3897288019 ns, Reaching safepoint: 250049 ns, At safepoint: 12681 ns, Total: 262730 ns
[2023-06-20T07:56:51.779+0000][70][safepoint   ] Safepoint "Cleanup", Time since last: 1002556006 ns, Reaching safepoint: 418710 ns, At safepoint: 9927 ns, Total: 428637 ns
[2023-06-20T07:56:53.785+0000][70][safepoint   ] Safepoint "Cleanup", Time since last: 2005339197 ns, Reaching safepoint: 558167 ns, At safepoint: 14483 ns, Total: 572650 ns
[2023-06-20T07:56:56.790+0000][70][safepoint   ] Safepoint "Cleanup", Time since last: 3004321419 ns, Reaching safepoint: 687512 ns, At safepoint: 27676 ns, Total: 715188 ns
[2023-06-20T07:57:02.797+0000][70][safepoint   ] Safepoint "Cleanup", Time since last: 6007205074 ns, Reaching safepoint: 124548 ns, At safepoint: 3736 ns, Total: 128284 ns
[2023-06-20T07:57:05.289+0000][70][gc,start    ] GC(128) Pause Young (Normal) (G1 Evacuation Pause)
[2023-06-20T07:57:05.291+0000][70][gc,task     ] GC(128) Using 4 workers of 4 for evacuation
[2023-06-20T07:57:05.292+0000][70][gc,age      ] GC(128) Desired survivor size 6291456 bytes, new threshold 15 (max threshold 15)
[2023-06-20T07:57:05.301+0000][70][gc,phases   ] GC(128)   Pre Evacuate Collection Set: 0.4ms
[2023-06-20T07:57:05.303+0000][70][gc,phases   ] GC(128)   Merge Heap Roots: 0.4ms
[2023-06-20T07:57:05.304+0000][70][gc,phases   ] GC(128)   Evacuate Collection Set: 5.8ms
[2023-06-20T07:57:05.305+0000][70][gc,phases   ] GC(128)   Post Evacuate Collection Set: 1.5ms
[2023-06-20T07:57:05.305+0000][70][gc,phases   ] GC(128)   Other: 2.8ms
[2023-06-20T07:57:05.306+0000][70][gc,age      ] GC(128) Age table with threshold 15 (max threshold 15)
[2023-06-20T07:57:05.307+0000][70][gc,age      ] GC(128) - age   1:     812000 bytes,     812000 total
[2023-06-20T07:57:05.308+0000][70][gc,age      ] GC(128) - age   2:     291080 bytes,    1103080 total
[2023-06-20T07:57:05.309+0000][70][gc,age      ] GC(128) - age   3:      13496 bytes,    1116576 total
[2023-06-20T07:57:05.310+0000][70][gc,age      ] GC(128) - age   4:       8048 bytes,    1124624 total
[2023-06-20T07:57:05.310+0000][70][gc,age      ] GC(128) - age   5:        296 bytes,    1124920 total
[2023-06-20T07:57:05.311+0000][70][gc,age      ] GC(128) - age   6:       1824 bytes,    1126744 total
[2023-06-20T07:57:05.311+0000][70][gc,age      ] GC(128) - age   7:     106912 bytes,    1233656 total
[2023-06-20T07:57:05.312+0000][70][gc,age      ] GC(128) - age   8:       1120 bytes,    1234776 total
[2023-06-20T07:57:05.313+0000][70][gc,age      ] GC(128) - age   9:       1048 bytes,    1235824 total
[2023-06-20T07:57:05.313+0000][70][gc,age      ] GC(128) - age  10:      19976 bytes,    1255800 total
[2023-06-20T07:57:05.314+0000][70][gc,age      ] GC(128) - age  11:      10232 bytes,    1266032 total
[2023-06-20T07:57:05.315+0000][70][gc,age      ] GC(128) - age  12:     258536 bytes,    1524568 total
[2023-06-20T07:57:05.315+0000][70][gc,age      ] GC(128) - age  14:       6152 bytes,    1530720 total
[2023-06-20T07:57:05.316+0000][70][gc,age      ] GC(128) - age  15:        824 bytes,    1531544 total
[2023-06-20T07:57:05.316+0000][70][gc,heap     ] GC(128) Eden regions: 17->0(17)
[2023-06-20T07:57:05.317+0000][70][gc,heap     ] GC(128) Survivor regions: 1->1(3)
[2023-06-20T07:57:05.318+0000][70][gc,heap     ] GC(128) Old regions: 31->31
[2023-06-20T07:57:05.318+0000][70][gc,heap     ] GC(128) Archive regions: 2->2
[2023-06-20T07:57:05.319+0000][70][gc,heap     ] GC(128) Humongous regions: 2->2
[2023-06-20T07:57:05.319+0000][70][gc,metaspace] GC(128) Metaspace: 135876K(139328K)->135876K(139328K) NonClass: 118493K(119808K)->118493K(119808K) Class: 17382K(19520K)->17382K(19520K)
[2023-06-20T07:57:05.320+0000][70][gc          ] GC(128) Pause Young (Normal) (G1 Evacuation Pause) 204M->136M(256M) 31.103ms
[2023-06-20T07:57:05.320+0000][70][gc,cpu      ] GC(128) User=0.01s Sys=0.00s Real=0.03s
[2023-06-20T07:57:05.321+0000][70][safepoint   ] Safepoint "G1CollectForAllocation", Time since last: 2491018658 ns, Reaching safepoint: 189510 ns, At safepoint: 32295465 ns, Total: 32484975 ns
[2023-06-20T07:57:08.325+0000][70][safepoint   ] Safepoint "Cleanup", Time since last: 3004460700 ns, Reaching safepoint: 127468 ns, At safepoint: 25417 ns, Total: 152885 ns
[2023-06-20T07:57:09.327+0000][70][safepoint   ] Safepoint "Cleanup", Time since last: 1001033471 ns, Reaching safepoint: 902436 ns, At safepoint: 35383 ns, Total: 937819 ns
[2023-06-20T07:57:13.313+0000][70][safepoint   ] Safepoint "Cleanup", Time since last: 4006570789 ns, Reaching safepoint: 397828 ns, At safepoint: 14301 ns, Total: 412129 ns
[2023-06-20T07:57:14.318+0000][70][safepoint   ] Safepoint "Cleanup", Time since last: 1004907092 ns, Reaching safepoint: 317066 ns, At safepoint: 15259 ns, Total: 332325 ns
[2023-06-20T07:57:15.321+0000][70][safepoint   ] Safepoint "Cleanup", Time since last: 1002799729 ns, Reaching safepoint: 826298 ns, At safepoint: 17748 ns, Total: 844046 ns
[2023-06-20T07:57:16.325+0000][70][safepoint   ] Safepoint "Cleanup", Time since last: 1003338327 ns, Reaching safepoint: 491177 ns, At safepoint: 25250 ns, Total: 516427 ns
[2023-06-20T07:57:20.330+0000][70][safepoint   ] Safepoint "Cleanup", Time since last: 4005094668 ns, Reaching safepoint: 75340 ns, At safepoint: 3806 ns, Total: 79146 ns
[2023-06-20T07:57:20.546+0000][70][gc,start    ] GC(129) Pause Young (Concurrent Start) (G1 Evacuation Pause)
[2023-06-20T07:57:20.546+0000][70][gc,task     ] GC(129) Using 4 workers of 4 for evacuation
[2023-06-20T07:57:20.547+0000][70][gc,age      ] GC(129) Desired survivor size 6291456 bytes, new threshold 15 (max threshold 15)
[2023-06-20T07:57:20.550+0000][70][gc,phases   ] GC(129)   Pre Evacuate Collection Set: 0.3ms
[2023-06-20T07:57:20.551+0000][70][gc,phases   ] GC(129)   Merge Heap Roots: 0.1ms
[2023-06-20T07:57:20.551+0000][70][gc,phases   ] GC(129)   Evacuate Collection Set: 1.6ms
[2023-06-20T07:57:20.552+0000][70][gc,phases   ] GC(129)   Post Evacuate Collection Set: 0.9ms
[2023-06-20T07:57:20.552+0000][70][gc,phases   ] GC(129)   Other: 0.9ms
[2023-06-20T07:57:20.553+0000][70][gc,age      ] GC(129) Age table with threshold 15 (max threshold 15)
[2023-06-20T07:57:20.553+0000][70][gc,age      ] GC(129) - age   1:     729384 bytes,     729384 total
[2023-06-20T07:57:20.554+0000][70][gc,age      ] GC(129) - age   2:      24448 bytes,     753832 total
[2023-06-20T07:57:20.554+0000][70][gc,age      ] GC(129) - age   3:     290632 bytes,    1044464 total
[2023-06-20T07:57:20.555+0000][70][gc,age      ] GC(129) - age   4:      12968 bytes,    1057432 total
[2023-06-20T07:57:20.555+0000][70][gc,age      ] GC(129) - age   5:       3768 bytes,    1061200 total
[2023-06-20T07:57:20.556+0000][70][gc,age      ] GC(129) - age   7:       1648 bytes,    1062848 total
[2023-06-20T07:57:20.556+0000][70][gc,age      ] GC(129) - age   8:     106816 bytes,    1169664 total
[2023-06-20T07:57:20.557+0000][70][gc,age      ] GC(129) - age   9:       1120 bytes,    1170784 total
[2023-06-20T07:57:20.557+0000][70][gc,age      ] GC(129) - age  10:        912 bytes,    1171696 total
[2023-06-20T07:57:20.558+0000][70][gc,age      ] GC(129) - age  11:      19976 bytes,    1191672 total
[2023-06-20T07:57:20.558+0000][70][gc,age      ] GC(129) - age  12:      10232 bytes,    1201904 total
[2023-06-20T07:57:20.559+0000][70][gc,age      ] GC(129) - age  13:     258536 bytes,    1460440 total
[2023-06-20T07:57:20.559+0000][70][gc,age      ] GC(129) - age  15:       6088 bytes,    1466528 total
[2023-06-20T07:57:20.560+0000][70][gc,heap     ] GC(129) Eden regions: 17->0(17)
[2023-06-20T07:57:20.560+0000][70][gc,heap     ] GC(129) Survivor regions: 1->1(3)
[2023-06-20T07:57:20.561+0000][70][gc,heap     ] GC(129) Old regions: 31->31
[2023-06-20T07:57:20.561+0000][70][gc,heap     ] GC(129) Archive regions: 2->2
[2023-06-20T07:57:20.562+0000][70][gc,heap     ] GC(129) Humongous regions: 2->2
[2023-06-20T07:57:20.563+0000][70][gc,metaspace] GC(129) Metaspace: 135894K(139328K)->135894K(139328K) NonClass: 118511K(119808K)->118511K(119808K) Class: 17382K(19520K)->17382K(19520K)
[2023-06-20T07:57:20.564+0000][70][gc          ] GC(129) Pause Young (Concurrent Start) (G1 Evacuation Pause) 204M->136M(256M) 17.787ms
[2023-06-20T07:57:20.564+0000][70][gc,cpu      ] GC(129) User=0.01s Sys=0.01s Real=0.02s
[2023-06-20T07:57:20.564+0000][70][gc          ] GC(130) Concurrent Mark Cycle
[2023-06-20T07:57:20.567+0000][70][gc,marking  ] GC(130) Concurrent Clear Claimed Marks
[2023-06-20T07:57:20.565+0000][70][safepoint   ] Safepoint "G1CollectForAllocation", Time since last: 215161945 ns, Reaching safepoint: 98295 ns, At safepoint: 19026690 ns, Total: 19124985 ns
[2023-06-20T07:57:20.567+0000][70][gc,marking  ] GC(130) Concurrent Clear Claimed Marks 0.842ms
[2023-06-20T07:57:20.568+0000][70][gc,marking  ] GC(130) Concurrent Scan Root Regions
[2023-06-20T07:57:20.571+0000][70][gc,marking  ] GC(130) Concurrent Scan Root Regions 2.483ms
[2023-06-20T07:57:20.571+0000][70][gc,marking  ] GC(130) Concurrent Mark
[2023-06-20T07:57:20.572+0000][70][gc,marking  ] GC(130) Concurrent Mark From Roots
[2023-06-20T07:57:20.573+0000][70][gc,task     ] GC(130) Using 1 workers of 1 for marking
[2023-06-20T07:57:20.726+0000][70][gc,marking  ] GC(130) Concurrent Mark From Roots 153.851ms
[2023-06-20T07:57:20.727+0000][70][gc,marking  ] GC(130) Concurrent Preclean
[2023-06-20T07:57:20.728+0000][70][gc,marking  ] GC(130) Concurrent Preclean 0.959ms
[2023-06-20T07:57:20.729+0000][70][gc,start    ] GC(130) Pause Remark
[2023-06-20T07:57:20.737+0000][70][gc          ] GC(130) Pause Remark 139M->139M(256M) 8.015ms
[2023-06-20T07:57:20.738+0000][70][gc,cpu      ] GC(130) User=0.03s Sys=0.00s Real=0.01s
[2023-06-20T07:57:20.738+0000][70][safepoint   ] Safepoint "G1PauseRemark", Time since last: 163999187 ns, Reaching safepoint: 108163 ns, At safepoint: 9549691 ns, Total: 9657854 ns
[2023-06-20T07:57:20.739+0000][70][gc,marking  ] GC(130) Concurrent Mark 167.394ms
[2023-06-20T07:57:20.739+0000][70][gc,marking  ] GC(130) Concurrent Rebuild Remembered Sets
[2023-06-20T07:57:20.825+0000][70][gc,marking  ] GC(130) Concurrent Rebuild Remembered Sets 85.974ms
[2023-06-20T07:57:20.826+0000][70][gc,start    ] GC(130) Pause Cleanup
[2023-06-20T07:57:20.827+0000][70][gc          ] GC(130) Pause Cleanup 140M->140M(256M) 0.591ms
[2023-06-20T07:57:20.827+0000][70][gc,cpu      ] GC(130) User=0.00s Sys=0.00s Real=0.00s
[2023-06-20T07:57:20.828+0000][70][safepoint   ] Safepoint "G1PauseCleanup", Time since last: 87545914 ns, Reaching safepoint: 144465 ns, At safepoint: 1815721 ns, Total: 1960186 ns
[2023-06-20T07:57:20.828+0000][70][gc,marking  ] GC(130) Concurrent Cleanup for Next Mark
[2023-06-20T07:57:20.829+0000][70][gc,marking  ] GC(130) Concurrent Cleanup for Next Mark 1.064ms
[2023-06-20T07:57:20.830+0000][70][gc          ] GC(130) Concurrent Mark Cycle 266.046ms
[2023-06-20T07:57:22.830+0000][70][safepoint   ] Safepoint "Cleanup", Time since last: 2002153077 ns, Reaching safepoint: 287567 ns, At safepoint: 7478 ns, Total: 295045 ns
[2023-06-20T07:57:23.833+0000][70][safepoint   ] Safepoint "Cleanup", Time since last: 1002391604 ns, Reaching safepoint: 628016 ns, At safepoint: 15295 ns, Total: 643311 ns
[2023-06-20T07:57:26.843+0000][70][safepoint   ] Safepoint "Cleanup", Time since last: 3008715455 ns, Reaching safepoint: 802171 ns, At safepoint: 53440 ns, Total: 855611 ns
[2023-06-20T07:57:38.857+0000][70][safepoint   ] Safepoint "Cleanup", Time since last: 12014283032 ns, Reaching safepoint: 199901 ns, At safepoint: 5197 ns, Total: 205098 ns
[2023-06-20T07:57:39.860+0000][70][safepoint   ] Safepoint "Cleanup", Time since last: 1002159389 ns, Reaching safepoint: 652753 ns, At safepoint: 17068 ns, Total: 669821 ns
[2023-06-20T07:57:40.863+0000][70][safepoint   ] Safepoint "Cleanup", Time since last: 1002755503 ns, Reaching safepoint: 328842 ns, At safepoint: 12445 ns, Total: 341287 ns
[2023-06-20T07:57:41.276+0000][70][gc,start    ] GC(131) Pause Young (Normal) (G1 Evacuation Pause)
[2023-06-20T07:57:41.278+0000][70][gc,task     ] GC(131) Using 4 workers of 4 for evacuation
[2023-06-20T07:57:41.279+0000][70][gc,age      ] GC(131) Desired survivor size 6291456 bytes, new threshold 15 (max threshold 15)
[2023-06-20T07:57:41.286+0000][70][gc,phases   ] GC(131)   Pre Evacuate Collection Set: 0.1ms
[2023-06-20T07:57:41.287+0000][70][gc,phases   ] GC(131)   Merge Heap Roots: 0.3ms
[2023-06-20T07:57:41.288+0000][70][gc,phases   ] GC(131)   Evacuate Collection Set: 3.0ms
[2023-06-20T07:57:41.290+0000][70][gc,phases   ] GC(131)   Post Evacuate Collection Set: 1.4ms
[2023-06-20T07:57:41.290+0000][70][gc,phases   ] GC(131)   Other: 2.6ms
[2023-06-20T07:57:41.291+0000][70][gc,age      ] GC(131) Age table with threshold 15 (max threshold 15)
[2023-06-20T07:57:41.292+0000][70][gc,age      ] GC(131) - age   1:     241848 bytes,     241848 total
[2023-06-20T07:57:41.293+0000][70][gc,age      ] GC(131) - age   2:     156080 bytes,     397928 total
[2023-06-20T07:57:41.294+0000][70][gc,age      ] GC(131) - age   3:      23904 bytes,     421832 total
[2023-06-20T07:57:41.294+0000][70][gc,age      ] GC(131) - age   4:     286608 bytes,     708440 total
[2023-06-20T07:57:41.295+0000][70][gc,age      ] GC(131) - age   5:      12904 bytes,     721344 total
[2023-06-20T07:57:41.296+0000][70][gc,age      ] GC(131) - age   6:       3768 bytes,     725112 total
[2023-06-20T07:57:41.296+0000][70][gc,age      ] GC(131) - age   8:       1648 bytes,     726760 total
[2023-06-20T07:57:41.297+0000][70][gc,age      ] GC(131) - age   9:     106816 bytes,     833576 total
[2023-06-20T07:57:41.298+0000][70][gc,age      ] GC(131) - age  10:       1120 bytes,     834696 total
[2023-06-20T07:57:41.298+0000][70][gc,age      ] GC(131) - age  11:        912 bytes,     835608 total
[2023-06-20T07:57:41.299+0000][70][gc,age      ] GC(131) - age  12:      19976 bytes,     855584 total
[2023-06-20T07:57:41.300+0000][70][gc,age      ] GC(131) - age  13:      10232 bytes,     865816 total
[2023-06-20T07:57:41.300+0000][70][gc,age      ] GC(131) - age  14:     258504 bytes,    1124320 total
[2023-06-20T07:57:41.301+0000][70][gc,heap     ] GC(131) Eden regions: 17->0(17)
[2023-06-20T07:57:41.302+0000][70][gc,heap     ] GC(131) Survivor regions: 1->1(3)
[2023-06-20T07:57:41.302+0000][70][gc,heap     ] GC(131) Old regions: 31->31
[2023-06-20T07:57:41.303+0000][70][gc,heap     ] GC(131) Archive regions: 2->2
[2023-06-20T07:57:41.303+0000][70][gc,heap     ] GC(131) Humongous regions: 2->2
[2023-06-20T07:57:41.304+0000][70][gc,metaspace] GC(131) Metaspace: 135907K(139328K)->135907K(139328K) NonClass: 118525K(119808K)->118525K(119808K) Class: 17382K(19520K)->17382K(19520K)
[2023-06-20T07:57:41.305+0000][70][gc          ] GC(131) Pause Young (Normal) (G1 Evacuation Pause) 204M->136M(256M) 28.527ms
[2023-06-20T07:57:41.305+0000][70][gc,cpu      ] GC(131) User=0.01s Sys=0.00s Real=0.03s
[2023-06-20T07:57:41.306+0000][70][safepoint   ] Safepoint "G1CollectForAllocation", Time since last: 412599062 ns, Reaching safepoint: 206778 ns, At safepoint: 29588889 ns, Total: 29795667 ns
[2023-06-20T07:57:44.285+0000][70][safepoint   ] Safepoint "Cleanup", Time since last: 3002259276 ns, Reaching safepoint: 431435 ns, At safepoint: 4895 ns, Total: 436330 ns
[2023-06-20T07:57:45.286+0000][70][safepoint   ] Safepoint "Cleanup", Time since last: 1000691638 ns, Reaching safepoint: 130387 ns, At safepoint: 3151 ns, Total: 133538 ns
[2023-06-20T07:57:46.291+0000][70][safepoint   ] Safepoint "Cleanup", Time since last: 1003789089 ns, Reaching safepoint: 843678 ns, At safepoint: 39281 ns, Total: 882959 ns
[2023-06-20T07:57:47.295+0000][70][safepoint   ] Safepoint "Cleanup", Time since last: 1003496438 ns, Reaching safepoint: 702860 ns, At safepoint: 77585 ns, Total: 780445 ns
[2023-06-20T07:57:50.299+0000][70][safepoint   ] Safepoint "Cleanup", Time since last: 3004200801 ns, Reaching safepoint: 255853 ns, At safepoint: 13808 ns, Total: 269661 ns
[2023-06-20T07:57:51.301+0000][70][safepoint   ] Safepoint "Cleanup", Time since last: 1000924455 ns, Reaching safepoint: 329664 ns, At safepoint: 9556 ns, Total: 339220 ns
[2023-06-20T07:57:52.303+0000][70][safepoint   ] Safepoint "Cleanup", Time since last: 1002450331 ns, Reaching safepoint: 147242 ns, At safepoint: 3662 ns, Total: 150904 ns
[2023-06-20T07:57:55.309+0000][70][safepoint   ] Safepoint "Cleanup", Time since last: 3005087482 ns, Reaching safepoint: 409591 ns, At safepoint: 47350 ns, Total: 456941 ns
[2023-06-20T07:57:57.017+0000][70][safepoint   ] Safepoint "Cleanup", Time since last: 1707488129 ns, Reaching safepoint: 597581 ns, At safepoint: 10646 ns, Total: 608227 ns
[2023-06-20T07:57:57.298+0000][70][gc,heap,exit] Heap
[2023-06-20T07:57:57.300+0000][70][gc,heap,exit]  garbage-first heap   total 262144K, used 188550K [0x00000000f0000000, 0x0000000100000000)
[2023-06-20T07:57:57.301+0000][70][gc,heap,exit]   region size 4096K, 13 young (53248K), 1 survivors (4096K)
[2023-06-20T07:57:57.302+0000][70][gc,heap,exit]  Metaspace       used 136803K, committed 139968K, reserved 1179648K
[2023-06-20T07:57:57.303+0000][70][gc,heap,exit]   class space    used 17537K, committed 19520K, reserved 1048576K
