[2023-06-20T07:37:25.538+0000][71][gc,init] CardTable entry size: 512
[2023-06-20T07:37:25.540+0000][71][gc     ] Using G1
[2023-06-20T07:37:25.610+0000][71][gc,init] Version: 19.0.1+10-21 (release)
[2023-06-20T07:37:25.611+0000][71][gc,init] CPUs: 4 total, 4 available
[2023-06-20T07:37:25.612+0000][71][gc,init] Memory: 7860M
[2023-06-20T07:37:25.612+0000][71][gc,init] Large Page Support: Disabled
[2023-06-20T07:37:25.613+0000][71][gc,init] NUMA Support: Disabled
[2023-06-20T07:37:25.614+0000][71][gc,init] Compressed Oops: Enabled (32-bit)
[2023-06-20T07:37:25.615+0000][71][gc,init] Heap Region Size: 4M
[2023-06-20T07:37:25.616+0000][71][gc,init] Heap Min Capacity: 256M
[2023-06-20T07:37:25.616+0000][71][gc,init] Heap Initial Capacity: 256M
[2023-06-20T07:37:25.617+0000][71][gc,init] Heap Max Capacity: 256M
[2023-06-20T07:37:25.618+0000][71][gc,init] Pre-touch: Enabled
[2023-06-20T07:37:25.618+0000][71][gc,init] Parallel Workers: 4
[2023-06-20T07:37:25.619+0000][71][gc,init] Concurrent Workers: 1
[2023-06-20T07:37:25.620+0000][71][gc,init] Concurrent Refinement Workers: 4
[2023-06-20T07:37:25.620+0000][71][gc,init] Periodic GC: Disabled
[2023-06-20T07:37:25.621+0000][71][gc,metaspace] CDS archive(s) mapped at: [0x0000000800000000-0x0000000800c4f000-0x0000000800c4f000), size 12906496, SharedBaseAddress: 0x0000000800000000, ArchiveRelocationMode: 0.
[2023-06-20T07:37:25.622+0000][71][gc,metaspace] Compressed class space mapped at: 0x0000000801000000-0x0000000841000000, reserved size: 1073741824
[2023-06-20T07:37:25.622+0000][71][gc,metaspace] Narrow klass base: 0x0000000800000000, Narrow klass shift: 0, Narrow klass range: 0x100000000
[2023-06-20T07:37:25.932+0000][71][gc,start    ] GC(0) Pause Young (Normal) (G1 Evacuation Pause)
[2023-06-20T07:37:25.933+0000][71][gc,task     ] GC(0) Using 4 workers of 4 for evacuation
[2023-06-20T07:37:25.934+0000][71][gc,age      ] GC(0) Desired survivor size 2097152 bytes, new threshold 15 (max threshold 15)
[2023-06-20T07:37:25.936+0000][71][gc,phases   ] GC(0)   Pre Evacuate Collection Set: 0.2ms
[2023-06-20T07:37:25.937+0000][71][gc,phases   ] GC(0)   Merge Heap Roots: 0.0ms
[2023-06-20T07:37:25.938+0000][71][gc,phases   ] GC(0)   Evacuate Collection Set: 1.3ms
[2023-06-20T07:37:25.939+0000][71][gc,phases   ] GC(0)   Post Evacuate Collection Set: 0.3ms
[2023-06-20T07:37:25.943+0000][71][gc,phases   ] GC(0)   Other: 1.7ms
[2023-06-20T07:37:25.943+0000][71][gc,age      ] GC(0) Age table with threshold 15 (max threshold 15)
[2023-06-20T07:37:25.944+0000][71][gc,age      ] GC(0) - age   1:     812800 bytes,     812800 total
[2023-06-20T07:37:25.945+0000][71][gc,heap     ] GC(0) Eden regions: 3->0(11)
[2023-06-20T07:37:25.945+0000][71][gc,heap     ] GC(0) Survivor regions: 0->1(1)
[2023-06-20T07:37:25.946+0000][71][gc,heap     ] GC(0) Old regions: 0->0
[2023-06-20T07:37:25.949+0000][71][gc,heap     ] GC(0) Archive regions: 2->2
[2023-06-20T07:37:25.950+0000][71][gc,heap     ] GC(0) Humongous regions: 0->0
[2023-06-20T07:37:25.951+0000][71][gc,metaspace] GC(0) Metaspace: 632K(832K)->632K(832K) NonClass: 592K(704K)->592K(704K) Class: 39K(128K)->39K(128K)
[2023-06-20T07:37:25.951+0000][71][gc          ] GC(0) Pause Young (Normal) (G1 Evacuation Pause) 15M->4M(256M) 19.136ms
[2023-06-20T07:37:25.952+0000][71][gc,cpu      ] GC(0) User=0.01s Sys=0.00s Real=0.02s
[2023-06-20T07:37:25.953+0000][71][safepoint   ] Safepoint "G1CollectForAllocation", Time since last: 303588396 ns, Reaching safepoint: 182331 ns, At safepoint: 20681540 ns, Total: 20863871 ns
[2023-06-20T07:37:26.850+0000][71][safepoint   ] Safepoint "ICBufferFull", Time since last: 897508133 ns, Reaching safepoint: 160714 ns, At safepoint: 2872 ns, Total: 163586 ns
[2023-06-20T07:37:27.514+0000][71][gc,start    ] GC(1) Pause Young (Normal) (G1 Evacuation Pause)
[2023-06-20T07:37:27.515+0000][71][gc,task     ] GC(1) Using 4 workers of 4 for evacuation
[2023-06-20T07:37:27.515+0000][71][gc,age      ] GC(1) Desired survivor size 4194304 bytes, new threshold 15 (max threshold 15)
[2023-06-20T07:37:27.531+0000][71][gc,phases   ] GC(1)   Pre Evacuate Collection Set: 0.1ms
[2023-06-20T07:37:27.533+0000][71][gc,phases   ] GC(1)   Merge Heap Roots: 0.1ms
[2023-06-20T07:37:27.533+0000][71][gc,phases   ] GC(1)   Evacuate Collection Set: 14.5ms
[2023-06-20T07:37:27.534+0000][71][gc,phases   ] GC(1)   Post Evacuate Collection Set: 0.6ms
[2023-06-20T07:37:27.535+0000][71][gc,phases   ] GC(1)   Other: 1.3ms
[2023-06-20T07:37:27.536+0000][71][gc,age      ] GC(1) Age table with threshold 15 (max threshold 15)
[2023-06-20T07:37:27.536+0000][71][gc,age      ] GC(1) - age   1:    5490360 bytes,    5490360 total
[2023-06-20T07:37:27.537+0000][71][gc,age      ] GC(1) - age   2:     405552 bytes,    5895912 total
[2023-06-20T07:37:27.538+0000][71][gc,heap     ] GC(1) Eden regions: 11->0(36)
[2023-06-20T07:37:27.538+0000][71][gc,heap     ] GC(1) Survivor regions: 1->2(2)
[2023-06-20T07:37:27.540+0000][71][gc,heap     ] GC(1) Old regions: 0->0
[2023-06-20T07:37:27.540+0000][71][gc,heap     ] GC(1) Archive regions: 2->2
[2023-06-20T07:37:27.541+0000][71][gc,heap     ] GC(1) Humongous regions: 0->0
[2023-06-20T07:37:27.542+0000][71][gc,metaspace] GC(1) Metaspace: 10208K(10496K)->10208K(10496K) NonClass: 8999K(9152K)->8999K(9152K) Class: 1209K(1344K)->1209K(1344K)
[2023-06-20T07:37:27.542+0000][71][gc          ] GC(1) Pause Young (Normal) (G1 Evacuation Pause) 48M->9M(256M) 28.543ms
[2023-06-20T07:37:27.543+0000][71][gc,cpu      ] GC(1) User=0.01s Sys=0.00s Real=0.03s
[2023-06-20T07:37:27.544+0000][71][safepoint   ] Safepoint "G1CollectForAllocation", Time since last: 663357456 ns, Reaching safepoint: 142501 ns, At safepoint: 29834774 ns, Total: 29977275 ns
[2023-06-20T07:37:28.404+0000][71][safepoint   ] Safepoint "ICBufferFull", Time since last: 860411372 ns, Reaching safepoint: 165091 ns, At safepoint: 2876 ns, Total: 167967 ns
[2023-06-20T07:37:29.469+0000][71][safepoint   ] Safepoint "ICBufferFull", Time since last: 1064434449 ns, Reaching safepoint: 141870 ns, At safepoint: 3330 ns, Total: 145200 ns
[2023-06-20T07:37:30.166+0000][71][safepoint   ] Safepoint "ICBufferFull", Time since last: 697135542 ns, Reaching safepoint: 184603 ns, At safepoint: 2336 ns, Total: 186939 ns
[2023-06-20T07:37:30.682+0000][71][gc,start    ] GC(2) Pause Young (Normal) (G1 Evacuation Pause)
[2023-06-20T07:37:30.683+0000][71][gc,task     ] GC(2) Using 4 workers of 4 for evacuation
[2023-06-20T07:37:30.683+0000][71][gc,age      ] GC(2) Desired survivor size 10485760 bytes, new threshold 15 (max threshold 15)
[2023-06-20T07:37:30.708+0000][71][gc,phases   ] GC(2)   Pre Evacuate Collection Set: 0.1ms
[2023-06-20T07:37:30.709+0000][71][gc,phases   ] GC(2)   Merge Heap Roots: 0.1ms
[2023-06-20T07:37:30.710+0000][71][gc,phases   ] GC(2)   Evacuate Collection Set: 17.8ms
[2023-06-20T07:37:30.711+0000][71][gc,phases   ] GC(2)   Post Evacuate Collection Set: 6.2ms
[2023-06-20T07:37:30.711+0000][71][gc,phases   ] GC(2)   Other: 1.3ms
[2023-06-20T07:37:30.712+0000][71][gc,age      ] GC(2) Age table with threshold 15 (max threshold 15)
[2023-06-20T07:37:30.713+0000][71][gc,age      ] GC(2) - age   1:    7031376 bytes,    7031376 total
[2023-06-20T07:37:30.713+0000][71][gc,age      ] GC(2) - age   2:    5375256 bytes,   12406632 total
[2023-06-20T07:37:30.714+0000][71][gc,age      ] GC(2) - age   3:     403976 bytes,   12810608 total
[2023-06-20T07:37:30.715+0000][71][gc,heap     ] GC(2) Eden regions: 36->0(34)
[2023-06-20T07:37:30.716+0000][71][gc,heap     ] GC(2) Survivor regions: 2->4(5)
[2023-06-20T07:37:30.716+0000][71][gc,heap     ] GC(2) Old regions: 0->0
[2023-06-20T07:37:30.717+0000][71][gc,heap     ] GC(2) Archive regions: 2->2
[2023-06-20T07:37:30.718+0000][71][gc,heap     ] GC(2) Humongous regions: 0->0
[2023-06-20T07:37:30.718+0000][71][gc,metaspace] GC(2) Metaspace: 18410K(18880K)->18410K(18880K) NonClass: 16347K(16576K)->16347K(16576K) Class: 2062K(2304K)->2062K(2304K)
[2023-06-20T07:37:30.719+0000][71][gc          ] GC(2) Pause Young (Normal) (G1 Evacuation Pause) 153M->16M(256M) 37.518ms
[2023-06-20T07:37:30.720+0000][71][gc,cpu      ] GC(2) User=0.03s Sys=0.00s Real=0.04s
[2023-06-20T07:37:30.721+0000][71][safepoint   ] Safepoint "G1CollectForAllocation", Time since last: 515543489 ns, Reaching safepoint: 106768 ns, At safepoint: 39133940 ns, Total: 39240708 ns
[2023-06-20T07:37:31.058+0000][71][gc,start    ] GC(3) Pause Young (Concurrent Start) (Metadata GC Threshold)
[2023-06-20T07:37:31.059+0000][71][gc,task     ] GC(3) Using 4 workers of 4 for evacuation
[2023-06-20T07:37:31.060+0000][71][gc,age      ] GC(3) Desired survivor size 10485760 bytes, new threshold 2 (max threshold 15)
[2023-06-20T07:37:31.072+0000][71][gc,phases   ] GC(3)   Pre Evacuate Collection Set: 0.3ms
[2023-06-20T07:37:31.073+0000][71][gc,phases   ] GC(3)   Merge Heap Roots: 0.1ms
[2023-06-20T07:37:31.074+0000][71][gc,phases   ] GC(3)   Evacuate Collection Set: 9.7ms
[2023-06-20T07:37:31.075+0000][71][gc,phases   ] GC(3)   Post Evacuate Collection Set: 0.9ms
[2023-06-20T07:37:31.076+0000][71][gc,phases   ] GC(3)   Other: 1.7ms
[2023-06-20T07:37:31.077+0000][71][gc,age      ] GC(3) Age table with threshold 2 (max threshold 15)
[2023-06-20T07:37:31.077+0000][71][gc,age      ] GC(3) - age   1:    1037752 bytes,    1037752 total
[2023-06-20T07:37:31.078+0000][71][gc,age      ] GC(3) - age   2:    4314216 bytes,    5351968 total
[2023-06-20T07:37:31.079+0000][71][gc,heap     ] GC(3) Eden regions: 11->0(36)
[2023-06-20T07:37:31.080+0000][71][gc,heap     ] GC(3) Survivor regions: 4->2(5)
[2023-06-20T07:37:31.086+0000][71][gc,heap     ] GC(3) Old regions: 0->2
[2023-06-20T07:37:31.086+0000][71][gc,heap     ] GC(3) Archive regions: 2->2
[2023-06-20T07:37:31.087+0000][71][gc,heap     ] GC(3) Humongous regions: 0->0
[2023-06-20T07:37:31.088+0000][71][gc,metaspace] GC(3) Metaspace: 20992K(21504K)->20992K(21504K) NonClass: 18691K(18944K)->18691K(18944K) Class: 2300K(2560K)->2300K(2560K)
[2023-06-20T07:37:31.089+0000][71][gc          ] GC(3) Pause Young (Concurrent Start) (Metadata GC Threshold) 60M->15M(256M) 31.102ms
[2023-06-20T07:37:31.090+0000][71][gc,cpu      ] GC(3) User=0.03s Sys=0.00s Real=0.03s
[2023-06-20T07:37:31.090+0000][71][gc          ] GC(4) Concurrent Mark Cycle
[2023-06-20T07:37:31.095+0000][71][gc,marking  ] GC(4) Concurrent Clear Claimed Marks
[2023-06-20T07:37:31.096+0000][71][gc,marking  ] GC(4) Concurrent Clear Claimed Marks 1.528ms
[2023-06-20T07:37:31.098+0000][71][gc,marking  ] GC(4) Concurrent Scan Root Regions
[2023-06-20T07:37:31.091+0000][71][safepoint   ] Safepoint "CollectForMetadataAllocation", Time since last: 336623257 ns, Reaching safepoint: 190084 ns, At safepoint: 33500769 ns, Total: 33690853 ns
[2023-06-20T07:37:31.127+0000][71][gc,marking  ] GC(4) Concurrent Scan Root Regions 28.628ms
[2023-06-20T07:37:31.128+0000][71][gc,marking  ] GC(4) Concurrent Mark
[2023-06-20T07:37:31.128+0000][71][gc,marking  ] GC(4) Concurrent Mark From Roots
[2023-06-20T07:37:31.132+0000][71][gc,task     ] GC(4) Using 1 workers of 1 for marking
[2023-06-20T07:37:31.134+0000][71][gc,marking  ] GC(4) Concurrent Mark From Roots 5.495ms
[2023-06-20T07:37:31.137+0000][71][gc,marking  ] GC(4) Concurrent Preclean
[2023-06-20T07:37:31.139+0000][71][gc,marking  ] GC(4) Concurrent Preclean 1.405ms
[2023-06-20T07:37:31.151+0000][71][gc,start    ] GC(4) Pause Remark
[2023-06-20T07:37:31.156+0000][71][gc          ] GC(4) Pause Remark 17M->17M(256M) 5.097ms
[2023-06-20T07:37:31.157+0000][71][gc,cpu      ] GC(4) User=0.01s Sys=0.00s Real=0.00s
[2023-06-20T07:37:31.157+0000][71][safepoint   ] Safepoint "G1PauseRemark", Time since last: 49155630 ns, Reaching safepoint: 10125938 ns, At safepoint: 6661681 ns, Total: 16787619 ns
[2023-06-20T07:37:31.158+0000][71][gc,marking  ] GC(4) Concurrent Mark 30.438ms
[2023-06-20T07:37:31.159+0000][71][gc,marking  ] GC(4) Concurrent Rebuild Remembered Sets
[2023-06-20T07:37:31.173+0000][71][gc,marking  ] GC(4) Concurrent Rebuild Remembered Sets 14.138ms
[2023-06-20T07:37:31.186+0000][71][gc,start    ] GC(4) Pause Cleanup
[2023-06-20T07:37:31.187+0000][71][gc          ] GC(4) Pause Cleanup 17M->17M(256M) 1.193ms
[2023-06-20T07:37:31.188+0000][71][gc,cpu      ] GC(4) User=0.00s Sys=0.00s Real=0.01s
[2023-06-20T07:37:31.189+0000][71][safepoint   ] Safepoint "G1PauseCleanup", Time since last: 16627348 ns, Reaching safepoint: 11655130 ns, At safepoint: 3093177 ns, Total: 14748307 ns
[2023-06-20T07:37:31.193+0000][71][gc,marking  ] GC(4) Concurrent Cleanup for Next Mark
[2023-06-20T07:37:31.198+0000][71][gc,marking  ] GC(4) Concurrent Cleanup for Next Mark 4.053ms
[2023-06-20T07:37:31.198+0000][71][gc          ] GC(4) Concurrent Mark Cycle 107.974ms
[2023-06-20T07:37:32.114+0000][71][safepoint   ] Safepoint "ICBufferFull", Time since last: 925154697 ns, Reaching safepoint: 251760 ns, At safepoint: 3867 ns, Total: 255627 ns
[2023-06-20T07:37:32.174+0000][71][gc,start    ] GC(5) Pause Young (Normal) (G1 Evacuation Pause)
[2023-06-20T07:37:32.175+0000][71][gc,task     ] GC(5) Using 4 workers of 4 for evacuation
[2023-06-20T07:37:32.176+0000][71][gc,age      ] GC(5) Desired survivor size 10485760 bytes, new threshold 15 (max threshold 15)
[2023-06-20T07:37:32.192+0000][71][gc,phases   ] GC(5)   Pre Evacuate Collection Set: 0.2ms
[2023-06-20T07:37:32.194+0000][71][gc,phases   ] GC(5)   Merge Heap Roots: 0.2ms
[2023-06-20T07:37:32.194+0000][71][gc,phases   ] GC(5)   Evacuate Collection Set: 10.0ms
[2023-06-20T07:37:32.195+0000][71][gc,phases   ] GC(5)   Post Evacuate Collection Set: 5.2ms
[2023-06-20T07:37:32.196+0000][71][gc,phases   ] GC(5)   Other: 1.5ms
[2023-06-20T07:37:32.196+0000][71][gc,age      ] GC(5) Age table with threshold 15 (max threshold 15)
[2023-06-20T07:37:32.197+0000][71][gc,age      ] GC(5) - age   1:    5067608 bytes,    5067608 total
[2023-06-20T07:37:32.198+0000][71][gc,age      ] GC(5) - age   2:     984568 bytes,    6052176 total
[2023-06-20T07:37:32.198+0000][71][gc,age      ] GC(5) - age   3:    4308560 bytes,   10360736 total
[2023-06-20T07:37:32.199+0000][71][gc,heap     ] GC(5) Eden regions: 36->0(35)
[2023-06-20T07:37:32.200+0000][71][gc,heap     ] GC(5) Survivor regions: 2->3(5)
[2023-06-20T07:37:32.200+0000][71][gc,heap     ] GC(5) Old regions: 2->2
[2023-06-20T07:37:32.201+0000][71][gc,heap     ] GC(5) Archive regions: 2->2
[2023-06-20T07:37:32.201+0000][71][gc,heap     ] GC(5) Humongous regions: 0->0
[2023-06-20T07:37:32.202+0000][71][gc,metaspace] GC(5) Metaspace: 25233K(25728K)->25233K(25728K) NonClass: 22339K(22592K)->22339K(22592K) Class: 2894K(3136K)->2894K(3136K)
[2023-06-20T07:37:32.203+0000][71][gc          ] GC(5) Pause Young (Normal) (G1 Evacuation Pause) 159M->20M(256M) 28.242ms
[2023-06-20T07:37:32.204+0000][71][gc,cpu      ] GC(5) User=0.02s Sys=0.00s Real=0.03s
[2023-06-20T07:37:32.205+0000][71][safepoint   ] Safepoint "G1CollectForAllocation", Time since last: 60191114 ns, Reaching safepoint: 88907 ns, At safepoint: 30300842 ns, Total: 30389749 ns
[2023-06-20T07:37:32.648+0000][71][gc,start    ] GC(6) Pause Young (Normal) (G1 Evacuation Pause)
[2023-06-20T07:37:32.648+0000][71][gc,task     ] GC(6) Using 4 workers of 4 for evacuation
[2023-06-20T07:37:32.650+0000][71][gc,age      ] GC(6) Desired survivor size 10485760 bytes, new threshold 15 (max threshold 15)
[2023-06-20T07:37:32.664+0000][71][gc,phases   ] GC(6)   Pre Evacuate Collection Set: 0.1ms
[2023-06-20T07:37:32.665+0000][71][gc,phases   ] GC(6)   Merge Heap Roots: 0.1ms
[2023-06-20T07:37:32.666+0000][71][gc,phases   ] GC(6)   Evacuate Collection Set: 12.1ms
[2023-06-20T07:37:32.667+0000][71][gc,phases   ] GC(6)   Post Evacuate Collection Set: 0.6ms
[2023-06-20T07:37:32.667+0000][71][gc,phases   ] GC(6)   Other: 3.2ms
[2023-06-20T07:37:32.668+0000][71][gc,age      ] GC(6) Age table with threshold 15 (max threshold 15)
[2023-06-20T07:37:32.668+0000][71][gc,age      ] GC(6) - age   1:    2858048 bytes,    2858048 total
[2023-06-20T07:37:32.669+0000][71][gc,age      ] GC(6) - age   2:    4169888 bytes,    7027936 total
[2023-06-20T07:37:32.669+0000][71][gc,age      ] GC(6) - age   3:     984536 bytes,    8012472 total
[2023-06-20T07:37:32.670+0000][71][gc,age      ] GC(6) - age   4:    4308192 bytes,   12320664 total
[2023-06-20T07:37:32.671+0000][71][gc,heap     ] GC(6) Eden regions: 35->0(34)
[2023-06-20T07:37:32.671+0000][71][gc,heap     ] GC(6) Survivor regions: 3->4(5)
[2023-06-20T07:37:32.672+0000][71][gc,heap     ] GC(6) Old regions: 2->2
[2023-06-20T07:37:32.673+0000][71][gc,heap     ] GC(6) Archive regions: 2->2
[2023-06-20T07:37:32.674+0000][71][gc,heap     ] GC(6) Humongous regions: 0->0
[2023-06-20T07:37:32.674+0000][71][gc,metaspace] GC(6) Metaspace: 25619K(26176K)->25619K(26176K) NonClass: 22688K(22976K)->22688K(22976K) Class: 2931K(3200K)->2931K(3200K)
[2023-06-20T07:37:32.675+0000][71][gc          ] GC(6) Pause Young (Normal) (G1 Evacuation Pause) 160M->21M(256M) 27.729ms
[2023-06-20T07:37:32.676+0000][71][gc,cpu      ] GC(6) User=0.02s Sys=0.00s Real=0.02s
[2023-06-20T07:37:32.677+0000][71][safepoint   ] Safepoint "G1CollectForAllocation", Time since last: 442754846 ns, Reaching safepoint: 98595 ns, At safepoint: 29240696 ns, Total: 29339291 ns
[2023-06-20T07:37:33.013+0000][71][gc,start    ] GC(7) Pause Young (Normal) (G1 Evacuation Pause)
[2023-06-20T07:37:33.014+0000][71][gc,task     ] GC(7) Using 4 workers of 4 for evacuation
[2023-06-20T07:37:33.016+0000][71][gc,age      ] GC(7) Desired survivor size 10485760 bytes, new threshold 4 (max threshold 15)
[2023-06-20T07:37:33.033+0000][71][gc,phases   ] GC(7)   Pre Evacuate Collection Set: 0.1ms
[2023-06-20T07:37:33.033+0000][71][gc,phases   ] GC(7)   Merge Heap Roots: 0.0ms
[2023-06-20T07:37:33.034+0000][71][gc,phases   ] GC(7)   Evacuate Collection Set: 15.0ms
[2023-06-20T07:37:33.036+0000][71][gc,phases   ] GC(7)   Post Evacuate Collection Set: 0.7ms
[2023-06-20T07:37:33.037+0000][71][gc,phases   ] GC(7)   Other: 2.7ms
[2023-06-20T07:37:33.038+0000][71][gc,age      ] GC(7) Age table with threshold 4 (max threshold 15)
[2023-06-20T07:37:33.039+0000][71][gc,age      ] GC(7) - age   1:    1108728 bytes,    1108728 total
[2023-06-20T07:37:33.039+0000][71][gc,age      ] GC(7) - age   2:    2431312 bytes,    3540040 total
[2023-06-20T07:37:33.040+0000][71][gc,age      ] GC(7) - age   3:    4169744 bytes,    7709784 total
[2023-06-20T07:37:33.041+0000][71][gc,age      ] GC(7) - age   4:     984536 bytes,    8694320 total
[2023-06-20T07:37:33.042+0000][71][gc,heap     ] GC(7) Eden regions: 34->0(35)
[2023-06-20T07:37:33.043+0000][71][gc,heap     ] GC(7) Survivor regions: 4->3(5)
[2023-06-20T07:37:33.043+0000][71][gc,heap     ] GC(7) Old regions: 2->3
[2023-06-20T07:37:33.044+0000][71][gc,heap     ] GC(7) Archive regions: 2->2
[2023-06-20T07:37:33.045+0000][71][gc,heap     ] GC(7) Humongous regions: 0->0
[2023-06-20T07:37:33.047+0000][71][gc,metaspace] GC(7) Metaspace: 26090K(26688K)->26090K(26688K) NonClass: 23095K(23424K)->23095K(23424K) Class: 2995K(3264K)->2995K(3264K)
[2023-06-20T07:37:33.049+0000][71][gc          ] GC(7) Pause Young (Normal) (G1 Evacuation Pause) 157M->23M(256M) 36.251ms
[2023-06-20T07:37:33.050+0000][71][gc,cpu      ] GC(7) User=0.03s Sys=0.00s Real=0.04s
[2023-06-20T07:37:33.051+0000][71][safepoint   ] Safepoint "G1CollectForAllocation", Time since last: 335949710 ns, Reaching safepoint: 252923 ns, At safepoint: 38041657 ns, Total: 38294580 ns
[2023-06-20T07:37:33.928+0000][71][gc,start    ] GC(8) Pause Young (Normal) (G1 Evacuation Pause)
[2023-06-20T07:37:33.929+0000][71][gc,task     ] GC(8) Using 4 workers of 4 for evacuation
[2023-06-20T07:37:33.931+0000][71][gc,age      ] GC(8) Desired survivor size 10485760 bytes, new threshold 15 (max threshold 15)
[2023-06-20T07:37:33.946+0000][71][gc,phases   ] GC(8)   Pre Evacuate Collection Set: 0.1ms
[2023-06-20T07:37:33.946+0000][71][gc,phases   ] GC(8)   Merge Heap Roots: 0.0ms
[2023-06-20T07:37:33.948+0000][71][gc,phases   ] GC(8)   Evacuate Collection Set: 13.2ms
[2023-06-20T07:37:33.949+0000][71][gc,phases   ] GC(8)   Post Evacuate Collection Set: 0.7ms
[2023-06-20T07:37:33.950+0000][71][gc,phases   ] GC(8)   Other: 2.3ms
[2023-06-20T07:37:33.950+0000][71][gc,age      ] GC(8) Age table with threshold 15 (max threshold 15)
[2023-06-20T07:37:33.951+0000][71][gc,age      ] GC(8) - age   1:    4195248 bytes,    4195248 total
[2023-06-20T07:37:33.952+0000][71][gc,age      ] GC(8) - age   2:     375392 bytes,    4570640 total
[2023-06-20T07:37:33.953+0000][71][gc,age      ] GC(8) - age   3:    2431312 bytes,    7001952 total
[2023-06-20T07:37:33.954+0000][71][gc,age      ] GC(8) - age   4:    4164720 bytes,   11166672 total
[2023-06-20T07:37:33.955+0000][71][gc,age      ] GC(8) - age   5:     983624 bytes,   12150296 total
[2023-06-20T07:37:33.956+0000][71][gc,heap     ] GC(8) Eden regions: 35->0(34)
[2023-06-20T07:37:33.956+0000][71][gc,heap     ] GC(8) Survivor regions: 3->4(5)
[2023-06-20T07:37:33.957+0000][71][gc,heap     ] GC(8) Old regions: 3->3
[2023-06-20T07:37:33.958+0000][71][gc,heap     ] GC(8) Archive regions: 2->2
[2023-06-20T07:37:33.958+0000][71][gc,heap     ] GC(8) Humongous regions: 0->0
[2023-06-20T07:37:33.959+0000][71][gc,metaspace] GC(8) Metaspace: 32123K(32768K)->32123K(32768K) NonClass: 28473K(28800K)->28473K(28800K) Class: 3650K(3968K)->3650K(3968K)
[2023-06-20T07:37:33.960+0000][71][gc          ] GC(8) Pause Young (Normal) (G1 Evacuation Pause) 163M->26M(256M) 31.380ms
[2023-06-20T07:37:33.961+0000][71][gc,cpu      ] GC(8) User=0.02s Sys=0.00s Real=0.03s
[2023-06-20T07:37:33.962+0000][71][safepoint   ] Safepoint "G1CollectForAllocation", Time since last: 877176472 ns, Reaching safepoint: 252274 ns, At safepoint: 33261316 ns, Total: 33513590 ns
[2023-06-20T07:37:34.215+0000][71][gc,start    ] GC(9) Pause Young (Normal) (G1 Evacuation Pause)
[2023-06-20T07:37:34.216+0000][71][gc,task     ] GC(9) Using 4 workers of 4 for evacuation
[2023-06-20T07:37:34.217+0000][71][gc,age      ] GC(9) Desired survivor size 10485760 bytes, new threshold 4 (max threshold 15)
[2023-06-20T07:37:34.229+0000][71][gc,phases   ] GC(9)   Pre Evacuate Collection Set: 0.2ms
[2023-06-20T07:37:34.230+0000][71][gc,phases   ] GC(9)   Merge Heap Roots: 0.1ms
[2023-06-20T07:37:34.232+0000][71][gc,phases   ] GC(9)   Evacuate Collection Set: 10.6ms
[2023-06-20T07:37:34.232+0000][71][gc,phases   ] GC(9)   Post Evacuate Collection Set: 0.6ms
[2023-06-20T07:37:34.233+0000][71][gc,phases   ] GC(9)   Other: 1.5ms
[2023-06-20T07:37:34.234+0000][71][gc,age      ] GC(9) Age table with threshold 4 (max threshold 15)
[2023-06-20T07:37:34.235+0000][71][gc,age      ] GC(9) - age   1:    2144200 bytes,    2144200 total
[2023-06-20T07:37:34.236+0000][71][gc,age      ] GC(9) - age   2:    3279824 bytes,    5424024 total
[2023-06-20T07:37:34.237+0000][71][gc,age      ] GC(9) - age   3:     375392 bytes,    5799416 total
[2023-06-20T07:37:34.238+0000][71][gc,age      ] GC(9) - age   4:    2431280 bytes,    8230696 total
[2023-06-20T07:37:34.238+0000][71][gc,heap     ] GC(9) Eden regions: 34->0(35)
[2023-06-20T07:37:34.239+0000][71][gc,heap     ] GC(9) Survivor regions: 4->3(5)
[2023-06-20T07:37:34.240+0000][71][gc,heap     ] GC(9) Old regions: 3->4
[2023-06-20T07:37:34.240+0000][71][gc,heap     ] GC(9) Archive regions: 2->2
[2023-06-20T07:37:34.241+0000][71][gc,heap     ] GC(9) Humongous regions: 0->0
[2023-06-20T07:37:34.242+0000][71][gc,metaspace] GC(9) Metaspace: 32242K(33024K)->32242K(33024K) NonClass: 28569K(28992K)->28569K(28992K) Class: 3672K(4032K)->3672K(4032K)
[2023-06-20T07:37:34.243+0000][71][gc          ] GC(9) Pause Young (Normal) (G1 Evacuation Pause) 162M->27M(256M) 27.678ms
[2023-06-20T07:37:34.243+0000][71][gc,cpu      ] GC(9) User=0.01s Sys=0.01s Real=0.03s
[2023-06-20T07:37:34.244+0000][71][safepoint   ] Safepoint "G1CollectForAllocation", Time since last: 253242576 ns, Reaching safepoint: 118864 ns, At safepoint: 29157738 ns, Total: 29276602 ns
[2023-06-20T07:37:34.857+0000][71][safepoint   ] Safepoint "ICBufferFull", Time since last: 612805631 ns, Reaching safepoint: 292794 ns, At safepoint: 4337 ns, Total: 297131 ns
[2023-06-20T07:37:34.912+0000][71][gc,start    ] GC(10) Pause Young (Normal) (G1 Evacuation Pause)
[2023-06-20T07:37:34.913+0000][71][gc,task     ] GC(10) Using 4 workers of 4 for evacuation
[2023-06-20T07:37:34.914+0000][71][gc,age      ] GC(10) Desired survivor size 10485760 bytes, new threshold 15 (max threshold 15)
[2023-06-20T07:37:34.923+0000][71][gc,phases   ] GC(10)   Pre Evacuate Collection Set: 0.2ms
[2023-06-20T07:37:34.924+0000][71][gc,phases   ] GC(10)   Merge Heap Roots: 0.0ms
[2023-06-20T07:37:34.925+0000][71][gc,phases   ] GC(10)   Evacuate Collection Set: 7.3ms
[2023-06-20T07:37:34.925+0000][71][gc,phases   ] GC(10)   Post Evacuate Collection Set: 0.8ms
[2023-06-20T07:37:34.926+0000][71][gc,phases   ] GC(10)   Other: 1.8ms
[2023-06-20T07:37:34.927+0000][71][gc,age      ] GC(10) Age table with threshold 15 (max threshold 15)
[2023-06-20T07:37:34.927+0000][71][gc,age      ] GC(10) - age   1:    3337056 bytes,    3337056 total
[2023-06-20T07:37:34.928+0000][71][gc,age      ] GC(10) - age   2:    1460456 bytes,    4797512 total
[2023-06-20T07:37:34.928+0000][71][gc,age      ] GC(10) - age   3:    3279792 bytes,    8077304 total
[2023-06-20T07:37:34.929+0000][71][gc,age      ] GC(10) - age   4:     374744 bytes,    8452048 total
[2023-06-20T07:37:34.932+0000][71][gc,age      ] GC(10) - age   5:    2430672 bytes,   10882720 total
[2023-06-20T07:37:34.933+0000][71][gc,heap     ] GC(10) Eden regions: 35->0(35)
[2023-06-20T07:37:34.934+0000][71][gc,heap     ] GC(10) Survivor regions: 3->3(5)
[2023-06-20T07:37:34.934+0000][71][gc,heap     ] GC(10) Old regions: 4->4
[2023-06-20T07:37:34.935+0000][71][gc,heap     ] GC(10) Archive regions: 2->2
[2023-06-20T07:37:34.936+0000][71][gc,heap     ] GC(10) Humongous regions: 0->0
[2023-06-20T07:37:34.936+0000][71][gc,metaspace] GC(10) Metaspace: 33686K(34496K)->33686K(34496K) NonClass: 29839K(30272K)->29839K(30272K) Class: 3846K(4224K)->3846K(4224K)
[2023-06-20T07:37:34.937+0000][71][gc          ] GC(10) Pause Young (Normal) (G1 Evacuation Pause) 167M->29M(256M) 25.101ms
[2023-06-20T07:37:34.938+0000][71][gc,cpu      ] GC(10) User=0.02s Sys=0.00s Real=0.03s
[2023-06-20T07:37:34.938+0000][71][safepoint   ] Safepoint "G1CollectForAllocation", Time since last: 54525703 ns, Reaching safepoint: 90006 ns, At safepoint: 26573725 ns, Total: 26663731 ns
[2023-06-20T07:37:35.303+0000][71][gc,start    ] GC(11) Pause Young (Normal) (G1 Evacuation Pause)
[2023-06-20T07:37:35.304+0000][71][gc,task     ] GC(11) Using 4 workers of 4 for evacuation
[2023-06-20T07:37:35.305+0000][71][gc,age      ] GC(11) Desired survivor size 10485760 bytes, new threshold 5 (max threshold 15)
[2023-06-20T07:37:35.327+0000][71][gc,phases   ] GC(11)   Pre Evacuate Collection Set: 0.1ms
[2023-06-20T07:37:35.328+0000][71][gc,phases   ] GC(11)   Merge Heap Roots: 0.1ms
[2023-06-20T07:37:35.329+0000][71][gc,phases   ] GC(11)   Evacuate Collection Set: 19.6ms
[2023-06-20T07:37:35.330+0000][71][gc,phases   ] GC(11)   Post Evacuate Collection Set: 1.7ms
[2023-06-20T07:37:35.331+0000][71][gc,phases   ] GC(11)   Other: 1.7ms
[2023-06-20T07:37:35.331+0000][71][gc,age      ] GC(11) Age table with threshold 5 (max threshold 15)
[2023-06-20T07:37:35.332+0000][71][gc,age      ] GC(11) - age   1:    2962440 bytes,    2962440 total
[2023-06-20T07:37:35.334+0000][71][gc,age      ] GC(11) - age   2:    3124872 bytes,    6087312 total
[2023-06-20T07:37:35.334+0000][71][gc,age      ] GC(11) - age   3:    1460424 bytes,    7547736 total
[2023-06-20T07:37:35.335+0000][71][gc,age      ] GC(11) - age   4:    3279792 bytes,   10827528 total
[2023-06-20T07:37:35.336+0000][71][gc,age      ] GC(11) - age   5:     374744 bytes,   11202272 total
[2023-06-20T07:37:35.336+0000][71][gc,heap     ] GC(11) Eden regions: 35->0(35)
[2023-06-20T07:37:35.337+0000][71][gc,heap     ] GC(11) Survivor regions: 3->3(5)
[2023-06-20T07:37:35.338+0000][71][gc,heap     ] GC(11) Old regions: 4->5
[2023-06-20T07:37:35.339+0000][71][gc,heap     ] GC(11) Archive regions: 2->2
[2023-06-20T07:37:35.340+0000][71][gc,heap     ] GC(11) Humongous regions: 0->0
[2023-06-20T07:37:35.340+0000][71][gc,metaspace] GC(11) Metaspace: 34140K(35008K)->34140K(35008K) NonClass: 30228K(30720K)->30228K(30720K) Class: 3912K(4288K)->3912K(4288K)
[2023-06-20T07:37:35.341+0000][71][gc          ] GC(11) Pause Young (Normal) (G1 Evacuation Pause) 169M->32M(256M) 37.670ms
[2023-06-20T07:37:35.342+0000][71][gc,cpu      ] GC(11) User=0.03s Sys=0.01s Real=0.04s
[2023-06-20T07:37:35.342+0000][71][safepoint   ] Safepoint "G1CollectForAllocation", Time since last: 364752102 ns, Reaching safepoint: 101615 ns, At safepoint: 39141904 ns, Total: 39243519 ns
[2023-06-20T07:37:35.757+0000][71][gc,start    ] GC(12) Pause Young (Normal) (G1 Evacuation Pause)
[2023-06-20T07:37:35.758+0000][71][gc,task     ] GC(12) Using 4 workers of 4 for evacuation
[2023-06-20T07:37:35.759+0000][71][gc,age      ] GC(12) Desired survivor size 10485760 bytes, new threshold 4 (max threshold 15)
[2023-06-20T07:37:35.774+0000][71][gc,phases   ] GC(12)   Pre Evacuate Collection Set: 0.1ms
[2023-06-20T07:37:35.775+0000][71][gc,phases   ] GC(12)   Merge Heap Roots: 0.0ms
[2023-06-20T07:37:35.775+0000][71][gc,phases   ] GC(12)   Evacuate Collection Set: 13.5ms
[2023-06-20T07:37:35.776+0000][71][gc,phases   ] GC(12)   Post Evacuate Collection Set: 0.5ms
[2023-06-20T07:37:35.777+0000][71][gc,phases   ] GC(12)   Other: 1.7ms
[2023-06-20T07:37:35.777+0000][71][gc,age      ] GC(12) Age table with threshold 4 (max threshold 15)
[2023-06-20T07:37:35.778+0000][71][gc,age      ] GC(12) - age   1:    1404360 bytes,    1404360 total
[2023-06-20T07:37:35.779+0000][71][gc,age      ] GC(12) - age   2:    2367456 bytes,    3771816 total
[2023-06-20T07:37:35.779+0000][71][gc,age      ] GC(12) - age   3:    3124752 bytes,    6896568 total
[2023-06-20T07:37:35.780+0000][71][gc,age      ] GC(12) - age   4:    1460424 bytes,    8356992 total
[2023-06-20T07:37:35.780+0000][71][gc,heap     ] GC(12) Eden regions: 35->0(35)
[2023-06-20T07:37:35.781+0000][71][gc,heap     ] GC(12) Survivor regions: 3->3(5)
[2023-06-20T07:37:35.781+0000][71][gc,heap     ] GC(12) Old regions: 5->6
[2023-06-20T07:37:35.782+0000][71][gc,heap     ] GC(12) Archive regions: 2->2
[2023-06-20T07:37:35.783+0000][71][gc,heap     ] GC(12) Humongous regions: 0->0
[2023-06-20T07:37:35.783+0000][71][gc,metaspace] GC(12) Metaspace: 34557K(35392K)->34557K(35392K) NonClass: 30597K(31040K)->30597K(31040K) Class: 3959K(4352K)->3959K(4352K)
[2023-06-20T07:37:35.784+0000][71][gc          ] GC(12) Pause Young (Normal) (G1 Evacuation Pause) 172M->33M(256M) 27.353ms
[2023-06-20T07:37:35.785+0000][71][gc,cpu      ] GC(12) User=0.02s Sys=0.00s Real=0.03s
[2023-06-20T07:37:35.786+0000][71][safepoint   ] Safepoint "G1CollectForAllocation", Time since last: 414061276 ns, Reaching safepoint: 68321 ns, At safepoint: 28959739 ns, Total: 29028060 ns
[2023-06-20T07:37:36.048+0000][71][gc,start    ] GC(13) Pause Young (Concurrent Start) (Metadata GC Threshold)
[2023-06-20T07:37:36.048+0000][71][gc,task     ] GC(13) Using 4 workers of 4 for evacuation
[2023-06-20T07:37:36.049+0000][71][gc,age      ] GC(13) Desired survivor size 10485760 bytes, new threshold 15 (max threshold 15)
[2023-06-20T07:37:36.064+0000][71][gc,phases   ] GC(13)   Pre Evacuate Collection Set: 0.2ms
[2023-06-20T07:37:36.065+0000][71][gc,phases   ] GC(13)   Merge Heap Roots: 0.0ms
[2023-06-20T07:37:36.065+0000][71][gc,phases   ] GC(13)   Evacuate Collection Set: 9.9ms
[2023-06-20T07:37:36.066+0000][71][gc,phases   ] GC(13)   Post Evacuate Collection Set: 4.1ms
[2023-06-20T07:37:36.067+0000][71][gc,phases   ] GC(13)   Other: 1.1ms
[2023-06-20T07:37:36.067+0000][71][gc,age      ] GC(13) Age table with threshold 15 (max threshold 15)
[2023-06-20T07:37:36.068+0000][71][gc,age      ] GC(13) - age   1:     578176 bytes,     578176 total
[2023-06-20T07:37:36.068+0000][71][gc,age      ] GC(13) - age   2:     718328 bytes,    1296504 total
[2023-06-20T07:37:36.069+0000][71][gc,age      ] GC(13) - age   3:    2367320 bytes,    3663824 total
[2023-06-20T07:37:36.070+0000][71][gc,age      ] GC(13) - age   4:    3124560 bytes,    6788384 total
[2023-06-20T07:37:36.071+0000][71][gc,age      ] GC(13) - age   5:    1460320 bytes,    8248704 total
[2023-06-20T07:37:36.071+0000][71][gc,heap     ] GC(13) Eden regions: 9->0(35)
[2023-06-20T07:37:36.072+0000][71][gc,heap     ] GC(13) Survivor regions: 3->3(5)
[2023-06-20T07:37:36.073+0000][71][gc,heap     ] GC(13) Old regions: 6->6
[2023-06-20T07:37:36.074+0000][71][gc,heap     ] GC(13) Archive regions: 2->2
[2023-06-20T07:37:36.075+0000][71][gc,heap     ] GC(13) Humongous regions: 0->0
[2023-06-20T07:37:36.076+0000][71][gc,metaspace] GC(13) Metaspace: 35244K(36096K)->35244K(36096K) NonClass: 31211K(31680K)->31211K(31680K) Class: 4032K(4416K)->4032K(4416K)
[2023-06-20T07:37:36.077+0000][71][gc          ] GC(13) Pause Young (Concurrent Start) (Metadata GC Threshold) 67M->32M(256M) 29.076ms
[2023-06-20T07:37:36.077+0000][71][gc,cpu      ] GC(13) User=0.01s Sys=0.00s Real=0.02s
[2023-06-20T07:37:36.077+0000][71][gc          ] GC(14) Concurrent Mark Cycle
[2023-06-20T07:37:36.079+0000][71][gc,marking  ] GC(14) Concurrent Clear Claimed Marks
[2023-06-20T07:37:36.078+0000][71][safepoint   ] Safepoint "CollectForMetadataAllocation", Time since last: 261997684 ns, Reaching safepoint: 88475 ns, At safepoint: 30759084 ns, Total: 30847559 ns
[2023-06-20T07:37:36.080+0000][71][gc,marking  ] GC(14) Concurrent Clear Claimed Marks 1.285ms
[2023-06-20T07:37:36.082+0000][71][gc,marking  ] GC(14) Concurrent Scan Root Regions
[2023-06-20T07:37:36.092+0000][71][gc,marking  ] GC(14) Concurrent Scan Root Regions 9.769ms
[2023-06-20T07:37:36.092+0000][71][gc,marking  ] GC(14) Concurrent Mark
[2023-06-20T07:37:36.093+0000][71][gc,marking  ] GC(14) Concurrent Mark From Roots
[2023-06-20T07:37:36.094+0000][71][gc,task     ] GC(14) Using 1 workers of 1 for marking
[2023-06-20T07:37:36.144+0000][71][gc,marking  ] GC(14) Concurrent Mark From Roots 51.271ms
[2023-06-20T07:37:36.145+0000][71][gc,marking  ] GC(14) Concurrent Preclean
[2023-06-20T07:37:36.146+0000][71][gc,marking  ] GC(14) Concurrent Preclean 0.874ms
[2023-06-20T07:37:36.150+0000][71][gc,start    ] GC(14) Pause Remark
[2023-06-20T07:37:36.163+0000][71][gc          ] GC(14) Pause Remark 34M->34M(256M) 12.548ms
[2023-06-20T07:37:36.164+0000][71][gc,cpu      ] GC(14) User=0.01s Sys=0.00s Real=0.01s
[2023-06-20T07:37:36.165+0000][71][safepoint   ] Safepoint "G1PauseRemark", Time since last: 68651892 ns, Reaching safepoint: 3314390 ns, At safepoint: 14502372 ns, Total: 17816762 ns
[2023-06-20T07:37:36.166+0000][71][gc,marking  ] GC(14) Concurrent Mark 73.363ms
[2023-06-20T07:37:36.166+0000][71][gc,marking  ] GC(14) Concurrent Rebuild Remembered Sets
[2023-06-20T07:37:36.181+0000][71][gc,marking  ] GC(14) Concurrent Rebuild Remembered Sets 14.424ms
[2023-06-20T07:37:36.186+0000][71][gc,start    ] GC(14) Pause Cleanup
[2023-06-20T07:37:36.187+0000][71][gc          ] GC(14) Pause Cleanup 34M->34M(256M) 0.852ms
[2023-06-20T07:37:36.188+0000][71][gc,cpu      ] GC(14) User=0.00s Sys=0.00s Real=0.01s
[2023-06-20T07:37:36.188+0000][71][safepoint   ] Safepoint "G1PauseCleanup", Time since last: 16906719 ns, Reaching safepoint: 4474529 ns, At safepoint: 2192525 ns, Total: 6667054 ns
[2023-06-20T07:37:36.192+0000][71][gc,marking  ] GC(14) Concurrent Cleanup for Next Mark
[2023-06-20T07:37:36.194+0000][71][gc,marking  ] GC(14) Concurrent Cleanup for Next Mark 2.651ms
[2023-06-20T07:37:36.195+0000][71][gc          ] GC(14) Concurrent Mark Cycle 118.051ms
[2023-06-20T07:37:37.984+0000][71][safepoint   ] Safepoint "ICBufferFull", Time since last: 1795336081 ns, Reaching safepoint: 478391 ns, At safepoint: 9959 ns, Total: 488350 ns
[2023-06-20T07:37:38.927+0000][71][gc,start    ] GC(15) Pause Young (Normal) (G1 Evacuation Pause)
[2023-06-20T07:37:38.929+0000][71][gc,task     ] GC(15) Using 4 workers of 4 for evacuation
[2023-06-20T07:37:38.929+0000][71][gc,age      ] GC(15) Desired survivor size 10485760 bytes, new threshold 15 (max threshold 15)
[2023-06-20T07:37:38.981+0000][71][gc,phases   ] GC(15)   Pre Evacuate Collection Set: 0.1ms
[2023-06-20T07:37:38.982+0000][71][gc,phases   ] GC(15)   Merge Heap Roots: 0.1ms
[2023-06-20T07:37:38.988+0000][71][gc,phases   ] GC(15)   Evacuate Collection Set: 49.7ms
[2023-06-20T07:37:38.988+0000][71][gc,phases   ] GC(15)   Post Evacuate Collection Set: 1.0ms
[2023-06-20T07:37:38.989+0000][71][gc,phases   ] GC(15)   Other: 1.4ms
[2023-06-20T07:37:38.989+0000][71][gc,age      ] GC(15) Age table with threshold 15 (max threshold 15)
[2023-06-20T07:37:38.990+0000][71][gc,age      ] GC(15) - age   1:   11499328 bytes,   11499328 total
[2023-06-20T07:37:38.991+0000][71][gc,age      ] GC(15) - age   2:     552144 bytes,   12051472 total
[2023-06-20T07:37:38.992+0000][71][gc,age      ] GC(15) - age   3:     710976 bytes,   12762448 total
[2023-06-20T07:37:38.993+0000][71][gc,age      ] GC(15) - age   4:    2360208 bytes,   15122656 total
[2023-06-20T07:37:38.999+0000][71][gc,age      ] GC(15) - age   5:    3105656 bytes,   18228312 total
[2023-06-20T07:37:38.999+0000][71][gc,age      ] GC(15) - age   6:    1452384 bytes,   19680696 total
[2023-06-20T07:37:39.000+0000][71][gc,heap     ] GC(15) Eden regions: 35->0(33)
[2023-06-20T07:37:39.001+0000][71][gc,heap     ] GC(15) Survivor regions: 3->5(5)
[2023-06-20T07:37:39.001+0000][71][gc,heap     ] GC(15) Old regions: 6->6
[2023-06-20T07:37:39.006+0000][71][gc,heap     ] GC(15) Archive regions: 2->2
[2023-06-20T07:37:39.007+0000][71][gc,heap     ] GC(15) Humongous regions: 0->0
[2023-06-20T07:37:39.008+0000][71][gc,metaspace] GC(15) Metaspace: 43899K(45184K)->43899K(45184K) NonClass: 38679K(39424K)->38679K(39424K) Class: 5219K(5760K)->5219K(5760K)
[2023-06-20T07:37:39.008+0000][71][gc          ] GC(15) Pause Young (Normal) (G1 Evacuation Pause) 172M->44M(256M) 81.038ms
[2023-06-20T07:37:39.019+0000][71][gc,cpu      ] GC(15) User=0.06s Sys=0.00s Real=0.10s
[2023-06-20T07:37:39.020+0000][71][safepoint   ] Safepoint "G1CollectForAllocation", Time since last: 943084707 ns, Reaching safepoint: 104907 ns, At safepoint: 92405444 ns, Total: 92510351 ns
[2023-06-20T07:37:40.550+0000][71][gc,start    ] GC(16) Pause Young (Normal) (G1 Evacuation Pause)
[2023-06-20T07:37:40.553+0000][71][gc,task     ] GC(16) Using 4 workers of 4 for evacuation
[2023-06-20T07:37:40.553+0000][71][gc,age      ] GC(16) Desired survivor size 10485760 bytes, new threshold 1 (max threshold 15)
[2023-06-20T07:37:40.606+0000][71][gc,phases   ] GC(16)   Pre Evacuate Collection Set: 3.3ms
[2023-06-20T07:37:40.607+0000][71][gc,phases   ] GC(16)   Merge Heap Roots: 0.5ms
[2023-06-20T07:37:40.607+0000][71][gc,phases   ] GC(16)   Evacuate Collection Set: 40.7ms
[2023-06-20T07:37:40.608+0000][71][gc,phases   ] GC(16)   Post Evacuate Collection Set: 7.1ms
[2023-06-20T07:37:40.609+0000][71][gc,phases   ] GC(16)   Other: 1.7ms
[2023-06-20T07:37:40.609+0000][71][gc,age      ] GC(16) Age table with threshold 1 (max threshold 15)
[2023-06-20T07:37:40.610+0000][71][gc,age      ] GC(16) - age   1:    7012344 bytes,    7012344 total
[2023-06-20T07:37:40.610+0000][71][gc,heap     ] GC(16) Eden regions: 33->0(34)
[2023-06-20T07:37:40.611+0000][71][gc,heap     ] GC(16) Survivor regions: 5->3(5)
[2023-06-20T07:37:40.612+0000][71][gc,heap     ] GC(16) Old regions: 6->10
[2023-06-20T07:37:40.613+0000][71][gc,heap     ] GC(16) Archive regions: 2->2
[2023-06-20T07:37:40.613+0000][71][gc,heap     ] GC(16) Humongous regions: 0->0
[2023-06-20T07:37:40.614+0000][71][gc,metaspace] GC(16) Metaspace: 44142K(45504K)->44142K(45504K) NonClass: 38887K(39680K)->38887K(39680K) Class: 5255K(5824K)->5255K(5824K)
[2023-06-20T07:37:40.614+0000][71][gc          ] GC(16) Pause Young (Normal) (G1 Evacuation Pause) 176M->51M(256M) 64.587ms
[2023-06-20T07:37:40.615+0000][71][gc,cpu      ] GC(16) User=0.07s Sys=0.00s Real=0.06s
[2023-06-20T07:37:40.616+0000][71][safepoint   ] Safepoint "G1CollectForAllocation", Time since last: 1529837346 ns, Reaching safepoint: 215990 ns, At safepoint: 66119840 ns, Total: 66335830 ns
[2023-06-20T07:37:42.257+0000][71][safepoint   ] Safepoint "Cleanup", Time since last: 1640031330 ns, Reaching safepoint: 500392 ns, At safepoint: 8921 ns, Total: 509313 ns
[2023-06-20T07:37:43.023+0000][71][gc,start    ] GC(17) Pause Young (Normal) (G1 Evacuation Pause)
[2023-06-20T07:37:43.024+0000][71][gc,task     ] GC(17) Using 4 workers of 4 for evacuation
[2023-06-20T07:37:43.026+0000][71][gc,age      ] GC(17) Desired survivor size 10485760 bytes, new threshold 15 (max threshold 15)
[2023-06-20T07:37:43.056+0000][71][gc,phases   ] GC(17)   Pre Evacuate Collection Set: 0.2ms
[2023-06-20T07:37:43.058+0000][71][gc,phases   ] GC(17)   Merge Heap Roots: 0.1ms
[2023-06-20T07:37:43.060+0000][71][gc,phases   ] GC(17)   Evacuate Collection Set: 18.7ms
[2023-06-20T07:37:43.061+0000][71][gc,phases   ] GC(17)   Post Evacuate Collection Set: 9.1ms
[2023-06-20T07:37:43.062+0000][71][gc,phases   ] GC(17)   Other: 3.3ms
[2023-06-20T07:37:43.063+0000][71][gc,age      ] GC(17) Age table with threshold 15 (max threshold 15)
[2023-06-20T07:37:43.063+0000][71][gc,age      ] GC(17) - age   1:    4992656 bytes,    4992656 total
[2023-06-20T07:37:43.064+0000][71][gc,age      ] GC(17) - age   2:    6572032 bytes,   11564688 total
[2023-06-20T07:37:43.064+0000][71][gc,heap     ] GC(17) Eden regions: 34->0(34)
[2023-06-20T07:37:43.065+0000][71][gc,heap     ] GC(17) Survivor regions: 3->3(5)
[2023-06-20T07:37:43.066+0000][71][gc,heap     ] GC(17) Old regions: 10->10
[2023-06-20T07:37:43.066+0000][71][gc,heap     ] GC(17) Archive regions: 2->2
[2023-06-20T07:37:43.067+0000][71][gc,heap     ] GC(17) Humongous regions: 0->0
[2023-06-20T07:37:43.067+0000][71][gc,metaspace] GC(17) Metaspace: 52065K(53376K)->52065K(53376K) NonClass: 45764K(46528K)->45764K(46528K) Class: 6300K(6848K)->6300K(6848K)
[2023-06-20T07:37:43.068+0000][71][gc          ] GC(17) Pause Young (Normal) (G1 Evacuation Pause) 187M->54M(256M) 45.107ms
[2023-06-20T07:37:43.069+0000][71][gc,cpu      ] GC(17) User=0.02s Sys=0.00s Real=0.05s
[2023-06-20T07:37:43.069+0000][71][safepoint   ] Safepoint "G1CollectForAllocation", Time since last: 758320670 ns, Reaching safepoint: 8009323 ns, At safepoint: 46368034 ns, Total: 54377357 ns
[2023-06-20T07:37:43.767+0000][71][gc,start    ] GC(18) Pause Young (Concurrent Start) (Metadata GC Threshold)
[2023-06-20T07:37:43.768+0000][71][gc,task     ] GC(18) Using 4 workers of 4 for evacuation
[2023-06-20T07:37:43.769+0000][71][gc,age      ] GC(18) Desired survivor size 10485760 bytes, new threshold 2 (max threshold 15)
[2023-06-20T07:37:43.781+0000][71][gc,phases   ] GC(18)   Pre Evacuate Collection Set: 0.2ms
[2023-06-20T07:37:43.782+0000][71][gc,phases   ] GC(18)   Merge Heap Roots: 0.1ms
[2023-06-20T07:37:43.783+0000][71][gc,phases   ] GC(18)   Evacuate Collection Set: 11.0ms
[2023-06-20T07:37:43.783+0000][71][gc,phases   ] GC(18)   Post Evacuate Collection Set: 0.9ms
[2023-06-20T07:37:43.784+0000][71][gc,phases   ] GC(18)   Other: 1.5ms
[2023-06-20T07:37:43.785+0000][71][gc,age      ] GC(18) Age table with threshold 2 (max threshold 15)
[2023-06-20T07:37:43.786+0000][71][gc,age      ] GC(18) - age   1:    2636696 bytes,    2636696 total
[2023-06-20T07:37:43.786+0000][71][gc,age      ] GC(18) - age   2:    4803528 bytes,    7440224 total
[2023-06-20T07:37:43.787+0000][71][gc,heap     ] GC(18) Eden regions: 10->0(33)
[2023-06-20T07:37:43.787+0000][71][gc,heap     ] GC(18) Survivor regions: 3->2(5)
[2023-06-20T07:37:43.788+0000][71][gc,heap     ] GC(18) Old regions: 10->12
[2023-06-20T07:37:43.789+0000][71][gc,heap     ] GC(18) Archive regions: 2->2
[2023-06-20T07:37:43.789+0000][71][gc,heap     ] GC(18) Humongous regions: 0->0
[2023-06-20T07:37:43.790+0000][71][gc,metaspace] GC(18) Metaspace: 58996K(60288K)->58996K(60288K) NonClass: 51682K(52416K)->51682K(52416K) Class: 7314K(7872K)->7314K(7872K)
[2023-06-20T07:37:43.791+0000][71][gc          ] GC(18) Pause Young (Concurrent Start) (Metadata GC Threshold) 94M->57M(256M) 23.611ms
[2023-06-20T07:37:43.791+0000][71][gc,cpu      ] GC(18) User=0.02s Sys=0.01s Real=0.02s
[2023-06-20T07:37:43.791+0000][71][gc          ] GC(19) Concurrent Mark Cycle
[2023-06-20T07:37:43.795+0000][71][safepoint   ] Safepoint "CollectForMetadataAllocation", Time since last: 719603854 ns, Reaching safepoint: 85112 ns, At safepoint: 28031549 ns, Total: 28116661 ns
[2023-06-20T07:37:43.796+0000][71][gc,marking  ] GC(19) Concurrent Clear Claimed Marks
[2023-06-20T07:37:43.797+0000][71][gc,marking  ] GC(19) Concurrent Clear Claimed Marks 1.770ms
[2023-06-20T07:37:43.798+0000][71][gc,marking  ] GC(19) Concurrent Scan Root Regions
[2023-06-20T07:37:43.820+0000][71][gc,marking  ] GC(19) Concurrent Scan Root Regions 21.711ms
[2023-06-20T07:37:43.821+0000][71][gc,marking  ] GC(19) Concurrent Mark
[2023-06-20T07:37:43.822+0000][71][gc,marking  ] GC(19) Concurrent Mark From Roots
[2023-06-20T07:37:43.823+0000][71][gc,task     ] GC(19) Using 1 workers of 1 for marking
[2023-06-20T07:37:43.882+0000][71][safepoint   ] Safepoint "CollectForMetadataAllocation", Time since last: 86432616 ns, Reaching safepoint: 89858 ns, At safepoint: 59812 ns, Total: 149670 ns
[2023-06-20T07:37:43.901+0000][71][gc,marking  ] GC(19) Concurrent Mark From Roots 78.461ms
[2023-06-20T07:37:43.902+0000][71][gc,marking  ] GC(19) Concurrent Preclean
[2023-06-20T07:37:43.903+0000][71][gc,marking  ] GC(19) Concurrent Preclean 1.106ms
[2023-06-20T07:37:43.911+0000][71][gc,start    ] GC(19) Pause Remark
[2023-06-20T07:37:43.918+0000][71][gc          ] GC(19) Pause Remark 61M->61M(256M) 7.364ms
[2023-06-20T07:37:43.919+0000][71][gc,cpu      ] GC(19) User=0.01s Sys=0.00s Real=0.01s
[2023-06-20T07:37:43.920+0000][71][safepoint   ] Safepoint "G1PauseRemark", Time since last: 28957066 ns, Reaching safepoint: 285198 ns, At safepoint: 8756514 ns, Total: 9041712 ns
[2023-06-20T07:37:43.925+0000][71][gc,marking  ] GC(19) Concurrent Mark 103.695ms
[2023-06-20T07:37:43.925+0000][71][gc,marking  ] GC(19) Concurrent Rebuild Remembered Sets
[2023-06-20T07:37:43.972+0000][71][gc,marking  ] GC(19) Concurrent Rebuild Remembered Sets 46.307ms
[2023-06-20T07:37:43.981+0000][71][gc,start    ] GC(19) Pause Cleanup
[2023-06-20T07:37:43.982+0000][71][gc          ] GC(19) Pause Cleanup 63M->63M(256M) 0.811ms
[2023-06-20T07:37:43.983+0000][71][gc,cpu      ] GC(19) User=0.01s Sys=0.00s Real=0.00s
[2023-06-20T07:37:43.983+0000][71][safepoint   ] Safepoint "G1PauseCleanup", Time since last: 61429296 ns, Reaching safepoint: 199336 ns, At safepoint: 2071461 ns, Total: 2270797 ns
[2023-06-20T07:37:43.984+0000][71][gc,marking  ] GC(19) Concurrent Cleanup for Next Mark
[2023-06-20T07:37:43.986+0000][71][gc,marking  ] GC(19) Concurrent Cleanup for Next Mark 2.497ms
[2023-06-20T07:37:43.987+0000][71][gc          ] GC(19) Concurrent Mark Cycle 195.767ms
[2023-06-20T07:37:44.985+0000][71][safepoint   ] Safepoint "Cleanup", Time since last: 1000611871 ns, Reaching safepoint: 1068376 ns, At safepoint: 26779 ns, Total: 1095155 ns
[2023-06-20T07:37:45.989+0000][71][safepoint   ] Safepoint "Cleanup", Time since last: 1003994394 ns, Reaching safepoint: 300802 ns, At safepoint: 29206 ns, Total: 330008 ns
[2023-06-20T07:37:46.088+0000][71][gc,start    ] GC(20) Pause Young (Normal) (G1 Evacuation Pause)
[2023-06-20T07:37:46.090+0000][71][gc,task     ] GC(20) Using 4 workers of 4 for evacuation
[2023-06-20T07:37:46.092+0000][71][gc,age      ] GC(20) Desired survivor size 10485760 bytes, new threshold 15 (max threshold 15)
[2023-06-20T07:37:46.114+0000][71][gc,phases   ] GC(20)   Pre Evacuate Collection Set: 0.1ms
[2023-06-20T07:37:46.119+0000][71][gc,phases   ] GC(20)   Merge Heap Roots: 0.1ms
[2023-06-20T07:37:46.119+0000][71][gc,phases   ] GC(20)   Evacuate Collection Set: 19.6ms
[2023-06-20T07:37:46.120+0000][71][gc,phases   ] GC(20)   Post Evacuate Collection Set: 1.3ms
[2023-06-20T07:37:46.122+0000][71][gc,phases   ] GC(20)   Other: 3.3ms
[2023-06-20T07:37:46.123+0000][71][gc,age      ] GC(20) Age table with threshold 15 (max threshold 15)
[2023-06-20T07:37:46.127+0000][71][gc,age      ] GC(20) - age   1:    2091744 bytes,    2091744 total
[2023-06-20T07:37:46.127+0000][71][gc,age      ] GC(20) - age   2:    2502504 bytes,    4594248 total
[2023-06-20T07:37:46.128+0000][71][gc,age      ] GC(20) - age   3:    4780288 bytes,    9374536 total
[2023-06-20T07:37:46.131+0000][71][gc,heap     ] GC(20) Eden regions: 33->0(33)
[2023-06-20T07:37:46.132+0000][71][gc,heap     ] GC(20) Survivor regions: 2->3(5)
[2023-06-20T07:37:46.133+0000][71][gc,heap     ] GC(20) Old regions: 12->12
[2023-06-20T07:37:46.134+0000][71][gc,heap     ] GC(20) Archive regions: 2->2
[2023-06-20T07:37:46.135+0000][71][gc,heap     ] GC(20) Humongous regions: 0->0
[2023-06-20T07:37:46.136+0000][71][gc,metaspace] GC(20) Metaspace: 65558K(67072K)->65558K(67072K) NonClass: 57201K(58048K)->57201K(58048K) Class: 8357K(9024K)->8357K(9024K)
[2023-06-20T07:37:46.140+0000][71][gc          ] GC(20) Pause Young (Normal) (G1 Evacuation Pause) 189M->59M(256M) 51.783ms
[2023-06-20T07:37:46.141+0000][71][gc,cpu      ] GC(20) User=0.06s Sys=0.01s Real=0.05s
[2023-06-20T07:37:46.142+0000][71][safepoint   ] Safepoint "G1CollectForAllocation", Time since last: 98679903 ns, Reaching safepoint: 196973 ns, At safepoint: 54239735 ns, Total: 54436708 ns
[2023-06-20T07:37:47.145+0000][71][safepoint   ] Safepoint "Cleanup", Time since last: 1002380387 ns, Reaching safepoint: 230647 ns, At safepoint: 32484 ns, Total: 263131 ns
[2023-06-20T07:37:48.188+0000][71][safepoint   ] Safepoint "Cleanup", Time since last: 1041629626 ns, Reaching safepoint: 868333 ns, At safepoint: 43413 ns, Total: 911746 ns
[2023-06-20T07:37:48.231+0000][71][gc,start    ] GC(21) Pause Young (Normal) (G1 Evacuation Pause)
[2023-06-20T07:37:48.232+0000][71][gc,task     ] GC(21) Using 4 workers of 4 for evacuation
[2023-06-20T07:37:48.233+0000][71][gc,age      ] GC(21) Desired survivor size 10485760 bytes, new threshold 15 (max threshold 15)
[2023-06-20T07:37:48.251+0000][71][gc,phases   ] GC(21)   Pre Evacuate Collection Set: 0.0ms
[2023-06-20T07:37:48.252+0000][71][gc,phases   ] GC(21)   Merge Heap Roots: 0.0ms
[2023-06-20T07:37:48.253+0000][71][gc,phases   ] GC(21)   Evacuate Collection Set: 15.9ms
[2023-06-20T07:37:48.253+0000][71][gc,phases   ] GC(21)   Post Evacuate Collection Set: 1.5ms
[2023-06-20T07:37:48.254+0000][71][gc,phases   ] GC(21)   Other: 1.2ms
[2023-06-20T07:37:48.254+0000][71][gc,age      ] GC(21) Age table with threshold 15 (max threshold 15)
[2023-06-20T07:37:48.255+0000][71][gc,age      ] GC(21) - age   1:    2303552 bytes,    2303552 total
[2023-06-20T07:37:48.255+0000][71][gc,age      ] GC(21) - age   2:    1938024 bytes,    4241576 total
[2023-06-20T07:37:48.256+0000][71][gc,age      ] GC(21) - age   3:    2501968 bytes,    6743544 total
[2023-06-20T07:37:48.257+0000][71][gc,age      ] GC(21) - age   4:    4779184 bytes,   11522728 total
[2023-06-20T07:37:48.257+0000][71][gc,heap     ] GC(21) Eden regions: 33->0(33)
[2023-06-20T07:37:48.258+0000][71][gc,heap     ] GC(21) Survivor regions: 3->3(5)
[2023-06-20T07:37:48.258+0000][71][gc,heap     ] GC(21) Old regions: 12->12
[2023-06-20T07:37:48.259+0000][71][gc,heap     ] GC(21) Archive regions: 2->2
[2023-06-20T07:37:48.260+0000][71][gc,heap     ] GC(21) Humongous regions: 0->0
[2023-06-20T07:37:48.260+0000][71][gc,metaspace] GC(21) Metaspace: 71829K(73408K)->71829K(73408K) NonClass: 62707K(63616K)->62707K(63616K) Class: 9122K(9792K)->9122K(9792K)
[2023-06-20T07:37:48.261+0000][71][gc          ] GC(21) Pause Young (Normal) (G1 Evacuation Pause) 191M->61M(256M) 29.096ms
[2023-06-20T07:37:48.261+0000][71][gc,cpu      ] GC(21) User=0.03s Sys=0.00s Real=0.03s
[2023-06-20T07:37:48.262+0000][71][safepoint   ] Safepoint "G1CollectForAllocation", Time since last: 43808642 ns, Reaching safepoint: 73171 ns, At safepoint: 30253262 ns, Total: 30326433 ns
[2023-06-20T07:37:49.685+0000][71][safepoint   ] Safepoint "Cleanup", Time since last: 1420357897 ns, Reaching safepoint: 2611425 ns, At safepoint: 78696 ns, Total: 2690121 ns
[2023-06-20T07:37:50.259+0000][71][gc,start    ] GC(22) Pause Young (Normal) (G1 Evacuation Pause)
[2023-06-20T07:37:50.260+0000][71][gc,task     ] GC(22) Using 4 workers of 4 for evacuation
[2023-06-20T07:37:50.263+0000][71][gc,age      ] GC(22) Desired survivor size 10485760 bytes, new threshold 4 (max threshold 15)
[2023-06-20T07:37:50.294+0000][71][gc,phases   ] GC(22)   Pre Evacuate Collection Set: 0.1ms
[2023-06-20T07:37:50.295+0000][71][gc,phases   ] GC(22)   Merge Heap Roots: 0.9ms
[2023-06-20T07:37:50.299+0000][71][gc,phases   ] GC(22)   Evacuate Collection Set: 21.2ms
[2023-06-20T07:37:50.300+0000][71][gc,phases   ] GC(22)   Post Evacuate Collection Set: 6.5ms
[2023-06-20T07:37:50.301+0000][71][gc,phases   ] GC(22)   Other: 5.9ms
[2023-06-20T07:37:50.302+0000][71][gc,age      ] GC(22) Age table with threshold 4 (max threshold 15)
[2023-06-20T07:37:50.304+0000][71][gc,age      ] GC(22) - age   1:    5892408 bytes,    5892408 total
[2023-06-20T07:37:50.306+0000][71][gc,age      ] GC(22) - age   2:    2259712 bytes,    8152120 total
[2023-06-20T07:37:50.308+0000][71][gc,age      ] GC(22) - age   3:    1916344 bytes,   10068464 total
[2023-06-20T07:37:50.311+0000][71][gc,age      ] GC(22) - age   4:    2500432 bytes,   12568896 total
[2023-06-20T07:37:50.311+0000][71][gc,heap     ] GC(22) Eden regions: 33->0(31)
[2023-06-20T07:37:50.313+0000][71][gc,heap     ] GC(22) Survivor regions: 3->4(5)
[2023-06-20T07:37:50.316+0000][71][gc,heap     ] GC(22) Old regions: 12->13
[2023-06-20T07:37:50.316+0000][71][gc,heap     ] GC(22) Archive regions: 2->2
[2023-06-20T07:37:50.317+0000][71][gc,heap     ] GC(22) Humongous regions: 0->0
[2023-06-20T07:37:50.320+0000][71][gc,metaspace] GC(22) Metaspace: 80567K(82112K)->80567K(82112K) NonClass: 70138K(70976K)->70138K(70976K) Class: 10428K(11136K)->10428K(11136K)
[2023-06-20T07:37:50.323+0000][71][gc          ] GC(22) Pause Young (Normal) (G1 Evacuation Pause) 193M->67M(256M) 63.688ms
[2023-06-20T07:37:50.323+0000][71][gc,cpu      ] GC(22) User=0.09s Sys=0.01s Real=0.06s
[2023-06-20T07:37:50.325+0000][71][safepoint   ] Safepoint "G1CollectForAllocation", Time since last: 574003576 ns, Reaching safepoint: 61764 ns, At safepoint: 66154643 ns, Total: 66216407 ns
[2023-06-20T07:37:51.328+0000][71][safepoint   ] Safepoint "Cleanup", Time since last: 1002742075 ns, Reaching safepoint: 538040 ns, At safepoint: 31359 ns, Total: 569399 ns
[2023-06-20T07:37:51.926+0000][71][safepoint   ] Safepoint "ICBufferFull", Time since last: 595253962 ns, Reaching safepoint: 2281358 ns, At safepoint: 42291 ns, Total: 2323649 ns
[2023-06-20T07:37:52.182+0000][71][gc,start    ] GC(23) Pause Young (Concurrent Start) (Metadata GC Threshold)
[2023-06-20T07:37:52.188+0000][71][gc,task     ] GC(23) Using 4 workers of 4 for evacuation
[2023-06-20T07:37:52.189+0000][71][gc,age      ] GC(23) Desired survivor size 10485760 bytes, new threshold 4 (max threshold 15)
[2023-06-20T07:37:52.210+0000][71][gc,phases   ] GC(23)   Pre Evacuate Collection Set: 0.3ms
[2023-06-20T07:37:52.213+0000][71][gc,phases   ] GC(23)   Merge Heap Roots: 0.1ms
[2023-06-20T07:37:52.214+0000][71][gc,phases   ] GC(23)   Evacuate Collection Set: 18.4ms
[2023-06-20T07:37:52.214+0000][71][gc,phases   ] GC(23)   Post Evacuate Collection Set: 1.9ms
[2023-06-20T07:37:52.215+0000][71][gc,phases   ] GC(23)   Other: 1.4ms
[2023-06-20T07:37:52.215+0000][71][gc,age      ] GC(23) Age table with threshold 4 (max threshold 15)
[2023-06-20T07:37:52.216+0000][71][gc,age      ] GC(23) - age   1:    7084360 bytes,    7084360 total
[2023-06-20T07:37:52.216+0000][71][gc,age      ] GC(23) - age   2:    5779520 bytes,   12863880 total
[2023-06-20T07:37:52.217+0000][71][gc,age      ] GC(23) - age   3:    2257328 bytes,   15121208 total
[2023-06-20T07:37:52.217+0000][71][gc,age      ] GC(23) - age   4:    1908976 bytes,   17030184 total
[2023-06-20T07:37:52.218+0000][71][gc,heap     ] GC(23) Eden regions: 28->0(28)
[2023-06-20T07:37:52.218+0000][71][gc,heap     ] GC(23) Survivor regions: 4->5(5)
[2023-06-20T07:37:52.218+0000][71][gc,heap     ] GC(23) Old regions: 13->14
[2023-06-20T07:37:52.219+0000][71][gc,heap     ] GC(23) Archive regions: 2->2
[2023-06-20T07:37:52.219+0000][71][gc,heap     ] GC(23) Humongous regions: 0->0
[2023-06-20T07:37:52.220+0000][71][gc,metaspace] GC(23) Metaspace: 99351K(101440K)->99351K(101440K) NonClass: 86446K(87552K)->86446K(87552K) Class: 12904K(13888K)->12904K(13888K)
[2023-06-20T07:37:52.220+0000][71][gc          ] GC(23) Pause Young (Concurrent Start) (Metadata GC Threshold) 177M->74M(256M) 37.832ms
[2023-06-20T07:37:52.221+0000][71][gc          ] GC(24) Concurrent Mark Cycle
[2023-06-20T07:37:52.221+0000][71][gc,marking  ] GC(24) Concurrent Clear Claimed Marks
[2023-06-20T07:37:52.221+0000][71][gc,cpu      ] GC(23) User=0.05s Sys=0.00s Real=0.04s
[2023-06-20T07:37:52.222+0000][71][gc,marking  ] GC(24) Concurrent Clear Claimed Marks 0.814ms
[2023-06-20T07:37:52.224+0000][71][gc,marking  ] GC(24) Concurrent Scan Root Regions
[2023-06-20T07:37:52.222+0000][71][safepoint   ] Safepoint "CollectForMetadataAllocation", Time since last: 256304974 ns, Reaching safepoint: 217399 ns, At safepoint: 40000021 ns, Total: 40217420 ns
[2023-06-20T07:37:52.256+0000][71][gc,marking  ] GC(24) Concurrent Scan Root Regions 31.326ms
[2023-06-20T07:37:52.256+0000][71][gc,marking  ] GC(24) Concurrent Mark
[2023-06-20T07:37:52.257+0000][71][gc,marking  ] GC(24) Concurrent Mark From Roots
[2023-06-20T07:37:52.258+0000][71][gc,task     ] GC(24) Using 1 workers of 1 for marking
[2023-06-20T07:37:52.267+0000][71][safepoint   ] Safepoint "CollectForMetadataAllocation", Time since last: 43854005 ns, Reaching safepoint: 255055 ns, At safepoint: 74796 ns, Total: 329851 ns
[2023-06-20T07:37:52.294+0000][71][safepoint   ] Safepoint "CollectForMetadataAllocation", Time since last: 27450929 ns, Reaching safepoint: 156126 ns, At safepoint: 64327 ns, Total: 220453 ns
[2023-06-20T07:37:52.306+0000][71][safepoint   ] Safepoint "CollectForMetadataAllocation", Time since last: 11680263 ns, Reaching safepoint: 208334 ns, At safepoint: 76359 ns, Total: 284693 ns
[2023-06-20T07:37:52.321+0000][71][safepoint   ] Safepoint "CollectForMetadataAllocation", Time since last: 14975899 ns, Reaching safepoint: 114749 ns, At safepoint: 116724 ns, Total: 231473 ns
[2023-06-20T07:37:52.324+0000][71][gc,marking  ] GC(24) Concurrent Mark From Roots 66.862ms
[2023-06-20T07:37:52.325+0000][71][gc,marking  ] GC(24) Concurrent Preclean
[2023-06-20T07:37:52.326+0000][71][gc,marking  ] GC(24) Concurrent Preclean 1.104ms
[2023-06-20T07:37:52.327+0000][71][gc,start    ] GC(24) Pause Remark
[2023-06-20T07:37:52.331+0000][71][gc          ] GC(24) Pause Remark 82M->82M(256M) 4.444ms
[2023-06-20T07:37:52.332+0000][71][gc,cpu      ] GC(24) User=0.01s Sys=0.00s Real=0.00s
[2023-06-20T07:37:52.332+0000][71][safepoint   ] Safepoint "G1PauseRemark", Time since last: 5003050 ns, Reaching safepoint: 142610 ns, At safepoint: 5779428 ns, Total: 5922038 ns
[2023-06-20T07:37:52.333+0000][71][gc,marking  ] GC(24) Concurrent Mark 76.439ms
[2023-06-20T07:37:52.333+0000][71][gc,marking  ] GC(24) Concurrent Rebuild Remembered Sets
[2023-06-20T07:37:52.384+0000][71][gc,marking  ] GC(24) Concurrent Rebuild Remembered Sets 50.857ms
[2023-06-20T07:37:52.387+0000][71][gc,start    ] GC(24) Pause Cleanup
[2023-06-20T07:37:52.391+0000][71][gc          ] GC(24) Pause Cleanup 88M->88M(256M) 3.594ms
[2023-06-20T07:37:52.392+0000][71][gc,cpu      ] GC(24) User=0.00s Sys=0.00s Real=0.00s
[2023-06-20T07:37:52.392+0000][71][safepoint   ] Safepoint "G1PauseCleanup", Time since last: 54779248 ns, Reaching safepoint: 121350 ns, At safepoint: 4910221 ns, Total: 5031571 ns
[2023-06-20T07:37:52.398+0000][71][gc,marking  ] GC(24) Concurrent Cleanup for Next Mark
[2023-06-20T07:37:52.405+0000][71][gc,marking  ] GC(24) Concurrent Cleanup for Next Mark 7.258ms
[2023-06-20T07:37:52.406+0000][71][gc          ] GC(24) Concurrent Mark Cycle 185.225ms
[2023-06-20T07:37:53.562+0000][71][safepoint   ] Safepoint "Cleanup", Time since last: 1169935307 ns, Reaching safepoint: 213410 ns, At safepoint: 11036 ns, Total: 224446 ns
[2023-06-20T07:37:53.974+0000][71][safepoint   ] Safepoint "ICBufferFull", Time since last: 412009024 ns, Reaching safepoint: 153141 ns, At safepoint: 2529 ns, Total: 155670 ns
[2023-06-20T07:37:54.656+0000][71][gc,start    ] GC(25) Pause Young (Normal) (G1 Evacuation Pause)
[2023-06-20T07:37:54.658+0000][71][gc,task     ] GC(25) Using 4 workers of 4 for evacuation
[2023-06-20T07:37:54.658+0000][71][gc,age      ] GC(25) Desired survivor size 10485760 bytes, new threshold 2 (max threshold 15)
[2023-06-20T07:37:54.705+0000][71][gc,phases   ] GC(25)   Pre Evacuate Collection Set: 0.1ms
[2023-06-20T07:37:54.706+0000][71][gc,phases   ] GC(25)   Merge Heap Roots: 0.2ms
[2023-06-20T07:37:54.707+0000][71][gc,phases   ] GC(25)   Evacuate Collection Set: 39.6ms
[2023-06-20T07:37:54.708+0000][71][gc,phases   ] GC(25)   Post Evacuate Collection Set: 6.3ms
[2023-06-20T07:37:54.709+0000][71][gc,phases   ] GC(25)   Other: 1.7ms
[2023-06-20T07:37:54.709+0000][71][gc,age      ] GC(25) Age table with threshold 2 (max threshold 15)
[2023-06-20T07:37:54.711+0000][71][gc,age      ] GC(25) - age   1:    7481408 bytes,    7481408 total
[2023-06-20T07:37:54.712+0000][71][gc,age      ] GC(25) - age   2:    6420528 bytes,   13901936 total
[2023-06-20T07:37:54.713+0000][71][gc,heap     ] GC(25) Eden regions: 28->0(27)
[2023-06-20T07:37:54.714+0000][71][gc,heap     ] GC(25) Survivor regions: 5->4(5)
[2023-06-20T07:37:54.714+0000][71][gc,heap     ] GC(25) Old regions: 14->16
[2023-06-20T07:37:54.716+0000][71][gc,heap     ] GC(25) Archive regions: 2->2
[2023-06-20T07:37:54.716+0000][71][gc,heap     ] GC(25) Humongous regions: 0->0
[2023-06-20T07:37:54.717+0000][71][gc,metaspace] GC(25) Metaspace: 112759K(115776K)->112759K(115776K) NonClass: 97757K(99264K)->97757K(99264K) Class: 15001K(16512K)->15001K(16512K)
[2023-06-20T07:37:54.718+0000][71][gc          ] GC(25) Pause Young (Normal) (G1 Evacuation Pause) 186M->81M(256M) 61.503ms
[2023-06-20T07:37:54.719+0000][71][gc,cpu      ] GC(25) User=0.06s Sys=0.00s Real=0.06s
[2023-06-20T07:37:54.720+0000][71][safepoint   ] Safepoint "G1CollectForAllocation", Time since last: 681705447 ns, Reaching safepoint: 199075 ns, At safepoint: 63358165 ns, Total: 63557240 ns
[2023-06-20T07:37:55.527+0000][71][safepoint   ] Safepoint "ICBufferFull", Time since last: 800965379 ns, Reaching safepoint: 5847938 ns, At safepoint: 62887 ns, Total: 5910825 ns
[2023-06-20T07:37:56.502+0000][71][gc,start    ] GC(26) Pause Young (Normal) (G1 Evacuation Pause)
[2023-06-20T07:37:56.503+0000][71][gc,task     ] GC(26) Using 4 workers of 4 for evacuation
[2023-06-20T07:37:56.504+0000][71][gc,age      ] GC(26) Desired survivor size 8388608 bytes, new threshold 2 (max threshold 15)
[2023-06-20T07:37:56.565+0000][71][gc,phases   ] GC(26)   Pre Evacuate Collection Set: 0.3ms
[2023-06-20T07:37:56.566+0000][71][gc,phases   ] GC(26)   Merge Heap Roots: 0.3ms
[2023-06-20T07:37:56.567+0000][71][gc,phases   ] GC(26)   Evacuate Collection Set: 52.7ms
[2023-06-20T07:37:56.567+0000][71][gc,phases   ] GC(26)   Post Evacuate Collection Set: 7.4ms
[2023-06-20T07:37:56.568+0000][71][gc,phases   ] GC(26)   Other: 1.6ms
[2023-06-20T07:37:56.568+0000][71][gc,age      ] GC(26) Age table with threshold 2 (max threshold 15)
[2023-06-20T07:37:56.569+0000][71][gc,age      ] GC(26) - age   1:    9898760 bytes,    9898760 total
[2023-06-20T07:37:56.570+0000][71][gc,age      ] GC(26) - age   2:    6873144 bytes,   16771904 total
[2023-06-20T07:37:56.570+0000][71][gc,heap     ] GC(26) Eden regions: 27->0(19)
[2023-06-20T07:37:56.571+0000][71][gc,heap     ] GC(26) Survivor regions: 4->4(4)
[2023-06-20T07:37:56.572+0000][71][gc,heap     ] GC(26) Old regions: 16->21
[2023-06-20T07:37:56.572+0000][71][gc,heap     ] GC(26) Archive regions: 2->2
[2023-06-20T07:37:56.573+0000][71][gc,heap     ] GC(26) Humongous regions: 0->0
[2023-06-20T07:37:56.574+0000][71][gc,metaspace] GC(26) Metaspace: 120473K(123648K)->120473K(123648K) NonClass: 104263K(105856K)->104263K(105856K) Class: 16209K(17792K)->16209K(17792K)
[2023-06-20T07:37:56.575+0000][71][gc          ] GC(26) Pause Young (Normal) (G1 Evacuation Pause) 189M->103M(256M) 72.633ms
[2023-06-20T07:37:56.575+0000][71][gc,cpu      ] GC(26) User=0.08s Sys=0.00s Real=0.07s
[2023-06-20T07:37:56.576+0000][71][safepoint   ] Safepoint "G1CollectForAllocation", Time since last: 974869866 ns, Reaching safepoint: 344405 ns, At safepoint: 74119906 ns, Total: 74464311 ns
[2023-06-20T07:37:56.848+0000][71][gc,start    ] GC(27) Pause Young (Concurrent Start) (G1 Humongous Allocation)
[2023-06-20T07:37:56.852+0000][71][gc,task     ] GC(27) Using 4 workers of 4 for evacuation
[2023-06-20T07:37:56.853+0000][71][gc,age      ] GC(27) Desired survivor size 6291456 bytes, new threshold 1 (max threshold 15)
[2023-06-20T07:37:56.904+0000][71][gc,phases   ] GC(27)   Pre Evacuate Collection Set: 0.4ms
[2023-06-20T07:37:56.905+0000][71][gc,phases   ] GC(27)   Merge Heap Roots: 0.6ms
[2023-06-20T07:37:56.906+0000][71][gc,phases   ] GC(27)   Evacuate Collection Set: 47.4ms
[2023-06-20T07:37:56.907+0000][71][gc,phases   ] GC(27)   Post Evacuate Collection Set: 1.0ms
[2023-06-20T07:37:56.909+0000][71][gc,phases   ] GC(27)   Other: 2.5ms
[2023-06-20T07:37:56.910+0000][71][gc,age      ] GC(27) Age table with threshold 1 (max threshold 15)
[2023-06-20T07:37:56.911+0000][71][gc,age      ] GC(27) - age   1:   10329952 bytes,   10329952 total
[2023-06-20T07:37:56.912+0000][71][gc,heap     ] GC(27) Eden regions: 7->0(13)
[2023-06-20T07:37:56.913+0000][71][gc,heap     ] GC(27) Survivor regions: 4->3(3)
[2023-06-20T07:37:56.915+0000][71][gc,heap     ] GC(27) Old regions: 21->26
[2023-06-20T07:37:56.915+0000][71][gc,heap     ] GC(27) Archive regions: 2->2
[2023-06-20T07:37:56.916+0000][71][gc,heap     ] GC(27) Humongous regions: 0->0
[2023-06-20T07:37:56.917+0000][71][gc,metaspace] GC(27) Metaspace: 121461K(124608K)->121461K(124608K) NonClass: 105145K(106752K)->105145K(106752K) Class: 16316K(17856K)->16316K(17856K)
[2023-06-20T07:37:56.918+0000][71][gc          ] GC(27) Pause Young (Concurrent Start) (G1 Humongous Allocation) 131M->115M(256M) 69.785ms
[2023-06-20T07:37:56.919+0000][71][gc          ] GC(28) Concurrent Mark Cycle
[2023-06-20T07:37:56.920+0000][71][gc,marking  ] GC(28) Concurrent Clear Claimed Marks
[2023-06-20T07:37:56.919+0000][71][gc,cpu      ] GC(27) User=0.07s Sys=0.00s Real=0.07s
[2023-06-20T07:37:56.921+0000][71][gc,marking  ] GC(28) Concurrent Clear Claimed Marks 1.198ms
[2023-06-20T07:37:56.921+0000][71][gc,marking  ] GC(28) Concurrent Scan Root Regions
[2023-06-20T07:37:56.921+0000][71][safepoint   ] Safepoint "G1TryInitiateConcMark", Time since last: 272167644 ns, Reaching safepoint: 133095 ns, At safepoint: 72628633 ns, Total: 72761728 ns
[2023-06-20T07:37:56.985+0000][71][gc,marking  ] GC(28) Concurrent Scan Root Regions 63.995ms
[2023-06-20T07:37:56.986+0000][71][gc,marking  ] GC(28) Concurrent Mark
[2023-06-20T07:37:56.987+0000][71][gc,marking  ] GC(28) Concurrent Mark From Roots
[2023-06-20T07:37:56.988+0000][71][gc,task     ] GC(28) Using 1 workers of 1 for marking
[2023-06-20T07:37:57.406+0000][71][gc,marking  ] GC(28) Concurrent Mark From Roots 418.821ms
[2023-06-20T07:37:57.406+0000][71][gc,marking  ] GC(28) Concurrent Preclean
[2023-06-20T07:37:57.409+0000][71][gc,marking  ] GC(28) Concurrent Preclean 2.986ms
[2023-06-20T07:37:57.411+0000][71][gc,start    ] GC(28) Pause Remark
[2023-06-20T07:37:57.422+0000][71][gc          ] GC(28) Pause Remark 133M->133M(256M) 10.548ms
[2023-06-20T07:37:57.422+0000][71][gc,cpu      ] GC(28) User=0.02s Sys=0.00s Real=0.01s
[2023-06-20T07:37:57.423+0000][71][safepoint   ] Safepoint "G1PauseRemark", Time since last: 489760368 ns, Reaching safepoint: 305936 ns, At safepoint: 12068033 ns, Total: 12373969 ns
[2023-06-20T07:37:57.424+0000][71][gc,marking  ] GC(28) Concurrent Mark 437.654ms
[2023-06-20T07:37:57.425+0000][71][gc,marking  ] GC(28) Concurrent Rebuild Remembered Sets
[2023-06-20T07:37:57.822+0000][71][gc,marking  ] GC(28) Concurrent Rebuild Remembered Sets 396.927ms
[2023-06-20T07:37:57.823+0000][71][gc,start    ] GC(28) Pause Cleanup
[2023-06-20T07:37:57.826+0000][71][gc          ] GC(28) Pause Cleanup 141M->141M(256M) 3.003ms
[2023-06-20T07:37:57.827+0000][71][gc,cpu      ] GC(28) User=0.00s Sys=0.00s Real=0.01s
[2023-06-20T07:37:57.827+0000][71][safepoint   ] Safepoint "G1PauseCleanup", Time since last: 399412540 ns, Reaching safepoint: 421826 ns, At safepoint: 4445744 ns, Total: 4867570 ns
[2023-06-20T07:37:57.828+0000][71][gc,marking  ] GC(28) Concurrent Cleanup for Next Mark
[2023-06-20T07:37:57.832+0000][71][gc,marking  ] GC(28) Concurrent Cleanup for Next Mark 3.194ms
[2023-06-20T07:37:57.833+0000][71][gc          ] GC(28) Concurrent Mark Cycle 914.500ms
[2023-06-20T07:37:58.829+0000][71][safepoint   ] Safepoint "Cleanup", Time since last: 1001592495 ns, Reaching safepoint: 167174 ns, At safepoint: 3809 ns, Total: 170983 ns
[2023-06-20T07:37:59.239+0000][71][gc,start    ] GC(29) Pause Young (Normal) (G1 Evacuation Pause)
[2023-06-20T07:37:59.239+0000][71][gc,task     ] GC(29) Using 4 workers of 4 for evacuation
[2023-06-20T07:37:59.240+0000][71][gc,age      ] GC(29) Desired survivor size 4194304 bytes, new threshold 1 (max threshold 15)
[2023-06-20T07:37:59.255+0000][71][gc,phases   ] GC(29)   Pre Evacuate Collection Set: 0.1ms
[2023-06-20T07:37:59.256+0000][71][gc,phases   ] GC(29)   Merge Heap Roots: 0.1ms
[2023-06-20T07:37:59.256+0000][71][gc,phases   ] GC(29)   Evacuate Collection Set: 12.3ms
[2023-06-20T07:37:59.257+0000][71][gc,phases   ] GC(29)   Post Evacuate Collection Set: 1.4ms
[2023-06-20T07:37:59.257+0000][71][gc,phases   ] GC(29)   Other: 1.5ms
[2023-06-20T07:37:59.258+0000][71][gc,age      ] GC(29) Age table with threshold 1 (max threshold 15)
[2023-06-20T07:37:59.258+0000][71][gc,age      ] GC(29) - age   1:    5411664 bytes,    5411664 total
[2023-06-20T07:37:59.259+0000][71][gc,heap     ] GC(29) Eden regions: 13->0(12)
[2023-06-20T07:37:59.259+0000][71][gc,heap     ] GC(29) Survivor regions: 3->2(2)
[2023-06-20T07:37:59.260+0000][71][gc,heap     ] GC(29) Old regions: 26->28
[2023-06-20T07:37:59.260+0000][71][gc,heap     ] GC(29) Archive regions: 2->2
[2023-06-20T07:37:59.261+0000][71][gc,heap     ] GC(29) Humongous regions: 2->2
[2023-06-20T07:37:59.261+0000][71][gc,metaspace] GC(29) Metaspace: 123304K(126464K)->123304K(126464K) NonClass: 106717K(108352K)->106717K(108352K) Class: 16586K(18112K)->16586K(18112K)
[2023-06-20T07:37:59.262+0000][71][gc          ] GC(29) Pause Young (Normal) (G1 Evacuation Pause) 175M->130M(256M) 22.994ms
[2023-06-20T07:37:59.262+0000][71][gc,cpu      ] GC(29) User=0.03s Sys=0.00s Real=0.02s
[2023-06-20T07:37:59.263+0000][71][safepoint   ] Safepoint "G1CollectForAllocation", Time since last: 409370772 ns, Reaching safepoint: 242816 ns, At safepoint: 24229057 ns, Total: 24471873 ns
[2023-06-20T07:37:59.812+0000][71][gc,start    ] GC(30) Pause Young (Concurrent Start) (G1 Evacuation Pause)
[2023-06-20T07:37:59.812+0000][71][gc,task     ] GC(30) Using 4 workers of 4 for evacuation
[2023-06-20T07:37:59.813+0000][71][gc,age      ] GC(30) Desired survivor size 4194304 bytes, new threshold 1 (max threshold 15)
[2023-06-20T07:37:59.825+0000][71][gc,phases   ] GC(30)   Pre Evacuate Collection Set: 0.4ms
[2023-06-20T07:37:59.826+0000][71][gc,phases   ] GC(30)   Merge Heap Roots: 0.1ms
[2023-06-20T07:37:59.827+0000][71][gc,phases   ] GC(30)   Evacuate Collection Set: 9.0ms
[2023-06-20T07:37:59.830+0000][71][gc,phases   ] GC(30)   Post Evacuate Collection Set: 1.0ms
[2023-06-20T07:37:59.831+0000][71][gc,phases   ] GC(30)   Other: 2.4ms
[2023-06-20T07:37:59.832+0000][71][gc,age      ] GC(30) Age table with threshold 1 (max threshold 15)
[2023-06-20T07:37:59.833+0000][71][gc,age      ] GC(30) - age   1:    2084040 bytes,    2084040 total
[2023-06-20T07:37:59.834+0000][71][gc,heap     ] GC(30) Eden regions: 12->0(12)
[2023-06-20T07:37:59.834+0000][71][gc,heap     ] GC(30) Survivor regions: 2->1(2)
[2023-06-20T07:37:59.835+0000][71][gc,heap     ] GC(30) Old regions: 28->30
[2023-06-20T07:37:59.835+0000][71][gc,heap     ] GC(30) Archive regions: 2->2
[2023-06-20T07:37:59.836+0000][71][gc,heap     ] GC(30) Humongous regions: 2->2
[2023-06-20T07:37:59.837+0000][71][gc,metaspace] GC(30) Metaspace: 123991K(127104K)->123991K(127104K) NonClass: 107294K(108864K)->107294K(108864K) Class: 16697K(18240K)->16697K(18240K)
[2023-06-20T07:37:59.837+0000][71][gc          ] GC(30) Pause Young (Concurrent Start) (G1 Evacuation Pause) 178M->133M(256M) 25.832ms
[2023-06-20T07:37:59.838+0000][71][gc,cpu      ] GC(30) User=0.02s Sys=0.00s Real=0.03s
[2023-06-20T07:37:59.838+0000][71][gc          ] GC(31) Concurrent Mark Cycle
[2023-06-20T07:37:59.839+0000][71][gc,marking  ] GC(31) Concurrent Clear Claimed Marks
[2023-06-20T07:37:59.840+0000][71][safepoint   ] Safepoint "G1CollectForAllocation", Time since last: 548308137 ns, Reaching safepoint: 322046 ns, At safepoint: 28201091 ns, Total: 28523137 ns
[2023-06-20T07:37:59.841+0000][71][gc,marking  ] GC(31) Concurrent Clear Claimed Marks 1.037ms
[2023-06-20T07:37:59.842+0000][71][gc,marking  ] GC(31) Concurrent Scan Root Regions
[2023-06-20T07:37:59.865+0000][71][gc,marking  ] GC(31) Concurrent Scan Root Regions 22.704ms
[2023-06-20T07:37:59.866+0000][71][gc,marking  ] GC(31) Concurrent Mark
[2023-06-20T07:37:59.867+0000][71][gc,marking  ] GC(31) Concurrent Mark From Roots
[2023-06-20T07:37:59.867+0000][71][gc,task     ] GC(31) Using 1 workers of 1 for marking
[2023-06-20T07:38:00.333+0000][71][safepoint   ] Safepoint "G1CollectForAllocation", Time since last: 479420573 ns, Reaching safepoint: 13919396 ns, At safepoint: 55521 ns, Total: 13974917 ns
[2023-06-20T07:38:00.335+0000][71][gc,start    ] GC(32) Pause Young (Normal) (GCLocker Initiated GC)
[2023-06-20T07:38:00.336+0000][71][gc,task     ] GC(32) Using 4 workers of 4 for evacuation
[2023-06-20T07:38:00.337+0000][71][gc,age      ] GC(32) Desired survivor size 4194304 bytes, new threshold 15 (max threshold 15)
[2023-06-20T07:38:00.346+0000][71][gc,phases   ] GC(32)   Pre Evacuate Collection Set: 2.9ms
[2023-06-20T07:38:00.347+0000][71][gc,phases   ] GC(32)   Merge Heap Roots: 0.2ms
[2023-06-20T07:38:00.348+0000][71][gc,phases   ] GC(32)   Evacuate Collection Set: 4.8ms
[2023-06-20T07:38:00.349+0000][71][gc,phases   ] GC(32)   Post Evacuate Collection Set: 0.8ms
[2023-06-20T07:38:00.349+0000][71][gc,phases   ] GC(32)   Other: 1.5ms
[2023-06-20T07:38:00.350+0000][71][gc,age      ] GC(32) Age table with threshold 15 (max threshold 15)
[2023-06-20T07:38:00.350+0000][71][gc,age      ] GC(32) - age   1:     517080 bytes,     517080 total
[2023-06-20T07:38:00.351+0000][71][gc,age      ] GC(32) - age   2:    1955448 bytes,    2472528 total
[2023-06-20T07:38:00.352+0000][71][gc,heap     ] GC(32) Eden regions: 12->0(13)
[2023-06-20T07:38:00.352+0000][71][gc,heap     ] GC(32) Survivor regions: 1->1(2)
[2023-06-20T07:38:00.353+0000][71][gc,heap     ] GC(32) Old regions: 30->30
[2023-06-20T07:38:00.354+0000][71][gc,heap     ] GC(32) Archive regions: 2->2
[2023-06-20T07:38:00.354+0000][71][gc,heap     ] GC(32) Humongous regions: 2->2
[2023-06-20T07:38:00.355+0000][71][gc,metaspace] GC(32) Metaspace: 124405K(127552K)->124405K(127552K) NonClass: 107647K(109248K)->107647K(109248K) Class: 16758K(18304K)->16758K(18304K)
[2023-06-20T07:38:00.355+0000][71][gc          ] GC(32) Pause Young (Normal) (GCLocker Initiated GC) 180M->132M(256M) 20.127ms
[2023-06-20T07:38:00.356+0000][71][gc,cpu      ] GC(32) User=0.02s Sys=0.00s Real=0.03s
[2023-06-20T07:38:00.359+0000][71][safepoint   ] Safepoint "G1CollectForAllocation", Time since last: 1914035 ns, Reaching safepoint: 140450 ns, At safepoint: 21446298 ns, Total: 21586748 ns
[2023-06-20T07:38:00.480+0000][71][gc,marking  ] GC(31) Concurrent Mark From Roots 613.310ms
[2023-06-20T07:38:00.482+0000][71][gc,marking  ] GC(31) Concurrent Preclean
[2023-06-20T07:38:00.483+0000][71][gc,marking  ] GC(31) Concurrent Preclean 0.972ms
[2023-06-20T07:38:00.484+0000][71][gc,start    ] GC(31) Pause Remark
[2023-06-20T07:38:00.512+0000][71][gc          ] GC(31) Pause Remark 143M->143M(256M) 27.678ms
[2023-06-20T07:38:00.513+0000][71][gc,cpu      ] GC(31) User=0.04s Sys=0.00s Real=0.03s
[2023-06-20T07:38:00.514+0000][71][safepoint   ] Safepoint "G1PauseRemark", Time since last: 127331626 ns, Reaching safepoint: 309172 ns, At safepoint: 29535056 ns, Total: 29844228 ns
[2023-06-20T07:38:00.521+0000][71][gc,marking  ] GC(31) Concurrent Mark 654.888ms
[2023-06-20T07:38:00.522+0000][71][gc,marking  ] GC(31) Concurrent Rebuild Remembered Sets
[2023-06-20T07:38:00.832+0000][71][gc,marking  ] GC(31) Concurrent Rebuild Remembered Sets 309.838ms
[2023-06-20T07:38:00.836+0000][71][gc,start    ] GC(31) Pause Cleanup
[2023-06-20T07:38:00.837+0000][71][gc          ] GC(31) Pause Cleanup 161M->161M(256M) 1.465ms
[2023-06-20T07:38:00.839+0000][71][gc,cpu      ] GC(31) User=0.01s Sys=0.00s Real=0.00s
[2023-06-20T07:38:00.840+0000][71][safepoint   ] Safepoint "G1PauseCleanup", Time since last: 319746731 ns, Reaching safepoint: 2105557 ns, At safepoint: 4631510 ns, Total: 6737067 ns
[2023-06-20T07:38:00.842+0000][71][gc,marking  ] GC(31) Concurrent Cleanup for Next Mark
[2023-06-20T07:38:00.847+0000][71][gc,marking  ] GC(31) Concurrent Cleanup for Next Mark 5.582ms
[2023-06-20T07:38:00.849+0000][71][gc          ] GC(31) Concurrent Mark Cycle 1010.397ms
[2023-06-20T07:38:00.989+0000][71][gc,start    ] GC(33) Pause Young (Prepare Mixed) (G1 Evacuation Pause)
[2023-06-20T07:38:00.990+0000][71][gc,task     ] GC(33) Using 4 workers of 4 for evacuation
[2023-06-20T07:38:00.990+0000][71][gc,age      ] GC(33) Desired survivor size 4194304 bytes, new threshold 15 (max threshold 15)
[2023-06-20T07:38:01.002+0000][71][gc,phases   ] GC(33)   Pre Evacuate Collection Set: 0.1ms
[2023-06-20T07:38:01.003+0000][71][gc,phases   ] GC(33)   Merge Heap Roots: 0.1ms
[2023-06-20T07:38:01.004+0000][71][gc,phases   ] GC(33)   Evacuate Collection Set: 10.2ms
[2023-06-20T07:38:01.005+0000][71][gc,phases   ] GC(33)   Post Evacuate Collection Set: 0.8ms
[2023-06-20T07:38:01.006+0000][71][gc,phases   ] GC(33)   Other: 1.7ms
[2023-06-20T07:38:01.006+0000][71][gc,age      ] GC(33) Age table with threshold 15 (max threshold 15)
[2023-06-20T07:38:01.007+0000][71][gc,age      ] GC(33) - age   1:    3371536 bytes,    3371536 total
[2023-06-20T07:38:01.008+0000][71][gc,age      ] GC(33) - age   2:     330280 bytes,    3701816 total
[2023-06-20T07:38:01.008+0000][71][gc,age      ] GC(33) - age   3:    1951504 bytes,    5653320 total
[2023-06-20T07:38:01.009+0000][71][gc,heap     ] GC(33) Eden regions: 13->0(1)
[2023-06-20T07:38:01.010+0000][71][gc,heap     ] GC(33) Survivor regions: 1->2(2)
[2023-06-20T07:38:01.011+0000][71][gc,heap     ] GC(33) Old regions: 30->30
[2023-06-20T07:38:01.011+0000][71][gc,heap     ] GC(33) Archive regions: 2->2
[2023-06-20T07:38:01.012+0000][71][gc,heap     ] GC(33) Humongous regions: 2->2
[2023-06-20T07:38:01.013+0000][71][gc,metaspace] GC(33) Metaspace: 124744K(127936K)->124744K(127936K) NonClass: 107942K(109568K)->107942K(109568K) Class: 16801K(18368K)->16801K(18368K)
[2023-06-20T07:38:01.013+0000][71][gc          ] GC(33) Pause Young (Prepare Mixed) (G1 Evacuation Pause) 184M->135M(256M) 24.655ms
[2023-06-20T07:38:01.014+0000][71][gc,cpu      ] GC(33) User=0.02s Sys=0.00s Real=0.02s
[2023-06-20T07:38:01.015+0000][71][safepoint   ] Safepoint "G1CollectForAllocation", Time since last: 148027144 ns, Reaching safepoint: 239935 ns, At safepoint: 26253544 ns, Total: 26493479 ns
[2023-06-20T07:38:01.033+0000][71][gc,start    ] GC(34) Pause Young (Mixed) (G1 Evacuation Pause)
[2023-06-20T07:38:01.034+0000][71][gc,task     ] GC(34) Using 4 workers of 4 for evacuation
[2023-06-20T07:38:01.034+0000][71][gc,age      ] GC(34) Desired survivor size 2097152 bytes, new threshold 1 (max threshold 15)
[2023-06-20T07:38:01.042+0000][71][gc,phases   ] GC(34)   Pre Evacuate Collection Set: 0.2ms
[2023-06-20T07:38:01.043+0000][71][gc,phases   ] GC(34)   Merge Heap Roots: 0.1ms
[2023-06-20T07:38:01.044+0000][71][gc,phases   ] GC(34)   Evacuate Collection Set: 5.3ms
[2023-06-20T07:38:01.044+0000][71][gc,phases   ] GC(34)   Post Evacuate Collection Set: 1.1ms
[2023-06-20T07:38:01.045+0000][71][gc,phases   ] GC(34)   Other: 1.6ms
[2023-06-20T07:38:01.046+0000][71][gc,age      ] GC(34) Age table with threshold 1 (max threshold 15)
[2023-06-20T07:38:01.047+0000][71][gc,age      ] GC(34) - age   1:    2002096 bytes,    2002096 total
[2023-06-20T07:38:01.047+0000][71][gc,heap     ] GC(34) Eden regions: 1->0(13)
[2023-06-20T07:38:01.048+0000][71][gc,heap     ] GC(34) Survivor regions: 2->1(1)
[2023-06-20T07:38:01.048+0000][71][gc,heap     ] GC(34) Old regions: 30->31
[2023-06-20T07:38:01.049+0000][71][gc,heap     ] GC(34) Archive regions: 2->2
[2023-06-20T07:38:01.050+0000][71][gc,heap     ] GC(34) Humongous regions: 2->2
[2023-06-20T07:38:01.050+0000][71][gc,metaspace] GC(34) Metaspace: 124750K(127936K)->124750K(127936K) NonClass: 107948K(109568K)->107948K(109568K) Class: 16801K(18368K)->16801K(18368K)
[2023-06-20T07:38:01.051+0000][71][gc          ] GC(34) Pause Young (Mixed) (G1 Evacuation Pause) 139M->134M(256M) 18.277ms
[2023-06-20T07:38:01.052+0000][71][gc,cpu      ] GC(34) User=0.02s Sys=0.01s Real=0.02s
[2023-06-20T07:38:01.052+0000][71][safepoint   ] Safepoint "G1CollectForAllocation", Time since last: 17882426 ns, Reaching safepoint: 36664 ns, At safepoint: 19471867 ns, Total: 19508531 ns
[2023-06-20T07:38:01.286+0000][71][gc,start    ] GC(35) Pause Young (Concurrent Start) (G1 Evacuation Pause)
[2023-06-20T07:38:01.287+0000][71][gc,task     ] GC(35) Using 4 workers of 4 for evacuation
[2023-06-20T07:38:01.288+0000][71][gc,age      ] GC(35) Desired survivor size 4194304 bytes, new threshold 15 (max threshold 15)
[2023-06-20T07:38:01.298+0000][71][gc,phases   ] GC(35)   Pre Evacuate Collection Set: 1.0ms
[2023-06-20T07:38:01.299+0000][71][gc,phases   ] GC(35)   Merge Heap Roots: 0.4ms
[2023-06-20T07:38:01.299+0000][71][gc,phases   ] GC(35)   Evacuate Collection Set: 6.1ms
[2023-06-20T07:38:01.300+0000][71][gc,phases   ] GC(35)   Post Evacuate Collection Set: 1.1ms
[2023-06-20T07:38:01.301+0000][71][gc,phases   ] GC(35)   Other: 2.4ms
[2023-06-20T07:38:01.301+0000][71][gc,age      ] GC(35) Age table with threshold 15 (max threshold 15)
[2023-06-20T07:38:01.302+0000][71][gc,age      ] GC(35) - age   1:    2554768 bytes,    2554768 total
[2023-06-20T07:38:01.302+0000][71][gc,age      ] GC(35) - age   2:       3528 bytes,    2558296 total
[2023-06-20T07:38:01.303+0000][71][gc,heap     ] GC(35) Eden regions: 13->0(13)
[2023-06-20T07:38:01.303+0000][71][gc,heap     ] GC(35) Survivor regions: 1->1(2)
[2023-06-20T07:38:01.304+0000][71][gc,heap     ] GC(35) Old regions: 31->31
[2023-06-20T07:38:01.305+0000][71][gc,heap     ] GC(35) Archive regions: 2->2
[2023-06-20T07:38:01.305+0000][71][gc,heap     ] GC(35) Humongous regions: 2->2
[2023-06-20T07:38:01.306+0000][71][gc,metaspace] GC(35) Metaspace: 124966K(128064K)->124966K(128064K) NonClass: 108127K(109696K)->108127K(109696K) Class: 16838K(18368K)->16838K(18368K)
[2023-06-20T07:38:01.307+0000][71][gc          ] GC(35) Pause Young (Concurrent Start) (G1 Evacuation Pause) 186M->135M(256M) 20.217ms
[2023-06-20T07:38:01.307+0000][71][gc          ] GC(36) Concurrent Mark Cycle
[2023-06-20T07:38:01.308+0000][71][gc,marking  ] GC(36) Concurrent Clear Claimed Marks
[2023-06-20T07:38:01.309+0000][71][gc,marking  ] GC(36) Concurrent Clear Claimed Marks 1.255ms
[2023-06-20T07:38:01.310+0000][71][gc,marking  ] GC(36) Concurrent Scan Root Regions
[2023-06-20T07:38:01.308+0000][71][gc,cpu      ] GC(35) User=0.01s Sys=0.01s Real=0.02s
[2023-06-20T07:38:01.311+0000][71][safepoint   ] Safepoint "G1CollectForAllocation", Time since last: 226614629 ns, Reaching safepoint: 7415932 ns, At safepoint: 24673975 ns, Total: 32089907 ns
[2023-06-20T07:38:01.312+0000][71][gc,marking  ] GC(36) Concurrent Scan Root Regions 2.649ms
[2023-06-20T07:38:01.313+0000][71][gc,marking  ] GC(36) Concurrent Mark
[2023-06-20T07:38:01.314+0000][71][gc,marking  ] GC(36) Concurrent Mark From Roots
[2023-06-20T07:38:01.314+0000][71][gc,task     ] GC(36) Using 1 workers of 1 for marking
[2023-06-20T07:38:01.932+0000][71][gc,marking  ] GC(36) Concurrent Mark From Roots 618.198ms
[2023-06-20T07:38:01.933+0000][71][gc,marking  ] GC(36) Concurrent Preclean
[2023-06-20T07:38:01.934+0000][71][gc,marking  ] GC(36) Concurrent Preclean 0.862ms
[2023-06-20T07:38:01.939+0000][71][gc,start    ] GC(36) Pause Remark
[2023-06-20T07:38:01.979+0000][71][gc          ] GC(36) Pause Remark 151M->151M(256M) 39.685ms
[2023-06-20T07:38:01.979+0000][71][gc,cpu      ] GC(36) User=0.04s Sys=0.00s Real=0.04s
[2023-06-20T07:38:01.980+0000][71][safepoint   ] Safepoint "G1PauseRemark", Time since last: 623312453 ns, Reaching safepoint: 4674589 ns, At safepoint: 41260686 ns, Total: 45935275 ns
[2023-06-20T07:38:01.982+0000][71][gc,marking  ] GC(36) Concurrent Mark 668.568ms
[2023-06-20T07:38:01.984+0000][71][gc,marking  ] GC(36) Concurrent Rebuild Remembered Sets
[2023-06-20T07:38:02.142+0000][71][gc,marking  ] GC(36) Concurrent Rebuild Remembered Sets 158.794ms
[2023-06-20T07:38:02.145+0000][71][gc,start    ] GC(36) Pause Cleanup
[2023-06-20T07:38:02.149+0000][71][gc          ] GC(36) Pause Cleanup 151M->151M(256M) 3.576ms
[2023-06-20T07:38:02.149+0000][71][gc,cpu      ] GC(36) User=0.01s Sys=0.00s Real=0.01s
[2023-06-20T07:38:02.150+0000][71][safepoint   ] Safepoint "G1PauseCleanup", Time since last: 164636960 ns, Reaching safepoint: 251443 ns, At safepoint: 4965985 ns, Total: 5217428 ns
[2023-06-20T07:38:02.153+0000][71][gc,marking  ] GC(36) Concurrent Cleanup for Next Mark
[2023-06-20T07:38:02.154+0000][71][gc,marking  ] GC(36) Concurrent Cleanup for Next Mark 1.000ms
[2023-06-20T07:38:02.155+0000][71][gc          ] GC(36) Concurrent Mark Cycle 848.151ms
[2023-06-20T07:38:03.155+0000][71][safepoint   ] Safepoint "Cleanup", Time since last: 1004151118 ns, Reaching safepoint: 366604 ns, At safepoint: 65625 ns, Total: 432229 ns
[2023-06-20T07:38:04.858+0000][71][safepoint   ] Safepoint "Cleanup", Time since last: 1703707733 ns, Reaching safepoint: 133399 ns, At safepoint: 5824 ns, Total: 139223 ns
[2023-06-20T07:38:06.866+0000][71][safepoint   ] Safepoint "Cleanup", Time since last: 2002866061 ns, Reaching safepoint: 3780974 ns, At safepoint: 1105222 ns, Total: 4886196 ns
[2023-06-20T07:38:07.102+0000][71][gc,start    ] GC(37) Pause Young (Prepare Mixed) (G1 Evacuation Pause)
[2023-06-20T07:38:07.103+0000][71][gc,task     ] GC(37) Using 4 workers of 4 for evacuation
[2023-06-20T07:38:07.104+0000][71][gc,age      ] GC(37) Desired survivor size 4194304 bytes, new threshold 15 (max threshold 15)
[2023-06-20T07:38:07.123+0000][71][gc,phases   ] GC(37)   Pre Evacuate Collection Set: 1.0ms
[2023-06-20T07:38:07.135+0000][71][gc,phases   ] GC(37)   Merge Heap Roots: 2.3ms
[2023-06-20T07:38:07.143+0000][71][gc,phases   ] GC(37)   Evacuate Collection Set: 13.7ms
[2023-06-20T07:38:07.144+0000][71][gc,phases   ] GC(37)   Post Evacuate Collection Set: 1.6ms
[2023-06-20T07:38:07.144+0000][71][gc,phases   ] GC(37)   Other: 1.6ms
[2023-06-20T07:38:07.145+0000][71][gc,age      ] GC(37) Age table with threshold 15 (max threshold 15)
[2023-06-20T07:38:07.146+0000][71][gc,age      ] GC(37) - age   1:    2152328 bytes,    2152328 total
[2023-06-20T07:38:07.147+0000][71][gc,age      ] GC(37) - age   2:     141744 bytes,    2294072 total
[2023-06-20T07:38:07.147+0000][71][gc,age      ] GC(37) - age   3:       2784 bytes,    2296856 total
[2023-06-20T07:38:07.149+0000][71][gc,heap     ] GC(37) Eden regions: 13->0(2)
[2023-06-20T07:38:07.150+0000][71][gc,heap     ] GC(37) Survivor regions: 1->1(2)
[2023-06-20T07:38:07.151+0000][71][gc,heap     ] GC(37) Old regions: 31->31
[2023-06-20T07:38:07.152+0000][71][gc,heap     ] GC(37) Archive regions: 2->2
[2023-06-20T07:38:07.153+0000][71][gc,heap     ] GC(37) Humongous regions: 2->2
[2023-06-20T07:38:07.154+0000][71][gc,metaspace] GC(37) Metaspace: 127048K(130240K)->127048K(130240K) NonClass: 109923K(111552K)->109923K(111552K) Class: 17125K(18688K)->17125K(18688K)
[2023-06-20T07:38:07.155+0000][71][gc          ] GC(37) Pause Young (Prepare Mixed) (G1 Evacuation Pause) 187M->134M(256M) 53.185ms
[2023-06-20T07:38:07.156+0000][71][gc,cpu      ] GC(37) User=0.02s Sys=0.00s Real=0.06s
[2023-06-20T07:38:07.157+0000][71][safepoint   ] Safepoint "G1CollectForAllocation", Time since last: 226314013 ns, Reaching safepoint: 9438554 ns, At safepoint: 55286206 ns, Total: 64724760 ns
[2023-06-20T07:38:07.335+0000][71][gc,start    ] GC(38) Pause Young (Mixed) (G1 Evacuation Pause)
[2023-06-20T07:38:07.336+0000][71][gc,task     ] GC(38) Using 4 workers of 4 for evacuation
[2023-06-20T07:38:07.337+0000][71][gc,age      ] GC(38) Desired survivor size 2097152 bytes, new threshold 1 (max threshold 15)
[2023-06-20T07:38:07.347+0000][71][gc,phases   ] GC(38)   Pre Evacuate Collection Set: 0.1ms
[2023-06-20T07:38:07.349+0000][71][gc,phases   ] GC(38)   Merge Heap Roots: 0.2ms
[2023-06-20T07:38:07.354+0000][71][gc,phases   ] GC(38)   Evacuate Collection Set: 8.6ms
[2023-06-20T07:38:07.355+0000][71][gc,phases   ] GC(38)   Post Evacuate Collection Set: 1.0ms
[2023-06-20T07:38:07.356+0000][71][gc,phases   ] GC(38)   Other: 1.4ms
[2023-06-20T07:38:07.356+0000][71][gc,age      ] GC(38) Age table with threshold 1 (max threshold 15)
[2023-06-20T07:38:07.357+0000][71][gc,age      ] GC(38) - age   1:     724968 bytes,     724968 total
[2023-06-20T07:38:07.358+0000][71][gc,heap     ] GC(38) Eden regions: 2->0(14)
[2023-06-20T07:38:07.359+0000][71][gc,heap     ] GC(38) Survivor regions: 1->1(1)
[2023-06-20T07:38:07.360+0000][71][gc,heap     ] GC(38) Old regions: 31->31
[2023-06-20T07:38:07.360+0000][71][gc,heap     ] GC(38) Archive regions: 2->2
[2023-06-20T07:38:07.361+0000][71][gc,heap     ] GC(38) Humongous regions: 2->2
[2023-06-20T07:38:07.361+0000][71][gc,metaspace] GC(38) Metaspace: 127434K(130624K)->127434K(130624K) NonClass: 110242K(111872K)->110242K(111872K) Class: 17191K(18752K)->17191K(18752K)
[2023-06-20T07:38:07.362+0000][71][gc          ] GC(38) Pause Young (Mixed) (G1 Evacuation Pause) 142M->133M(256M) 26.804ms
[2023-06-20T07:38:07.363+0000][71][gc,cpu      ] GC(38) User=0.02s Sys=0.00s Real=0.03s
[2023-06-20T07:38:07.364+0000][71][safepoint   ] Safepoint "G1CollectForAllocation", Time since last: 174385480 ns, Reaching safepoint: 3662468 ns, At safepoint: 28303299 ns, Total: 31965767 ns
[2023-06-20T07:38:08.506+0000][71][safepoint   ] Safepoint "Cleanup", Time since last: 1141732797 ns, Reaching safepoint: 781389 ns, At safepoint: 182431 ns, Total: 963820 ns
[2023-06-20T07:38:09.280+0000][71][safepoint   ] Safepoint "ICBufferFull", Time since last: 773347151 ns, Reaching safepoint: 319594 ns, At safepoint: 17119 ns, Total: 336713 ns
[2023-06-20T07:38:09.814+0000][71][gc,start    ] GC(39) Pause Young (Concurrent Start) (G1 Evacuation Pause)
[2023-06-20T07:38:09.815+0000][71][gc,task     ] GC(39) Using 4 workers of 4 for evacuation
[2023-06-20T07:38:09.816+0000][71][gc,age      ] GC(39) Desired survivor size 4194304 bytes, new threshold 15 (max threshold 15)
[2023-06-20T07:38:09.842+0000][71][gc,phases   ] GC(39)   Pre Evacuate Collection Set: 1.1ms
[2023-06-20T07:38:09.843+0000][71][gc,phases   ] GC(39)   Merge Heap Roots: 0.1ms
[2023-06-20T07:38:09.844+0000][71][gc,phases   ] GC(39)   Evacuate Collection Set: 21.4ms
[2023-06-20T07:38:09.845+0000][71][gc,phases   ] GC(39)   Post Evacuate Collection Set: 1.2ms
[2023-06-20T07:38:09.846+0000][71][gc,phases   ] GC(39)   Other: 2.7ms
[2023-06-20T07:38:09.846+0000][71][gc,age      ] GC(39) Age table with threshold 15 (max threshold 15)
[2023-06-20T07:38:09.847+0000][71][gc,age      ] GC(39) - age   1:    4108056 bytes,    4108056 total
[2023-06-20T07:38:09.849+0000][71][gc,age      ] GC(39) - age   2:     282800 bytes,    4390856 total
[2023-06-20T07:38:09.850+0000][71][gc,heap     ] GC(39) Eden regions: 14->0(13)
[2023-06-20T07:38:09.850+0000][71][gc,heap     ] GC(39) Survivor regions: 1->2(2)
[2023-06-20T07:38:09.851+0000][71][gc,heap     ] GC(39) Old regions: 31->31
[2023-06-20T07:38:09.852+0000][71][gc,heap     ] GC(39) Archive regions: 2->2
[2023-06-20T07:38:09.853+0000][71][gc,heap     ] GC(39) Humongous regions: 2->2
[2023-06-20T07:38:09.853+0000][71][gc,metaspace] GC(39) Metaspace: 130112K(133440K)->130112K(133440K) NonClass: 112494K(114176K)->112494K(114176K) Class: 17617K(19264K)->17617K(19264K)
[2023-06-20T07:38:09.854+0000][71][gc          ] GC(39) Pause Young (Concurrent Start) (G1 Evacuation Pause) 189M->137M(256M) 40.046ms
[2023-06-20T07:38:09.855+0000][71][gc          ] GC(40) Concurrent Mark Cycle
[2023-06-20T07:38:09.855+0000][71][gc,cpu      ] GC(39) User=0.03s Sys=0.01s Real=0.04s
[2023-06-20T07:38:09.856+0000][71][gc,marking  ] GC(40) Concurrent Clear Claimed Marks
[2023-06-20T07:38:09.858+0000][71][gc,marking  ] GC(40) Concurrent Clear Claimed Marks 2.118ms
[2023-06-20T07:38:09.859+0000][71][gc,marking  ] GC(40) Concurrent Scan Root Regions
[2023-06-20T07:38:09.859+0000][71][safepoint   ] Safepoint "G1CollectForAllocation", Time since last: 533623135 ns, Reaching safepoint: 377427 ns, At safepoint: 44873505 ns, Total: 45250932 ns
[2023-06-20T07:38:09.869+0000][71][gc,marking  ] GC(40) Concurrent Scan Root Regions 10.436ms
[2023-06-20T07:38:09.870+0000][71][gc,marking  ] GC(40) Concurrent Mark
[2023-06-20T07:38:09.871+0000][71][gc,marking  ] GC(40) Concurrent Mark From Roots
[2023-06-20T07:38:09.872+0000][71][gc,task     ] GC(40) Using 1 workers of 1 for marking
[2023-06-20T07:38:10.583+0000][71][gc,marking  ] GC(40) Concurrent Mark From Roots 711.986ms
[2023-06-20T07:38:10.585+0000][71][gc,marking  ] GC(40) Concurrent Preclean
[2023-06-20T07:38:10.588+0000][71][gc,marking  ] GC(40) Concurrent Preclean 3.114ms
[2023-06-20T07:38:10.590+0000][71][gc,start    ] GC(40) Pause Remark
[2023-06-20T07:38:10.604+0000][71][gc          ] GC(40) Pause Remark 150M->150M(256M) 13.922ms
[2023-06-20T07:38:10.605+0000][71][gc,cpu      ] GC(40) User=0.02s Sys=0.00s Real=0.01s
[2023-06-20T07:38:10.607+0000][71][safepoint   ] Safepoint "G1PauseRemark", Time since last: 730772093 ns, Reaching safepoint: 273910 ns, At safepoint: 16902401 ns, Total: 17176311 ns
[2023-06-20T07:38:10.609+0000][71][gc,marking  ] GC(40) Concurrent Mark 738.846ms
[2023-06-20T07:38:10.610+0000][71][gc,marking  ] GC(40) Concurrent Rebuild Remembered Sets
[2023-06-20T07:38:10.986+0000][71][gc,marking  ] GC(40) Concurrent Rebuild Remembered Sets 376.108ms
[2023-06-20T07:38:10.988+0000][71][gc,start    ] GC(40) Pause Cleanup
[2023-06-20T07:38:10.988+0000][71][gc          ] GC(40) Pause Cleanup 152M->152M(256M) 0.798ms
[2023-06-20T07:38:10.989+0000][71][gc,cpu      ] GC(40) User=0.01s Sys=0.00s Real=0.00s
[2023-06-20T07:38:10.993+0000][71][safepoint   ] Safepoint "G1PauseCleanup", Time since last: 380607047 ns, Reaching safepoint: 164595 ns, At safepoint: 5105641 ns, Total: 5270236 ns
[2023-06-20T07:38:10.994+0000][71][gc,marking  ] GC(40) Concurrent Cleanup for Next Mark
[2023-06-20T07:38:11.002+0000][71][gc,marking  ] GC(40) Concurrent Cleanup for Next Mark 8.826ms
[2023-06-20T07:38:11.003+0000][71][gc          ] GC(40) Concurrent Mark Cycle 1148.348ms
[2023-06-20T07:38:11.995+0000][71][safepoint   ] Safepoint "Cleanup", Time since last: 1001469158 ns, Reaching safepoint: 405513 ns, At safepoint: 4517 ns, Total: 410030 ns
[2023-06-20T07:38:12.996+0000][71][safepoint   ] Safepoint "Cleanup", Time since last: 1000884677 ns, Reaching safepoint: 213339 ns, At safepoint: 4907 ns, Total: 218246 ns
[2023-06-20T07:38:14.975+0000][71][safepoint   ] Safepoint "Cleanup", Time since last: 2001448385 ns, Reaching safepoint: 128653 ns, At safepoint: 3593 ns, Total: 132246 ns
[2023-06-20T07:38:15.977+0000][71][safepoint   ] Safepoint "Cleanup", Time since last: 1001009533 ns, Reaching safepoint: 407977 ns, At safepoint: 11599 ns, Total: 419576 ns
[2023-06-20T07:38:16.759+0000][71][gc,start    ] GC(41) Pause Young (Prepare Mixed) (G1 Evacuation Pause)
[2023-06-20T07:38:16.760+0000][71][gc,task     ] GC(41) Using 4 workers of 4 for evacuation
[2023-06-20T07:38:16.761+0000][71][gc,age      ] GC(41) Desired survivor size 4194304 bytes, new threshold 2 (max threshold 15)
[2023-06-20T07:38:16.767+0000][71][gc,phases   ] GC(41)   Pre Evacuate Collection Set: 0.1ms
[2023-06-20T07:38:16.769+0000][71][gc,phases   ] GC(41)   Merge Heap Roots: 0.1ms
[2023-06-20T07:38:16.769+0000][71][gc,phases   ] GC(41)   Evacuate Collection Set: 4.6ms
[2023-06-20T07:38:16.770+0000][71][gc,phases   ] GC(41)   Post Evacuate Collection Set: 1.3ms
[2023-06-20T07:38:16.770+0000][71][gc,phases   ] GC(41)   Other: 1.3ms
[2023-06-20T07:38:16.771+0000][71][gc,age      ] GC(41) Age table with threshold 2 (max threshold 15)
[2023-06-20T07:38:16.772+0000][71][gc,age      ] GC(41) - age   1:    2412944 bytes,    2412944 total
[2023-06-20T07:38:16.772+0000][71][gc,age      ] GC(41) - age   2:    3713920 bytes,    6126864 total
[2023-06-20T07:38:16.773+0000][71][gc,heap     ] GC(41) Eden regions: 13->0(1)
[2023-06-20T07:38:16.773+0000][71][gc,heap     ] GC(41) Survivor regions: 2->2(2)
[2023-06-20T07:38:16.773+0000][71][gc,heap     ] GC(41) Old regions: 31->31
[2023-06-20T07:38:16.774+0000][71][gc,heap     ] GC(41) Archive regions: 2->2
[2023-06-20T07:38:16.774+0000][71][gc,heap     ] GC(41) Humongous regions: 2->2
[2023-06-20T07:38:16.775+0000][71][gc,metaspace] GC(41) Metaspace: 131481K(134848K)->131481K(134848K) NonClass: 113735K(115456K)->113735K(115456K) Class: 17745K(19392K)->17745K(19392K)
[2023-06-20T07:38:16.775+0000][71][gc          ] GC(41) Pause Young (Prepare Mixed) (G1 Evacuation Pause) 189M->139M(256M) 16.256ms
[2023-06-20T07:38:16.776+0000][71][gc,cpu      ] GC(41) User=0.01s Sys=0.00s Real=0.02s
[2023-06-20T07:38:16.777+0000][71][safepoint   ] Safepoint "G1CollectForAllocation", Time since last: 781595929 ns, Reaching safepoint: 600718 ns, At safepoint: 17846370 ns, Total: 18447088 ns
[2023-06-20T07:38:17.068+0000][71][gc,start    ] GC(42) Pause Young (Mixed) (G1 Evacuation Pause)
[2023-06-20T07:38:17.069+0000][71][gc,task     ] GC(42) Using 4 workers of 4 for evacuation
[2023-06-20T07:38:17.069+0000][71][gc,age      ] GC(42) Desired survivor size 2097152 bytes, new threshold 1 (max threshold 15)
[2023-06-20T07:38:17.075+0000][71][gc,phases   ] GC(42)   Pre Evacuate Collection Set: 0.1ms
[2023-06-20T07:38:17.076+0000][71][gc,phases   ] GC(42)   Merge Heap Roots: 0.1ms
[2023-06-20T07:38:17.077+0000][71][gc,phases   ] GC(42)   Evacuate Collection Set: 3.9ms
[2023-06-20T07:38:17.077+0000][71][gc,phases   ] GC(42)   Post Evacuate Collection Set: 0.7ms
[2023-06-20T07:38:17.078+0000][71][gc,phases   ] GC(42)   Other: 1.1ms
[2023-06-20T07:38:17.078+0000][71][gc,age      ] GC(42) Age table with threshold 1 (max threshold 15)
[2023-06-20T07:38:17.078+0000][71][gc,age      ] GC(42) - age   1:     730208 bytes,     730208 total
[2023-06-20T07:38:17.079+0000][71][gc,heap     ] GC(42) Eden regions: 1->0(13)
[2023-06-20T07:38:17.079+0000][71][gc,heap     ] GC(42) Survivor regions: 2->1(1)
[2023-06-20T07:38:17.080+0000][71][gc,heap     ] GC(42) Old regions: 31->32
[2023-06-20T07:38:17.081+0000][71][gc,heap     ] GC(42) Archive regions: 2->2
[2023-06-20T07:38:17.081+0000][71][gc,heap     ] GC(42) Humongous regions: 2->2
[2023-06-20T07:38:17.082+0000][71][gc,metaspace] GC(42) Metaspace: 131503K(134848K)->131503K(134848K) NonClass: 113757K(115456K)->113757K(115456K) Class: 17745K(19392K)->17745K(19392K)
[2023-06-20T07:38:17.082+0000][71][gc          ] GC(42) Pause Young (Mixed) (G1 Evacuation Pause) 143M->139M(256M) 14.041ms
[2023-06-20T07:38:17.083+0000][71][gc,cpu      ] GC(42) User=0.02s Sys=0.01s Real=0.01s
[2023-06-20T07:38:17.083+0000][71][safepoint   ] Safepoint "G1CollectForAllocation", Time since last: 291401749 ns, Reaching safepoint: 112204 ns, At safepoint: 15005952 ns, Total: 15118156 ns
[2023-06-20T07:38:18.086+0000][71][safepoint   ] Safepoint "Cleanup", Time since last: 1003047271 ns, Reaching safepoint: 154046 ns, At safepoint: 3730 ns, Total: 157776 ns
[2023-06-20T07:38:19.088+0000][71][safepoint   ] Safepoint "Cleanup", Time since last: 1001091252 ns, Reaching safepoint: 148053 ns, At safepoint: 3951 ns, Total: 152004 ns
[2023-06-20T07:38:20.089+0000][71][safepoint   ] Safepoint "Cleanup", Time since last: 1001091910 ns, Reaching safepoint: 169840 ns, At safepoint: 4012 ns, Total: 173852 ns
[2023-06-20T07:38:22.091+0000][71][safepoint   ] Safepoint "Cleanup", Time since last: 2001297423 ns, Reaching safepoint: 398616 ns, At safepoint: 32243 ns, Total: 430859 ns
[2023-06-20T07:38:23.092+0000][71][safepoint   ] Safepoint "Cleanup", Time since last: 1001083266 ns, Reaching safepoint: 142943 ns, At safepoint: 4797 ns, Total: 147740 ns
[2023-06-20T07:38:24.093+0000][71][safepoint   ] Safepoint "Cleanup", Time since last: 1000943624 ns, Reaching safepoint: 178407 ns, At safepoint: 6144 ns, Total: 184551 ns
[2023-06-20T07:38:25.095+0000][71][safepoint   ] Safepoint "Cleanup", Time since last: 1001255084 ns, Reaching safepoint: 156257 ns, At safepoint: 106573 ns, Total: 262830 ns
[2023-06-20T07:38:26.096+0000][71][safepoint   ] Safepoint "Cleanup", Time since last: 1001117249 ns, Reaching safepoint: 88495 ns, At safepoint: 3797 ns, Total: 92292 ns
[2023-06-20T07:38:27.097+0000][71][safepoint   ] Safepoint "Cleanup", Time since last: 1001071097 ns, Reaching safepoint: 149157 ns, At safepoint: 4630 ns, Total: 153787 ns
[2023-06-20T07:38:28.098+0000][71][safepoint   ] Safepoint "Cleanup", Time since last: 1000922720 ns, Reaching safepoint: 131472 ns, At safepoint: 4004 ns, Total: 135476 ns
[2023-06-20T07:38:28.500+0000][71][safepoint   ] Safepoint "ICBufferFull", Time since last: 397843257 ns, Reaching safepoint: 3540365 ns, At safepoint: 177871 ns, Total: 3718236 ns
[2023-06-20T07:38:29.503+0000][71][safepoint   ] Safepoint "Cleanup", Time since last: 1002847194 ns, Reaching safepoint: 275604 ns, At safepoint: 9478 ns, Total: 285082 ns
[2023-06-20T07:38:30.061+0000][71][gc,start    ] GC(43) Pause Young (Concurrent Start) (G1 Evacuation Pause)
[2023-06-20T07:38:30.062+0000][71][gc,task     ] GC(43) Using 4 workers of 4 for evacuation
[2023-06-20T07:38:30.064+0000][71][gc,age      ] GC(43) Desired survivor size 4194304 bytes, new threshold 15 (max threshold 15)
[2023-06-20T07:38:30.068+0000][71][gc,phases   ] GC(43)   Pre Evacuate Collection Set: 0.7ms
[2023-06-20T07:38:30.069+0000][71][gc,phases   ] GC(43)   Merge Heap Roots: 0.1ms
[2023-06-20T07:38:30.070+0000][71][gc,phases   ] GC(43)   Evacuate Collection Set: 1.4ms
[2023-06-20T07:38:30.071+0000][71][gc,phases   ] GC(43)   Post Evacuate Collection Set: 0.8ms
[2023-06-20T07:38:30.071+0000][71][gc,phases   ] GC(43)   Other: 2.8ms
[2023-06-20T07:38:30.072+0000][71][gc,age      ] GC(43) Age table with threshold 15 (max threshold 15)
[2023-06-20T07:38:30.073+0000][71][gc,age      ] GC(43) - age   1:    1031056 bytes,    1031056 total
[2023-06-20T07:38:30.074+0000][71][gc,age      ] GC(43) - age   2:       7920 bytes,    1038976 total
[2023-06-20T07:38:30.078+0000][71][gc,heap     ] GC(43) Eden regions: 13->0(14)
[2023-06-20T07:38:30.086+0000][71][gc,heap     ] GC(43) Survivor regions: 1->1(2)
[2023-06-20T07:38:30.092+0000][71][gc,heap     ] GC(43) Old regions: 32->32
[2023-06-20T07:38:30.096+0000][71][gc,heap     ] GC(43) Archive regions: 2->2
[2023-06-20T07:38:30.099+0000][71][gc,heap     ] GC(43) Humongous regions: 2->2
[2023-06-20T07:38:30.105+0000][71][gc,metaspace] GC(43) Metaspace: 132103K(135488K)->132103K(135488K) NonClass: 114337K(116032K)->114337K(116032K) Class: 17765K(19456K)->17765K(19456K)
[2023-06-20T07:38:30.107+0000][71][gc          ] GC(43) Pause Young (Concurrent Start) (G1 Evacuation Pause) 191M->138M(256M) 46.523ms
[2023-06-20T07:38:30.110+0000][71][gc          ] GC(44) Concurrent Mark Cycle
[2023-06-20T07:38:30.111+0000][71][gc,marking  ] GC(44) Concurrent Clear Claimed Marks
[2023-06-20T07:38:30.110+0000][71][gc,cpu      ] GC(43) User=0.01s Sys=0.00s Real=0.05s
[2023-06-20T07:38:30.114+0000][71][gc,marking  ] GC(44) Concurrent Clear Claimed Marks 2.485ms
[2023-06-20T07:38:30.116+0000][71][gc,marking  ] GC(44) Concurrent Scan Root Regions
[2023-06-20T07:38:30.115+0000][71][safepoint   ] Safepoint "G1CollectForAllocation", Time since last: 558070904 ns, Reaching safepoint: 93440 ns, At safepoint: 54163380 ns, Total: 54256820 ns
[2023-06-20T07:38:30.120+0000][71][gc,marking  ] GC(44) Concurrent Scan Root Regions 3.505ms
[2023-06-20T07:38:30.121+0000][71][gc,marking  ] GC(44) Concurrent Mark
[2023-06-20T07:38:30.121+0000][71][gc,marking  ] GC(44) Concurrent Mark From Roots
[2023-06-20T07:38:30.122+0000][71][gc,task     ] GC(44) Using 1 workers of 1 for marking
[2023-06-20T07:38:30.487+0000][71][gc,marking  ] GC(44) Concurrent Mark From Roots 365.471ms
[2023-06-20T07:38:30.488+0000][71][gc,marking  ] GC(44) Concurrent Preclean
[2023-06-20T07:38:30.489+0000][71][gc,marking  ] GC(44) Concurrent Preclean 0.913ms
[2023-06-20T07:38:30.490+0000][71][gc,start    ] GC(44) Pause Remark
[2023-06-20T07:38:30.512+0000][71][gc          ] GC(44) Pause Remark 140M->140M(256M) 22.576ms
[2023-06-20T07:38:30.514+0000][71][gc,cpu      ] GC(44) User=0.04s Sys=0.00s Real=0.03s
[2023-06-20T07:38:30.515+0000][71][safepoint   ] Safepoint "G1PauseRemark", Time since last: 374531075 ns, Reaching safepoint: 89543 ns, At safepoint: 24895424 ns, Total: 24984967 ns
[2023-06-20T07:38:30.516+0000][71][gc,marking  ] GC(44) Concurrent Mark 395.121ms
[2023-06-20T07:38:30.517+0000][71][gc,marking  ] GC(44) Concurrent Rebuild Remembered Sets
[2023-06-20T07:38:30.605+0000][71][gc,marking  ] GC(44) Concurrent Rebuild Remembered Sets 88.498ms
[2023-06-20T07:38:30.606+0000][71][gc,start    ] GC(44) Pause Cleanup
[2023-06-20T07:38:30.607+0000][71][gc          ] GC(44) Pause Cleanup 140M->140M(256M) 0.763ms
[2023-06-20T07:38:30.608+0000][71][gc,cpu      ] GC(44) User=0.00s Sys=0.00s Real=0.00s
[2023-06-20T07:38:30.609+0000][71][safepoint   ] Safepoint "G1PauseCleanup", Time since last: 91633722 ns, Reaching safepoint: 79222 ns, At safepoint: 2720106 ns, Total: 2799328 ns
[2023-06-20T07:38:30.610+0000][71][gc,marking  ] GC(44) Concurrent Cleanup for Next Mark
[2023-06-20T07:38:30.611+0000][71][gc,marking  ] GC(44) Concurrent Cleanup for Next Mark 0.965ms
[2023-06-20T07:38:30.611+0000][71][gc          ] GC(44) Concurrent Mark Cycle 501.467ms
[2023-06-20T07:38:31.610+0000][71][safepoint   ] Safepoint "Cleanup", Time since last: 1000683605 ns, Reaching safepoint: 150435 ns, At safepoint: 10703 ns, Total: 161138 ns
[2023-06-20T07:38:32.611+0000][71][safepoint   ] Safepoint "Cleanup", Time since last: 1001302064 ns, Reaching safepoint: 155631 ns, At safepoint: 4431 ns, Total: 160062 ns
[2023-06-20T07:38:33.613+0000][71][safepoint   ] Safepoint "Cleanup", Time since last: 1001012843 ns, Reaching safepoint: 198775 ns, At safepoint: 4474 ns, Total: 203249 ns
[2023-06-20T07:38:34.613+0000][71][safepoint   ] Safepoint "Cleanup", Time since last: 1000626597 ns, Reaching safepoint: 242460 ns, At safepoint: 5804 ns, Total: 248264 ns
[2023-06-20T07:38:35.615+0000][71][safepoint   ] Safepoint "Cleanup", Time since last: 1001013338 ns, Reaching safepoint: 165700 ns, At safepoint: 3054 ns, Total: 168754 ns
[2023-06-20T07:38:37.616+0000][71][safepoint   ] Safepoint "Cleanup", Time since last: 2001461043 ns, Reaching safepoint: 184101 ns, At safepoint: 3453 ns, Total: 187554 ns
[2023-06-20T07:38:39.621+0000][71][safepoint   ] Safepoint "Cleanup", Time since last: 2004475996 ns, Reaching safepoint: 348080 ns, At safepoint: 43265 ns, Total: 391345 ns
[2023-06-20T07:38:41.213+0000][71][safepoint   ] Safepoint "Cleanup", Time since last: 1591134555 ns, Reaching safepoint: 668849 ns, At safepoint: 71340 ns, Total: 740189 ns
[2023-06-20T07:38:41.788+0000][71][gc,heap,exit] Heap
[2023-06-20T07:38:41.791+0000][71][gc,heap,exit]  garbage-first heap   total 262144K, used 177531K [0x00000000f0000000, 0x0000000100000000)
[2023-06-20T07:38:41.792+0000][71][gc,heap,exit]   region size 4096K, 10 young (40960K), 1 survivors (4096K)
[2023-06-20T07:38:41.794+0000][71][gc,heap,exit]  Metaspace       used 133216K, committed 136640K, reserved 1179648K
[2023-06-20T07:38:41.795+0000][71][gc,heap,exit]   class space    used 17911K, committed 19584K, reserved 1048576K
