[2023-06-20T07:58:06.304+0000][69][gc,init] CardTable entry size: 512
[2023-06-20T07:58:06.306+0000][69][gc     ] Using G1
[2023-06-20T07:58:06.350+0000][69][gc,init] Version: 19.0.1+10-21 (release)
[2023-06-20T07:58:06.351+0000][69][gc,init] CPUs: 4 total, 4 available
[2023-06-20T07:58:06.352+0000][69][gc,init] Memory: 7860M
[2023-06-20T07:58:06.352+0000][69][gc,init] Large Page Support: Disabled
[2023-06-20T07:58:06.353+0000][69][gc,init] NUMA Support: Disabled
[2023-06-20T07:58:06.353+0000][69][gc,init] Compressed Oops: Enabled (32-bit)
[2023-06-20T07:58:06.354+0000][69][gc,init] Heap Region Size: 4M
[2023-06-20T07:58:06.355+0000][69][gc,init] Heap Min Capacity: 256M
[2023-06-20T07:58:06.355+0000][69][gc,init] Heap Initial Capacity: 256M
[2023-06-20T07:58:06.356+0000][69][gc,init] Heap Max Capacity: 256M
[2023-06-20T07:58:06.356+0000][69][gc,init] Pre-touch: Enabled
[2023-06-20T07:58:06.356+0000][69][gc,init] Parallel Workers: 4
[2023-06-20T07:58:06.357+0000][69][gc,init] Concurrent Workers: 1
[2023-06-20T07:58:06.357+0000][69][gc,init] Concurrent Refinement Workers: 4
[2023-06-20T07:58:06.358+0000][69][gc,init] Periodic GC: Disabled
[2023-06-20T07:58:06.359+0000][69][gc,metaspace] CDS archive(s) mapped at: [0x0000000800000000-0x0000000800c4f000-0x0000000800c4f000), size 12906496, SharedBaseAddress: 0x0000000800000000, ArchiveRelocationMode: 0.
[2023-06-20T07:58:06.359+0000][69][gc,metaspace] Compressed class space mapped at: 0x0000000801000000-0x0000000841000000, reserved size: 1073741824
[2023-06-20T07:58:06.360+0000][69][gc,metaspace] Narrow klass base: 0x0000000800000000, Narrow klass shift: 0, Narrow klass range: 0x100000000
[2023-06-20T07:58:06.537+0000][69][gc,start    ] GC(0) Pause Young (Normal) (G1 Evacuation Pause)
[2023-06-20T07:58:06.539+0000][69][gc,task     ] GC(0) Using 4 workers of 4 for evacuation
[2023-06-20T07:58:06.541+0000][69][gc,age      ] GC(0) Desired survivor size 2097152 bytes, new threshold 15 (max threshold 15)
[2023-06-20T07:58:06.545+0000][69][gc,phases   ] GC(0)   Pre Evacuate Collection Set: 0.2ms
[2023-06-20T07:58:06.546+0000][69][gc,phases   ] GC(0)   Merge Heap Roots: 0.1ms
[2023-06-20T07:58:06.547+0000][69][gc,phases   ] GC(0)   Evacuate Collection Set: 1.7ms
[2023-06-20T07:58:06.547+0000][69][gc,phases   ] GC(0)   Post Evacuate Collection Set: 0.4ms
[2023-06-20T07:58:06.548+0000][69][gc,phases   ] GC(0)   Other: 3.4ms
[2023-06-20T07:58:06.548+0000][69][gc,age      ] GC(0) Age table with threshold 15 (max threshold 15)
[2023-06-20T07:58:06.549+0000][69][gc,age      ] GC(0) - age   1:     812880 bytes,     812880 total
[2023-06-20T07:58:06.549+0000][69][gc,heap     ] GC(0) Eden regions: 3->0(11)
[2023-06-20T07:58:06.550+0000][69][gc,heap     ] GC(0) Survivor regions: 0->1(1)
[2023-06-20T07:58:06.550+0000][69][gc,heap     ] GC(0) Old regions: 0->0
[2023-06-20T07:58:06.551+0000][69][gc,heap     ] GC(0) Archive regions: 2->2
[2023-06-20T07:58:06.552+0000][69][gc,heap     ] GC(0) Humongous regions: 0->0
[2023-06-20T07:58:06.552+0000][69][gc,metaspace] GC(0) Metaspace: 613K(768K)->613K(768K) NonClass: 573K(640K)->573K(640K) Class: 39K(128K)->39K(128K)
[2023-06-20T07:58:06.553+0000][69][gc          ] GC(0) Pause Young (Normal) (G1 Evacuation Pause) 15M->4M(256M) 15.468ms
[2023-06-20T07:58:06.553+0000][69][gc,cpu      ] GC(0) User=0.01s Sys=0.01s Real=0.02s
[2023-06-20T07:58:06.554+0000][69][safepoint   ] Safepoint "G1CollectForAllocation", Time since last: 171179415 ns, Reaching safepoint: 54395 ns, At safepoint: 16614995 ns, Total: 16669390 ns
[2023-06-20T07:58:06.987+0000][69][safepoint   ] Safepoint "ICBufferFull", Time since last: 432745411 ns, Reaching safepoint: 221978 ns, At safepoint: 32192 ns, Total: 254170 ns
[2023-06-20T07:58:07.391+0000][69][safepoint   ] Safepoint "ICBufferFull", Time since last: 403956974 ns, Reaching safepoint: 146152 ns, At safepoint: 2482 ns, Total: 148634 ns
[2023-06-20T07:58:07.393+0000][69][gc,start    ] GC(1) Pause Young (Normal) (G1 Evacuation Pause)
[2023-06-20T07:58:07.394+0000][69][gc,task     ] GC(1) Using 4 workers of 4 for evacuation
[2023-06-20T07:58:07.395+0000][69][gc,age      ] GC(1) Desired survivor size 4194304 bytes, new threshold 15 (max threshold 15)
[2023-06-20T07:58:07.406+0000][69][gc,phases   ] GC(1)   Pre Evacuate Collection Set: 0.4ms
[2023-06-20T07:58:07.407+0000][69][gc,phases   ] GC(1)   Merge Heap Roots: 0.2ms
[2023-06-20T07:58:07.408+0000][69][gc,phases   ] GC(1)   Evacuate Collection Set: 7.3ms
[2023-06-20T07:58:07.409+0000][69][gc,phases   ] GC(1)   Post Evacuate Collection Set: 1.0ms
[2023-06-20T07:58:07.409+0000][69][gc,phases   ] GC(1)   Other: 3.4ms
[2023-06-20T07:58:07.410+0000][69][gc,age      ] GC(1) Age table with threshold 15 (max threshold 15)
[2023-06-20T07:58:07.411+0000][69][gc,age      ] GC(1) - age   1:    5492632 bytes,    5492632 total
[2023-06-20T07:58:07.412+0000][69][gc,age      ] GC(1) - age   2:     405632 bytes,    5898264 total
[2023-06-20T07:58:07.412+0000][69][gc,heap     ] GC(1) Eden regions: 11->0(36)
[2023-06-20T07:58:07.413+0000][69][gc,heap     ] GC(1) Survivor regions: 1->2(2)
[2023-06-20T07:58:07.414+0000][69][gc,heap     ] GC(1) Old regions: 0->0
[2023-06-20T07:58:07.414+0000][69][gc,heap     ] GC(1) Archive regions: 2->2
[2023-06-20T07:58:07.415+0000][69][gc,heap     ] GC(1) Humongous regions: 0->0
[2023-06-20T07:58:07.416+0000][69][gc,metaspace] GC(1) Metaspace: 10088K(10432K)->10088K(10432K) NonClass: 8879K(9088K)->8879K(9088K) Class: 1208K(1344K)->1208K(1344K)
[2023-06-20T07:58:07.416+0000][69][gc          ] GC(1) Pause Young (Normal) (G1 Evacuation Pause) 48M->9M(256M) 23.258ms
[2023-06-20T07:58:07.417+0000][69][gc,cpu      ] GC(1) User=0.03s Sys=0.01s Real=0.02s
[2023-06-20T07:58:07.418+0000][69][safepoint   ] Safepoint "G1CollectForAllocation", Time since last: 1950172 ns, Reaching safepoint: 117487 ns, At safepoint: 24840919 ns, Total: 24958406 ns
[2023-06-20T07:58:08.046+0000][69][safepoint   ] Safepoint "ICBufferFull", Time since last: 628223121 ns, Reaching safepoint: 186178 ns, At safepoint: 29950 ns, Total: 216128 ns
[2023-06-20T07:58:08.749+0000][69][safepoint   ] Safepoint "ICBufferFull", Time since last: 701991419 ns, Reaching safepoint: 668355 ns, At safepoint: 32525 ns, Total: 700880 ns
[2023-06-20T07:58:09.273+0000][69][safepoint   ] Safepoint "ICBufferFull", Time since last: 523944093 ns, Reaching safepoint: 253098 ns, At safepoint: 27521 ns, Total: 280619 ns
[2023-06-20T07:58:09.709+0000][69][gc,start    ] GC(2) Pause Young (Normal) (G1 Evacuation Pause)
[2023-06-20T07:58:09.710+0000][69][gc,task     ] GC(2) Using 4 workers of 4 for evacuation
[2023-06-20T07:58:09.711+0000][69][gc,age      ] GC(2) Desired survivor size 10485760 bytes, new threshold 15 (max threshold 15)
[2023-06-20T07:58:09.720+0000][69][gc,phases   ] GC(2)   Pre Evacuate Collection Set: 0.1ms
[2023-06-20T07:58:09.721+0000][69][gc,phases   ] GC(2)   Merge Heap Roots: 0.1ms
[2023-06-20T07:58:09.722+0000][69][gc,phases   ] GC(2)   Evacuate Collection Set: 5.7ms
[2023-06-20T07:58:09.723+0000][69][gc,phases   ] GC(2)   Post Evacuate Collection Set: 2.8ms
[2023-06-20T07:58:09.723+0000][69][gc,phases   ] GC(2)   Other: 1.3ms
[2023-06-20T07:58:09.724+0000][69][gc,age      ] GC(2) Age table with threshold 15 (max threshold 15)
[2023-06-20T07:58:09.725+0000][69][gc,age      ] GC(2) - age   1:    5096288 bytes,    5096288 total
[2023-06-20T07:58:09.725+0000][69][gc,age      ] GC(2) - age   2:    5374320 bytes,   10470608 total
[2023-06-20T07:58:09.726+0000][69][gc,age      ] GC(2) - age   3:     404152 bytes,   10874760 total
[2023-06-20T07:58:09.726+0000][69][gc,heap     ] GC(2) Eden regions: 36->0(35)
[2023-06-20T07:58:09.727+0000][69][gc,heap     ] GC(2) Survivor regions: 2->3(5)
[2023-06-20T07:58:09.727+0000][69][gc,heap     ] GC(2) Old regions: 0->0
[2023-06-20T07:58:09.728+0000][69][gc,heap     ] GC(2) Archive regions: 2->2
[2023-06-20T07:58:09.729+0000][69][gc,heap     ] GC(2) Humongous regions: 0->0
[2023-06-20T07:58:09.729+0000][69][gc,metaspace] GC(2) Metaspace: 18426K(18880K)->18426K(18880K) NonClass: 16358K(16576K)->16358K(16576K) Class: 2067K(2304K)->2067K(2304K)
[2023-06-20T07:58:09.730+0000][69][gc          ] GC(2) Pause Young (Normal) (G1 Evacuation Pause) 153M->14M(256M) 20.475ms
[2023-06-20T07:58:09.731+0000][69][gc,cpu      ] GC(2) User=0.02s Sys=0.00s Real=0.03s
[2023-06-20T07:58:09.731+0000][69][safepoint   ] Safepoint "G1CollectForAllocation", Time since last: 435818377 ns, Reaching safepoint: 107291 ns, At safepoint: 21997511 ns, Total: 22104802 ns
[2023-06-20T07:58:09.993+0000][69][gc,start    ] GC(3) Pause Young (Concurrent Start) (Metadata GC Threshold)
[2023-06-20T07:58:09.994+0000][69][gc,task     ] GC(3) Using 4 workers of 4 for evacuation
[2023-06-20T07:58:09.995+0000][69][gc,age      ] GC(3) Desired survivor size 10485760 bytes, new threshold 3 (max threshold 15)
[2023-06-20T07:58:10.003+0000][69][gc,phases   ] GC(3)   Pre Evacuate Collection Set: 0.2ms
[2023-06-20T07:58:10.004+0000][69][gc,phases   ] GC(3)   Merge Heap Roots: 0.0ms
[2023-06-20T07:58:10.005+0000][69][gc,phases   ] GC(3)   Evacuate Collection Set: 6.3ms
[2023-06-20T07:58:10.006+0000][69][gc,phases   ] GC(3)   Post Evacuate Collection Set: 1.2ms
[2023-06-20T07:58:10.006+0000][69][gc,phases   ] GC(3)   Other: 1.8ms
[2023-06-20T07:58:10.007+0000][69][gc,age      ] GC(3) Age table with threshold 3 (max threshold 15)
[2023-06-20T07:58:10.008+0000][69][gc,age      ] GC(3) - age   1:    1000320 bytes,    1000320 total
[2023-06-20T07:58:10.008+0000][69][gc,age      ] GC(3) - age   2:    4344120 bytes,    5344440 total
[2023-06-20T07:58:10.009+0000][69][gc,age      ] GC(3) - age   3:    5374096 bytes,   10718536 total
[2023-06-20T07:58:10.009+0000][69][gc,heap     ] GC(3) Eden regions: 11->0(35)
[2023-06-20T07:58:10.010+0000][69][gc,heap     ] GC(3) Survivor regions: 3->3(5)
[2023-06-20T07:58:10.010+0000][69][gc,heap     ] GC(3) Old regions: 0->1
[2023-06-20T07:58:10.010+0000][69][gc,heap     ] GC(3) Archive regions: 2->2
[2023-06-20T07:58:10.011+0000][69][gc,heap     ] GC(3) Humongous regions: 0->0
[2023-06-20T07:58:10.011+0000][69][gc,metaspace] GC(3) Metaspace: 21032K(21504K)->21032K(21504K) NonClass: 18725K(18944K)->18725K(18944K) Class: 2306K(2560K)->2306K(2560K)
[2023-06-20T07:58:10.012+0000][69][gc          ] GC(3) Pause Young (Concurrent Start) (Metadata GC Threshold) 58M->15M(256M) 19.061ms
[2023-06-20T07:58:10.012+0000][69][gc,cpu      ] GC(3) User=0.02s Sys=0.01s Real=0.02s
[2023-06-20T07:58:10.012+0000][69][gc          ] GC(4) Concurrent Mark Cycle
[2023-06-20T07:58:10.013+0000][69][gc,marking  ] GC(4) Concurrent Clear Claimed Marks
[2023-06-20T07:58:10.013+0000][69][safepoint   ] Safepoint "CollectForMetadataAllocation", Time since last: 261565766 ns, Reaching safepoint: 80740 ns, At safepoint: 20052479 ns, Total: 20133219 ns
[2023-06-20T07:58:10.014+0000][69][gc,marking  ] GC(4) Concurrent Clear Claimed Marks 0.496ms
[2023-06-20T07:58:10.015+0000][69][gc,marking  ] GC(4) Concurrent Scan Root Regions
[2023-06-20T07:58:10.019+0000][69][gc,marking  ] GC(4) Concurrent Scan Root Regions 4.135ms
[2023-06-20T07:58:10.020+0000][69][gc,marking  ] GC(4) Concurrent Mark
[2023-06-20T07:58:10.020+0000][69][gc,marking  ] GC(4) Concurrent Mark From Roots
[2023-06-20T07:58:10.021+0000][69][gc,task     ] GC(4) Using 1 workers of 1 for marking
[2023-06-20T07:58:10.022+0000][69][gc,marking  ] GC(4) Concurrent Mark From Roots 1.813ms
[2023-06-20T07:58:10.023+0000][69][gc,marking  ] GC(4) Concurrent Preclean
[2023-06-20T07:58:10.023+0000][69][gc,marking  ] GC(4) Concurrent Preclean 0.569ms
[2023-06-20T07:58:10.025+0000][69][gc,start    ] GC(4) Pause Remark
[2023-06-20T07:58:10.028+0000][69][gc          ] GC(4) Pause Remark 17M->17M(256M) 3.446ms
[2023-06-20T07:58:10.029+0000][69][gc,cpu      ] GC(4) User=0.00s Sys=0.00s Real=0.00s
[2023-06-20T07:58:10.029+0000][69][safepoint   ] Safepoint "G1PauseRemark", Time since last: 11274207 ns, Reaching safepoint: 429997 ns, At safepoint: 4882020 ns, Total: 5312017 ns
[2023-06-20T07:58:10.030+0000][69][gc,marking  ] GC(4) Concurrent Mark 10.808ms
[2023-06-20T07:58:10.031+0000][69][gc,marking  ] GC(4) Concurrent Rebuild Remembered Sets
[2023-06-20T07:58:10.033+0000][69][gc,marking  ] GC(4) Concurrent Rebuild Remembered Sets 1.465ms
[2023-06-20T07:58:10.034+0000][69][gc,start    ] GC(4) Pause Cleanup
[2023-06-20T07:58:10.035+0000][69][gc          ] GC(4) Pause Cleanup 17M->17M(256M) 0.856ms
[2023-06-20T07:58:10.036+0000][69][gc,cpu      ] GC(4) User=0.00s Sys=0.00s Real=0.00s
[2023-06-20T07:58:10.037+0000][69][safepoint   ] Safepoint "G1PauseCleanup", Time since last: 4760293 ns, Reaching safepoint: 299291 ns, At safepoint: 2424331 ns, Total: 2723622 ns
[2023-06-20T07:58:10.038+0000][69][gc,marking  ] GC(4) Concurrent Cleanup for Next Mark
[2023-06-20T07:58:10.039+0000][69][gc,marking  ] GC(4) Concurrent Cleanup for Next Mark 1.060ms
[2023-06-20T07:58:10.040+0000][69][gc          ] GC(4) Concurrent Mark Cycle 27.189ms
