[2023-06-20T07:35:32.279+0000][71][gc,init] CardTable entry size: 512
[2023-06-20T07:35:32.281+0000][71][gc     ] Using G1
[2023-06-20T07:35:32.386+0000][71][gc,init] Version: 19.0.1+10-21 (release)
[2023-06-20T07:35:32.388+0000][71][gc,init] CPUs: 4 total, 4 available
[2023-06-20T07:35:32.389+0000][71][gc,init] Memory: 7860M
[2023-06-20T07:35:32.390+0000][71][gc,init] Large Page Support: Disabled
[2023-06-20T07:35:32.391+0000][71][gc,init] NUMA Support: Disabled
[2023-06-20T07:35:32.391+0000][71][gc,init] Compressed Oops: Enabled (32-bit)
[2023-06-20T07:35:32.392+0000][71][gc,init] Heap Region Size: 4M
[2023-06-20T07:35:32.392+0000][71][gc,init] Heap Min Capacity: 256M
[2023-06-20T07:35:32.393+0000][71][gc,init] Heap Initial Capacity: 256M
[2023-06-20T07:35:32.394+0000][71][gc,init] Heap Max Capacity: 256M
[2023-06-20T07:35:32.395+0000][71][gc,init] Pre-touch: Enabled
[2023-06-20T07:35:32.395+0000][71][gc,init] Parallel Workers: 4
[2023-06-20T07:35:32.396+0000][71][gc,init] Concurrent Workers: 1
[2023-06-20T07:35:32.397+0000][71][gc,init] Concurrent Refinement Workers: 4
[2023-06-20T07:35:32.398+0000][71][gc,init] Periodic GC: Disabled
[2023-06-20T07:35:32.399+0000][71][gc,metaspace] CDS archive(s) mapped at: [0x0000000800000000-0x0000000800c4f000-0x0000000800c4f000), size 12906496, SharedBaseAddress: 0x0000000800000000, ArchiveRelocationMode: 0.
[2023-06-20T07:35:32.400+0000][71][gc,metaspace] Compressed class space mapped at: 0x0000000801000000-0x0000000841000000, reserved size: 1073741824
[2023-06-20T07:35:32.401+0000][71][gc,metaspace] Narrow klass base: 0x0000000800000000, Narrow klass shift: 0, Narrow klass range: 0x100000000
[2023-06-20T07:35:32.631+0000][71][gc,start    ] GC(0) Pause Young (Normal) (G1 Evacuation Pause)
[2023-06-20T07:35:32.632+0000][71][gc,task     ] GC(0) Using 4 workers of 4 for evacuation
[2023-06-20T07:35:32.632+0000][71][gc,age      ] GC(0) Desired survivor size 2097152 bytes, new threshold 15 (max threshold 15)
[2023-06-20T07:35:32.637+0000][71][gc,phases   ] GC(0)   Pre Evacuate Collection Set: 0.2ms
[2023-06-20T07:35:32.638+0000][71][gc,phases   ] GC(0)   Merge Heap Roots: 0.1ms
[2023-06-20T07:35:32.638+0000][71][gc,phases   ] GC(0)   Evacuate Collection Set: 3.0ms
[2023-06-20T07:35:32.639+0000][71][gc,phases   ] GC(0)   Post Evacuate Collection Set: 0.6ms
[2023-06-20T07:35:32.639+0000][71][gc,phases   ] GC(0)   Other: 1.2ms
[2023-06-20T07:35:32.640+0000][71][gc,age      ] GC(0) Age table with threshold 15 (max threshold 15)
[2023-06-20T07:35:32.640+0000][71][gc,age      ] GC(0) - age   1:     812800 bytes,     812800 total
[2023-06-20T07:35:32.641+0000][71][gc,heap     ] GC(0) Eden regions: 3->0(11)
[2023-06-20T07:35:32.642+0000][71][gc,heap     ] GC(0) Survivor regions: 0->1(1)
[2023-06-20T07:35:32.642+0000][71][gc,heap     ] GC(0) Old regions: 0->0
[2023-06-20T07:35:32.643+0000][71][gc,heap     ] GC(0) Archive regions: 2->2
[2023-06-20T07:35:32.643+0000][71][gc,heap     ] GC(0) Humongous regions: 0->0
[2023-06-20T07:35:32.643+0000][71][gc,metaspace] GC(0) Metaspace: 586K(768K)->586K(768K) NonClass: 546K(640K)->546K(640K) Class: 39K(128K)->39K(128K)
[2023-06-20T07:35:32.644+0000][71][gc          ] GC(0) Pause Young (Normal) (G1 Evacuation Pause) 15M->4M(256M) 12.960ms
[2023-06-20T07:35:32.645+0000][71][gc,cpu      ] GC(0) User=0.01s Sys=0.00s Real=0.01s
[2023-06-20T07:35:32.645+0000][71][safepoint   ] Safepoint "G1CollectForAllocation", Time since last: 214473886 ns, Reaching safepoint: 168529 ns, At safepoint: 14273824 ns, Total: 14442353 ns
[2023-06-20T07:35:33.191+0000][71][safepoint   ] Safepoint "ICBufferFull", Time since last: 545135833 ns, Reaching safepoint: 236236 ns, At safepoint: 4514 ns, Total: 240750 ns
[2023-06-20T07:35:33.627+0000][71][gc,start    ] GC(1) Pause Young (Normal) (G1 Evacuation Pause)
[2023-06-20T07:35:33.628+0000][71][gc,task     ] GC(1) Using 4 workers of 4 for evacuation
[2023-06-20T07:35:33.629+0000][71][gc,age      ] GC(1) Desired survivor size 4194304 bytes, new threshold 15 (max threshold 15)
[2023-06-20T07:35:33.638+0000][71][gc,phases   ] GC(1)   Pre Evacuate Collection Set: 0.2ms
[2023-06-20T07:35:33.639+0000][71][gc,phases   ] GC(1)   Merge Heap Roots: 0.2ms
[2023-06-20T07:35:33.639+0000][71][gc,phases   ] GC(1)   Evacuate Collection Set: 6.7ms
[2023-06-20T07:35:33.640+0000][71][gc,phases   ] GC(1)   Post Evacuate Collection Set: 1.0ms
[2023-06-20T07:35:33.640+0000][71][gc,phases   ] GC(1)   Other: 1.6ms
[2023-06-20T07:35:33.641+0000][71][gc,age      ] GC(1) Age table with threshold 15 (max threshold 15)
[2023-06-20T07:35:33.641+0000][71][gc,age      ] GC(1) - age   1:    5489504 bytes,    5489504 total
[2023-06-20T07:35:33.641+0000][71][gc,age      ] GC(1) - age   2:     405584 bytes,    5895088 total
[2023-06-20T07:35:33.642+0000][71][gc,heap     ] GC(1) Eden regions: 11->0(36)
[2023-06-20T07:35:33.642+0000][71][gc,heap     ] GC(1) Survivor regions: 1->2(2)
[2023-06-20T07:35:33.643+0000][71][gc,heap     ] GC(1) Old regions: 0->0
[2023-06-20T07:35:33.643+0000][71][gc,heap     ] GC(1) Archive regions: 2->2
[2023-06-20T07:35:33.644+0000][71][gc,heap     ] GC(1) Humongous regions: 0->0
[2023-06-20T07:35:33.645+0000][71][gc,metaspace] GC(1) Metaspace: 9922K(10240K)->9922K(10240K) NonClass: 8714K(8896K)->8714K(8896K) Class: 1208K(1344K)->1208K(1344K)
[2023-06-20T07:35:33.645+0000][71][gc          ] GC(1) Pause Young (Normal) (G1 Evacuation Pause) 48M->9M(256M) 18.467ms
[2023-06-20T07:35:33.646+0000][71][gc,cpu      ] GC(1) User=0.01s Sys=0.00s Real=0.02s
[2023-06-20T07:35:33.647+0000][71][safepoint   ] Safepoint "G1CollectForAllocation", Time since last: 436209866 ns, Reaching safepoint: 87496 ns, At safepoint: 19736645 ns, Total: 19824141 ns
[2023-06-20T07:35:34.377+0000][71][safepoint   ] Safepoint "ICBufferFull", Time since last: 728817156 ns, Reaching safepoint: 1885261 ns, At safepoint: 35130 ns, Total: 1920391 ns
[2023-06-20T07:35:35.362+0000][71][safepoint   ] Safepoint "ICBufferFull", Time since last: 983525846 ns, Reaching safepoint: 987616 ns, At safepoint: 43459 ns, Total: 1031075 ns
[2023-06-20T07:35:35.949+0000][71][safepoint   ] Safepoint "ICBufferFull", Time since last: 586884504 ns, Reaching safepoint: 220804 ns, At safepoint: 5631 ns, Total: 226435 ns
[2023-06-20T07:35:36.534+0000][71][gc,start    ] GC(2) Pause Young (Normal) (G1 Evacuation Pause)
[2023-06-20T07:35:36.541+0000][71][gc,task     ] GC(2) Using 4 workers of 4 for evacuation
[2023-06-20T07:35:36.542+0000][71][gc,age      ] GC(2) Desired survivor size 10485760 bytes, new threshold 15 (max threshold 15)
[2023-06-20T07:35:36.576+0000][71][gc,phases   ] GC(2)   Pre Evacuate Collection Set: 1.3ms
[2023-06-20T07:35:36.577+0000][71][gc,phases   ] GC(2)   Merge Heap Roots: 2.9ms
[2023-06-20T07:35:36.578+0000][71][gc,phases   ] GC(2)   Evacuate Collection Set: 20.7ms
[2023-06-20T07:35:36.578+0000][71][gc,phases   ] GC(2)   Post Evacuate Collection Set: 7.4ms
[2023-06-20T07:35:36.579+0000][71][gc,phases   ] GC(2)   Other: 2.6ms
[2023-06-20T07:35:36.580+0000][71][gc,age      ] GC(2) Age table with threshold 15 (max threshold 15)
[2023-06-20T07:35:36.581+0000][71][gc,age      ] GC(2) - age   1:    6750424 bytes,    6750424 total
[2023-06-20T07:35:36.582+0000][71][gc,age      ] GC(2) - age   2:    5374464 bytes,   12124888 total
[2023-06-20T07:35:36.582+0000][71][gc,age      ] GC(2) - age   3:     404072 bytes,   12528960 total
[2023-06-20T07:35:36.583+0000][71][gc,heap     ] GC(2) Eden regions: 36->0(34)
[2023-06-20T07:35:36.584+0000][71][gc,heap     ] GC(2) Survivor regions: 2->4(5)
[2023-06-20T07:35:36.585+0000][71][gc,heap     ] GC(2) Old regions: 0->0
[2023-06-20T07:35:36.586+0000][71][gc,heap     ] GC(2) Archive regions: 2->2
[2023-06-20T07:35:36.586+0000][71][gc,heap     ] GC(2) Humongous regions: 0->0
[2023-06-20T07:35:36.587+0000][71][gc,metaspace] GC(2) Metaspace: 18291K(18752K)->18291K(18752K) NonClass: 16229K(16448K)->16229K(16448K) Class: 2061K(2304K)->2061K(2304K)
[2023-06-20T07:35:36.588+0000][71][gc          ] GC(2) Pause Young (Normal) (G1 Evacuation Pause) 153M->16M(256M) 53.960ms
[2023-06-20T07:35:36.588+0000][71][gc,cpu      ] GC(2) User=0.08s Sys=0.01s Real=0.06s
[2023-06-20T07:35:36.589+0000][71][safepoint   ] Safepoint "G1CollectForAllocation", Time since last: 584203941 ns, Reaching safepoint: 338260 ns, At safepoint: 55179054 ns, Total: 55517314 ns
[2023-06-20T07:35:36.923+0000][71][gc,start    ] GC(3) Pause Young (Concurrent Start) (Metadata GC Threshold)
[2023-06-20T07:35:36.924+0000][71][gc,task     ] GC(3) Using 4 workers of 4 for evacuation
[2023-06-20T07:35:36.925+0000][71][gc,age      ] GC(3) Desired survivor size 10485760 bytes, new threshold 2 (max threshold 15)
[2023-06-20T07:35:36.943+0000][71][gc,phases   ] GC(3)   Pre Evacuate Collection Set: 0.1ms
[2023-06-20T07:35:36.944+0000][71][gc,phases   ] GC(3)   Merge Heap Roots: 0.0ms
[2023-06-20T07:35:36.944+0000][71][gc,phases   ] GC(3)   Evacuate Collection Set: 16.1ms
[2023-06-20T07:35:36.945+0000][71][gc,phases   ] GC(3)   Post Evacuate Collection Set: 0.8ms
[2023-06-20T07:35:36.946+0000][71][gc,phases   ] GC(3)   Other: 1.7ms
[2023-06-20T07:35:36.946+0000][71][gc,age      ] GC(3) Age table with threshold 2 (max threshold 15)
[2023-06-20T07:35:36.947+0000][71][gc,age      ] GC(3) - age   1:    1022304 bytes,    1022304 total
[2023-06-20T07:35:36.948+0000][71][gc,age      ] GC(3) - age   2:    4298560 bytes,    5320864 total
[2023-06-20T07:35:36.949+0000][71][gc,heap     ] GC(3) Eden regions: 12->0(36)
[2023-06-20T07:35:36.949+0000][71][gc,heap     ] GC(3) Survivor regions: 4->2(5)
[2023-06-20T07:35:36.950+0000][71][gc,heap     ] GC(3) Old regions: 0->2
[2023-06-20T07:35:36.950+0000][71][gc,heap     ] GC(3) Archive regions: 2->2
[2023-06-20T07:35:36.951+0000][71][gc,heap     ] GC(3) Humongous regions: 0->0
[2023-06-20T07:35:36.952+0000][71][gc,metaspace] GC(3) Metaspace: 21028K(21504K)->21028K(21504K) NonClass: 18715K(18944K)->18715K(18944K) Class: 2313K(2560K)->2313K(2560K)
[2023-06-20T07:35:36.953+0000][71][gc          ] GC(3) Pause Young (Concurrent Start) (Metadata GC Threshold) 62M->15M(256M) 29.755ms
[2023-06-20T07:35:36.953+0000][71][gc,cpu      ] GC(3) User=0.03s Sys=0.00s Real=0.03s
[2023-06-20T07:35:36.953+0000][71][gc          ] GC(4) Concurrent Mark Cycle
[2023-06-20T07:35:36.955+0000][71][gc,marking  ] GC(4) Concurrent Clear Claimed Marks
[2023-06-20T07:35:36.954+0000][71][safepoint   ] Safepoint "CollectForMetadataAllocation", Time since last: 333410736 ns, Reaching safepoint: 694701 ns, At safepoint: 31221687 ns, Total: 31916388 ns
[2023-06-20T07:35:36.956+0000][71][gc,marking  ] GC(4) Concurrent Clear Claimed Marks 0.817ms
[2023-06-20T07:35:36.957+0000][71][gc,marking  ] GC(4) Concurrent Scan Root Regions
[2023-06-20T07:35:36.962+0000][71][gc,marking  ] GC(4) Concurrent Scan Root Regions 4.842ms
[2023-06-20T07:35:36.962+0000][71][gc,marking  ] GC(4) Concurrent Mark
[2023-06-20T07:35:36.963+0000][71][gc,marking  ] GC(4) Concurrent Mark From Roots
[2023-06-20T07:35:36.964+0000][71][gc,task     ] GC(4) Using 1 workers of 1 for marking
[2023-06-20T07:35:36.965+0000][71][gc,marking  ] GC(4) Concurrent Mark From Roots 2.443ms
[2023-06-20T07:35:36.966+0000][71][gc,marking  ] GC(4) Concurrent Preclean
[2023-06-20T07:35:36.967+0000][71][gc,marking  ] GC(4) Concurrent Preclean 0.675ms
[2023-06-20T07:35:36.968+0000][71][gc,start    ] GC(4) Pause Remark
[2023-06-20T07:35:36.979+0000][71][gc          ] GC(4) Pause Remark 18M->18M(256M) 10.665ms
[2023-06-20T07:35:36.980+0000][71][gc,cpu      ] GC(4) User=0.01s Sys=0.00s Real=0.01s
[2023-06-20T07:35:36.980+0000][71][safepoint   ] Safepoint "G1PauseRemark", Time since last: 13703084 ns, Reaching safepoint: 183424 ns, At safepoint: 12160700 ns, Total: 12344124 ns
[2023-06-20T07:35:36.981+0000][71][gc,marking  ] GC(4) Concurrent Mark 18.436ms
[2023-06-20T07:35:36.981+0000][71][gc,marking  ] GC(4) Concurrent Rebuild Remembered Sets
[2023-06-20T07:35:36.990+0000][71][gc,marking  ] GC(4) Concurrent Rebuild Remembered Sets 8.204ms
[2023-06-20T07:35:36.991+0000][71][gc,start    ] GC(4) Pause Cleanup
[2023-06-20T07:35:36.991+0000][71][gc          ] GC(4) Pause Cleanup 18M->18M(256M) 0.682ms
[2023-06-20T07:35:36.992+0000][71][gc,cpu      ] GC(4) User=0.00s Sys=0.00s Real=0.00s
[2023-06-20T07:35:36.993+0000][71][safepoint   ] Safepoint "G1PauseCleanup", Time since last: 10292979 ns, Reaching safepoint: 173878 ns, At safepoint: 1887566 ns, Total: 2061444 ns
[2023-06-20T07:35:36.994+0000][71][gc,marking  ] GC(4) Concurrent Cleanup for Next Mark
[2023-06-20T07:35:36.995+0000][71][gc,marking  ] GC(4) Concurrent Cleanup for Next Mark 1.081ms
[2023-06-20T07:35:36.996+0000][71][gc          ] GC(4) Concurrent Mark Cycle 42.417ms
[2023-06-20T07:35:38.015+0000][71][safepoint   ] Safepoint "ICBufferFull", Time since last: 1021709440 ns, Reaching safepoint: 280797 ns, At safepoint: 3242 ns, Total: 284039 ns
[2023-06-20T07:35:38.181+0000][71][gc,start    ] GC(5) Pause Young (Normal) (G1 Evacuation Pause)
[2023-06-20T07:35:38.183+0000][71][gc,task     ] GC(5) Using 4 workers of 4 for evacuation
[2023-06-20T07:35:38.183+0000][71][gc,age      ] GC(5) Desired survivor size 10485760 bytes, new threshold 15 (max threshold 15)
[2023-06-20T07:35:38.210+0000][71][gc,phases   ] GC(5)   Pre Evacuate Collection Set: 0.1ms
[2023-06-20T07:35:38.211+0000][71][gc,phases   ] GC(5)   Merge Heap Roots: 0.1ms
[2023-06-20T07:35:38.212+0000][71][gc,phases   ] GC(5)   Evacuate Collection Set: 25.2ms
[2023-06-20T07:35:38.212+0000][71][gc,phases   ] GC(5)   Post Evacuate Collection Set: 0.6ms
[2023-06-20T07:35:38.213+0000][71][gc,phases   ] GC(5)   Other: 1.7ms
[2023-06-20T07:35:38.214+0000][71][gc,age      ] GC(5) Age table with threshold 15 (max threshold 15)
[2023-06-20T07:35:38.215+0000][71][gc,age      ] GC(5) - age   1:    5155248 bytes,    5155248 total
[2023-06-20T07:35:38.216+0000][71][gc,age      ] GC(5) - age   2:     992208 bytes,    6147456 total
[2023-06-20T07:35:38.217+0000][71][gc,age      ] GC(5) - age   3:    4293064 bytes,   10440520 total
[2023-06-20T07:35:38.218+0000][71][gc,heap     ] GC(5) Eden regions: 36->0(35)
[2023-06-20T07:35:38.219+0000][71][gc,heap     ] GC(5) Survivor regions: 2->3(5)
[2023-06-20T07:35:38.220+0000][71][gc,heap     ] GC(5) Old regions: 2->2
[2023-06-20T07:35:38.220+0000][71][gc,heap     ] GC(5) Archive regions: 2->2
[2023-06-20T07:35:38.221+0000][71][gc,heap     ] GC(5) Humongous regions: 0->0
[2023-06-20T07:35:38.222+0000][71][gc,metaspace] GC(5) Metaspace: 25145K(25664K)->25145K(25664K) NonClass: 22253K(22528K)->22253K(22528K) Class: 2892K(3136K)->2892K(3136K)
[2023-06-20T07:35:38.222+0000][71][gc          ] GC(5) Pause Young (Normal) (G1 Evacuation Pause) 159M->20M(256M) 40.757ms
[2023-06-20T07:35:38.223+0000][71][gc,cpu      ] GC(5) User=0.06s Sys=0.00s Real=0.04s
[2023-06-20T07:35:38.224+0000][71][safepoint   ] Safepoint "G1CollectForAllocation", Time since last: 166773649 ns, Reaching safepoint: 93601 ns, At safepoint: 42179118 ns, Total: 42272719 ns
[2023-06-20T07:35:38.846+0000][71][gc,start    ] GC(6) Pause Young (Normal) (G1 Evacuation Pause)
[2023-06-20T07:35:38.847+0000][71][gc,task     ] GC(6) Using 4 workers of 4 for evacuation
[2023-06-20T07:35:38.847+0000][71][gc,age      ] GC(6) Desired survivor size 10485760 bytes, new threshold 15 (max threshold 15)
[2023-06-20T07:35:38.859+0000][71][gc,phases   ] GC(6)   Pre Evacuate Collection Set: 0.0ms
[2023-06-20T07:35:38.860+0000][71][gc,phases   ] GC(6)   Merge Heap Roots: 0.0ms
[2023-06-20T07:35:38.860+0000][71][gc,phases   ] GC(6)   Evacuate Collection Set: 10.1ms
[2023-06-20T07:35:38.861+0000][71][gc,phases   ] GC(6)   Post Evacuate Collection Set: 0.6ms
[2023-06-20T07:35:38.861+0000][71][gc,phases   ] GC(6)   Other: 1.3ms
[2023-06-20T07:35:38.862+0000][71][gc,age      ] GC(6) Age table with threshold 15 (max threshold 15)
[2023-06-20T07:35:38.862+0000][71][gc,age      ] GC(6) - age   1:    3016896 bytes,    3016896 total
[2023-06-20T07:35:38.863+0000][71][gc,age      ] GC(6) - age   2:    4161920 bytes,    7178816 total
[2023-06-20T07:35:38.864+0000][71][gc,age      ] GC(6) - age   3:     992176 bytes,    8170992 total
[2023-06-20T07:35:38.864+0000][71][gc,age      ] GC(6) - age   4:    4292696 bytes,   12463688 total
[2023-06-20T07:35:38.864+0000][71][gc,heap     ] GC(6) Eden regions: 35->0(34)
[2023-06-20T07:35:38.865+0000][71][gc,heap     ] GC(6) Survivor regions: 3->4(5)
[2023-06-20T07:35:38.866+0000][71][gc,heap     ] GC(6) Old regions: 2->2
[2023-06-20T07:35:38.867+0000][71][gc,heap     ] GC(6) Archive regions: 2->2
[2023-06-20T07:35:38.867+0000][71][gc,heap     ] GC(6) Humongous regions: 0->0
[2023-06-20T07:35:38.868+0000][71][gc,metaspace] GC(6) Metaspace: 25531K(26112K)->25531K(26112K) NonClass: 22602K(22912K)->22602K(22912K) Class: 2929K(3200K)->2929K(3200K)
[2023-06-20T07:35:38.868+0000][71][gc          ] GC(6) Pause Young (Normal) (G1 Evacuation Pause) 160M->22M(256M) 22.505ms
[2023-06-20T07:35:38.869+0000][71][gc,cpu      ] GC(6) User=0.02s Sys=0.00s Real=0.02s
[2023-06-20T07:35:38.869+0000][71][safepoint   ] Safepoint "G1CollectForAllocation", Time since last: 622184122 ns, Reaching safepoint: 74225 ns, At safepoint: 23589277 ns, Total: 23663502 ns
[2023-06-20T07:35:39.227+0000][71][gc,start    ] GC(7) Pause Young (Normal) (G1 Evacuation Pause)
[2023-06-20T07:35:39.228+0000][71][gc,task     ] GC(7) Using 4 workers of 4 for evacuation
[2023-06-20T07:35:39.229+0000][71][gc,age      ] GC(7) Desired survivor size 10485760 bytes, new threshold 4 (max threshold 15)
[2023-06-20T07:35:39.244+0000][71][gc,phases   ] GC(7)   Pre Evacuate Collection Set: 0.2ms
[2023-06-20T07:35:39.245+0000][71][gc,phases   ] GC(7)   Merge Heap Roots: 0.2ms
[2023-06-20T07:35:39.246+0000][71][gc,phases   ] GC(7)   Evacuate Collection Set: 11.8ms
[2023-06-20T07:35:39.246+0000][71][gc,phases   ] GC(7)   Post Evacuate Collection Set: 1.9ms
[2023-06-20T07:35:39.247+0000][71][gc,phases   ] GC(7)   Other: 1.9ms
[2023-06-20T07:35:39.247+0000][71][gc,age      ] GC(7) Age table with threshold 4 (max threshold 15)
[2023-06-20T07:35:39.248+0000][71][gc,age      ] GC(7) - age   1:    1097528 bytes,    1097528 total
[2023-06-20T07:35:39.248+0000][71][gc,age      ] GC(7) - age   2:    2431392 bytes,    3528920 total
[2023-06-20T07:35:39.249+0000][71][gc,age      ] GC(7) - age   3:    4161776 bytes,    7690696 total
[2023-06-20T07:35:39.249+0000][71][gc,age      ] GC(7) - age   4:     992176 bytes,    8682872 total
[2023-06-20T07:35:39.250+0000][71][gc,heap     ] GC(7) Eden regions: 34->0(35)
[2023-06-20T07:35:39.250+0000][71][gc,heap     ] GC(7) Survivor regions: 4->3(5)
[2023-06-20T07:35:39.251+0000][71][gc,heap     ] GC(7) Old regions: 2->3
[2023-06-20T07:35:39.251+0000][71][gc,heap     ] GC(7) Archive regions: 2->2
[2023-06-20T07:35:39.252+0000][71][gc,heap     ] GC(7) Humongous regions: 0->0
[2023-06-20T07:35:39.253+0000][71][gc,metaspace] GC(7) Metaspace: 26005K(26560K)->26005K(26560K) NonClass: 23011K(23296K)->23011K(23296K) Class: 2993K(3264K)->2993K(3264K)
[2023-06-20T07:35:39.253+0000][71][gc          ] GC(7) Pause Young (Normal) (G1 Evacuation Pause) 158M->23M(256M) 25.917ms
[2023-06-20T07:35:39.254+0000][71][gc,cpu      ] GC(7) User=0.02s Sys=0.00s Real=0.02s
[2023-06-20T07:35:39.254+0000][71][safepoint   ] Safepoint "G1CollectForAllocation", Time since last: 357195332 ns, Reaching safepoint: 849246 ns, At safepoint: 27004810 ns, Total: 27854056 ns
[2023-06-20T07:35:40.463+0000][71][gc,start    ] GC(8) Pause Young (Normal) (G1 Evacuation Pause)
[2023-06-20T07:35:40.464+0000][71][gc,task     ] GC(8) Using 4 workers of 4 for evacuation
[2023-06-20T07:35:40.465+0000][71][gc,age      ] GC(8) Desired survivor size 10485760 bytes, new threshold 15 (max threshold 15)
[2023-06-20T07:35:40.472+0000][71][gc,phases   ] GC(8)   Pre Evacuate Collection Set: 0.1ms
[2023-06-20T07:35:40.473+0000][71][gc,phases   ] GC(8)   Merge Heap Roots: 0.1ms
[2023-06-20T07:35:40.474+0000][71][gc,phases   ] GC(8)   Evacuate Collection Set: 4.1ms
[2023-06-20T07:35:40.475+0000][71][gc,phases   ] GC(8)   Post Evacuate Collection Set: 2.7ms
[2023-06-20T07:35:40.476+0000][71][gc,phases   ] GC(8)   Other: 1.3ms
[2023-06-20T07:35:40.476+0000][71][gc,age      ] GC(8) Age table with threshold 15 (max threshold 15)
[2023-06-20T07:35:40.477+0000][71][gc,age      ] GC(8) - age   1:    4202904 bytes,    4202904 total
[2023-06-20T07:35:40.478+0000][71][gc,age      ] GC(8) - age   2:     375528 bytes,    4578432 total
[2023-06-20T07:35:40.479+0000][71][gc,age      ] GC(8) - age   3:    2431392 bytes,    7009824 total
[2023-06-20T07:35:40.480+0000][71][gc,age      ] GC(8) - age   4:    4156880 bytes,   11166704 total
[2023-06-20T07:35:40.480+0000][71][gc,age      ] GC(8) - age   5:     991136 bytes,   12157840 total
[2023-06-20T07:35:40.481+0000][71][gc,heap     ] GC(8) Eden regions: 35->0(35)
[2023-06-20T07:35:40.483+0000][71][gc,heap     ] GC(8) Survivor regions: 3->3(5)
[2023-06-20T07:35:40.484+0000][71][gc,heap     ] GC(8) Old regions: 3->3
[2023-06-20T07:35:40.484+0000][71][gc,heap     ] GC(8) Archive regions: 2->2
[2023-06-20T07:35:40.485+0000][71][gc,heap     ] GC(8) Humongous regions: 0->0
[2023-06-20T07:35:40.486+0000][71][gc,metaspace] GC(8) Metaspace: 32033K(32768K)->32033K(32768K) NonClass: 28388K(28800K)->28388K(28800K) Class: 3645K(3968K)->3645K(3968K)
[2023-06-20T07:35:40.486+0000][71][gc          ] GC(8) Pause Young (Normal) (G1 Evacuation Pause) 163M->25M(256M) 22.854ms
[2023-06-20T07:35:40.487+0000][71][gc,cpu      ] GC(8) User=0.01s Sys=0.00s Real=0.03s
[2023-06-20T07:35:40.488+0000][71][safepoint   ] Safepoint "G1CollectForAllocation", Time since last: 1208768108 ns, Reaching safepoint: 172791 ns, At safepoint: 24261083 ns, Total: 24433874 ns
[2023-06-20T07:35:40.842+0000][71][gc,start    ] GC(9) Pause Young (Normal) (G1 Evacuation Pause)
[2023-06-20T07:35:40.842+0000][71][gc,task     ] GC(9) Using 4 workers of 4 for evacuation
[2023-06-20T07:35:40.843+0000][71][gc,age      ] GC(9) Desired survivor size 10485760 bytes, new threshold 4 (max threshold 15)
[2023-06-20T07:35:40.850+0000][71][gc,phases   ] GC(9)   Pre Evacuate Collection Set: 0.1ms
[2023-06-20T07:35:40.851+0000][71][gc,phases   ] GC(9)   Merge Heap Roots: 0.0ms
[2023-06-20T07:35:40.851+0000][71][gc,phases   ] GC(9)   Evacuate Collection Set: 5.7ms
[2023-06-20T07:35:40.852+0000][71][gc,phases   ] GC(9)   Post Evacuate Collection Set: 0.5ms
[2023-06-20T07:35:40.852+0000][71][gc,phases   ] GC(9)   Other: 1.2ms
[2023-06-20T07:35:40.853+0000][71][gc,age      ] GC(9) Age table with threshold 4 (max threshold 15)
[2023-06-20T07:35:40.853+0000][71][gc,age      ] GC(9) - age   1:    1921504 bytes,    1921504 total
[2023-06-20T07:35:40.854+0000][71][gc,age      ] GC(9) - age   2:    3278800 bytes,    5200304 total
[2023-06-20T07:35:40.854+0000][71][gc,age      ] GC(9) - age   3:     375528 bytes,    5575832 total
[2023-06-20T07:35:40.855+0000][71][gc,age      ] GC(9) - age   4:    2431360 bytes,    8007192 total
[2023-06-20T07:35:40.856+0000][71][gc,heap     ] GC(9) Eden regions: 35->0(36)
[2023-06-20T07:35:40.856+0000][71][gc,heap     ] GC(9) Survivor regions: 3->2(5)
[2023-06-20T07:35:40.857+0000][71][gc,heap     ] GC(9) Old regions: 3->4
[2023-06-20T07:35:40.857+0000][71][gc,heap     ] GC(9) Archive regions: 2->2
[2023-06-20T07:35:40.858+0000][71][gc,heap     ] GC(9) Humongous regions: 0->0
[2023-06-20T07:35:40.859+0000][71][gc,metaspace] GC(9) Metaspace: 32151K(32960K)->32151K(32960K) NonClass: 28483K(28928K)->28483K(28928K) Class: 3668K(4032K)->3668K(4032K)
[2023-06-20T07:35:40.860+0000][71][gc          ] GC(9) Pause Young (Normal) (G1 Evacuation Pause) 165M->26M(256M) 17.988ms
[2023-06-20T07:35:40.860+0000][71][gc,cpu      ] GC(9) User=0.02s Sys=0.00s Real=0.02s
[2023-06-20T07:35:40.861+0000][71][safepoint   ] Safepoint "G1CollectForAllocation", Time since last: 353766229 ns, Reaching safepoint: 105968 ns, At safepoint: 19550302 ns, Total: 19656270 ns
[2023-06-20T07:35:41.629+0000][71][gc,start    ] GC(10) Pause Young (Normal) (G1 Evacuation Pause)
[2023-06-20T07:35:41.630+0000][71][gc,task     ] GC(10) Using 4 workers of 4 for evacuation
[2023-06-20T07:35:41.632+0000][71][gc,age      ] GC(10) Desired survivor size 10485760 bytes, new threshold 15 (max threshold 15)
[2023-06-20T07:35:41.653+0000][71][gc,phases   ] GC(10)   Pre Evacuate Collection Set: 0.1ms
[2023-06-20T07:35:41.654+0000][71][gc,phases   ] GC(10)   Merge Heap Roots: 2.8ms
[2023-06-20T07:35:41.655+0000][71][gc,phases   ] GC(10)   Evacuate Collection Set: 14.8ms
[2023-06-20T07:35:41.655+0000][71][gc,phases   ] GC(10)   Post Evacuate Collection Set: 2.9ms
[2023-06-20T07:35:41.657+0000][71][gc,phases   ] GC(10)   Other: 2.1ms
[2023-06-20T07:35:41.658+0000][71][gc,age      ] GC(10) Age table with threshold 15 (max threshold 15)
[2023-06-20T07:35:41.659+0000][71][gc,age      ] GC(10) - age   1:    3516496 bytes,    3516496 total
[2023-06-20T07:35:41.659+0000][71][gc,age      ] GC(10) - age   2:    1460472 bytes,    4976968 total
[2023-06-20T07:35:41.660+0000][71][gc,age      ] GC(10) - age   3:    3278768 bytes,    8255736 total
[2023-06-20T07:35:41.660+0000][71][gc,age      ] GC(10) - age   4:     374880 bytes,    8630616 total
[2023-06-20T07:35:41.661+0000][71][gc,age      ] GC(10) - age   5:    2430688 bytes,   11061304 total
[2023-06-20T07:35:41.662+0000][71][gc,heap     ] GC(10) Eden regions: 36->0(35)
[2023-06-20T07:35:41.662+0000][71][gc,heap     ] GC(10) Survivor regions: 2->3(5)
[2023-06-20T07:35:41.663+0000][71][gc,heap     ] GC(10) Old regions: 4->4
[2023-06-20T07:35:41.663+0000][71][gc,heap     ] GC(10) Archive regions: 2->2
[2023-06-20T07:35:41.664+0000][71][gc,heap     ] GC(10) Humongous regions: 0->0
[2023-06-20T07:35:41.665+0000][71][gc,metaspace] GC(10) Metaspace: 33620K(34432K)->33620K(34432K) NonClass: 29778K(30272K)->29778K(30272K) Class: 3841K(4160K)->3841K(4160K)
[2023-06-20T07:35:41.665+0000][71][gc          ] GC(10) Pause Young (Normal) (G1 Evacuation Pause) 170M->30M(256M) 36.401ms
[2023-06-20T07:35:41.666+0000][71][gc,cpu      ] GC(10) User=0.03s Sys=0.00s Real=0.04s
[2023-06-20T07:35:41.667+0000][71][safepoint   ] Safepoint "G1CollectForAllocation", Time since last: 767766587 ns, Reaching safepoint: 182266 ns, At safepoint: 37970827 ns, Total: 38153093 ns
[2023-06-20T07:35:42.176+0000][71][gc,start    ] GC(11) Pause Young (Normal) (G1 Evacuation Pause)
[2023-06-20T07:35:42.177+0000][71][gc,task     ] GC(11) Using 4 workers of 4 for evacuation
[2023-06-20T07:35:42.178+0000][71][gc,age      ] GC(11) Desired survivor size 10485760 bytes, new threshold 5 (max threshold 15)
[2023-06-20T07:35:42.184+0000][71][gc,phases   ] GC(11)   Pre Evacuate Collection Set: 0.1ms
[2023-06-20T07:35:42.185+0000][71][gc,phases   ] GC(11)   Merge Heap Roots: 0.0ms
[2023-06-20T07:35:42.186+0000][71][gc,phases   ] GC(11)   Evacuate Collection Set: 4.9ms
[2023-06-20T07:35:42.186+0000][71][gc,phases   ] GC(11)   Post Evacuate Collection Set: 0.4ms
[2023-06-20T07:35:42.187+0000][71][gc,phases   ] GC(11)   Other: 1.4ms
[2023-06-20T07:35:42.188+0000][71][gc,age      ] GC(11) Age table with threshold 5 (max threshold 15)
[2023-06-20T07:35:42.188+0000][71][gc,age      ] GC(11) - age   1:    3080152 bytes,    3080152 total
[2023-06-20T07:35:42.189+0000][71][gc,age      ] GC(11) - age   2:    3125016 bytes,    6205168 total
[2023-06-20T07:35:42.189+0000][71][gc,age      ] GC(11) - age   3:    1460472 bytes,    7665640 total
[2023-06-20T07:35:42.190+0000][71][gc,age      ] GC(11) - age   4:    3278768 bytes,   10944408 total
[2023-06-20T07:35:42.190+0000][71][gc,age      ] GC(11) - age   5:     374880 bytes,   11319288 total
[2023-06-20T07:35:42.191+0000][71][gc,heap     ] GC(11) Eden regions: 35->0(35)
[2023-06-20T07:35:42.192+0000][71][gc,heap     ] GC(11) Survivor regions: 3->3(5)
[2023-06-20T07:35:42.192+0000][71][gc,heap     ] GC(11) Old regions: 4->5
[2023-06-20T07:35:42.193+0000][71][gc,heap     ] GC(11) Archive regions: 2->2
[2023-06-20T07:35:42.193+0000][71][gc,heap     ] GC(11) Humongous regions: 0->0
[2023-06-20T07:35:42.194+0000][71][gc,metaspace] GC(11) Metaspace: 34081K(34944K)->34081K(34944K) NonClass: 30175K(30656K)->30175K(30656K) Class: 3906K(4288K)->3906K(4288K)
[2023-06-20T07:35:42.195+0000][71][gc          ] GC(11) Pause Young (Normal) (G1 Evacuation Pause) 170M->32M(256M) 18.115ms
[2023-06-20T07:35:42.195+0000][71][gc,cpu      ] GC(11) User=0.01s Sys=0.00s Real=0.01s
[2023-06-20T07:35:42.196+0000][71][safepoint   ] Safepoint "G1CollectForAllocation", Time since last: 509215115 ns, Reaching safepoint: 146670 ns, At safepoint: 19329637 ns, Total: 19476307 ns
[2023-06-20T07:35:42.701+0000][71][gc,start    ] GC(12) Pause Young (Normal) (G1 Evacuation Pause)
[2023-06-20T07:35:42.702+0000][71][gc,task     ] GC(12) Using 4 workers of 4 for evacuation
[2023-06-20T07:35:42.703+0000][71][gc,age      ] GC(12) Desired survivor size 10485760 bytes, new threshold 4 (max threshold 15)
[2023-06-20T07:35:42.713+0000][71][gc,phases   ] GC(12)   Pre Evacuate Collection Set: 0.1ms
[2023-06-20T07:35:42.714+0000][71][gc,phases   ] GC(12)   Merge Heap Roots: 0.0ms
[2023-06-20T07:35:42.715+0000][71][gc,phases   ] GC(12)   Evacuate Collection Set: 7.5ms
[2023-06-20T07:35:42.715+0000][71][gc,phases   ] GC(12)   Post Evacuate Collection Set: 1.9ms
[2023-06-20T07:35:42.716+0000][71][gc,phases   ] GC(12)   Other: 1.2ms
[2023-06-20T07:35:42.716+0000][71][gc,age      ] GC(12) Age table with threshold 4 (max threshold 15)
[2023-06-20T07:35:42.717+0000][71][gc,age      ] GC(12) - age   1:    1215512 bytes,    1215512 total
[2023-06-20T07:35:42.718+0000][71][gc,age      ] GC(12) - age   2:    2367408 bytes,    3582920 total
[2023-06-20T07:35:42.718+0000][71][gc,age      ] GC(12) - age   3:    3124896 bytes,    6707816 total
[2023-06-20T07:35:42.719+0000][71][gc,age      ] GC(12) - age   4:    1460472 bytes,    8168288 total
[2023-06-20T07:35:42.720+0000][71][gc,heap     ] GC(12) Eden regions: 35->0(35)
[2023-06-20T07:35:42.720+0000][71][gc,heap     ] GC(12) Survivor regions: 3->3(5)
[2023-06-20T07:35:42.721+0000][71][gc,heap     ] GC(12) Old regions: 5->6
[2023-06-20T07:35:42.721+0000][71][gc,heap     ] GC(12) Archive regions: 2->2
[2023-06-20T07:35:42.722+0000][71][gc,heap     ] GC(12) Humongous regions: 0->0
[2023-06-20T07:35:42.722+0000][71][gc,metaspace] GC(12) Metaspace: 34494K(35264K)->34494K(35264K) NonClass: 30541K(30976K)->30541K(30976K) Class: 3953K(4288K)->3953K(4288K)
[2023-06-20T07:35:42.723+0000][71][gc          ] GC(12) Pause Young (Normal) (G1 Evacuation Pause) 172M->33M(256M) 22.053ms
[2023-06-20T07:35:42.723+0000][71][gc,cpu      ] GC(12) User=0.01s Sys=0.01s Real=0.02s
[2023-06-20T07:35:42.724+0000][71][safepoint   ] Safepoint "G1CollectForAllocation", Time since last: 504987866 ns, Reaching safepoint: 64586 ns, At safepoint: 23100084 ns, Total: 23164670 ns
[2023-06-20T07:35:42.995+0000][71][gc,start    ] GC(13) Pause Young (Concurrent Start) (Metadata GC Threshold)
[2023-06-20T07:35:42.996+0000][71][gc,task     ] GC(13) Using 4 workers of 4 for evacuation
[2023-06-20T07:35:42.997+0000][71][gc,age      ] GC(13) Desired survivor size 10485760 bytes, new threshold 15 (max threshold 15)
[2023-06-20T07:35:43.006+0000][71][gc,phases   ] GC(13)   Pre Evacuate Collection Set: 0.2ms
[2023-06-20T07:35:43.010+0000][71][gc,phases   ] GC(13)   Merge Heap Roots: 0.1ms
[2023-06-20T07:35:43.011+0000][71][gc,phases   ] GC(13)   Evacuate Collection Set: 5.6ms
[2023-06-20T07:35:43.012+0000][71][gc,phases   ] GC(13)   Post Evacuate Collection Set: 2.3ms
[2023-06-20T07:35:43.014+0000][71][gc,phases   ] GC(13)   Other: 1.6ms
[2023-06-20T07:35:43.015+0000][71][gc,age      ] GC(13) Age table with threshold 15 (max threshold 15)
[2023-06-20T07:35:43.016+0000][71][gc,age      ] GC(13) - age   1:     564624 bytes,     564624 total
[2023-06-20T07:35:43.016+0000][71][gc,age      ] GC(13) - age   2:     718216 bytes,    1282840 total
[2023-06-20T07:35:43.017+0000][71][gc,age      ] GC(13) - age   3:    2367272 bytes,    3650112 total
[2023-06-20T07:35:43.017+0000][71][gc,age      ] GC(13) - age   4:    3124704 bytes,    6774816 total
[2023-06-20T07:35:43.018+0000][71][gc,age      ] GC(13) - age   5:    1460368 bytes,    8235184 total
[2023-06-20T07:35:43.019+0000][71][gc,heap     ] GC(13) Eden regions: 7->0(35)
[2023-06-20T07:35:43.019+0000][71][gc,heap     ] GC(13) Survivor regions: 3->3(5)
[2023-06-20T07:35:43.020+0000][71][gc,heap     ] GC(13) Old regions: 6->6
[2023-06-20T07:35:43.020+0000][71][gc,heap     ] GC(13) Archive regions: 2->2
[2023-06-20T07:35:43.021+0000][71][gc,heap     ] GC(13) Humongous regions: 0->0
[2023-06-20T07:35:43.021+0000][71][gc,metaspace] GC(13) Metaspace: 35209K(35968K)->35209K(35968K) NonClass: 31181K(31616K)->31181K(31616K) Class: 4027K(4352K)->4027K(4352K)
[2023-06-20T07:35:43.022+0000][71][gc          ] GC(13) Pause Young (Concurrent Start) (Metadata GC Threshold) 59M->32M(256M) 27.546ms
[2023-06-20T07:35:43.023+0000][71][gc          ] GC(14) Concurrent Mark Cycle
[2023-06-20T07:35:43.024+0000][71][gc,marking  ] GC(14) Concurrent Clear Claimed Marks
[2023-06-20T07:35:43.023+0000][71][gc,cpu      ] GC(13) User=0.01s Sys=0.00s Real=0.03s
[2023-06-20T07:35:43.025+0000][71][gc,marking  ] GC(14) Concurrent Clear Claimed Marks 0.917ms
[2023-06-20T07:35:43.026+0000][71][gc,marking  ] GC(14) Concurrent Scan Root Regions
[2023-06-20T07:35:43.025+0000][71][safepoint   ] Safepoint "CollectForMetadataAllocation", Time since last: 270896968 ns, Reaching safepoint: 90794 ns, At safepoint: 30547867 ns, Total: 30638661 ns
[2023-06-20T07:35:43.031+0000][71][gc,marking  ] GC(14) Concurrent Scan Root Regions 4.871ms
[2023-06-20T07:35:43.031+0000][71][gc,marking  ] GC(14) Concurrent Mark
[2023-06-20T07:35:43.032+0000][71][gc,marking  ] GC(14) Concurrent Mark From Roots
[2023-06-20T07:35:43.033+0000][71][gc,task     ] GC(14) Using 1 workers of 1 for marking
[2023-06-20T07:35:43.066+0000][71][gc,marking  ] GC(14) Concurrent Mark From Roots 33.812ms
[2023-06-20T07:35:43.067+0000][71][gc,marking  ] GC(14) Concurrent Preclean
[2023-06-20T07:35:43.068+0000][71][gc,marking  ] GC(14) Concurrent Preclean 1.016ms
[2023-06-20T07:35:43.072+0000][71][gc,start    ] GC(14) Pause Remark
[2023-06-20T07:35:43.081+0000][71][gc          ] GC(14) Pause Remark 35M->35M(256M) 9.307ms
[2023-06-20T07:35:43.082+0000][71][gc,cpu      ] GC(14) User=0.01s Sys=0.00s Real=0.01s
[2023-06-20T07:35:43.083+0000][71][safepoint   ] Safepoint "G1PauseRemark", Time since last: 42976608 ns, Reaching safepoint: 3406978 ns, At safepoint: 10801051 ns, Total: 14208029 ns
[2023-06-20T07:35:43.083+0000][71][gc,marking  ] GC(14) Concurrent Mark 51.888ms
[2023-06-20T07:35:43.084+0000][71][gc,marking  ] GC(14) Concurrent Rebuild Remembered Sets
[2023-06-20T07:35:43.104+0000][71][gc,marking  ] GC(14) Concurrent Rebuild Remembered Sets 19.958ms
[2023-06-20T07:35:43.109+0000][71][gc,start    ] GC(14) Pause Cleanup
[2023-06-20T07:35:43.111+0000][71][gc          ] GC(14) Pause Cleanup 36M->36M(256M) 1.309ms
[2023-06-20T07:35:43.112+0000][71][gc,cpu      ] GC(14) User=0.00s Sys=0.00s Real=0.00s
[2023-06-20T07:35:43.112+0000][71][safepoint   ] Safepoint "G1PauseCleanup", Time since last: 26450856 ns, Reaching safepoint: 259651 ns, At safepoint: 3079456 ns, Total: 3339107 ns
[2023-06-20T07:35:43.113+0000][71][gc,marking  ] GC(14) Concurrent Cleanup for Next Mark
[2023-06-20T07:35:43.114+0000][71][gc,marking  ] GC(14) Concurrent Cleanup for Next Mark 1.096ms
[2023-06-20T07:35:43.115+0000][71][gc          ] GC(14) Concurrent Mark Cycle 91.959ms
[2023-06-20T07:35:44.095+0000][71][safepoint   ] Safepoint "Cleanup", Time since last: 1001044981 ns, Reaching safepoint: 3153577 ns, At safepoint: 9172 ns, Total: 3162749 ns
[2023-06-20T07:35:45.394+0000][71][safepoint   ] Safepoint "Cleanup", Time since last: 1297700848 ns, Reaching safepoint: 1374719 ns, At safepoint: 6889 ns, Total: 1381608 ns
[2023-06-20T07:35:46.336+0000][71][gc,start    ] GC(15) Pause Young (Normal) (G1 Evacuation Pause)
[2023-06-20T07:35:46.337+0000][71][gc,task     ] GC(15) Using 4 workers of 4 for evacuation
[2023-06-20T07:35:46.337+0000][71][gc,age      ] GC(15) Desired survivor size 10485760 bytes, new threshold 15 (max threshold 15)
[2023-06-20T07:35:46.382+0000][71][gc,phases   ] GC(15)   Pre Evacuate Collection Set: 0.6ms
[2023-06-20T07:35:46.383+0000][71][gc,phases   ] GC(15)   Merge Heap Roots: 0.1ms
[2023-06-20T07:35:46.384+0000][71][gc,phases   ] GC(15)   Evacuate Collection Set: 34.9ms
[2023-06-20T07:35:46.384+0000][71][gc,phases   ] GC(15)   Post Evacuate Collection Set: 8.9ms
[2023-06-20T07:35:46.385+0000][71][gc,phases   ] GC(15)   Other: 1.3ms
[2023-06-20T07:35:46.386+0000][71][gc,age      ] GC(15) Age table with threshold 15 (max threshold 15)
[2023-06-20T07:35:46.386+0000][71][gc,age      ] GC(15) - age   1:   10638816 bytes,   10638816 total
[2023-06-20T07:35:46.387+0000][71][gc,age      ] GC(15) - age   2:     551288 bytes,   11190104 total
[2023-06-20T07:35:46.388+0000][71][gc,age      ] GC(15) - age   3:     710832 bytes,   11900936 total
[2023-06-20T07:35:46.388+0000][71][gc,age      ] GC(15) - age   4:    2360224 bytes,   14261160 total
[2023-06-20T07:35:46.389+0000][71][gc,age      ] GC(15) - age   5:    3105672 bytes,   17366832 total
[2023-06-20T07:35:46.390+0000][71][gc,age      ] GC(15) - age   6:    1452432 bytes,   18819264 total
[2023-06-20T07:35:46.390+0000][71][gc,heap     ] GC(15) Eden regions: 35->0(33)
[2023-06-20T07:35:46.391+0000][71][gc,heap     ] GC(15) Survivor regions: 3->5(5)
[2023-06-20T07:35:46.391+0000][71][gc,heap     ] GC(15) Old regions: 6->6
[2023-06-20T07:35:46.392+0000][71][gc,heap     ] GC(15) Archive regions: 2->2
[2023-06-20T07:35:46.392+0000][71][gc,heap     ] GC(15) Humongous regions: 0->0
[2023-06-20T07:35:46.393+0000][71][gc,metaspace] GC(15) Metaspace: 43857K(45120K)->43857K(45120K) NonClass: 38646K(39360K)->38646K(39360K) Class: 5211K(5760K)->5211K(5760K)
[2023-06-20T07:35:46.393+0000][71][gc          ] GC(15) Pause Young (Normal) (G1 Evacuation Pause) 172M->42M(256M) 57.711ms
[2023-06-20T07:35:46.394+0000][71][gc,cpu      ] GC(15) User=0.07s Sys=0.00s Real=0.06s
[2023-06-20T07:35:46.395+0000][71][safepoint   ] Safepoint "G1CollectForAllocation", Time since last: 941542930 ns, Reaching safepoint: 147432 ns, At safepoint: 59033475 ns, Total: 59180907 ns
[2023-06-20T07:35:47.398+0000][71][safepoint   ] Safepoint "Cleanup", Time since last: 1001050359 ns, Reaching safepoint: 2125789 ns, At safepoint: 30866 ns, Total: 2156655 ns
[2023-06-20T07:35:47.744+0000][71][gc,start    ] GC(16) Pause Young (Normal) (G1 Evacuation Pause)
[2023-06-20T07:35:47.745+0000][71][gc,task     ] GC(16) Using 4 workers of 4 for evacuation
[2023-06-20T07:35:47.746+0000][71][gc,age      ] GC(16) Desired survivor size 10485760 bytes, new threshold 1 (max threshold 15)
[2023-06-20T07:35:47.790+0000][71][gc,phases   ] GC(16)   Pre Evacuate Collection Set: 0.1ms
[2023-06-20T07:35:47.790+0000][71][gc,phases   ] GC(16)   Merge Heap Roots: 0.3ms
[2023-06-20T07:35:47.791+0000][71][gc,phases   ] GC(16)   Evacuate Collection Set: 38.2ms
[2023-06-20T07:35:47.792+0000][71][gc,phases   ] GC(16)   Post Evacuate Collection Set: 4.2ms
[2023-06-20T07:35:47.792+0000][71][gc,phases   ] GC(16)   Other: 1.5ms
[2023-06-20T07:35:47.793+0000][71][gc,age      ] GC(16) Age table with threshold 1 (max threshold 15)
[2023-06-20T07:35:47.793+0000][71][gc,age      ] GC(16) - age   1:    7746608 bytes,    7746608 total
[2023-06-20T07:35:47.794+0000][71][gc,heap     ] GC(16) Eden regions: 33->0(34)
[2023-06-20T07:35:47.795+0000][71][gc,heap     ] GC(16) Survivor regions: 5->3(5)
[2023-06-20T07:35:47.795+0000][71][gc,heap     ] GC(16) Old regions: 6->10
[2023-06-20T07:35:47.796+0000][71][gc,heap     ] GC(16) Archive regions: 2->2
[2023-06-20T07:35:47.796+0000][71][gc,heap     ] GC(16) Humongous regions: 0->0
[2023-06-20T07:35:47.797+0000][71][gc,metaspace] GC(16) Metaspace: 44106K(45376K)->44106K(45376K) NonClass: 38859K(39552K)->38859K(39552K) Class: 5246K(5824K)->5246K(5824K)
[2023-06-20T07:35:47.798+0000][71][gc          ] GC(16) Pause Young (Normal) (G1 Evacuation Pause) 174M->50M(256M) 53.546ms
[2023-06-20T07:35:47.799+0000][71][gc,cpu      ] GC(16) User=0.06s Sys=0.00s Real=0.05s
[2023-06-20T07:35:47.800+0000][71][safepoint   ] Safepoint "G1CollectForAllocation", Time since last: 345909440 ns, Reaching safepoint: 208667 ns, At safepoint: 56032612 ns, Total: 56241279 ns
[2023-06-20T07:35:49.101+0000][71][safepoint   ] Safepoint "ICBufferFull", Time since last: 1300404233 ns, Reaching safepoint: 322153 ns, At safepoint: 5545 ns, Total: 327698 ns
[2023-06-20T07:35:50.036+0000][71][gc,start    ] GC(17) Pause Young (Normal) (G1 Evacuation Pause)
[2023-06-20T07:35:50.039+0000][71][gc,task     ] GC(17) Using 4 workers of 4 for evacuation
[2023-06-20T07:35:50.039+0000][71][gc,age      ] GC(17) Desired survivor size 10485760 bytes, new threshold 15 (max threshold 15)
[2023-06-20T07:35:50.053+0000][71][gc,phases   ] GC(17)   Pre Evacuate Collection Set: 0.5ms
[2023-06-20T07:35:50.055+0000][71][gc,phases   ] GC(17)   Merge Heap Roots: 2.1ms
[2023-06-20T07:35:50.056+0000][71][gc,phases   ] GC(17)   Evacuate Collection Set: 9.9ms
[2023-06-20T07:35:50.056+0000][71][gc,phases   ] GC(17)   Post Evacuate Collection Set: 0.8ms
[2023-06-20T07:35:50.057+0000][71][gc,phases   ] GC(17)   Other: 1.5ms
[2023-06-20T07:35:50.057+0000][71][gc,age      ] GC(17) Age table with threshold 15 (max threshold 15)
[2023-06-20T07:35:50.058+0000][71][gc,age      ] GC(17) - age   1:    4976024 bytes,    4976024 total
[2023-06-20T07:35:50.059+0000][71][gc,age      ] GC(17) - age   2:    7288560 bytes,   12264584 total
[2023-06-20T07:35:50.060+0000][71][gc,heap     ] GC(17) Eden regions: 34->0(33)
[2023-06-20T07:35:50.060+0000][71][gc,heap     ] GC(17) Survivor regions: 3->4(5)
[2023-06-20T07:35:50.061+0000][71][gc,heap     ] GC(17) Old regions: 10->10
[2023-06-20T07:35:50.061+0000][71][gc,heap     ] GC(17) Archive regions: 2->2
[2023-06-20T07:35:50.062+0000][71][gc,heap     ] GC(17) Humongous regions: 0->0
[2023-06-20T07:35:50.063+0000][71][gc,metaspace] GC(17) Metaspace: 52020K(53312K)->52020K(53312K) NonClass: 45725K(46464K)->45725K(46464K) Class: 6295K(6848K)->6295K(6848K)
[2023-06-20T07:35:50.064+0000][71][gc          ] GC(17) Pause Young (Normal) (G1 Evacuation Pause) 186M->55M(256M) 27.363ms
[2023-06-20T07:35:50.065+0000][71][gc,cpu      ] GC(17) User=0.02s Sys=0.00s Real=0.03s
[2023-06-20T07:35:50.065+0000][71][safepoint   ] Safepoint "G1CollectForAllocation", Time since last: 933076588 ns, Reaching safepoint: 2409246 ns, At safepoint: 29112272 ns, Total: 31521518 ns
[2023-06-20T07:35:51.068+0000][71][gc,start    ] GC(18) Pause Young (Concurrent Start) (Metadata GC Threshold)
[2023-06-20T07:35:51.069+0000][71][gc,task     ] GC(18) Using 4 workers of 4 for evacuation
[2023-06-20T07:35:51.070+0000][71][gc,age      ] GC(18) Desired survivor size 10485760 bytes, new threshold 2 (max threshold 15)
[2023-06-20T07:35:51.082+0000][71][gc,phases   ] GC(18)   Pre Evacuate Collection Set: 0.2ms
[2023-06-20T07:35:51.083+0000][71][gc,phases   ] GC(18)   Merge Heap Roots: 0.1ms
[2023-06-20T07:35:51.084+0000][71][gc,phases   ] GC(18)   Evacuate Collection Set: 9.7ms
[2023-06-20T07:35:51.084+0000][71][gc,phases   ] GC(18)   Post Evacuate Collection Set: 1.1ms
[2023-06-20T07:35:51.085+0000][71][gc,phases   ] GC(18)   Other: 1.4ms
[2023-06-20T07:35:51.086+0000][71][gc,age      ] GC(18) Age table with threshold 2 (max threshold 15)
[2023-06-20T07:35:51.087+0000][71][gc,age      ] GC(18) - age   1:    2661608 bytes,    2661608 total
[2023-06-20T07:35:51.088+0000][71][gc,age      ] GC(18) - age   2:    4803016 bytes,    7464624 total
[2023-06-20T07:35:51.088+0000][71][gc,heap     ] GC(18) Eden regions: 11->0(32)
[2023-06-20T07:35:51.089+0000][71][gc,heap     ] GC(18) Survivor regions: 4->3(5)
[2023-06-20T07:35:51.090+0000][71][gc,heap     ] GC(18) Old regions: 10->12
[2023-06-20T07:35:51.091+0000][71][gc,heap     ] GC(18) Archive regions: 2->2
[2023-06-20T07:35:51.092+0000][71][gc,heap     ] GC(18) Humongous regions: 0->0
[2023-06-20T07:35:51.093+0000][71][gc,metaspace] GC(18) Metaspace: 59057K(60416K)->59057K(60416K) NonClass: 51735K(52544K)->51735K(52544K) Class: 7322K(7872K)->7322K(7872K)
[2023-06-20T07:35:51.094+0000][71][gc          ] GC(18) Pause Young (Concurrent Start) (Metadata GC Threshold) 97M->58M(256M) 25.662ms
[2023-06-20T07:35:51.095+0000][71][gc,cpu      ] GC(18) User=0.02s Sys=0.00s Real=0.03s
[2023-06-20T07:35:51.095+0000][71][gc          ] GC(19) Concurrent Mark Cycle
[2023-06-20T07:35:51.096+0000][71][gc,marking  ] GC(19) Concurrent Clear Claimed Marks
[2023-06-20T07:35:51.097+0000][71][gc,marking  ] GC(19) Concurrent Clear Claimed Marks 1.020ms
[2023-06-20T07:35:51.098+0000][71][gc,marking  ] GC(19) Concurrent Scan Root Regions
[2023-06-20T07:35:51.100+0000][71][safepoint   ] Safepoint "CollectForMetadataAllocation", Time since last: 1002554417 ns, Reaching safepoint: 171176 ns, At safepoint: 27732965 ns, Total: 27904141 ns
[2023-06-20T07:35:51.112+0000][71][gc,marking  ] GC(19) Concurrent Scan Root Regions 14.118ms
[2023-06-20T07:35:51.113+0000][71][gc,marking  ] GC(19) Concurrent Mark
[2023-06-20T07:35:51.113+0000][71][gc,marking  ] GC(19) Concurrent Mark From Roots
[2023-06-20T07:35:51.114+0000][71][gc,task     ] GC(19) Using 1 workers of 1 for marking
[2023-06-20T07:35:51.163+0000][71][safepoint   ] Safepoint "CollectForMetadataAllocation", Time since last: 66722352 ns, Reaching safepoint: 442327 ns, At safepoint: 129961 ns, Total: 572288 ns
[2023-06-20T07:35:51.187+0000][71][gc,marking  ] GC(19) Concurrent Mark From Roots 73.439ms
[2023-06-20T07:35:51.188+0000][71][gc,marking  ] GC(19) Concurrent Preclean
[2023-06-20T07:35:51.189+0000][71][gc,marking  ] GC(19) Concurrent Preclean 1.244ms
[2023-06-20T07:35:51.190+0000][71][gc,start    ] GC(19) Pause Remark
[2023-06-20T07:35:51.197+0000][71][gc          ] GC(19) Pause Remark 62M->62M(256M) 6.383ms
[2023-06-20T07:35:51.198+0000][71][gc,cpu      ] GC(19) User=0.01s Sys=0.00s Real=0.01s
[2023-06-20T07:35:51.199+0000][71][safepoint   ] Safepoint "G1PauseRemark", Time since last: 26859583 ns, Reaching safepoint: 248470 ns, At safepoint: 8342737 ns, Total: 8591207 ns
[2023-06-20T07:35:51.199+0000][71][gc,marking  ] GC(19) Concurrent Mark 86.731ms
[2023-06-20T07:35:51.200+0000][71][gc,marking  ] GC(19) Concurrent Rebuild Remembered Sets
[2023-06-20T07:35:51.254+0000][71][gc,marking  ] GC(19) Concurrent Rebuild Remembered Sets 53.798ms
[2023-06-20T07:35:51.258+0000][71][gc,start    ] GC(19) Pause Cleanup
[2023-06-20T07:35:51.259+0000][71][gc          ] GC(19) Pause Cleanup 64M->64M(256M) 1.041ms
[2023-06-20T07:35:51.260+0000][71][gc,cpu      ] GC(19) User=0.00s Sys=0.00s Real=0.00s
[2023-06-20T07:35:51.260+0000][71][safepoint   ] Safepoint "G1PauseCleanup", Time since last: 58646731 ns, Reaching safepoint: 863139 ns, At safepoint: 2371513 ns, Total: 3234652 ns
[2023-06-20T07:35:51.261+0000][71][gc,marking  ] GC(19) Concurrent Cleanup for Next Mark
[2023-06-20T07:35:51.262+0000][71][gc,marking  ] GC(19) Concurrent Cleanup for Next Mark 0.872ms
[2023-06-20T07:35:51.263+0000][71][gc          ] GC(19) Concurrent Mark Cycle 167.642ms
[2023-06-20T07:35:52.312+0000][71][gc,start    ] GC(20) Pause Young (Normal) (G1 Evacuation Pause)
[2023-06-20T07:35:52.313+0000][71][gc,task     ] GC(20) Using 4 workers of 4 for evacuation
[2023-06-20T07:35:52.314+0000][71][gc,age      ] GC(20) Desired survivor size 10485760 bytes, new threshold 15 (max threshold 15)
[2023-06-20T07:35:52.323+0000][71][gc,phases   ] GC(20)   Pre Evacuate Collection Set: 0.2ms
[2023-06-20T07:35:52.324+0000][71][gc,phases   ] GC(20)   Merge Heap Roots: 0.2ms
[2023-06-20T07:35:52.324+0000][71][gc,phases   ] GC(20)   Evacuate Collection Set: 7.5ms
[2023-06-20T07:35:52.325+0000][71][gc,phases   ] GC(20)   Post Evacuate Collection Set: 0.9ms
[2023-06-20T07:35:52.326+0000][71][gc,phases   ] GC(20)   Other: 1.4ms
[2023-06-20T07:35:52.326+0000][71][gc,age      ] GC(20) Age table with threshold 15 (max threshold 15)
[2023-06-20T07:35:52.327+0000][71][gc,age      ] GC(20) - age   1:    2076736 bytes,    2076736 total
[2023-06-20T07:35:52.327+0000][71][gc,age      ] GC(20) - age   2:    2525400 bytes,    4602136 total
[2023-06-20T07:35:52.328+0000][71][gc,age      ] GC(20) - age   3:    4779936 bytes,    9382072 total
[2023-06-20T07:35:52.328+0000][71][gc,heap     ] GC(20) Eden regions: 32->0(33)
[2023-06-20T07:35:52.329+0000][71][gc,heap     ] GC(20) Survivor regions: 3->3(5)
[2023-06-20T07:35:52.329+0000][71][gc,heap     ] GC(20) Old regions: 12->12
[2023-06-20T07:35:52.330+0000][71][gc,heap     ] GC(20) Archive regions: 2->2
[2023-06-20T07:35:52.330+0000][71][gc,heap     ] GC(20) Humongous regions: 0->0
[2023-06-20T07:35:52.331+0000][71][gc,metaspace] GC(20) Metaspace: 65490K(67072K)->65490K(67072K) NonClass: 57140K(58048K)->57140K(58048K) Class: 8350K(9024K)->8350K(9024K)
[2023-06-20T07:35:52.331+0000][71][gc          ] GC(20) Pause Young (Normal) (G1 Evacuation Pause) 186M->59M(256M) 19.401ms
[2023-06-20T07:35:52.332+0000][71][gc,cpu      ] GC(20) User=0.02s Sys=0.00s Real=0.02s
[2023-06-20T07:35:52.333+0000][71][safepoint   ] Safepoint "G1CollectForAllocation", Time since last: 1051231393 ns, Reaching safepoint: 295670 ns, At safepoint: 21310327 ns, Total: 21605997 ns
[2023-06-20T07:35:53.160+0000][71][gc,start    ] GC(21) Pause Young (Normal) (G1 Evacuation Pause)
[2023-06-20T07:35:53.161+0000][71][gc,task     ] GC(21) Using 4 workers of 4 for evacuation
[2023-06-20T07:35:53.162+0000][71][gc,age      ] GC(21) Desired survivor size 10485760 bytes, new threshold 15 (max threshold 15)
[2023-06-20T07:35:53.176+0000][71][gc,phases   ] GC(21)   Pre Evacuate Collection Set: 0.2ms
[2023-06-20T07:35:53.177+0000][71][gc,phases   ] GC(21)   Merge Heap Roots: 0.0ms
[2023-06-20T07:35:53.178+0000][71][gc,phases   ] GC(21)   Evacuate Collection Set: 12.0ms
[2023-06-20T07:35:53.179+0000][71][gc,phases   ] GC(21)   Post Evacuate Collection Set: 1.1ms
[2023-06-20T07:35:53.180+0000][71][gc,phases   ] GC(21)   Other: 1.5ms
[2023-06-20T07:35:53.180+0000][71][gc,age      ] GC(21) Age table with threshold 15 (max threshold 15)
[2023-06-20T07:35:53.181+0000][71][gc,age      ] GC(21) - age   1:     315152 bytes,     315152 total
[2023-06-20T07:35:53.182+0000][71][gc,age      ] GC(21) - age   2:    1918536 bytes,    2233688 total
[2023-06-20T07:35:53.183+0000][71][gc,age      ] GC(21) - age   3:    2525120 bytes,    4758808 total
[2023-06-20T07:35:53.183+0000][71][gc,age      ] GC(21) - age   4:    4779512 bytes,    9538320 total
[2023-06-20T07:35:53.184+0000][71][gc,heap     ] GC(21) Eden regions: 33->0(34)
[2023-06-20T07:35:53.185+0000][71][gc,heap     ] GC(21) Survivor regions: 3->3(5)
[2023-06-20T07:35:53.186+0000][71][gc,heap     ] GC(21) Old regions: 12->12
[2023-06-20T07:35:53.186+0000][71][gc,heap     ] GC(21) Archive regions: 2->2
[2023-06-20T07:35:53.187+0000][71][gc,heap     ] GC(21) Humongous regions: 0->0
[2023-06-20T07:35:53.188+0000][71][gc,metaspace] GC(21) Metaspace: 66304K(67904K)->66304K(67904K) NonClass: 57839K(58752K)->57839K(58752K) Class: 8464K(9152K)->8464K(9152K)
[2023-06-20T07:35:53.188+0000][71][gc          ] GC(21) Pause Young (Normal) (G1 Evacuation Pause) 191M->59M(256M) 27.949ms
[2023-06-20T07:35:53.189+0000][71][gc,cpu      ] GC(21) User=0.04s Sys=0.01s Real=0.03s
[2023-06-20T07:35:53.190+0000][71][safepoint   ] Safepoint "G1CollectForAllocation", Time since last: 826930084 ns, Reaching safepoint: 253142 ns, At safepoint: 29499754 ns, Total: 29752896 ns
[2023-06-20T07:35:54.511+0000][71][safepoint   ] Safepoint "Cleanup", Time since last: 1318925554 ns, Reaching safepoint: 1854367 ns, At safepoint: 33378 ns, Total: 1887745 ns
[2023-06-20T07:35:55.520+0000][71][safepoint   ] Safepoint "Cleanup", Time since last: 1003432586 ns, Reaching safepoint: 5693551 ns, At safepoint: 37436 ns, Total: 5730987 ns
[2023-06-20T07:35:56.524+0000][71][safepoint   ] Safepoint "Cleanup", Time since last: 1002422099 ns, Reaching safepoint: 1365740 ns, At safepoint: 412293 ns, Total: 1778033 ns
[2023-06-20T07:35:56.613+0000][71][gc,start    ] GC(22) Pause Young (Normal) (G1 Evacuation Pause)
[2023-06-20T07:35:56.615+0000][71][gc,task     ] GC(22) Using 4 workers of 4 for evacuation
[2023-06-20T07:35:56.616+0000][71][gc,age      ] GC(22) Desired survivor size 10485760 bytes, new threshold 15 (max threshold 15)
[2023-06-20T07:35:56.648+0000][71][gc,phases   ] GC(22)   Pre Evacuate Collection Set: 0.2ms
[2023-06-20T07:35:56.649+0000][71][gc,phases   ] GC(22)   Merge Heap Roots: 0.2ms
[2023-06-20T07:35:56.649+0000][71][gc,phases   ] GC(22)   Evacuate Collection Set: 19.2ms
[2023-06-20T07:35:56.650+0000][71][gc,phases   ] GC(22)   Post Evacuate Collection Set: 11.2ms
[2023-06-20T07:35:56.651+0000][71][gc,phases   ] GC(22)   Other: 2.3ms
[2023-06-20T07:35:56.651+0000][71][gc,age      ] GC(22) Age table with threshold 15 (max threshold 15)
[2023-06-20T07:35:56.652+0000][71][gc,age      ] GC(22) - age   1:    7368728 bytes,    7368728 total
[2023-06-20T07:35:56.653+0000][71][gc,age      ] GC(22) - age   2:     280320 bytes,    7649048 total
[2023-06-20T07:35:56.653+0000][71][gc,age      ] GC(22) - age   3:    1895808 bytes,    9544856 total
[2023-06-20T07:35:56.655+0000][71][gc,age      ] GC(22) - age   4:    2523328 bytes,   12068184 total
[2023-06-20T07:35:56.655+0000][71][gc,age      ] GC(22) - age   5:    4775896 bytes,   16844080 total
[2023-06-20T07:35:56.656+0000][71][gc,heap     ] GC(22) Eden regions: 34->0(30)
[2023-06-20T07:35:56.656+0000][71][gc,heap     ] GC(22) Survivor regions: 3->5(5)
[2023-06-20T07:35:56.657+0000][71][gc,heap     ] GC(22) Old regions: 12->12
[2023-06-20T07:35:56.657+0000][71][gc,heap     ] GC(22) Archive regions: 2->2
[2023-06-20T07:35:56.658+0000][71][gc,heap     ] GC(22) Humongous regions: 0->0
[2023-06-20T07:35:56.658+0000][71][gc,metaspace] GC(22) Metaspace: 79599K(81280K)->79599K(81280K) NonClass: 69284K(70208K)->69284K(70208K) Class: 10315K(11072K)->10315K(11072K)
[2023-06-20T07:35:56.659+0000][71][gc          ] GC(22) Pause Young (Normal) (G1 Evacuation Pause) 195M->66M(256M) 45.579ms
[2023-06-20T07:35:56.660+0000][71][gc,cpu      ] GC(22) User=0.05s Sys=0.01s Real=0.05s
[2023-06-20T07:35:56.660+0000][71][safepoint   ] Safepoint "G1CollectForAllocation", Time since last: 88478616 ns, Reaching safepoint: 828838 ns, At safepoint: 46850403 ns, Total: 47679241 ns
[2023-06-20T07:35:57.734+0000][71][safepoint   ] Safepoint "Cleanup", Time since last: 1073444280 ns, Reaching safepoint: 371059 ns, At safepoint: 26051 ns, Total: 397110 ns
[2023-06-20T07:35:58.741+0000][71][safepoint   ] Safepoint "Cleanup", Time since last: 1005580127 ns, Reaching safepoint: 1092098 ns, At safepoint: 17180 ns, Total: 1109278 ns
[2023-06-20T07:35:59.524+0000][71][gc,start    ] GC(23) Pause Young (Normal) (G1 Evacuation Pause)
[2023-06-20T07:35:59.525+0000][71][gc,task     ] GC(23) Using 4 workers of 4 for evacuation
[2023-06-20T07:35:59.525+0000][71][gc,age      ] GC(23) Desired survivor size 10485760 bytes, new threshold 4 (max threshold 15)
[2023-06-20T07:35:59.551+0000][71][gc,phases   ] GC(23)   Pre Evacuate Collection Set: 0.2ms
[2023-06-20T07:35:59.552+0000][71][gc,phases   ] GC(23)   Merge Heap Roots: 0.1ms
[2023-06-20T07:35:59.552+0000][71][gc,phases   ] GC(23)   Evacuate Collection Set: 21.7ms
[2023-06-20T07:35:59.553+0000][71][gc,phases   ] GC(23)   Post Evacuate Collection Set: 3.1ms
[2023-06-20T07:35:59.554+0000][71][gc,phases   ] GC(23)   Other: 1.4ms
[2023-06-20T07:35:59.555+0000][71][gc,age      ] GC(23) Age table with threshold 4 (max threshold 15)
[2023-06-20T07:35:59.555+0000][71][gc,age      ] GC(23) - age   1:    6650344 bytes,    6650344 total
[2023-06-20T07:35:59.556+0000][71][gc,age      ] GC(23) - age   2:    7186864 bytes,   13837208 total
[2023-06-20T07:35:59.557+0000][71][gc,age      ] GC(23) - age   3:     280272 bytes,   14117480 total
[2023-06-20T07:35:59.557+0000][71][gc,age      ] GC(23) - age   4:    1888344 bytes,   16005824 total
[2023-06-20T07:35:59.558+0000][71][gc,heap     ] GC(23) Eden regions: 30->0(28)
[2023-06-20T07:35:59.559+0000][71][gc,heap     ] GC(23) Survivor regions: 5->5(5)
[2023-06-20T07:35:59.559+0000][71][gc,heap     ] GC(23) Old regions: 12->14
[2023-06-20T07:35:59.560+0000][71][gc,heap     ] GC(23) Archive regions: 2->2
[2023-06-20T07:35:59.561+0000][71][gc,heap     ] GC(23) Humongous regions: 0->0
[2023-06-20T07:35:59.561+0000][71][gc,metaspace] GC(23) Metaspace: 97376K(99200K)->97376K(99200K) NonClass: 84883K(85888K)->84883K(85888K) Class: 12492K(13312K)->12492K(13312K)
[2023-06-20T07:35:59.562+0000][71][gc          ] GC(23) Pause Young (Normal) (G1 Evacuation Pause) 186M->73M(256M) 38.286ms
[2023-06-20T07:35:59.563+0000][71][gc,cpu      ] GC(23) User=0.05s Sys=0.00s Real=0.04s
[2023-06-20T07:35:59.563+0000][71][safepoint   ] Safepoint "G1CollectForAllocation", Time since last: 782407615 ns, Reaching safepoint: 302678 ns, At safepoint: 39766646 ns, Total: 40069324 ns
[2023-06-20T07:36:00.020+0000][71][gc,start    ] GC(24) Pause Young (Concurrent Start) (Metadata GC Threshold)
[2023-06-20T07:36:00.022+0000][71][gc,task     ] GC(24) Using 4 workers of 4 for evacuation
[2023-06-20T07:36:00.022+0000][71][gc,age      ] GC(24) Desired survivor size 10485760 bytes, new threshold 2 (max threshold 15)
[2023-06-20T07:36:00.069+0000][71][gc,phases   ] GC(24)   Pre Evacuate Collection Set: 0.3ms
[2023-06-20T07:36:00.070+0000][71][gc,phases   ] GC(24)   Merge Heap Roots: 0.1ms
[2023-06-20T07:36:00.070+0000][71][gc,phases   ] GC(24)   Evacuate Collection Set: 30.9ms
[2023-06-20T07:36:00.071+0000][71][gc,phases   ] GC(24)   Post Evacuate Collection Set: 13.9ms
[2023-06-20T07:36:00.072+0000][71][gc,phases   ] GC(24)   Other: 1.9ms
[2023-06-20T07:36:00.072+0000][71][gc,age      ] GC(24) Age table with threshold 2 (max threshold 15)
[2023-06-20T07:36:00.073+0000][71][gc,age      ] GC(24) - age   1:    1221976 bytes,    1221976 total
[2023-06-20T07:36:00.073+0000][71][gc,age      ] GC(24) - age   2:    6410864 bytes,    7632840 total
[2023-06-20T07:36:00.074+0000][71][gc,heap     ] GC(24) Eden regions: 5->0(29)
[2023-06-20T07:36:00.075+0000][71][gc,heap     ] GC(24) Survivor regions: 5->2(5)
[2023-06-20T07:36:00.075+0000][71][gc,heap     ] GC(24) Old regions: 14->16
[2023-06-20T07:36:00.076+0000][71][gc,heap     ] GC(24) Archive regions: 2->2
[2023-06-20T07:36:00.076+0000][71][gc,heap     ] GC(24) Humongous regions: 0->0
[2023-06-20T07:36:00.077+0000][71][gc,metaspace] GC(24) Metaspace: 99483K(101696K)->99483K(101696K) NonClass: 86550K(87744K)->86550K(87744K) Class: 12932K(13952K)->12932K(13952K)
[2023-06-20T07:36:00.078+0000][71][gc          ] GC(24) Pause Young (Concurrent Start) (Metadata GC Threshold) 91M->73M(256M) 57.820ms
[2023-06-20T07:36:00.078+0000][71][gc,cpu      ] GC(24) User=0.05s Sys=0.00s Real=0.06s
[2023-06-20T07:36:00.078+0000][71][gc          ] GC(25) Concurrent Mark Cycle
[2023-06-20T07:36:00.080+0000][71][gc,marking  ] GC(25) Concurrent Clear Claimed Marks
[2023-06-20T07:36:00.080+0000][71][gc,marking  ] GC(25) Concurrent Clear Claimed Marks 0.589ms
[2023-06-20T07:36:00.081+0000][71][gc,marking  ] GC(25) Concurrent Scan Root Regions
[2023-06-20T07:36:00.079+0000][71][safepoint   ] Safepoint "CollectForMetadataAllocation", Time since last: 456478131 ns, Reaching safepoint: 116966 ns, At safepoint: 59262733 ns, Total: 59379699 ns
[2023-06-20T07:36:00.100+0000][71][gc,marking  ] GC(25) Concurrent Scan Root Regions 18.886ms
[2023-06-20T07:36:00.101+0000][71][gc,marking  ] GC(25) Concurrent Mark
[2023-06-20T07:36:00.102+0000][71][gc,marking  ] GC(25) Concurrent Mark From Roots
[2023-06-20T07:36:00.103+0000][71][gc,task     ] GC(25) Using 1 workers of 1 for marking
[2023-06-20T07:36:00.142+0000][71][safepoint   ] Safepoint "CollectForMetadataAllocation", Time since last: 62730321 ns, Reaching safepoint: 121780 ns, At safepoint: 91422 ns, Total: 213202 ns
[2023-06-20T07:36:00.201+0000][71][gc,marking  ] GC(25) Concurrent Mark From Roots 99.515ms
[2023-06-20T07:36:00.202+0000][71][gc,marking  ] GC(25) Concurrent Preclean
[2023-06-20T07:36:00.203+0000][71][gc,marking  ] GC(25) Concurrent Preclean 0.826ms
[2023-06-20T07:36:00.205+0000][71][gc,start    ] GC(25) Pause Remark
[2023-06-20T07:36:00.216+0000][71][gc          ] GC(25) Pause Remark 78M->78M(256M) 10.689ms
[2023-06-20T07:36:00.217+0000][71][gc,cpu      ] GC(25) User=0.01s Sys=0.00s Real=0.01s
[2023-06-20T07:36:00.218+0000][71][safepoint   ] Safepoint "G1PauseRemark", Time since last: 63133253 ns, Reaching safepoint: 59985 ns, At safepoint: 12807827 ns, Total: 12867812 ns
[2023-06-20T07:36:00.219+0000][71][gc,marking  ] GC(25) Concurrent Mark 118.037ms
[2023-06-20T07:36:00.220+0000][71][gc,marking  ] GC(25) Concurrent Rebuild Remembered Sets
[2023-06-20T07:36:00.283+0000][71][gc,marking  ] GC(25) Concurrent Rebuild Remembered Sets 63.167ms
[2023-06-20T07:36:00.285+0000][71][gc,start    ] GC(25) Pause Cleanup
[2023-06-20T07:36:00.286+0000][71][gc          ] GC(25) Pause Cleanup 80M->80M(256M) 1.209ms
[2023-06-20T07:36:00.287+0000][71][gc,cpu      ] GC(25) User=0.00s Sys=0.00s Real=0.00s
[2023-06-20T07:36:00.287+0000][71][safepoint   ] Safepoint "G1PauseCleanup", Time since last: 66270632 ns, Reaching safepoint: 199803 ns, At safepoint: 2868474 ns, Total: 3068277 ns
[2023-06-20T07:36:00.289+0000][71][gc,marking  ] GC(25) Concurrent Cleanup for Next Mark
[2023-06-20T07:36:00.292+0000][71][gc,marking  ] GC(25) Concurrent Cleanup for Next Mark 2.908ms
[2023-06-20T07:36:00.293+0000][71][gc          ] GC(25) Concurrent Mark Cycle 214.606ms
[2023-06-20T07:36:01.291+0000][71][safepoint   ] Safepoint "Cleanup", Time since last: 1001370698 ns, Reaching safepoint: 2480214 ns, At safepoint: 19863 ns, Total: 2500077 ns
[2023-06-20T07:36:02.404+0000][71][safepoint   ] Safepoint "ICBufferFull", Time since last: 1112529377 ns, Reaching safepoint: 295052 ns, At safepoint: 35450 ns, Total: 330502 ns
[2023-06-20T07:36:02.754+0000][71][safepoint   ] Safepoint "ICBufferFull", Time since last: 348901564 ns, Reaching safepoint: 463962 ns, At safepoint: 33376 ns, Total: 497338 ns
[2023-06-20T07:36:03.790+0000][71][safepoint   ] Safepoint "Cleanup", Time since last: 1036044866 ns, Reaching safepoint: 377755 ns, At safepoint: 35422 ns, Total: 413177 ns
[2023-06-20T07:36:03.791+0000][71][gc,start    ] GC(26) Pause Young (Normal) (G1 Evacuation Pause)
[2023-06-20T07:36:03.792+0000][71][gc,task     ] GC(26) Using 4 workers of 4 for evacuation
[2023-06-20T07:36:03.793+0000][71][gc,age      ] GC(26) Desired survivor size 8388608 bytes, new threshold 15 (max threshold 15)
[2023-06-20T07:36:03.823+0000][71][gc,phases   ] GC(26)   Pre Evacuate Collection Set: 0.2ms
[2023-06-20T07:36:03.824+0000][71][gc,phases   ] GC(26)   Merge Heap Roots: 0.2ms
[2023-06-20T07:36:03.825+0000][71][gc,phases   ] GC(26)   Evacuate Collection Set: 23.2ms
[2023-06-20T07:36:03.826+0000][71][gc,phases   ] GC(26)   Post Evacuate Collection Set: 6.1ms
[2023-06-20T07:36:03.827+0000][71][gc,phases   ] GC(26)   Other: 1.6ms
[2023-06-20T07:36:03.827+0000][71][gc,age      ] GC(26) Age table with threshold 15 (max threshold 15)
[2023-06-20T07:36:03.828+0000][71][gc,age      ] GC(26) - age   1:    7538144 bytes,    7538144 total
[2023-06-20T07:36:03.829+0000][71][gc,age      ] GC(26) - age   2:    1139648 bytes,    8677792 total
[2023-06-20T07:36:03.829+0000][71][gc,age      ] GC(26) - age   3:    5947368 bytes,   14625160 total
[2023-06-20T07:36:03.832+0000][71][gc,heap     ] GC(26) Eden regions: 29->0(27)
[2023-06-20T07:36:03.832+0000][71][gc,heap     ] GC(26) Survivor regions: 2->4(4)
[2023-06-20T07:36:03.833+0000][71][gc,heap     ] GC(26) Old regions: 16->16
[2023-06-20T07:36:03.834+0000][71][gc,heap     ] GC(26) Archive regions: 2->2
[2023-06-20T07:36:03.834+0000][71][gc,heap     ] GC(26) Humongous regions: 0->0
[2023-06-20T07:36:03.835+0000][71][gc,metaspace] GC(26) Metaspace: 113276K(116544K)->113276K(116544K) NonClass: 98180K(99840K)->98180K(99840K) Class: 15096K(16704K)->15096K(16704K)
[2023-06-20T07:36:03.836+0000][71][gc          ] GC(26) Pause Young (Normal) (G1 Evacuation Pause) 189M->81M(256M) 44.465ms
[2023-06-20T07:36:03.836+0000][71][gc,cpu      ] GC(26) User=0.06s Sys=0.00s Real=0.05s
[2023-06-20T07:36:03.837+0000][71][safepoint   ] Safepoint "G1CollectForAllocation", Time since last: 1052348 ns, Reaching safepoint: 61777 ns, At safepoint: 45811980 ns, Total: 45873757 ns
[2023-06-20T07:36:04.871+0000][71][safepoint   ] Safepoint "ICBufferFull", Time since last: 1031541280 ns, Reaching safepoint: 2371030 ns, At safepoint: 74246 ns, Total: 2445276 ns
[2023-06-20T07:36:04.873+0000][71][safepoint   ] Safepoint "ICBufferFull", Time since last: 1279536 ns, Reaching safepoint: 782752 ns, At safepoint: 36381 ns, Total: 819133 ns
[2023-06-20T07:36:05.735+0000][71][gc,start    ] GC(27) Pause Young (Normal) (G1 Evacuation Pause)
[2023-06-20T07:36:05.736+0000][71][gc,task     ] GC(27) Using 4 workers of 4 for evacuation
[2023-06-20T07:36:05.737+0000][71][gc,age      ] GC(27) Desired survivor size 8388608 bytes, new threshold 2 (max threshold 15)
[2023-06-20T07:36:05.800+0000][71][gc,phases   ] GC(27)   Pre Evacuate Collection Set: 0.1ms
[2023-06-20T07:36:05.801+0000][71][gc,phases   ] GC(27)   Merge Heap Roots: 0.1ms
[2023-06-20T07:36:05.801+0000][71][gc,phases   ] GC(27)   Evacuate Collection Set: 60.2ms
[2023-06-20T07:36:05.802+0000][71][gc,phases   ] GC(27)   Post Evacuate Collection Set: 2.3ms
[2023-06-20T07:36:05.803+0000][71][gc,phases   ] GC(27)   Other: 1.3ms
[2023-06-20T07:36:05.803+0000][71][gc,age      ] GC(27) Age table with threshold 2 (max threshold 15)
[2023-06-20T07:36:05.804+0000][71][gc,age      ] GC(27) - age   1:    9730120 bytes,    9730120 total
[2023-06-20T07:36:05.804+0000][71][gc,age      ] GC(27) - age   2:    7037288 bytes,   16767408 total
[2023-06-20T07:36:05.805+0000][71][gc,heap     ] GC(27) Eden regions: 27->0(17)
[2023-06-20T07:36:05.805+0000][71][gc,heap     ] GC(27) Survivor regions: 4->4(4)
[2023-06-20T07:36:05.806+0000][71][gc,heap     ] GC(27) Old regions: 16->22
[2023-06-20T07:36:05.806+0000][71][gc,heap     ] GC(27) Archive regions: 2->2
[2023-06-20T07:36:05.807+0000][71][gc,heap     ] GC(27) Humongous regions: 0->0
[2023-06-20T07:36:05.808+0000][71][gc,metaspace] GC(27) Metaspace: 120593K(123840K)->120593K(123840K) NonClass: 104360K(105984K)->104360K(105984K) Class: 16232K(17856K)->16232K(17856K)
[2023-06-20T07:36:05.808+0000][71][gc          ] GC(27) Pause Young (Normal) (G1 Evacuation Pause) 189M->104M(256M) 73.314ms
[2023-06-20T07:36:05.809+0000][71][gc,cpu      ] GC(27) User=0.07s Sys=0.00s Real=0.07s
[2023-06-20T07:36:05.810+0000][71][safepoint   ] Safepoint "G1CollectForAllocation", Time since last: 854461126 ns, Reaching safepoint: 7560772 ns, At safepoint: 74519785 ns, Total: 82080557 ns
[2023-06-20T07:36:06.098+0000][71][gc,start    ] GC(28) Pause Young (Concurrent Start) (G1 Humongous Allocation)
[2023-06-20T07:36:06.098+0000][71][gc,task     ] GC(28) Using 4 workers of 4 for evacuation
[2023-06-20T07:36:06.099+0000][71][gc,age      ] GC(28) Desired survivor size 6291456 bytes, new threshold 1 (max threshold 15)
[2023-06-20T07:36:06.133+0000][71][gc,phases   ] GC(28)   Pre Evacuate Collection Set: 0.3ms
[2023-06-20T07:36:06.134+0000][71][gc,phases   ] GC(28)   Merge Heap Roots: 0.2ms
[2023-06-20T07:36:06.135+0000][71][gc,phases   ] GC(28)   Evacuate Collection Set: 32.3ms
[2023-06-20T07:36:06.135+0000][71][gc,phases   ] GC(28)   Post Evacuate Collection Set: 0.8ms
[2023-06-20T07:36:06.136+0000][71][gc,phases   ] GC(28)   Other: 1.1ms
[2023-06-20T07:36:06.136+0000][71][gc,age      ] GC(28) Age table with threshold 1 (max threshold 15)
[2023-06-20T07:36:06.137+0000][71][gc,age      ] GC(28) - age   1:    8337616 bytes,    8337616 total
[2023-06-20T07:36:06.137+0000][71][gc,heap     ] GC(28) Eden regions: 6->0(13)
[2023-06-20T07:36:06.138+0000][71][gc,heap     ] GC(28) Survivor regions: 4->3(3)
[2023-06-20T07:36:06.138+0000][71][gc,heap     ] GC(28) Old regions: 22->26
[2023-06-20T07:36:06.139+0000][71][gc,heap     ] GC(28) Archive regions: 2->2
[2023-06-20T07:36:06.139+0000][71][gc,heap     ] GC(28) Humongous regions: 0->0
[2023-06-20T07:36:06.140+0000][71][gc,metaspace] GC(28) Metaspace: 121583K(124928K)->121583K(124928K) NonClass: 105242K(106944K)->105242K(106944K) Class: 16340K(17984K)->16340K(17984K)
[2023-06-20T07:36:06.140+0000][71][gc          ] GC(28) Pause Young (Concurrent Start) (G1 Humongous Allocation) 127M->115M(256M) 42.322ms
[2023-06-20T07:36:06.141+0000][71][gc,cpu      ] GC(28) User=0.05s Sys=0.00s Real=0.04s
[2023-06-20T07:36:06.141+0000][71][gc          ] GC(29) Concurrent Mark Cycle
[2023-06-20T07:36:06.141+0000][71][safepoint   ] Safepoint "G1TryInitiateConcMark", Time since last: 288025308 ns, Reaching safepoint: 222063 ns, At safepoint: 43401065 ns, Total: 43623128 ns
[2023-06-20T07:36:06.142+0000][71][gc,marking  ] GC(29) Concurrent Clear Claimed Marks
[2023-06-20T07:36:06.144+0000][71][gc,marking  ] GC(29) Concurrent Clear Claimed Marks 1.926ms
[2023-06-20T07:36:06.145+0000][71][gc,marking  ] GC(29) Concurrent Scan Root Regions
[2023-06-20T07:36:06.199+0000][71][gc,marking  ] GC(29) Concurrent Scan Root Regions 54.241ms
[2023-06-20T07:36:06.200+0000][71][gc,marking  ] GC(29) Concurrent Mark
[2023-06-20T07:36:06.200+0000][71][gc,marking  ] GC(29) Concurrent Mark From Roots
[2023-06-20T07:36:06.201+0000][71][gc,task     ] GC(29) Using 1 workers of 1 for marking
[2023-06-20T07:36:06.610+0000][71][gc,marking  ] GC(29) Concurrent Mark From Roots 409.777ms
[2023-06-20T07:36:06.611+0000][71][gc,marking  ] GC(29) Concurrent Preclean
[2023-06-20T07:36:06.613+0000][71][gc,marking  ] GC(29) Concurrent Preclean 1.234ms
[2023-06-20T07:36:06.617+0000][71][gc,start    ] GC(29) Pause Remark
[2023-06-20T07:36:06.625+0000][71][gc          ] GC(29) Pause Remark 134M->134M(256M) 7.881ms
[2023-06-20T07:36:06.626+0000][71][gc,cpu      ] GC(29) User=0.01s Sys=0.00s Real=0.01s
[2023-06-20T07:36:06.627+0000][71][safepoint   ] Safepoint "G1PauseRemark", Time since last: 472348117 ns, Reaching safepoint: 3489414 ns, At safepoint: 9901017 ns, Total: 13390431 ns
[2023-06-20T07:36:06.632+0000][71][gc,marking  ] GC(29) Concurrent Mark 432.417ms
[2023-06-20T07:36:06.633+0000][71][gc,marking  ] GC(29) Concurrent Rebuild Remembered Sets
[2023-06-20T07:36:07.239+0000][71][gc,marking  ] GC(29) Concurrent Rebuild Remembered Sets 606.007ms
[2023-06-20T07:36:07.243+0000][71][gc,start    ] GC(29) Pause Cleanup
[2023-06-20T07:36:07.244+0000][71][gc          ] GC(29) Pause Cleanup 144M->144M(256M) 1.019ms
[2023-06-20T07:36:07.245+0000][71][gc,cpu      ] GC(29) User=0.00s Sys=0.00s Real=0.01s
[2023-06-20T07:36:07.245+0000][71][safepoint   ] Safepoint "G1PauseCleanup", Time since last: 614695501 ns, Reaching safepoint: 1280310 ns, At safepoint: 2311900 ns, Total: 3592210 ns
[2023-06-20T07:36:07.246+0000][71][gc,marking  ] GC(29) Concurrent Cleanup for Next Mark
[2023-06-20T07:36:07.247+0000][71][gc,marking  ] GC(29) Concurrent Cleanup for Next Mark 1.452ms
[2023-06-20T07:36:07.249+0000][71][gc          ] GC(29) Concurrent Mark Cycle 1107.530ms
[2023-06-20T07:36:08.253+0000][71][safepoint   ] Safepoint "Cleanup", Time since last: 1001998456 ns, Reaching safepoint: 5668548 ns, At safepoint: 67254 ns, Total: 5735802 ns
[2023-06-20T07:36:09.257+0000][71][safepoint   ] Safepoint "Cleanup", Time since last: 1003467659 ns, Reaching safepoint: 687533 ns, At safepoint: 75178 ns, Total: 762711 ns
[2023-06-20T07:36:09.328+0000][71][gc,start    ] GC(30) Pause Young (Normal) (G1 Evacuation Pause)
[2023-06-20T07:36:09.329+0000][71][gc,task     ] GC(30) Using 4 workers of 4 for evacuation
[2023-06-20T07:36:09.330+0000][71][gc,age      ] GC(30) Desired survivor size 4194304 bytes, new threshold 1 (max threshold 15)
[2023-06-20T07:36:09.346+0000][71][gc,phases   ] GC(30)   Pre Evacuate Collection Set: 0.1ms
[2023-06-20T07:36:09.346+0000][71][gc,phases   ] GC(30)   Merge Heap Roots: 0.1ms
[2023-06-20T07:36:09.347+0000][71][gc,phases   ] GC(30)   Evacuate Collection Set: 13.8ms
[2023-06-20T07:36:09.348+0000][71][gc,phases   ] GC(30)   Post Evacuate Collection Set: 1.3ms
[2023-06-20T07:36:09.348+0000][71][gc,phases   ] GC(30)   Other: 1.6ms
[2023-06-20T07:36:09.349+0000][71][gc,age      ] GC(30) Age table with threshold 1 (max threshold 15)
[2023-06-20T07:36:09.350+0000][71][gc,age      ] GC(30) - age   1:    5361328 bytes,    5361328 total
[2023-06-20T07:36:09.350+0000][71][gc,heap     ] GC(30) Eden regions: 13->0(12)
[2023-06-20T07:36:09.351+0000][71][gc,heap     ] GC(30) Survivor regions: 3->2(2)
[2023-06-20T07:36:09.352+0000][71][gc,heap     ] GC(30) Old regions: 26->28
[2023-06-20T07:36:09.353+0000][71][gc,heap     ] GC(30) Archive regions: 2->2
[2023-06-20T07:36:09.353+0000][71][gc,heap     ] GC(30) Humongous regions: 2->2
[2023-06-20T07:36:09.354+0000][71][gc,metaspace] GC(30) Metaspace: 124435K(127744K)->124435K(127744K) NonClass: 107706K(109376K)->107706K(109376K) Class: 16728K(18368K)->16728K(18368K)
[2023-06-20T07:36:09.355+0000][71][gc          ] GC(30) Pause Young (Normal) (G1 Evacuation Pause) 175M->130M(256M) 26.349ms
[2023-06-20T07:36:09.355+0000][71][gc,cpu      ] GC(30) User=0.02s Sys=0.00s Real=0.03s
[2023-06-20T07:36:09.356+0000][71][safepoint   ] Safepoint "G1CollectForAllocation", Time since last: 70730266 ns, Reaching safepoint: 376665 ns, At safepoint: 27876968 ns, Total: 28253633 ns
[2023-06-20T07:36:09.747+0000][71][gc,start    ] GC(31) Pause Young (Concurrent Start) (G1 Evacuation Pause)
[2023-06-20T07:36:09.747+0000][71][gc,task     ] GC(31) Using 4 workers of 4 for evacuation
[2023-06-20T07:36:09.748+0000][71][gc,age      ] GC(31) Desired survivor size 4194304 bytes, new threshold 1 (max threshold 15)
[2023-06-20T07:36:09.762+0000][71][gc,phases   ] GC(31)   Pre Evacuate Collection Set: 0.4ms
[2023-06-20T07:36:09.767+0000][71][gc,phases   ] GC(31)   Merge Heap Roots: 0.1ms
[2023-06-20T07:36:09.768+0000][71][gc,phases   ] GC(31)   Evacuate Collection Set: 12.2ms
[2023-06-20T07:36:09.769+0000][71][gc,phases   ] GC(31)   Post Evacuate Collection Set: 0.6ms
[2023-06-20T07:36:09.769+0000][71][gc,phases   ] GC(31)   Other: 1.7ms
[2023-06-20T07:36:09.770+0000][71][gc,age      ] GC(31) Age table with threshold 1 (max threshold 15)
[2023-06-20T07:36:09.771+0000][71][gc,age      ] GC(31) - age   1:    7377896 bytes,    7377896 total
[2023-06-20T07:36:09.771+0000][71][gc,heap     ] GC(31) Eden regions: 12->0(11)
[2023-06-20T07:36:09.772+0000][71][gc,heap     ] GC(31) Survivor regions: 2->2(2)
[2023-06-20T07:36:09.773+0000][71][gc,heap     ] GC(31) Old regions: 28->30
[2023-06-20T07:36:09.773+0000][71][gc,heap     ] GC(31) Archive regions: 2->2
[2023-06-20T07:36:09.774+0000][71][gc,heap     ] GC(31) Humongous regions: 2->2
[2023-06-20T07:36:09.775+0000][71][gc,metaspace] GC(31) Metaspace: 125434K(128832K)->125434K(128832K) NonClass: 108544K(110272K)->108544K(110272K) Class: 16889K(18560K)->16889K(18560K)
[2023-06-20T07:36:09.775+0000][71][gc          ] GC(31) Pause Young (Concurrent Start) (G1 Evacuation Pause) 178M->138M(256M) 28.650ms
[2023-06-20T07:36:09.776+0000][71][gc,cpu      ] GC(31) User=0.04s Sys=0.00s Real=0.03s
[2023-06-20T07:36:09.776+0000][71][gc          ] GC(32) Concurrent Mark Cycle
[2023-06-20T07:36:09.778+0000][71][gc,marking  ] GC(32) Concurrent Clear Claimed Marks
[2023-06-20T07:36:09.779+0000][71][gc,marking  ] GC(32) Concurrent Clear Claimed Marks 1.139ms
[2023-06-20T07:36:09.779+0000][71][gc,marking  ] GC(32) Concurrent Scan Root Regions
[2023-06-20T07:36:09.785+0000][71][gc,marking  ] GC(32) Concurrent Scan Root Regions 5.894ms
[2023-06-20T07:36:09.786+0000][71][gc,marking  ] GC(32) Concurrent Mark
[2023-06-20T07:36:09.787+0000][71][gc,marking  ] GC(32) Concurrent Mark From Roots
[2023-06-20T07:36:09.787+0000][71][gc,task     ] GC(32) Using 1 workers of 1 for marking
[2023-06-20T07:36:09.777+0000][71][safepoint   ] Safepoint "G1CollectForAllocation", Time since last: 388224100 ns, Reaching safepoint: 2216915 ns, At safepoint: 30075779 ns, Total: 32292694 ns
[2023-06-20T07:36:10.085+0000][71][gc,start    ] GC(33) Pause Young (Normal) (G1 Evacuation Pause)
[2023-06-20T07:36:10.085+0000][71][gc,task     ] GC(33) Using 4 workers of 4 for evacuation
[2023-06-20T07:36:10.086+0000][71][gc,age      ] GC(33) Desired survivor size 4194304 bytes, new threshold 1 (max threshold 15)
[2023-06-20T07:36:10.096+0000][71][gc,phases   ] GC(33)   Pre Evacuate Collection Set: 0.1ms
[2023-06-20T07:36:10.097+0000][71][gc,phases   ] GC(33)   Merge Heap Roots: 0.2ms
[2023-06-20T07:36:10.097+0000][71][gc,phases   ] GC(33)   Evacuate Collection Set: 8.1ms
[2023-06-20T07:36:10.098+0000][71][gc,phases   ] GC(33)   Post Evacuate Collection Set: 1.0ms
[2023-06-20T07:36:10.098+0000][71][gc,phases   ] GC(33)   Other: 1.2ms
[2023-06-20T07:36:10.099+0000][71][gc,age      ] GC(33) Age table with threshold 1 (max threshold 15)
[2023-06-20T07:36:10.099+0000][71][gc,age      ] GC(33) - age   1:    5452864 bytes,    5452864 total
[2023-06-20T07:36:10.100+0000][71][gc,heap     ] GC(33) Eden regions: 11->0(10)
[2023-06-20T07:36:10.100+0000][71][gc,heap     ] GC(33) Survivor regions: 2->2(2)
[2023-06-20T07:36:10.101+0000][71][gc,heap     ] GC(33) Old regions: 30->31
[2023-06-20T07:36:10.101+0000][71][gc,heap     ] GC(33) Archive regions: 2->2
[2023-06-20T07:36:10.102+0000][71][gc,heap     ] GC(33) Humongous regions: 2->2
[2023-06-20T07:36:10.103+0000][71][gc,metaspace] GC(33) Metaspace: 125656K(129024K)->125656K(129024K) NonClass: 108735K(110400K)->108735K(110400K) Class: 16921K(18624K)->16921K(18624K)
[2023-06-20T07:36:10.103+0000][71][gc          ] GC(33) Pause Young (Normal) (G1 Evacuation Pause) 182M->139M(256M) 18.798ms
[2023-06-20T07:36:10.105+0000][71][gc,cpu      ] GC(33) User=0.01s Sys=0.00s Real=0.02s
[2023-06-20T07:36:10.106+0000][71][safepoint   ] Safepoint "G1CollectForAllocation", Time since last: 289119011 ns, Reaching safepoint: 18748258 ns, At safepoint: 21222133 ns, Total: 39970391 ns
[2023-06-20T07:36:10.637+0000][71][gc,start    ] GC(34) Pause Young (Normal) (G1 Evacuation Pause)
[2023-06-20T07:36:10.638+0000][71][gc,task     ] GC(34) Using 4 workers of 4 for evacuation
[2023-06-20T07:36:10.639+0000][71][gc,age      ] GC(34) Desired survivor size 4194304 bytes, new threshold 1 (max threshold 15)
[2023-06-20T07:36:10.648+0000][71][gc,phases   ] GC(34)   Pre Evacuate Collection Set: 0.1ms
[2023-06-20T07:36:10.648+0000][71][gc,phases   ] GC(34)   Merge Heap Roots: 0.0ms
[2023-06-20T07:36:10.649+0000][71][gc,phases   ] GC(34)   Evacuate Collection Set: 6.9ms
[2023-06-20T07:36:10.650+0000][71][gc,phases   ] GC(34)   Post Evacuate Collection Set: 1.0ms
[2023-06-20T07:36:10.650+0000][71][gc,phases   ] GC(34)   Other: 1.6ms
[2023-06-20T07:36:10.651+0000][71][gc,age      ] GC(34) Age table with threshold 1 (max threshold 15)
[2023-06-20T07:36:10.652+0000][71][gc,age      ] GC(34) - age   1:    1108504 bytes,    1108504 total
[2023-06-20T07:36:10.653+0000][71][gc,heap     ] GC(34) Eden regions: 10->0(12)
[2023-06-20T07:36:10.654+0000][71][gc,heap     ] GC(34) Survivor regions: 2->1(2)
[2023-06-20T07:36:10.657+0000][71][gc,heap     ] GC(34) Old regions: 31->31
[2023-06-20T07:36:10.657+0000][71][gc,heap     ] GC(34) Archive regions: 2->2
[2023-06-20T07:36:10.658+0000][71][gc,heap     ] GC(34) Humongous regions: 2->2
[2023-06-20T07:36:10.659+0000][71][gc,metaspace] GC(34) Metaspace: 125859K(129152K)->125859K(129152K) NonClass: 108913K(110528K)->108913K(110528K) Class: 16945K(18624K)->16945K(18624K)
[2023-06-20T07:36:10.660+0000][71][gc          ] GC(34) Pause Young (Normal) (G1 Evacuation Pause) 179M->135M(256M) 23.413ms
[2023-06-20T07:36:10.661+0000][71][gc,cpu      ] GC(34) User=0.00s Sys=0.00s Real=0.02s
[2023-06-20T07:36:10.662+0000][71][safepoint   ] Safepoint "G1CollectForAllocation", Time since last: 520820578 ns, Reaching safepoint: 10219644 ns, At safepoint: 25442310 ns, Total: 35661954 ns
[2023-06-20T07:36:11.401+0000][71][gc,start    ] GC(35) Pause Young (Normal) (G1 Evacuation Pause)
[2023-06-20T07:36:11.402+0000][71][gc,task     ] GC(35) Using 4 workers of 4 for evacuation
[2023-06-20T07:36:11.403+0000][71][gc,age      ] GC(35) Desired survivor size 4194304 bytes, new threshold 15 (max threshold 15)
[2023-06-20T07:36:11.412+0000][71][gc,phases   ] GC(35)   Pre Evacuate Collection Set: 0.3ms
[2023-06-20T07:36:11.412+0000][71][gc,phases   ] GC(35)   Merge Heap Roots: 0.1ms
[2023-06-20T07:36:11.413+0000][71][gc,phases   ] GC(35)   Evacuate Collection Set: 5.6ms
[2023-06-20T07:36:11.414+0000][71][gc,phases   ] GC(35)   Post Evacuate Collection Set: 0.9ms
[2023-06-20T07:36:11.415+0000][71][gc,phases   ] GC(35)   Other: 2.3ms
[2023-06-20T07:36:11.416+0000][71][gc,age      ] GC(35) Age table with threshold 15 (max threshold 15)
[2023-06-20T07:36:11.417+0000][71][gc,age      ] GC(35) - age   1:    4125224 bytes,    4125224 total
[2023-06-20T07:36:11.418+0000][71][gc,age      ] GC(35) - age   2:     894088 bytes,    5019312 total
[2023-06-20T07:36:11.419+0000][71][gc,heap     ] GC(35) Eden regions: 12->0(11)
[2023-06-20T07:36:11.420+0000][71][gc,heap     ] GC(35) Survivor regions: 1->2(2)
[2023-06-20T07:36:11.421+0000][71][gc,heap     ] GC(35) Old regions: 31->31
[2023-06-20T07:36:11.423+0000][71][gc,heap     ] GC(35) Archive regions: 2->2
[2023-06-20T07:36:11.423+0000][71][gc,heap     ] GC(35) Humongous regions: 2->2
[2023-06-20T07:36:11.425+0000][71][gc,metaspace] GC(35) Metaspace: 126205K(129600K)->126205K(129600K) NonClass: 109211K(110912K)->109211K(110912K) Class: 16994K(18688K)->16994K(18688K)
[2023-06-20T07:36:11.426+0000][71][gc          ] GC(35) Pause Young (Normal) (G1 Evacuation Pause) 183M->139M(256M) 25.181ms
[2023-06-20T07:36:11.427+0000][71][gc,cpu      ] GC(35) User=0.01s Sys=0.00s Real=0.03s
[2023-06-20T07:36:11.430+0000][71][safepoint   ] Safepoint "G1CollectForAllocation", Time since last: 731489667 ns, Reaching safepoint: 7381206 ns, At safepoint: 28789855 ns, Total: 36171061 ns
[2023-06-20T07:36:11.536+0000][71][gc,marking  ] GC(32) Concurrent Mark From Roots 1749.213ms
[2023-06-20T07:36:11.537+0000][71][gc,marking  ] GC(32) Concurrent Preclean
[2023-06-20T07:36:11.539+0000][71][gc,marking  ] GC(32) Concurrent Preclean 1.646ms
[2023-06-20T07:36:11.541+0000][71][gc,start    ] GC(32) Pause Remark
[2023-06-20T07:36:11.569+0000][71][gc          ] GC(32) Pause Remark 145M->145M(256M) 27.928ms
[2023-06-20T07:36:11.570+0000][71][gc,cpu      ] GC(32) User=0.04s Sys=0.00s Real=0.03s
[2023-06-20T07:36:11.571+0000][71][safepoint   ] Safepoint "G1PauseRemark", Time since last: 110415682 ns, Reaching safepoint: 753886 ns, At safepoint: 29847748 ns, Total: 30601634 ns
[2023-06-20T07:36:11.572+0000][71][gc,marking  ] GC(32) Concurrent Mark 1785.803ms
[2023-06-20T07:36:11.573+0000][71][gc,marking  ] GC(32) Concurrent Rebuild Remembered Sets
[2023-06-20T07:36:11.900+0000][71][gc,marking  ] GC(32) Concurrent Rebuild Remembered Sets 327.365ms
[2023-06-20T07:36:11.907+0000][71][gc,start    ] GC(32) Pause Cleanup
[2023-06-20T07:36:11.908+0000][71][gc          ] GC(32) Pause Cleanup 161M->161M(256M) 0.984ms
[2023-06-20T07:36:11.909+0000][71][gc,cpu      ] GC(32) User=0.00s Sys=0.00s Real=0.00s
[2023-06-20T07:36:11.910+0000][71][safepoint   ] Safepoint "G1PauseCleanup", Time since last: 330032507 ns, Reaching safepoint: 5951636 ns, At safepoint: 2797995 ns, Total: 8749631 ns
[2023-06-20T07:36:11.913+0000][71][gc,marking  ] GC(32) Concurrent Cleanup for Next Mark
[2023-06-20T07:36:11.928+0000][71][gc,marking  ] GC(32) Concurrent Cleanup for Next Mark 14.877ms
[2023-06-20T07:36:11.930+0000][71][gc          ] GC(32) Concurrent Mark Cycle 2153.471ms
[2023-06-20T07:36:12.189+0000][71][gc,start    ] GC(36) Pause Young (Prepare Mixed) (G1 Evacuation Pause)
[2023-06-20T07:36:12.190+0000][71][gc,task     ] GC(36) Using 4 workers of 4 for evacuation
[2023-06-20T07:36:12.191+0000][71][gc,age      ] GC(36) Desired survivor size 4194304 bytes, new threshold 2 (max threshold 15)
[2023-06-20T07:36:12.207+0000][71][gc,phases   ] GC(36)   Pre Evacuate Collection Set: 0.1ms
[2023-06-20T07:36:12.208+0000][71][gc,phases   ] GC(36)   Merge Heap Roots: 0.1ms
[2023-06-20T07:36:12.208+0000][71][gc,phases   ] GC(36)   Evacuate Collection Set: 12.9ms
[2023-06-20T07:36:12.209+0000][71][gc,phases   ] GC(36)   Post Evacuate Collection Set: 1.5ms
[2023-06-20T07:36:12.210+0000][71][gc,phases   ] GC(36)   Other: 1.9ms
[2023-06-20T07:36:12.211+0000][71][gc,age      ] GC(36) Age table with threshold 2 (max threshold 15)
[2023-06-20T07:36:12.211+0000][71][gc,age      ] GC(36) - age   1:    1324160 bytes,    1324160 total
[2023-06-20T07:36:12.212+0000][71][gc,age      ] GC(36) - age   2:     913176 bytes,    2237336 total
[2023-06-20T07:36:12.212+0000][71][gc,heap     ] GC(36) Eden regions: 11->0(2)
[2023-06-20T07:36:12.213+0000][71][gc,heap     ] GC(36) Survivor regions: 2->1(2)
[2023-06-20T07:36:12.214+0000][71][gc,heap     ] GC(36) Old regions: 31->31
[2023-06-20T07:36:12.214+0000][71][gc,heap     ] GC(36) Archive regions: 2->2
[2023-06-20T07:36:12.215+0000][71][gc,heap     ] GC(36) Humongous regions: 2->2
[2023-06-20T07:36:12.216+0000][71][gc,metaspace] GC(36) Metaspace: 127003K(130368K)->127003K(130368K) NonClass: 109878K(111552K)->109878K(111552K) Class: 17125K(18816K)->17125K(18816K)
[2023-06-20T07:36:12.216+0000][71][gc          ] GC(36) Pause Young (Prepare Mixed) (G1 Evacuation Pause) 183M->137M(256M) 27.106ms
[2023-06-20T07:36:12.217+0000][71][gc,cpu      ] GC(36) User=0.04s Sys=0.00s Real=0.03s
[2023-06-20T07:36:12.226+0000][71][safepoint   ] Safepoint "G1CollectForAllocation", Time since last: 257102887 ns, Reaching safepoint: 21946266 ns, At safepoint: 37326236 ns, Total: 59272502 ns
[2023-06-20T07:36:12.295+0000][71][gc,start    ] GC(37) Pause Young (Mixed) (G1 Evacuation Pause)
[2023-06-20T07:36:12.296+0000][71][gc,task     ] GC(37) Using 4 workers of 4 for evacuation
[2023-06-20T07:36:12.298+0000][71][gc,age      ] GC(37) Desired survivor size 2097152 bytes, new threshold 2 (max threshold 15)
[2023-06-20T07:36:12.315+0000][71][gc,phases   ] GC(37)   Pre Evacuate Collection Set: 0.1ms
[2023-06-20T07:36:12.316+0000][71][gc,phases   ] GC(37)   Merge Heap Roots: 0.1ms
[2023-06-20T07:36:12.317+0000][71][gc,phases   ] GC(37)   Evacuate Collection Set: 15.8ms
[2023-06-20T07:36:12.318+0000][71][gc,phases   ] GC(37)   Post Evacuate Collection Set: 0.9ms
[2023-06-20T07:36:12.319+0000][71][gc,phases   ] GC(37)   Other: 2.4ms
[2023-06-20T07:36:12.319+0000][71][gc,age      ] GC(37) Age table with threshold 2 (max threshold 15)
[2023-06-20T07:36:12.320+0000][71][gc,age      ] GC(37) - age   1:     140024 bytes,     140024 total
[2023-06-20T07:36:12.321+0000][71][gc,age      ] GC(37) - age   2:    1169424 bytes,    1309448 total
[2023-06-20T07:36:12.321+0000][71][gc,heap     ] GC(37) Eden regions: 2->0(13)
[2023-06-20T07:36:12.322+0000][71][gc,heap     ] GC(37) Survivor regions: 1->1(1)
[2023-06-20T07:36:12.323+0000][71][gc,heap     ] GC(37) Old regions: 31->31
[2023-06-20T07:36:12.324+0000][71][gc,heap     ] GC(37) Archive regions: 2->2
[2023-06-20T07:36:12.324+0000][71][gc,heap     ] GC(37) Humongous regions: 2->2
[2023-06-20T07:36:12.325+0000][71][gc,metaspace] GC(37) Metaspace: 127043K(130368K)->127043K(130368K) NonClass: 109915K(111552K)->109915K(111552K) Class: 17128K(18816K)->17128K(18816K)
[2023-06-20T07:36:12.326+0000][71][gc          ] GC(37) Pause Young (Mixed) (G1 Evacuation Pause) 145M->136M(256M) 30.909ms
[2023-06-20T07:36:12.327+0000][71][gc,cpu      ] GC(37) User=0.04s Sys=0.00s Real=0.03s
[2023-06-20T07:36:12.328+0000][71][safepoint   ] Safepoint "G1CollectForAllocation", Time since last: 68800934 ns, Reaching safepoint: 215667 ns, At safepoint: 32465099 ns, Total: 32680766 ns
[2023-06-20T07:36:14.103+0000][71][safepoint   ] Safepoint "Cleanup", Time since last: 1797609781 ns, Reaching safepoint: 186755 ns, At safepoint: 5135 ns, Total: 191890 ns
[2023-06-20T07:36:15.105+0000][71][safepoint   ] Safepoint "Cleanup", Time since last: 1001338359 ns, Reaching safepoint: 137675 ns, At safepoint: 4387 ns, Total: 142062 ns
[2023-06-20T07:36:17.597+0000][71][gc,start    ] GC(38) Pause Young (Concurrent Start) (G1 Evacuation Pause)
[2023-06-20T07:36:17.598+0000][71][gc,task     ] GC(38) Using 4 workers of 4 for evacuation
[2023-06-20T07:36:17.599+0000][71][gc,age      ] GC(38) Desired survivor size 4194304 bytes, new threshold 15 (max threshold 15)
[2023-06-20T07:36:17.607+0000][71][gc,phases   ] GC(38)   Pre Evacuate Collection Set: 0.8ms
[2023-06-20T07:36:17.608+0000][71][gc,phases   ] GC(38)   Merge Heap Roots: 0.1ms
[2023-06-20T07:36:17.608+0000][71][gc,phases   ] GC(38)   Evacuate Collection Set: 4.7ms
[2023-06-20T07:36:17.609+0000][71][gc,phases   ] GC(38)   Post Evacuate Collection Set: 1.1ms
[2023-06-20T07:36:17.610+0000][71][gc,phases   ] GC(38)   Other: 2.1ms
[2023-06-20T07:36:17.611+0000][71][gc,age      ] GC(38) Age table with threshold 15 (max threshold 15)
[2023-06-20T07:36:17.611+0000][71][gc,age      ] GC(38) - age   1:     894200 bytes,     894200 total
[2023-06-20T07:36:17.612+0000][71][gc,age      ] GC(38) - age   2:       3112 bytes,     897312 total
[2023-06-20T07:36:17.613+0000][71][gc,age      ] GC(38) - age   3:     479728 bytes,    1377040 total
[2023-06-20T07:36:17.614+0000][71][gc,heap     ] GC(38) Eden regions: 13->0(14)
[2023-06-20T07:36:17.614+0000][71][gc,heap     ] GC(38) Survivor regions: 1->1(2)
[2023-06-20T07:36:17.615+0000][71][gc,heap     ] GC(38) Old regions: 31->31
[2023-06-20T07:36:17.616+0000][71][gc,heap     ] GC(38) Archive regions: 2->2
[2023-06-20T07:36:17.617+0000][71][gc,heap     ] GC(38) Humongous regions: 2->2
[2023-06-20T07:36:17.617+0000][71][gc,metaspace] GC(38) Metaspace: 127615K(131008K)->127615K(131008K) NonClass: 110421K(112128K)->110421K(112128K) Class: 17193K(18880K)->17193K(18880K)
[2023-06-20T07:36:17.618+0000][71][gc          ] GC(38) Pause Young (Concurrent Start) (G1 Evacuation Pause) 188M->136M(256M) 21.413ms
[2023-06-20T07:36:17.619+0000][71][gc,cpu      ] GC(38) User=0.02s Sys=0.00s Real=0.02s
[2023-06-20T07:36:17.620+0000][71][gc          ] GC(39) Concurrent Mark Cycle
[2023-06-20T07:36:17.621+0000][71][gc,marking  ] GC(39) Concurrent Clear Claimed Marks
[2023-06-20T07:36:17.621+0000][71][safepoint   ] Safepoint "G1CollectForAllocation", Time since last: 2477188310 ns, Reaching safepoint: 14652394 ns, At safepoint: 23983360 ns, Total: 38635754 ns
[2023-06-20T07:36:17.622+0000][71][gc,marking  ] GC(39) Concurrent Clear Claimed Marks 1.154ms
[2023-06-20T07:36:17.623+0000][71][gc,marking  ] GC(39) Concurrent Scan Root Regions
[2023-06-20T07:36:17.627+0000][71][gc,marking  ] GC(39) Concurrent Scan Root Regions 3.955ms
[2023-06-20T07:36:17.628+0000][71][gc,marking  ] GC(39) Concurrent Mark
[2023-06-20T07:36:17.628+0000][71][gc,marking  ] GC(39) Concurrent Mark From Roots
[2023-06-20T07:36:17.629+0000][71][gc,task     ] GC(39) Using 1 workers of 1 for marking
[2023-06-20T07:36:18.374+0000][71][safepoint   ] Safepoint "ICBufferFull", Time since last: 742914885 ns, Reaching safepoint: 10303491 ns, At safepoint: 101509 ns, Total: 10405000 ns
[2023-06-20T07:36:18.375+0000][71][safepoint   ] Safepoint "ICBufferFull", Time since last: 1016897 ns, Reaching safepoint: 295571 ns, At safepoint: 97788 ns, Total: 393359 ns
[2023-06-20T07:36:18.537+0000][71][gc,start    ] GC(40) Pause Young (Normal) (G1 Evacuation Pause)
[2023-06-20T07:36:18.538+0000][71][gc,task     ] GC(40) Using 4 workers of 4 for evacuation
[2023-06-20T07:36:18.538+0000][71][gc,age      ] GC(40) Desired survivor size 4194304 bytes, new threshold 15 (max threshold 15)
[2023-06-20T07:36:18.549+0000][71][gc,phases   ] GC(40)   Pre Evacuate Collection Set: 0.1ms
[2023-06-20T07:36:18.550+0000][71][gc,phases   ] GC(40)   Merge Heap Roots: 0.2ms
[2023-06-20T07:36:18.550+0000][71][gc,phases   ] GC(40)   Evacuate Collection Set: 8.9ms
[2023-06-20T07:36:18.551+0000][71][gc,phases   ] GC(40)   Post Evacuate Collection Set: 1.0ms
[2023-06-20T07:36:18.552+0000][71][gc,phases   ] GC(40)   Other: 1.2ms
[2023-06-20T07:36:18.553+0000][71][gc,age      ] GC(40) Age table with threshold 15 (max threshold 15)
[2023-06-20T07:36:18.553+0000][71][gc,age      ] GC(40) - age   1:    5827800 bytes,    5827800 total
[2023-06-20T07:36:18.554+0000][71][gc,age      ] GC(40) - age   2:     647784 bytes,    6475584 total
[2023-06-20T07:36:18.563+0000][71][gc,age      ] GC(40) - age   3:       3080 bytes,    6478664 total
[2023-06-20T07:36:18.564+0000][71][gc,age      ] GC(40) - age   4:     460792 bytes,    6939456 total
[2023-06-20T07:36:18.566+0000][71][gc,heap     ] GC(40) Eden regions: 14->0(13)
[2023-06-20T07:36:18.566+0000][71][gc,heap     ] GC(40) Survivor regions: 1->2(2)
[2023-06-20T07:36:18.567+0000][71][gc,heap     ] GC(40) Old regions: 31->31
[2023-06-20T07:36:18.567+0000][71][gc,heap     ] GC(40) Archive regions: 2->2
[2023-06-20T07:36:18.568+0000][71][gc,heap     ] GC(40) Humongous regions: 2->2
[2023-06-20T07:36:18.569+0000][71][gc,metaspace] GC(40) Metaspace: 130041K(133504K)->130041K(133504K) NonClass: 112439K(114176K)->112439K(114176K) Class: 17601K(19328K)->17601K(19328K)
[2023-06-20T07:36:18.569+0000][71][gc          ] GC(40) Pause Young (Normal) (G1 Evacuation Pause) 192M->141M(256M) 32.344ms
[2023-06-20T07:36:18.570+0000][71][gc,cpu      ] GC(40) User=0.03s Sys=0.00s Real=0.03s
[2023-06-20T07:36:18.578+0000][71][safepoint   ] Safepoint "G1CollectForAllocation", Time since last: 161319274 ns, Reaching safepoint: 264333 ns, At safepoint: 41509738 ns, Total: 41774071 ns
[2023-06-20T07:36:19.057+0000][71][gc,marking  ] GC(39) Concurrent Mark From Roots 1428.569ms
[2023-06-20T07:36:19.058+0000][71][gc,marking  ] GC(39) Concurrent Preclean
[2023-06-20T07:36:19.059+0000][71][gc,marking  ] GC(39) Concurrent Preclean 1.374ms
[2023-06-20T07:36:19.064+0000][71][gc,start    ] GC(39) Pause Remark
[2023-06-20T07:36:19.079+0000][71][gc          ] GC(39) Pause Remark 153M->153M(256M) 15.505ms
[2023-06-20T07:36:19.080+0000][71][gc,cpu      ] GC(39) User=0.02s Sys=0.00s Real=0.01s
[2023-06-20T07:36:19.081+0000][71][safepoint   ] Safepoint "G1PauseRemark", Time since last: 483270031 ns, Reaching safepoint: 1340820 ns, At safepoint: 18049398 ns, Total: 19390218 ns
[2023-06-20T07:36:19.082+0000][71][gc,marking  ] GC(39) Concurrent Mark 1453.992ms
[2023-06-20T07:36:19.083+0000][71][gc,marking  ] GC(39) Concurrent Rebuild Remembered Sets
[2023-06-20T07:36:19.457+0000][71][gc,marking  ] GC(39) Concurrent Rebuild Remembered Sets 374.515ms
[2023-06-20T07:36:19.458+0000][71][gc,start    ] GC(39) Pause Cleanup
[2023-06-20T07:36:19.459+0000][71][gc          ] GC(39) Pause Cleanup 156M->156M(256M) 0.926ms
[2023-06-20T07:36:19.460+0000][71][gc,cpu      ] GC(39) User=0.00s Sys=0.00s Real=0.00s
[2023-06-20T07:36:19.461+0000][71][safepoint   ] Safepoint "G1PauseCleanup", Time since last: 376636136 ns, Reaching safepoint: 130785 ns, At safepoint: 2872664 ns, Total: 3003449 ns
[2023-06-20T07:36:19.462+0000][71][gc,marking  ] GC(39) Concurrent Cleanup for Next Mark
[2023-06-20T07:36:19.465+0000][71][gc,marking  ] GC(39) Concurrent Cleanup for Next Mark 3.581ms
[2023-06-20T07:36:19.466+0000][71][gc          ] GC(39) Concurrent Mark Cycle 1846.787ms
[2023-06-20T07:36:20.462+0000][71][safepoint   ] Safepoint "Cleanup", Time since last: 1001344277 ns, Reaching safepoint: 149511 ns, At safepoint: 3874 ns, Total: 153385 ns
[2023-06-20T07:36:21.465+0000][71][safepoint   ] Safepoint "Cleanup", Time since last: 1002464330 ns, Reaching safepoint: 361785 ns, At safepoint: 55818 ns, Total: 417603 ns
[2023-06-20T07:36:21.838+0000][71][gc,start    ] GC(41) Pause Young (Prepare Mixed) (G1 Evacuation Pause)
[2023-06-20T07:36:21.838+0000][71][gc,task     ] GC(41) Using 4 workers of 4 for evacuation
[2023-06-20T07:36:21.839+0000][71][gc,age      ] GC(41) Desired survivor size 4194304 bytes, new threshold 1 (max threshold 15)
[2023-06-20T07:36:21.860+0000][71][gc,phases   ] GC(41)   Pre Evacuate Collection Set: 0.1ms
[2023-06-20T07:36:21.860+0000][71][gc,phases   ] GC(41)   Merge Heap Roots: 0.1ms
[2023-06-20T07:36:21.861+0000][71][gc,phases   ] GC(41)   Evacuate Collection Set: 14.1ms
[2023-06-20T07:36:21.862+0000][71][gc,phases   ] GC(41)   Post Evacuate Collection Set: 2.6ms
[2023-06-20T07:36:21.862+0000][71][gc,phases   ] GC(41)   Other: 4.3ms
[2023-06-20T07:36:21.863+0000][71][gc,age      ] GC(41) Age table with threshold 1 (max threshold 15)
[2023-06-20T07:36:21.863+0000][71][gc,age      ] GC(41) - age   1:    2678544 bytes,    2678544 total
[2023-06-20T07:36:21.864+0000][71][gc,heap     ] GC(41) Eden regions: 13->0(2)
[2023-06-20T07:36:21.864+0000][71][gc,heap     ] GC(41) Survivor regions: 2->1(2)
[2023-06-20T07:36:21.865+0000][71][gc,heap     ] GC(41) Old regions: 31->32
[2023-06-20T07:36:21.866+0000][71][gc,heap     ] GC(41) Archive regions: 2->2
[2023-06-20T07:36:21.866+0000][71][gc,heap     ] GC(41) Humongous regions: 2->2
[2023-06-20T07:36:21.867+0000][71][gc,metaspace] GC(41) Metaspace: 131540K(135040K)->131540K(135040K) NonClass: 113767K(115520K)->113767K(115520K) Class: 17772K(19520K)->17772K(19520K)
[2023-06-20T07:36:21.868+0000][71][gc          ] GC(41) Pause Young (Prepare Mixed) (G1 Evacuation Pause) 193M->142M(256M) 30.098ms
[2023-06-20T07:36:21.868+0000][71][gc,cpu      ] GC(41) User=0.03s Sys=0.01s Real=0.03s
[2023-06-20T07:36:21.869+0000][71][safepoint   ] Safepoint "G1CollectForAllocation", Time since last: 369855912 ns, Reaching safepoint: 2540757 ns, At safepoint: 31417748 ns, Total: 33958505 ns
[2023-06-20T07:36:22.870+0000][71][safepoint   ] Safepoint "Cleanup", Time since last: 1000719308 ns, Reaching safepoint: 132414 ns, At safepoint: 28819 ns, Total: 161233 ns
[2023-06-20T07:36:23.230+0000][71][gc,start    ] GC(42) Pause Young (Mixed) (G1 Evacuation Pause)
[2023-06-20T07:36:23.231+0000][71][gc,task     ] GC(42) Using 4 workers of 4 for evacuation
[2023-06-20T07:36:23.231+0000][71][gc,age      ] GC(42) Desired survivor size 2097152 bytes, new threshold 1 (max threshold 15)
[2023-06-20T07:36:23.245+0000][71][gc,phases   ] GC(42)   Pre Evacuate Collection Set: 0.3ms
[2023-06-20T07:36:23.246+0000][71][gc,phases   ] GC(42)   Merge Heap Roots: 0.2ms
[2023-06-20T07:36:23.247+0000][71][gc,phases   ] GC(42)   Evacuate Collection Set: 11.1ms
[2023-06-20T07:36:23.248+0000][71][gc,phases   ] GC(42)   Post Evacuate Collection Set: 1.0ms
[2023-06-20T07:36:23.249+0000][71][gc,phases   ] GC(42)   Other: 1.7ms
[2023-06-20T07:36:23.250+0000][71][gc,age      ] GC(42) Age table with threshold 1 (max threshold 15)
[2023-06-20T07:36:23.251+0000][71][gc,age      ] GC(42) - age   1:     935664 bytes,     935664 total
[2023-06-20T07:36:23.252+0000][71][gc,heap     ] GC(42) Eden regions: 2->0(13)
[2023-06-20T07:36:23.253+0000][71][gc,heap     ] GC(42) Survivor regions: 1->1(1)
[2023-06-20T07:36:23.254+0000][71][gc,heap     ] GC(42) Old regions: 32->32
[2023-06-20T07:36:23.254+0000][71][gc,heap     ] GC(42) Archive regions: 2->2
[2023-06-20T07:36:23.255+0000][71][gc,heap     ] GC(42) Humongous regions: 2->2
[2023-06-20T07:36:23.255+0000][71][gc,metaspace] GC(42) Metaspace: 131677K(135168K)->131677K(135168K) NonClass: 113904K(115648K)->113904K(115648K) Class: 17772K(19520K)->17772K(19520K)
[2023-06-20T07:36:23.256+0000][71][gc          ] GC(42) Pause Young (Mixed) (G1 Evacuation Pause) 150M->140M(256M) 26.331ms
[2023-06-20T07:36:23.257+0000][71][gc,cpu      ] GC(42) User=0.01s Sys=0.01s Real=0.03s
[2023-06-20T07:36:23.258+0000][71][safepoint   ] Safepoint "G1CollectForAllocation", Time since last: 359814452 ns, Reaching safepoint: 162387 ns, At safepoint: 27878468 ns, Total: 28040855 ns
[2023-06-20T07:36:24.259+0000][71][safepoint   ] Safepoint "Cleanup", Time since last: 1000987021 ns, Reaching safepoint: 261541 ns, At safepoint: 19098 ns, Total: 280639 ns
[2023-06-20T07:36:25.261+0000][71][safepoint   ] Safepoint "Cleanup", Time since last: 1001486996 ns, Reaching safepoint: 162891 ns, At safepoint: 5920 ns, Total: 168811 ns
[2023-06-20T07:36:27.168+0000][71][safepoint   ] Safepoint "Cleanup", Time since last: 1907187461 ns, Reaching safepoint: 230168 ns, At safepoint: 5963 ns, Total: 236131 ns
[2023-06-20T07:36:28.170+0000][71][safepoint   ] Safepoint "Cleanup", Time since last: 1001210606 ns, Reaching safepoint: 505491 ns, At safepoint: 40816 ns, Total: 546307 ns
[2023-06-20T07:36:29.173+0000][71][safepoint   ] Safepoint "Cleanup", Time since last: 1003006361 ns, Reaching safepoint: 450810 ns, At safepoint: 20191 ns, Total: 471001 ns
[2023-06-20T07:36:30.175+0000][71][safepoint   ] Safepoint "Cleanup", Time since last: 1001696054 ns, Reaching safepoint: 186464 ns, At safepoint: 8962 ns, Total: 195426 ns
[2023-06-20T07:36:32.178+0000][71][safepoint   ] Safepoint "Cleanup", Time since last: 2002490609 ns, Reaching safepoint: 161134 ns, At safepoint: 5362 ns, Total: 166496 ns
[2023-06-20T07:36:33.179+0000][71][safepoint   ] Safepoint "Cleanup", Time since last: 1001034547 ns, Reaching safepoint: 188668 ns, At safepoint: 28619 ns, Total: 217287 ns
[2023-06-20T07:36:33.183+0000][71][gc,start    ] GC(43) Pause Young (Concurrent Start) (G1 Evacuation Pause)
[2023-06-20T07:36:33.184+0000][71][gc,task     ] GC(43) Using 4 workers of 4 for evacuation
[2023-06-20T07:36:33.185+0000][71][gc,age      ] GC(43) Desired survivor size 4194304 bytes, new threshold 15 (max threshold 15)
[2023-06-20T07:36:33.194+0000][71][gc,phases   ] GC(43)   Pre Evacuate Collection Set: 0.4ms
[2023-06-20T07:36:33.194+0000][71][gc,phases   ] GC(43)   Merge Heap Roots: 0.0ms
[2023-06-20T07:36:33.195+0000][71][gc,phases   ] GC(43)   Evacuate Collection Set: 6.8ms
[2023-06-20T07:36:33.196+0000][71][gc,phases   ] GC(43)   Post Evacuate Collection Set: 1.0ms
[2023-06-20T07:36:33.196+0000][71][gc,phases   ] GC(43)   Other: 1.3ms
[2023-06-20T07:36:33.197+0000][71][gc,age      ] GC(43) Age table with threshold 15 (max threshold 15)
[2023-06-20T07:36:33.197+0000][71][gc,age      ] GC(43) - age   1:    1831016 bytes,    1831016 total
[2023-06-20T07:36:33.198+0000][71][gc,age      ] GC(43) - age   2:      98464 bytes,    1929480 total
[2023-06-20T07:36:33.199+0000][71][gc,heap     ] GC(43) Eden regions: 13->0(13)
[2023-06-20T07:36:33.199+0000][71][gc,heap     ] GC(43) Survivor regions: 1->1(2)
[2023-06-20T07:36:33.201+0000][71][gc,heap     ] GC(43) Old regions: 32->32
[2023-06-20T07:36:33.202+0000][71][gc,heap     ] GC(43) Archive regions: 2->2
[2023-06-20T07:36:33.202+0000][71][gc,heap     ] GC(43) Humongous regions: 2->2
[2023-06-20T07:36:33.203+0000][71][gc,metaspace] GC(43) Metaspace: 132240K(135744K)->132240K(135744K) NonClass: 114457K(116224K)->114457K(116224K) Class: 17782K(19520K)->17782K(19520K)
[2023-06-20T07:36:33.203+0000][71][gc          ] GC(43) Pause Young (Concurrent Start) (G1 Evacuation Pause) 192M->140M(256M) 19.971ms
[2023-06-20T07:36:33.204+0000][71][gc,cpu      ] GC(43) User=0.01s Sys=0.00s Real=0.02s
[2023-06-20T07:36:33.205+0000][71][safepoint   ] Safepoint "G1CollectForAllocation", Time since last: 4162509 ns, Reaching safepoint: 38062 ns, At safepoint: 21288572 ns, Total: 21326634 ns
[2023-06-20T07:36:33.204+0000][71][gc          ] GC(44) Concurrent Mark Cycle
[2023-06-20T07:36:33.206+0000][71][gc,marking  ] GC(44) Concurrent Clear Claimed Marks
[2023-06-20T07:36:33.207+0000][71][gc,marking  ] GC(44) Concurrent Clear Claimed Marks 1.074ms
[2023-06-20T07:36:33.207+0000][71][gc,marking  ] GC(44) Concurrent Scan Root Regions
[2023-06-20T07:36:33.212+0000][71][gc,marking  ] GC(44) Concurrent Scan Root Regions 4.189ms
[2023-06-20T07:36:33.213+0000][71][gc,marking  ] GC(44) Concurrent Mark
[2023-06-20T07:36:33.213+0000][71][gc,marking  ] GC(44) Concurrent Mark From Roots
[2023-06-20T07:36:33.214+0000][71][gc,task     ] GC(44) Using 1 workers of 1 for marking
[2023-06-20T07:36:33.386+0000][71][gc,marking  ] GC(44) Concurrent Mark From Roots 172.277ms
[2023-06-20T07:36:33.386+0000][71][gc,marking  ] GC(44) Concurrent Preclean
[2023-06-20T07:36:33.387+0000][71][gc,marking  ] GC(44) Concurrent Preclean 0.813ms
[2023-06-20T07:36:33.388+0000][71][gc,start    ] GC(44) Pause Remark
[2023-06-20T07:36:33.414+0000][71][gc          ] GC(44) Pause Remark 143M->143M(256M) 25.997ms
[2023-06-20T07:36:33.415+0000][71][gc,cpu      ] GC(44) User=0.04s Sys=0.00s Real=0.03s
[2023-06-20T07:36:33.416+0000][71][safepoint   ] Safepoint "G1PauseRemark", Time since last: 183516524 ns, Reaching safepoint: 46309 ns, At safepoint: 27909330 ns, Total: 27955639 ns
[2023-06-20T07:36:33.417+0000][71][gc,marking  ] GC(44) Concurrent Mark 203.983ms
[2023-06-20T07:36:33.417+0000][71][gc,marking  ] GC(44) Concurrent Rebuild Remembered Sets
[2023-06-20T07:36:33.661+0000][71][gc,marking  ] GC(44) Concurrent Rebuild Remembered Sets 243.577ms
[2023-06-20T07:36:33.663+0000][71][gc,start    ] GC(44) Pause Cleanup
[2023-06-20T07:36:33.664+0000][71][gc          ] GC(44) Pause Cleanup 145M->145M(256M) 0.984ms
[2023-06-20T07:36:33.665+0000][71][gc,cpu      ] GC(44) User=0.00s Sys=0.00s Real=0.00s
[2023-06-20T07:36:33.666+0000][71][safepoint   ] Safepoint "G1PauseCleanup", Time since last: 246068299 ns, Reaching safepoint: 774857 ns, At safepoint: 3029985 ns, Total: 3804842 ns
[2023-06-20T07:36:33.667+0000][71][gc,marking  ] GC(44) Concurrent Cleanup for Next Mark
[2023-06-20T07:36:33.668+0000][71][gc,marking  ] GC(44) Concurrent Cleanup for Next Mark 1.378ms
[2023-06-20T07:36:33.669+0000][71][gc          ] GC(44) Concurrent Mark Cycle 465.354ms
[2023-06-20T07:36:34.667+0000][71][safepoint   ] Safepoint "Cleanup", Time since last: 1001266465 ns, Reaching safepoint: 107675 ns, At safepoint: 2972 ns, Total: 110647 ns
[2023-06-20T07:36:35.669+0000][71][safepoint   ] Safepoint "Cleanup", Time since last: 1001421738 ns, Reaching safepoint: 192089 ns, At safepoint: 12318 ns, Total: 204407 ns
[2023-06-20T07:36:36.670+0000][71][safepoint   ] Safepoint "Cleanup", Time since last: 1001183897 ns, Reaching safepoint: 116348 ns, At safepoint: 4334 ns, Total: 120682 ns
[2023-06-20T07:36:37.672+0000][71][safepoint   ] Safepoint "Cleanup", Time since last: 1001962936 ns, Reaching safepoint: 191248 ns, At safepoint: 8178 ns, Total: 199426 ns
[2023-06-20T07:36:38.674+0000][71][safepoint   ] Safepoint "Cleanup", Time since last: 1001546248 ns, Reaching safepoint: 244946 ns, At safepoint: 12059 ns, Total: 257005 ns
[2023-06-20T07:36:39.676+0000][71][safepoint   ] Safepoint "Cleanup", Time since last: 1001782629 ns, Reaching safepoint: 212094 ns, At safepoint: 43207 ns, Total: 255301 ns
[2023-06-20T07:36:40.678+0000][71][safepoint   ] Safepoint "Cleanup", Time since last: 1001916786 ns, Reaching safepoint: 143532 ns, At safepoint: 4804 ns, Total: 148336 ns
[2023-06-20T07:36:41.679+0000][71][safepoint   ] Safepoint "Cleanup", Time since last: 1001079298 ns, Reaching safepoint: 167049 ns, At safepoint: 3758 ns, Total: 170807 ns
[2023-06-20T07:36:42.681+0000][71][safepoint   ] Safepoint "Cleanup", Time since last: 1001189325 ns, Reaching safepoint: 114595 ns, At safepoint: 3305 ns, Total: 117900 ns
[2023-06-20T07:36:44.660+0000][71][safepoint   ] Safepoint "Cleanup", Time since last: 2001196281 ns, Reaching safepoint: 289903 ns, At safepoint: 12494 ns, Total: 302397 ns
[2023-06-20T07:36:45.662+0000][71][safepoint   ] Safepoint "Cleanup", Time since last: 1000823594 ns, Reaching safepoint: 262277 ns, At safepoint: 38608 ns, Total: 300885 ns
[2023-06-20T07:36:46.663+0000][71][safepoint   ] Safepoint "Cleanup", Time since last: 1001202700 ns, Reaching safepoint: 161423 ns, At safepoint: 6348 ns, Total: 167771 ns
[2023-06-20T07:36:47.665+0000][71][safepoint   ] Safepoint "Cleanup", Time since last: 1001604847 ns, Reaching safepoint: 71473 ns, At safepoint: 3225 ns, Total: 74698 ns
[2023-06-20T07:36:48.666+0000][71][safepoint   ] Safepoint "Cleanup", Time since last: 1001039099 ns, Reaching safepoint: 128002 ns, At safepoint: 4474 ns, Total: 132476 ns
[2023-06-20T07:36:50.667+0000][71][safepoint   ] Safepoint "Cleanup", Time since last: 2001099357 ns, Reaching safepoint: 170412 ns, At safepoint: 33874 ns, Total: 204286 ns
[2023-06-20T07:36:50.924+0000][71][gc,start    ] GC(45) Pause Young (Prepare Mixed) (G1 Evacuation Pause)
[2023-06-20T07:36:50.925+0000][71][gc,task     ] GC(45) Using 4 workers of 4 for evacuation
[2023-06-20T07:36:50.925+0000][71][gc,age      ] GC(45) Desired survivor size 4194304 bytes, new threshold 15 (max threshold 15)
[2023-06-20T07:36:50.934+0000][71][gc,phases   ] GC(45)   Pre Evacuate Collection Set: 0.1ms
[2023-06-20T07:36:50.935+0000][71][gc,phases   ] GC(45)   Merge Heap Roots: 0.1ms
[2023-06-20T07:36:50.935+0000][71][gc,phases   ] GC(45)   Evacuate Collection Set: 4.5ms
[2023-06-20T07:36:50.936+0000][71][gc,phases   ] GC(45)   Post Evacuate Collection Set: 3.2ms
[2023-06-20T07:36:50.936+0000][71][gc,phases   ] GC(45)   Other: 1.3ms
[2023-06-20T07:36:50.937+0000][71][gc,age      ] GC(45) Age table with threshold 15 (max threshold 15)
[2023-06-20T07:36:50.937+0000][71][gc,age      ] GC(45) - age   1:    1279336 bytes,    1279336 total
[2023-06-20T07:36:50.938+0000][71][gc,age      ] GC(45) - age   2:     370272 bytes,    1649608 total
[2023-06-20T07:36:50.939+0000][71][gc,age      ] GC(45) - age   3:      60544 bytes,    1710152 total
[2023-06-20T07:36:50.939+0000][71][gc,heap     ] GC(45) Eden regions: 13->0(2)
[2023-06-20T07:36:50.940+0000][71][gc,heap     ] GC(45) Survivor regions: 1->1(2)
[2023-06-20T07:36:50.940+0000][71][gc,heap     ] GC(45) Old regions: 32->32
[2023-06-20T07:36:50.941+0000][71][gc,heap     ] GC(45) Archive regions: 2->2
[2023-06-20T07:36:50.941+0000][71][gc,heap     ] GC(45) Humongous regions: 2->2
[2023-06-20T07:36:50.942+0000][71][gc,metaspace] GC(45) Metaspace: 132766K(136320K)->132766K(136320K) NonClass: 114963K(116736K)->114963K(116736K) Class: 17803K(19584K)->17803K(19584K)
[2023-06-20T07:36:50.942+0000][71][gc          ] GC(45) Pause Young (Prepare Mixed) (G1 Evacuation Pause) 192M->140M(256M) 18.416ms
[2023-06-20T07:36:50.943+0000][71][gc,cpu      ] GC(45) User=0.01s Sys=0.00s Real=0.02s
[2023-06-20T07:36:50.944+0000][71][safepoint   ] Safepoint "G1CollectForAllocation", Time since last: 256618673 ns, Reaching safepoint: 120766 ns, At safepoint: 19735238 ns, Total: 19856004 ns
[2023-06-20T07:36:52.272+0000][71][safepoint   ] Safepoint "Cleanup", Time since last: 1328534262 ns, Reaching safepoint: 154795 ns, At safepoint: 4461 ns, Total: 159256 ns
[2023-06-20T07:36:53.515+0000][71][gc,start    ] GC(46) Pause Young (Mixed) (G1 Evacuation Pause)
[2023-06-20T07:36:53.520+0000][71][gc,task     ] GC(46) Using 4 workers of 4 for evacuation
[2023-06-20T07:36:53.520+0000][71][gc,age      ] GC(46) Desired survivor size 2097152 bytes, new threshold 15 (max threshold 15)
[2023-06-20T07:36:53.529+0000][71][gc,phases   ] GC(46)   Pre Evacuate Collection Set: 0.1ms
[2023-06-20T07:36:53.530+0000][71][gc,phases   ] GC(46)   Merge Heap Roots: 0.2ms
[2023-06-20T07:36:53.531+0000][71][gc,phases   ] GC(46)   Evacuate Collection Set: 4.3ms
[2023-06-20T07:36:53.531+0000][71][gc,phases   ] GC(46)   Post Evacuate Collection Set: 3.9ms
[2023-06-20T07:36:53.532+0000][71][gc,phases   ] GC(46)   Other: 1.2ms
[2023-06-20T07:36:53.533+0000][71][gc,age      ] GC(46) Age table with threshold 15 (max threshold 15)
[2023-06-20T07:36:53.534+0000][71][gc,age      ] GC(46) - age   1:     328832 bytes,     328832 total
[2023-06-20T07:36:53.534+0000][71][gc,age      ] GC(46) - age   2:    1042912 bytes,    1371744 total
[2023-06-20T07:36:53.535+0000][71][gc,age      ] GC(46) - age   3:     370176 bytes,    1741920 total
[2023-06-20T07:36:53.535+0000][71][gc,age      ] GC(46) - age   4:      60544 bytes,    1802464 total
[2023-06-20T07:36:53.536+0000][71][gc,heap     ] GC(46) Eden regions: 2->0(14)
[2023-06-20T07:36:53.537+0000][71][gc,heap     ] GC(46) Survivor regions: 1->1(1)
[2023-06-20T07:36:53.537+0000][71][gc,heap     ] GC(46) Old regions: 32->32
[2023-06-20T07:36:53.538+0000][71][gc,heap     ] GC(46) Archive regions: 2->2
[2023-06-20T07:36:53.538+0000][71][gc,heap     ] GC(46) Humongous regions: 2->2
[2023-06-20T07:36:53.539+0000][71][gc,metaspace] GC(46) Metaspace: 132810K(136320K)->132810K(136320K) NonClass: 115007K(116736K)->115007K(116736K) Class: 17803K(19584K)->17803K(19584K)
[2023-06-20T07:36:53.540+0000][71][gc          ] GC(46) Pause Young (Mixed) (G1 Evacuation Pause) 148M->138M(256M) 24.716ms
[2023-06-20T07:36:53.541+0000][71][gc,cpu      ] GC(46) User=0.02s Sys=0.00s Real=0.03s
[2023-06-20T07:36:53.541+0000][71][safepoint   ] Safepoint "G1CollectForAllocation", Time since last: 1242500905 ns, Reaching safepoint: 116610 ns, At safepoint: 26487733 ns, Total: 26604343 ns
[2023-06-20T07:36:54.542+0000][71][safepoint   ] Safepoint "Cleanup", Time since last: 1000844934 ns, Reaching safepoint: 127204 ns, At safepoint: 4036 ns, Total: 131240 ns
[2023-06-20T07:36:55.544+0000][71][safepoint   ] Safepoint "Cleanup", Time since last: 1001089262 ns, Reaching safepoint: 228918 ns, At safepoint: 8929 ns, Total: 237847 ns
[2023-06-20T07:36:56.545+0000][71][safepoint   ] Safepoint "Cleanup", Time since last: 1000974257 ns, Reaching safepoint: 255486 ns, At safepoint: 35622 ns, Total: 291108 ns
[2023-06-20T07:36:57.551+0000][71][safepoint   ] Safepoint "Cleanup", Time since last: 1005963479 ns, Reaching safepoint: 480456 ns, At safepoint: 56310 ns, Total: 536766 ns
[2023-06-20T07:36:58.553+0000][71][safepoint   ] Safepoint "Cleanup", Time since last: 1000978819 ns, Reaching safepoint: 237520 ns, At safepoint: 39468 ns, Total: 276988 ns
[2023-06-20T07:36:59.554+0000][71][safepoint   ] Safepoint "Cleanup", Time since last: 1001099354 ns, Reaching safepoint: 112800 ns, At safepoint: 2862 ns, Total: 115662 ns
[2023-06-20T07:37:00.555+0000][71][safepoint   ] Safepoint "Cleanup", Time since last: 1001052200 ns, Reaching safepoint: 100464 ns, At safepoint: 3353 ns, Total: 103817 ns
[2023-06-20T07:37:02.557+0000][71][safepoint   ] Safepoint "Cleanup", Time since last: 2000959566 ns, Reaching safepoint: 444620 ns, At safepoint: 225498 ns, Total: 670118 ns
[2023-06-20T07:37:03.559+0000][71][safepoint   ] Safepoint "Cleanup", Time since last: 1002046029 ns, Reaching safepoint: 143670 ns, At safepoint: 3807 ns, Total: 147477 ns
[2023-06-20T07:37:04.560+0000][71][safepoint   ] Safepoint "Cleanup", Time since last: 1001064488 ns, Reaching safepoint: 134439 ns, At safepoint: 3845 ns, Total: 138284 ns
[2023-06-20T07:37:05.565+0000][71][safepoint   ] Safepoint "Cleanup", Time since last: 1004887645 ns, Reaching safepoint: 177021 ns, At safepoint: 13332 ns, Total: 190353 ns
[2023-06-20T07:37:06.566+0000][71][safepoint   ] Safepoint "Cleanup", Time since last: 1001063014 ns, Reaching safepoint: 87181 ns, At safepoint: 3351 ns, Total: 90532 ns
[2023-06-20T07:37:07.568+0000][71][safepoint   ] Safepoint "Cleanup", Time since last: 1001754077 ns, Reaching safepoint: 90638 ns, At safepoint: 3388 ns, Total: 94026 ns
[2023-06-20T07:37:08.570+0000][71][safepoint   ] Safepoint "Cleanup", Time since last: 1001072009 ns, Reaching safepoint: 289082 ns, At safepoint: 11191 ns, Total: 300273 ns
[2023-06-20T07:37:09.367+0000][71][gc,start    ] GC(47) Pause Young (Concurrent Start) (G1 Evacuation Pause)
[2023-06-20T07:37:09.368+0000][71][gc,task     ] GC(47) Using 4 workers of 4 for evacuation
[2023-06-20T07:37:09.369+0000][71][gc,age      ] GC(47) Desired survivor size 4194304 bytes, new threshold 15 (max threshold 15)
[2023-06-20T07:37:09.376+0000][71][gc,phases   ] GC(47)   Pre Evacuate Collection Set: 0.8ms
[2023-06-20T07:37:09.377+0000][71][gc,phases   ] GC(47)   Merge Heap Roots: 0.1ms
[2023-06-20T07:37:09.377+0000][71][gc,phases   ] GC(47)   Evacuate Collection Set: 3.9ms
[2023-06-20T07:37:09.378+0000][71][gc,phases   ] GC(47)   Post Evacuate Collection Set: 0.9ms
[2023-06-20T07:37:09.379+0000][71][gc,phases   ] GC(47)   Other: 1.9ms
[2023-06-20T07:37:09.380+0000][71][gc,age      ] GC(47) Age table with threshold 15 (max threshold 15)
[2023-06-20T07:37:09.381+0000][71][gc,age      ] GC(47) - age   1:     875648 bytes,     875648 total
[2023-06-20T07:37:09.381+0000][71][gc,age      ] GC(47) - age   2:        304 bytes,     875952 total
[2023-06-20T07:37:09.382+0000][71][gc,age      ] GC(47) - age   3:     291112 bytes,    1167064 total
[2023-06-20T07:37:09.383+0000][71][gc,age      ] GC(47) - age   4:     311320 bytes,    1478384 total
[2023-06-20T07:37:09.384+0000][71][gc,age      ] GC(47) - age   5:      57184 bytes,    1535568 total
[2023-06-20T07:37:09.384+0000][71][gc,heap     ] GC(47) Eden regions: 14->0(14)
[2023-06-20T07:37:09.385+0000][71][gc,heap     ] GC(47) Survivor regions: 1->1(2)
[2023-06-20T07:37:09.386+0000][71][gc,heap     ] GC(47) Old regions: 32->32
[2023-06-20T07:37:09.387+0000][71][gc,heap     ] GC(47) Archive regions: 2->2
[2023-06-20T07:37:09.387+0000][71][gc,heap     ] GC(47) Humongous regions: 2->2
[2023-06-20T07:37:09.388+0000][71][gc,metaspace] GC(47) Metaspace: 133169K(136704K)->133169K(136704K) NonClass: 115366K(117120K)->115366K(117120K) Class: 17803K(19584K)->17803K(19584K)
[2023-06-20T07:37:09.389+0000][71][gc          ] GC(47) Pause Young (Concurrent Start) (G1 Evacuation Pause) 194M->138M(256M) 21.238ms
[2023-06-20T07:37:09.389+0000][71][gc          ] GC(48) Concurrent Mark Cycle
[2023-06-20T07:37:09.389+0000][71][gc,cpu      ] GC(47) User=0.01s Sys=0.00s Real=0.02s
[2023-06-20T07:37:09.390+0000][71][gc,marking  ] GC(48) Concurrent Clear Claimed Marks
[2023-06-20T07:37:09.391+0000][71][safepoint   ] Safepoint "G1CollectForAllocation", Time since last: 797731078 ns, Reaching safepoint: 109154 ns, At safepoint: 23753023 ns, Total: 23862177 ns
[2023-06-20T07:37:09.393+0000][71][gc,marking  ] GC(48) Concurrent Clear Claimed Marks 2.605ms
[2023-06-20T07:37:09.394+0000][71][gc,marking  ] GC(48) Concurrent Scan Root Regions
[2023-06-20T07:37:09.397+0000][71][gc,marking  ] GC(48) Concurrent Scan Root Regions 3.715ms
[2023-06-20T07:37:09.398+0000][71][gc,marking  ] GC(48) Concurrent Mark
[2023-06-20T07:37:09.399+0000][71][gc,marking  ] GC(48) Concurrent Mark From Roots
[2023-06-20T07:37:09.400+0000][71][gc,task     ] GC(48) Using 1 workers of 1 for marking
[2023-06-20T07:37:09.582+0000][71][gc,marking  ] GC(48) Concurrent Mark From Roots 182.956ms
[2023-06-20T07:37:09.583+0000][71][gc,marking  ] GC(48) Concurrent Preclean
[2023-06-20T07:37:09.584+0000][71][gc,marking  ] GC(48) Concurrent Preclean 1.130ms
[2023-06-20T07:37:09.585+0000][71][gc,start    ] GC(48) Pause Remark
[2023-06-20T07:37:09.597+0000][71][gc          ] GC(48) Pause Remark 138M->138M(256M) 12.178ms
[2023-06-20T07:37:09.598+0000][71][gc,cpu      ] GC(48) User=0.02s Sys=0.00s Real=0.01s
[2023-06-20T07:37:09.599+0000][71][safepoint   ] Safepoint "G1PauseRemark", Time since last: 193938907 ns, Reaching safepoint: 111779 ns, At safepoint: 14039191 ns, Total: 14150970 ns
[2023-06-20T07:37:09.601+0000][71][gc,marking  ] GC(48) Concurrent Mark 202.268ms
[2023-06-20T07:37:09.601+0000][71][gc,marking  ] GC(48) Concurrent Rebuild Remembered Sets
[2023-06-20T07:37:09.688+0000][71][gc,marking  ] GC(48) Concurrent Rebuild Remembered Sets 86.921ms
[2023-06-20T07:37:09.689+0000][71][gc,start    ] GC(48) Pause Cleanup
[2023-06-20T07:37:09.690+0000][71][gc          ] GC(48) Pause Cleanup 138M->138M(256M) 0.815ms
[2023-06-20T07:37:09.691+0000][71][gc,cpu      ] GC(48) User=0.00s Sys=0.00s Real=0.01s
[2023-06-20T07:37:09.691+0000][71][safepoint   ] Safepoint "G1PauseCleanup", Time since last: 89825645 ns, Reaching safepoint: 107720 ns, At safepoint: 2201410 ns, Total: 2309130 ns
[2023-06-20T07:37:09.692+0000][71][gc,marking  ] GC(48) Concurrent Cleanup for Next Mark
[2023-06-20T07:37:09.693+0000][71][gc,marking  ] GC(48) Concurrent Cleanup for Next Mark 1.093ms
[2023-06-20T07:37:09.694+0000][71][gc          ] GC(48) Concurrent Mark Cycle 304.478ms
[2023-06-20T07:37:10.693+0000][71][safepoint   ] Safepoint "Cleanup", Time since last: 1000987099 ns, Reaching safepoint: 504728 ns, At safepoint: 12962 ns, Total: 517690 ns
[2023-06-20T07:37:12.491+0000][71][safepoint   ] Safepoint "Cleanup", Time since last: 1797461369 ns, Reaching safepoint: 940370 ns, At safepoint: 78175 ns, Total: 1018545 ns
[2023-06-20T07:37:13.065+0000][71][gc,heap,exit] Heap
[2023-06-20T07:37:13.067+0000][71][gc,heap,exit]  garbage-first heap   total 262144K, used 157995K [0x00000000f0000000, 0x0000000100000000)
[2023-06-20T07:37:13.068+0000][71][gc,heap,exit]   region size 4096K, 5 young (20480K), 1 survivors (4096K)
[2023-06-20T07:37:13.069+0000][71][gc,heap,exit]  Metaspace       used 134105K, committed 137600K, reserved 1179648K
[2023-06-20T07:37:13.071+0000][71][gc,heap,exit]   class space    used 17948K, committed 19712K, reserved 1048576K
